2026-05-13 01:41:54,790 - INFO - ==================================================
2026-05-13 01:41:54,790 - INFO - 训练参数及权重配置 (采用深层残差网络):
2026-05-13 01:41:54,790 - INFO -   train_data: koopman_train_merged.npz
2026-05-13 01:41:54,790 - INFO -   val_data: koopman_val.npz
2026-05-13 01:41:54,790 - INFO -   ckpt_dir: checkpoints
2026-05-13 01:41:54,790 - INFO -   log_dir: logs
2026-05-13 01:41:54,790 - INFO -   epochs: 150
2026-05-13 01:41:54,790 - INFO -   batch_size: 1024
2026-05-13 01:41:54,790 - INFO -   lr: 0.001
2026-05-13 01:41:54,790 - INFO -   weight_decay: 0.0001
2026-05-13 01:41:54,790 - INFO -   step_size: 30
2026-05-13 01:41:54,790 - INFO -   gamma: 0.5
2026-05-13 01:41:54,790 - INFO -   pred_len: 20
2026-05-13 01:41:54,790 - INFO -   num_workers: 12
2026-05-13 01:41:54,790 - INFO -   prefetch: 40
2026-05-13 01:41:54,790 - INFO -   w_pred: 30.0
2026-05-13 01:41:54,790 - INFO -   w_acc: 100.0
2026-05-13 01:41:54,790 - INFO -   w_recon: 20.0
2026-05-13 01:41:54,790 - INFO -   w_linear: 15.0
2026-05-13 01:41:54,790 - INFO -   w_stab: 0.1
2026-05-13 01:41:54,790 - INFO -   state_weights: 1.0,1.0,2.0,50.0,50.0,100.0
2026-05-13 01:41:54,790 - INFO - ==================================================
2026-05-13 01:41:54,841 - INFO - >>> 正在计算全局 Mean & Std...
2026-05-13 01:42:07,597 - INFO - Dataset [TRAIN] 加载完毕: koopman_train_merged.npz | 包含 99 个动态段 | 共 195921 个推演样本.
2026-05-13 01:42:07,604 - INFO - Dataset [EVAL] 加载完毕: koopman_val.npz | 包含 3 个动态段 | 共 35937 个推演样本.
2026-05-13 01:42:28,332 - INFO - Epoch [001/150] | LR: 0.001000 | Loss: 80.4253 (Pred:1.2257, Phy:0.0210, Recon:1.5637, Lin:0.2666) | Val Loss: 0.5922 | Mem: 317MB (4.1%) | Pwr: [Pwr: N/A (Unsupported)]
2026-05-13 01:42:43,840 - INFO - Epoch [002/150] | LR: 0.001000 | Loss: 6.0670 (Pred:0.1258, Phy:0.0002, Recon:0.0890, Lin:0.0280) | Val Loss: 0.1320 | Mem: 317MB (4.1%) | Pwr: [Pwr: N/A (Unsupported)]
2026-05-13 01:42:58,945 - INFO - Epoch [003/150] | LR: 0.001000 | Loss: 3.6536 (Pred:0.0793, Phy:0.0001, Recon:0.0486, Lin:0.0174) | Val Loss: 0.0876 | Mem: 317MB (4.1%) | Pwr: [Pwr: N/A (Unsupported)]
2026-05-13 01:43:14,205 - INFO - Epoch [004/150] | LR: 0.001000 | Loss: 2.6638 (Pred:0.0606, Phy:0.0001, Recon:0.0312, Lin:0.0130) | Val Loss: 0.1065 | Mem: 317MB (4.1%) | Pwr: [Pwr: N/A (Unsupported)]
2026-05-13 01:43:29,150 - INFO - Epoch [005/150] | LR: 0.001000 | Loss: 2.2012 (Pred:0.0518, Phy:0.0001, Recon:0.0232, Lin:0.0108) | Val Loss: 0.0925 | Mem: 317MB (4.1%) | Pwr: [Pwr: N/A (Unsupported)]
2026-05-13 01:43:43,809 - INFO - Epoch [006/150] | LR: 0.001000 | Loss: 1.8816 (Pred:0.0448, Phy:0.0000, Recon:0.0189, Lin:0.0094) | Val Loss: 0.0910 | Mem: 317MB (4.1%) | Pwr: [Pwr: N/A (Unsupported)]
2026-05-13 01:43:58,574 - INFO - Epoch [007/150] | LR: 0.001000 | Loss: 1.6560 (Pred:0.0408, Phy:0.0000, Recon:0.0145, Lin:0.0086) | Val Loss: 0.0705 | Mem: 317MB (4.1%) | Pwr: [Pwr: N/A (Unsupported)]
2026-05-13 01:44:13,212 - INFO - Epoch [008/150] | LR: 0.001000 | Loss: 1.4847 (Pred:0.0366, Phy:0.0000, Recon:0.0126, Lin:0.0080) | Val Loss: 0.0869 | Mem: 317MB (4.1%) | Pwr: [Pwr: N/A (Unsupported)]
2026-05-13 01:44:28,063 - INFO - Epoch [009/150] | LR: 0.001000 | Loss: 1.3964 (Pred:0.0349, Phy:0.0000, Recon:0.0111, Lin:0.0077) | Val Loss: 0.1088 | Mem: 317MB (4.1%) | Pwr: [Pwr: N/A (Unsupported)]
2026-05-13 01:44:43,087 - INFO - Epoch [010/150] | LR: 0.001000 | Loss: 1.2345 (Pred:0.0309, Phy:0.0000, Recon:0.0092, Lin:0.0075) | Val Loss: 0.1184 | Mem: 317MB (4.1%) | Pwr: [Pwr: N/A (Unsupported)]
2026-05-13 01:44:57,728 - INFO - Epoch [011/150] | LR: 0.001000 | Loss: 1.1809 (Pred:0.0296, Phy:0.0000, Recon:0.0086, Lin:0.0074) | Val Loss: 0.0542 | Mem: 317MB (4.1%) | Pwr: [Pwr: N/A (Unsupported)]
2026-05-13 01:45:12,713 - INFO - Epoch [012/150] | LR: 0.001000 | Loss: 1.0705 (Pred:0.0269, Phy:0.0000, Recon:0.0071, Lin:0.0072) | Val Loss: 0.0411 | Mem: 317MB (4.1%) | Pwr: [Pwr: N/A (Unsupported)]
2026-05-13 01:45:27,696 - INFO - Epoch [013/150] | LR: 0.001000 | Loss: 1.0213 (Pred:0.0258, Phy:0.0000, Recon:0.0064, Lin:0.0071) | Val Loss: 0.0714 | Mem: 317MB (4.1%) | Pwr: [Pwr: N/A (Unsupported)]
2026-05-13 01:45:42,821 - INFO - Epoch [014/150] | LR: 0.001000 | Loss: 0.9569 (Pred:0.0246, Phy:0.0000, Recon:0.0054, Lin:0.0067) | Val Loss: 0.0659 | Mem: 317MB (4.1%) | Pwr: [Pwr: N/A (Unsupported)]
2026-05-13 01:45:57,808 - INFO - Epoch [015/150] | LR: 0.001000 | Loss: 0.9377 (Pred:0.0235, Phy:0.0000, Recon:0.0064, Lin:0.0063) | Val Loss: 0.0766 | Mem: 317MB (4.1%) | Pwr: [Pwr: N/A (Unsupported)]
2026-05-13 01:46:12,435 - INFO - Epoch [016/150] | LR: 0.001000 | Loss: 0.8368 (Pred:0.0215, Phy:0.0000, Recon:0.0047, Lin:0.0059) | Val Loss: 0.0559 | Mem: 317MB (4.1%) | Pwr: [Pwr: N/A (Unsupported)]
2026-05-13 01:46:27,356 - INFO - Epoch [017/150] | LR: 0.001000 | Loss: 0.8533 (Pred:0.0216, Phy:0.0000, Recon:0.0056, Lin:0.0057) | Val Loss: 0.0541 | Mem: 317MB (4.1%) | Pwr: [Pwr: N/A (Unsupported)]
2026-05-13 01:46:42,204 - INFO - Epoch [018/150] | LR: 0.001000 | Loss: 0.7958 (Pred:0.0204, Phy:0.0000, Recon:0.0045, Lin:0.0053) | Val Loss: 0.0720 | Mem: 317MB (4.1%) | Pwr: [Pwr: N/A (Unsupported)]
2026-05-13 01:46:57,149 - INFO - Epoch [019/150] | LR: 0.001000 | Loss: 0.7118 (Pred:0.0185, Phy:0.0000, Recon:0.0037, Lin:0.0051) | Val Loss: 0.0412 | Mem: 317MB (4.1%) | Pwr: [Pwr: N/A (Unsupported)]
2026-05-13 01:47:11,982 - INFO - Epoch [020/150] | LR: 0.001000 | Loss: 0.6877 (Pred:0.0181, Phy:0.0000, Recon:0.0033, Lin:0.0048) | Val Loss: 0.0657 | Mem: 317MB (4.1%) | Pwr: [Pwr: N/A (Unsupported)]
2026-05-13 01:47:26,873 - INFO - Epoch [021/150] | LR: 0.001000 | Loss: 0.7322 (Pred:0.0191, Phy:0.0000, Recon:0.0042, Lin:0.0046) | Val Loss: 0.0451 | Mem: 317MB (4.1%) | Pwr: [Pwr: N/A (Unsupported)]
2026-05-13 01:47:41,723 - INFO - Epoch [022/150] | LR: 0.001000 | Loss: 0.7339 (Pred:0.0189, Phy:0.0000, Recon:0.0046, Lin:0.0045) | Val Loss: 0.0472 | Mem: 317MB (4.1%) | Pwr: [Pwr: N/A (Unsupported)]
2026-05-13 01:47:56,438 - INFO - Epoch [023/150] | LR: 0.001000 | Loss: 0.7136 (Pred:0.0187, Phy:0.0000, Recon:0.0038, Lin:0.0044) | Val Loss: 0.0514 | Mem: 317MB (4.1%) | Pwr: [Pwr: N/A (Unsupported)]
2026-05-13 01:48:11,536 - INFO - Epoch [024/150] | LR: 0.001000 | Loss: 0.6584 (Pred:0.0173, Phy:0.0000, Recon:0.0033, Lin:0.0042) | Val Loss: 0.0278 | Mem: 317MB (4.1%) | Pwr: [Pwr: N/A (Unsupported)]
2026-05-13 01:48:26,146 - INFO - Epoch [025/150] | LR: 0.001000 | Loss: 0.6657 (Pred:0.0177, Phy:0.0000, Recon:0.0034, Lin:0.0040) | Val Loss: 0.0443 | Mem: 317MB (4.1%) | Pwr: [Pwr: N/A (Unsupported)]
2026-05-13 01:48:40,628 - INFO - Epoch [026/150] | LR: 0.001000 | Loss: 0.6010 (Pred:0.0158, Phy:0.0000, Recon:0.0031, Lin:0.0040) | Val Loss: 0.0582 | Mem: 317MB (4.1%) | Pwr: [Pwr: N/A (Unsupported)]
2026-05-13 01:48:55,551 - INFO - Epoch [027/150] | LR: 0.001000 | Loss: 0.5902 (Pred:0.0157, Phy:0.0000, Recon:0.0026, Lin:0.0039) | Val Loss: 0.0656 | Mem: 317MB (4.1%) | Pwr: [Pwr: N/A (Unsupported)]
2026-05-13 01:49:10,626 - INFO - Epoch [028/150] | LR: 0.001000 | Loss: 0.6217 (Pred:0.0160, Phy:0.0000, Recon:0.0039, Lin:0.0039) | Val Loss: 0.0572 | Mem: 317MB (4.1%) | Pwr: [Pwr: N/A (Unsupported)]
2026-05-13 01:49:25,485 - INFO - Epoch [029/150] | LR: 0.001000 | Loss: 0.6046 (Pred:0.0157, Phy:0.0000, Recon:0.0035, Lin:0.0039) | Val Loss: 0.1076 | Mem: 317MB (4.1%) | Pwr: [Pwr: N/A (Unsupported)]
2026-05-13 01:49:40,416 - INFO - Epoch [030/150] | LR: 0.000500 | Loss: 0.5805 (Pred:0.0153, Phy:0.0000, Recon:0.0024, Lin:0.0039) | Val Loss: 0.1033 | Mem: 317MB (4.1%) | Pwr: [Pwr: N/A (Unsupported)]
2026-05-13 01:49:55,341 - INFO - Epoch [031/150] | LR: 0.000500 | Loss: 0.3660 (Pred:0.0093, Phy:0.0000, Recon:0.0015, Lin:0.0036) | Val Loss: 0.0359 | Mem: 317MB (4.1%) | Pwr: [Pwr: N/A (Unsupported)]
2026-05-13 01:50:10,235 - INFO - Epoch [032/150] | LR: 0.000500 | Loss: 0.3561 (Pred:0.0090, Phy:0.0000, Recon:0.0016, Lin:0.0034) | Val Loss: 0.0351 | Mem: 317MB (4.1%) | Pwr: [Pwr: N/A (Unsupported)]
2026-05-13 01:50:25,377 - INFO - Epoch [033/150] | LR: 0.000500 | Loss: 0.3453 (Pred:0.0087, Phy:0.0000, Recon:0.0015, Lin:0.0034) | Val Loss: 0.0422 | Mem: 317MB (4.1%) | Pwr: [Pwr: N/A (Unsupported)]
2026-05-13 01:50:40,376 - INFO - Epoch [034/150] | LR: 0.000500 | Loss: 0.3378 (Pred:0.0085, Phy:0.0000, Recon:0.0015, Lin:0.0034) | Val Loss: 0.0333 | Mem: 317MB (4.1%) | Pwr: [Pwr: N/A (Unsupported)]
2026-05-13 01:50:55,003 - INFO - Epoch [035/150] | LR: 0.000500 | Loss: 0.3301 (Pred:0.0082, Phy:0.0000, Recon:0.0014, Lin:0.0034) | Val Loss: 0.0467 | Mem: 317MB (4.1%) | Pwr: [Pwr: N/A (Unsupported)]
2026-05-13 01:51:10,157 - INFO - Epoch [036/150] | LR: 0.000500 | Loss: 0.3329 (Pred:0.0082, Phy:0.0000, Recon:0.0015, Lin:0.0034) | Val Loss: 0.0507 | Mem: 317MB (4.1%) | Pwr: [Pwr: N/A (Unsupported)]
2026-05-13 01:51:24,844 - INFO - Epoch [037/150] | LR: 0.000500 | Loss: 0.3252 (Pred:0.0081, Phy:0.0000, Recon:0.0014, Lin:0.0034) | Val Loss: 0.0359 | Mem: 317MB (4.1%) | Pwr: [Pwr: N/A (Unsupported)]
2026-05-13 01:51:39,244 - INFO - Epoch [038/150] | LR: 0.000500 | Loss: 0.3143 (Pred:0.0078, Phy:0.0000, Recon:0.0014, Lin:0.0033) | Val Loss: 0.0607 | Mem: 317MB (4.1%) | Pwr: [Pwr: N/A (Unsupported)]
2026-05-13 01:51:53,037 - INFO - Epoch [039/150] | LR: 0.000500 | Loss: 0.3125 (Pred:0.0078, Phy:0.0000, Recon:0.0012, Lin:0.0033) | Val Loss: 0.0478 | Mem: 317MB (4.1%) | Pwr: [Pwr: N/A (Unsupported)]
2026-05-13 01:52:07,282 - INFO - Epoch [040/150] | LR: 0.000500 | Loss: 0.3102 (Pred:0.0077, Phy:0.0000, Recon:0.0014, Lin:0.0032) | Val Loss: 0.0389 | Mem: 317MB (4.1%) | Pwr: [Pwr: N/A (Unsupported)]
2026-05-13 01:52:21,341 - INFO - Epoch [041/150] | LR: 0.000500 | Loss: 0.3073 (Pred:0.0076, Phy:0.0000, Recon:0.0014, Lin:0.0032) | Val Loss: 0.0302 | Mem: 317MB (4.1%) | Pwr: [Pwr: N/A (Unsupported)]
2026-05-13 01:52:34,975 - INFO - Epoch [042/150] | LR: 0.000500 | Loss: 0.2943 (Pred:0.0073, Phy:0.0000, Recon:0.0012, Lin:0.0031) | Val Loss: 0.0301 | Mem: 317MB (4.1%) | Pwr: [Pwr: N/A (Unsupported)]
2026-05-13 01:52:49,300 - INFO - Epoch [043/150] | LR: 0.000500 | Loss: 0.3155 (Pred:0.0078, Phy:0.0000, Recon:0.0015, Lin:0.0031) | Val Loss: 0.0383 | Mem: 317MB (4.1%) | Pwr: [Pwr: N/A (Unsupported)]
2026-05-13 01:53:03,856 - INFO - Epoch [044/150] | LR: 0.000500 | Loss: 0.2928 (Pred:0.0073, Phy:0.0000, Recon:0.0013, Lin:0.0030) | Val Loss: 0.0471 | Mem: 317MB (4.1%) | Pwr: [Pwr: N/A (Unsupported)]
2026-05-13 01:53:17,960 - INFO - Epoch [045/150] | LR: 0.000500 | Loss: 0.3044 (Pred:0.0075, Phy:0.0000, Recon:0.0015, Lin:0.0031) | Val Loss: 0.0457 | Mem: 317MB (4.1%) | Pwr: [Pwr: N/A (Unsupported)]
2026-05-13 01:53:31,948 - INFO - Epoch [046/150] | LR: 0.000500 | Loss: 0.2873 (Pred:0.0072, Phy:0.0000, Recon:0.0012, Lin:0.0030) | Val Loss: 0.0290 | Mem: 317MB (4.1%) | Pwr: [Pwr: N/A (Unsupported)]
2026-05-13 01:53:45,582 - INFO - Epoch [047/150] | LR: 0.000500 | Loss: 0.2928 (Pred:0.0073, Phy:0.0000, Recon:0.0013, Lin:0.0030) | Val Loss: 0.0272 | Mem: 317MB (4.1%) | Pwr: [Pwr: N/A (Unsupported)]
2026-05-13 01:53:59,127 - INFO - Epoch [048/150] | LR: 0.000500 | Loss: 0.2873 (Pred:0.0072, Phy:0.0000, Recon:0.0012, Lin:0.0030) | Val Loss: 0.0442 | Mem: 317MB (4.1%) | Pwr: [Pwr: N/A (Unsupported)]
2026-05-13 01:54:13,126 - INFO - Epoch [049/150] | LR: 0.000500 | Loss: 0.2878 (Pred:0.0072, Phy:0.0000, Recon:0.0012, Lin:0.0029) | Val Loss: 0.0450 | Mem: 317MB (4.1%) | Pwr: [Pwr: N/A (Unsupported)]
2026-05-13 01:54:26,517 - INFO - Epoch [050/150] | LR: 0.000500 | Loss: 0.2803 (Pred:0.0070, Phy:0.0000, Recon:0.0012, Lin:0.0029) | Val Loss: 0.0445 | Mem: 317MB (4.1%) | Pwr: [Pwr: N/A (Unsupported)]
2026-05-13 01:54:39,938 - INFO - Epoch [051/150] | LR: 0.000500 | Loss: 0.3006 (Pred:0.0074, Phy:0.0000, Recon:0.0016, Lin:0.0029) | Val Loss: 0.0396 | Mem: 317MB (4.1%) | Pwr: [Pwr: N/A (Unsupported)]
2026-05-13 01:54:53,599 - INFO - Epoch [052/150] | LR: 0.000500 | Loss: 0.2899 (Pred:0.0072, Phy:0.0000, Recon:0.0014, Lin:0.0029) | Val Loss: 0.0465 | Mem: 317MB (4.1%) | Pwr: [Pwr: N/A (Unsupported)]
2026-05-13 01:55:06,905 - INFO - Epoch [053/150] | LR: 0.000500 | Loss: 0.2751 (Pred:0.0069, Phy:0.0000, Recon:0.0011, Lin:0.0029) | Val Loss: 0.0283 | Mem: 317MB (4.1%) | Pwr: [Pwr: N/A (Unsupported)]
2026-05-13 01:55:20,212 - INFO - Epoch [054/150] | LR: 0.000500 | Loss: 0.2769 (Pred:0.0070, Phy:0.0000, Recon:0.0011, Lin:0.0028) | Val Loss: 0.0289 | Mem: 317MB (4.1%) | Pwr: [Pwr: N/A (Unsupported)]
2026-05-13 01:55:33,536 - INFO - Epoch [055/150] | LR: 0.000500 | Loss: 0.2868 (Pred:0.0072, Phy:0.0000, Recon:0.0013, Lin:0.0028) | Val Loss: 0.0359 | Mem: 317MB (4.1%) | Pwr: [Pwr: N/A (Unsupported)]
2026-05-13 01:55:47,038 - INFO - Epoch [056/150] | LR: 0.000500 | Loss: 0.2876 (Pred:0.0072, Phy:0.0000, Recon:0.0014, Lin:0.0028) | Val Loss: 0.0355 | Mem: 317MB (4.1%) | Pwr: [Pwr: N/A (Unsupported)]
2026-05-13 01:56:00,427 - INFO - Epoch [057/150] | LR: 0.000500 | Loss: 0.2772 (Pred:0.0069, Phy:0.0000, Recon:0.0012, Lin:0.0028) | Val Loss: 0.0291 | Mem: 317MB (4.1%) | Pwr: [Pwr: N/A (Unsupported)]
2026-05-13 01:56:13,873 - INFO - Epoch [058/150] | LR: 0.000500 | Loss: 0.2813 (Pred:0.0071, Phy:0.0000, Recon:0.0012, Lin:0.0027) | Val Loss: 0.0423 | Mem: 317MB (4.1%) | Pwr: [Pwr: N/A (Unsupported)]
2026-05-13 01:56:27,588 - INFO - Epoch [059/150] | LR: 0.000500 | Loss: 0.2759 (Pred:0.0069, Phy:0.0000, Recon:0.0012, Lin:0.0027) | Val Loss: 0.0220 | Mem: 317MB (4.1%) | Pwr: [Pwr: N/A (Unsupported)]
2026-05-13 01:56:41,591 - INFO - Epoch [060/150] | LR: 0.000250 | Loss: 0.2822 (Pred:0.0070, Phy:0.0000, Recon:0.0014, Lin:0.0027) | Val Loss: 0.0271 | Mem: 317MB (4.1%) | Pwr: [Pwr: N/A (Unsupported)]
2026-05-13 01:56:55,817 - INFO - Epoch [061/150] | LR: 0.000250 | Loss: 0.2345 (Pred:0.0058, Phy:0.0000, Recon:0.0010, Lin:0.0026) | Val Loss: 0.0307 | Mem: 317MB (4.1%) | Pwr: [Pwr: N/A (Unsupported)]
2026-05-13 01:57:10,866 - INFO - Epoch [062/150] | LR: 0.000250 | Loss: 0.2286 (Pred:0.0057, Phy:0.0000, Recon:0.0009, Lin:0.0025) | Val Loss: 0.0295 | Mem: 317MB (4.1%) | Pwr: [Pwr: N/A (Unsupported)]
2026-05-13 01:57:25,919 - INFO - Epoch [063/150] | LR: 0.000250 | Loss: 0.2239 (Pred:0.0056, Phy:0.0000, Recon:0.0009, Lin:0.0024) | Val Loss: 0.0376 | Mem: 317MB (4.1%) | Pwr: [Pwr: N/A (Unsupported)]
2026-05-13 01:57:41,258 - INFO - Epoch [064/150] | LR: 0.000250 | Loss: 0.2216 (Pred:0.0055, Phy:0.0000, Recon:0.0009, Lin:0.0023) | Val Loss: 0.0349 | Mem: 317MB (4.1%) | Pwr: [Pwr: N/A (Unsupported)]
2026-05-13 01:57:55,768 - INFO - Epoch [065/150] | LR: 0.000250 | Loss: 0.2217 (Pred:0.0056, Phy:0.0000, Recon:0.0009, Lin:0.0023) | Val Loss: 0.0347 | Mem: 317MB (4.1%) | Pwr: [Pwr: N/A (Unsupported)]
2026-05-13 01:58:11,500 - INFO - Epoch [066/150] | LR: 0.000250 | Loss: 0.2177 (Pred:0.0055, Phy:0.0000, Recon:0.0009, Lin:0.0023) | Val Loss: 0.0315 | Mem: 317MB (4.1%) | Pwr: [Pwr: N/A (Unsupported)]
2026-05-13 01:58:28,030 - INFO - Epoch [067/150] | LR: 0.000250 | Loss: 0.2169 (Pred:0.0055, Phy:0.0000, Recon:0.0009, Lin:0.0022) | Val Loss: 0.0308 | Mem: 317MB (4.1%) | Pwr: [Pwr: N/A (Unsupported)]
2026-05-13 01:58:44,429 - INFO - Epoch [068/150] | LR: 0.000250 | Loss: 0.2152 (Pred:0.0054, Phy:0.0000, Recon:0.0009, Lin:0.0022) | Val Loss: 0.0372 | Mem: 317MB (4.1%) | Pwr: [Pwr: N/A (Unsupported)]
2026-05-13 01:59:00,801 - INFO - Epoch [069/150] | LR: 0.000250 | Loss: 0.2128 (Pred:0.0054, Phy:0.0000, Recon:0.0008, Lin:0.0022) | Val Loss: 0.0400 | Mem: 317MB (4.1%) | Pwr: [Pwr: N/A (Unsupported)]
2026-05-13 01:59:17,275 - INFO - Epoch [070/150] | LR: 0.000250 | Loss: 0.2114 (Pred:0.0053, Phy:0.0000, Recon:0.0008, Lin:0.0022) | Val Loss: 0.0325 | Mem: 317MB (4.1%) | Pwr: [Pwr: N/A (Unsupported)]
2026-05-13 01:59:33,609 - INFO - Epoch [071/150] | LR: 0.000250 | Loss: 0.2138 (Pred:0.0054, Phy:0.0000, Recon:0.0009, Lin:0.0022) | Val Loss: 0.0348 | Mem: 317MB (4.1%) | Pwr: [Pwr: N/A (Unsupported)]
2026-05-13 01:59:49,884 - INFO - Epoch [072/150] | LR: 0.000250 | Loss: 0.2103 (Pred:0.0053, Phy:0.0000, Recon:0.0008, Lin:0.0021) | Val Loss: 0.0422 | Mem: 317MB (4.1%) | Pwr: [Pwr: N/A (Unsupported)]
2026-05-13 02:00:06,258 - INFO - Epoch [073/150] | LR: 0.000250 | Loss: 0.2117 (Pred:0.0054, Phy:0.0000, Recon:0.0008, Lin:0.0021) | Val Loss: 0.0380 | Mem: 317MB (4.1%) | Pwr: [Pwr: N/A (Unsupported)]
2026-05-13 02:00:21,719 - INFO - Epoch [074/150] | LR: 0.000250 | Loss: 0.2111 (Pred:0.0053, Phy:0.0000, Recon:0.0008, Lin:0.0021) | Val Loss: 0.0359 | Mem: 317MB (4.1%) | Pwr: [Pwr: N/A (Unsupported)]
2026-05-13 02:00:36,698 - INFO - Epoch [075/150] | LR: 0.000250 | Loss: 0.2119 (Pred:0.0054, Phy:0.0000, Recon:0.0009, Lin:0.0021) | Val Loss: 0.0402 | Mem: 317MB (4.1%) | Pwr: [Pwr: N/A (Unsupported)]
2026-05-13 02:00:51,391 - INFO - Epoch [076/150] | LR: 0.000250 | Loss: 0.2084 (Pred:0.0053, Phy:0.0000, Recon:0.0008, Lin:0.0021) | Val Loss: 0.0355 | Mem: 317MB (4.1%) | Pwr: [Pwr: N/A (Unsupported)]
2026-05-13 02:01:06,454 - INFO - Epoch [077/150] | LR: 0.000250 | Loss: 0.2090 (Pred:0.0053, Phy:0.0000, Recon:0.0008, Lin:0.0021) | Val Loss: 0.0391 | Mem: 317MB (4.1%) | Pwr: [Pwr: N/A (Unsupported)]
2026-05-13 02:01:21,529 - INFO - Epoch [078/150] | LR: 0.000250 | Loss: 0.2081 (Pred:0.0053, Phy:0.0000, Recon:0.0008, Lin:0.0021) | Val Loss: 0.0329 | Mem: 317MB (4.1%) | Pwr: [Pwr: N/A (Unsupported)]
2026-05-13 02:01:36,715 - INFO - Epoch [079/150] | LR: 0.000250 | Loss: 0.2074 (Pred:0.0053, Phy:0.0000, Recon:0.0008, Lin:0.0021) | Val Loss: 0.0368 | Mem: 317MB (4.1%) | Pwr: [Pwr: N/A (Unsupported)]
2026-05-13 02:01:51,467 - INFO - Epoch [080/150] | LR: 0.000250 | Loss: 0.2065 (Pred:0.0052, Phy:0.0000, Recon:0.0008, Lin:0.0021) | Val Loss: 0.0290 | Mem: 317MB (4.1%) | Pwr: [Pwr: N/A (Unsupported)]
2026-05-13 02:02:06,363 - INFO - Epoch [081/150] | LR: 0.000250 | Loss: 0.2072 (Pred:0.0053, Phy:0.0000, Recon:0.0008, Lin:0.0020) | Val Loss: 0.0411 | Mem: 317MB (4.1%) | Pwr: [Pwr: N/A (Unsupported)]
2026-05-13 02:02:21,084 - INFO - Epoch [082/150] | LR: 0.000250 | Loss: 0.2077 (Pred:0.0053, Phy:0.0000, Recon:0.0009, Lin:0.0020) | Val Loss: 0.0420 | Mem: 317MB (4.1%) | Pwr: [Pwr: N/A (Unsupported)]
2026-05-13 02:02:35,936 - INFO - Epoch [083/150] | LR: 0.000250 | Loss: 0.2079 (Pred:0.0053, Phy:0.0000, Recon:0.0008, Lin:0.0020) | Val Loss: 0.0293 | Mem: 317MB (4.1%) | Pwr: [Pwr: N/A (Unsupported)]
2026-05-13 02:02:51,026 - INFO - Epoch [084/150] | LR: 0.000250 | Loss: 0.2066 (Pred:0.0052, Phy:0.0000, Recon:0.0008, Lin:0.0020) | Val Loss: 0.0348 | Mem: 317MB (4.1%) | Pwr: [Pwr: N/A (Unsupported)]
2026-05-13 02:03:06,182 - INFO - Epoch [085/150] | LR: 0.000250 | Loss: 0.2057 (Pred:0.0052, Phy:0.0000, Recon:0.0008, Lin:0.0020) | Val Loss: 0.0337 | Mem: 317MB (4.1%) | Pwr: [Pwr: N/A (Unsupported)]
2026-05-13 02:03:21,344 - INFO - Epoch [086/150] | LR: 0.000250 | Loss: 0.2056 (Pred:0.0052, Phy:0.0000, Recon:0.0008, Lin:0.0020) | Val Loss: 0.0330 | Mem: 317MB (4.1%) | Pwr: [Pwr: N/A (Unsupported)]
2026-05-13 02:03:36,343 - INFO - Epoch [087/150] | LR: 0.000250 | Loss: 0.2054 (Pred:0.0052, Phy:0.0000, Recon:0.0008, Lin:0.0020) | Val Loss: 0.0372 | Mem: 317MB (4.1%) | Pwr: [Pwr: N/A (Unsupported)]
2026-05-13 02:03:51,114 - INFO - Epoch [088/150] | LR: 0.000250 | Loss: 0.2056 (Pred:0.0052, Phy:0.0000, Recon:0.0008, Lin:0.0020) | Val Loss: 0.0338 | Mem: 317MB (4.1%) | Pwr: [Pwr: N/A (Unsupported)]
2026-05-13 02:04:05,721 - INFO - Epoch [089/150] | LR: 0.000250 | Loss: 0.2045 (Pred:0.0052, Phy:0.0000, Recon:0.0008, Lin:0.0020) | Val Loss: 0.0340 | Mem: 317MB (4.1%) | Pwr: [Pwr: N/A (Unsupported)]
2026-05-13 02:04:20,641 - INFO - Epoch [090/150] | LR: 0.000125 | Loss: 0.2032 (Pred:0.0052, Phy:0.0000, Recon:0.0008, Lin:0.0020) | Val Loss: 0.0430 | Mem: 317MB (4.1%) | Pwr: [Pwr: N/A (Unsupported)]
2026-05-13 02:04:35,457 - INFO - Epoch [091/150] | LR: 0.000125 | Loss: 0.1921 (Pred:0.0049, Phy:0.0000, Recon:0.0007, Lin:0.0020) | Val Loss: 0.0373 | Mem: 317MB (4.1%) | Pwr: [Pwr: N/A (Unsupported)]
2026-05-13 02:04:50,257 - INFO - Epoch [092/150] | LR: 0.000125 | Loss: 0.1911 (Pred:0.0049, Phy:0.0000, Recon:0.0007, Lin:0.0019) | Val Loss: 0.0317 | Mem: 317MB (4.1%) | Pwr: [Pwr: N/A (Unsupported)]
2026-05-13 02:05:05,585 - INFO - Epoch [093/150] | LR: 0.000125 | Loss: 0.1907 (Pred:0.0049, Phy:0.0000, Recon:0.0007, Lin:0.0019) | Val Loss: 0.0372 | Mem: 317MB (4.1%) | Pwr: [Pwr: N/A (Unsupported)]
2026-05-13 02:05:20,217 - INFO - Epoch [094/150] | LR: 0.000125 | Loss: 0.1877 (Pred:0.0048, Phy:0.0000, Recon:0.0007, Lin:0.0018) | Val Loss: 0.0321 | Mem: 317MB (4.1%) | Pwr: [Pwr: N/A (Unsupported)]
2026-05-13 02:05:34,826 - INFO - Epoch [095/150] | LR: 0.000125 | Loss: 0.1889 (Pred:0.0048, Phy:0.0000, Recon:0.0007, Lin:0.0018) | Val Loss: 0.0347 | Mem: 317MB (4.1%) | Pwr: [Pwr: N/A (Unsupported)]
2026-05-13 02:05:49,867 - INFO - Epoch [096/150] | LR: 0.000125 | Loss: 0.1868 (Pred:0.0048, Phy:0.0000, Recon:0.0007, Lin:0.0018) | Val Loss: 0.0370 | Mem: 317MB (4.1%) | Pwr: [Pwr: N/A (Unsupported)]
2026-05-13 02:06:05,235 - INFO - Epoch [097/150] | LR: 0.000125 | Loss: 0.1885 (Pred:0.0049, Phy:0.0000, Recon:0.0007, Lin:0.0018) | Val Loss: 0.0391 | Mem: 317MB (4.1%) | Pwr: [Pwr: N/A (Unsupported)]
2026-05-13 02:06:19,962 - INFO - Epoch [098/150] | LR: 0.000125 | Loss: 0.1874 (Pred:0.0048, Phy:0.0000, Recon:0.0007, Lin:0.0018) | Val Loss: 0.0315 | Mem: 317MB (4.1%) | Pwr: [Pwr: N/A (Unsupported)]
2026-05-13 02:06:34,608 - INFO - Epoch [099/150] | LR: 0.000125 | Loss: 0.1838 (Pred:0.0047, Phy:0.0000, Recon:0.0007, Lin:0.0018) | Val Loss: 0.0375 | Mem: 317MB (4.1%) | Pwr: [Pwr: N/A (Unsupported)]
2026-05-13 02:06:49,495 - INFO - Epoch [100/150] | LR: 0.000125 | Loss: 0.1841 (Pred:0.0047, Phy:0.0000, Recon:0.0007, Lin:0.0017) | Val Loss: 0.0261 | Mem: 317MB (4.1%) | Pwr: [Pwr: N/A (Unsupported)]
2026-05-13 02:07:04,690 - INFO - Epoch [101/150] | LR: 0.000125 | Loss: 0.1854 (Pred:0.0048, Phy:0.0000, Recon:0.0007, Lin:0.0017) | Val Loss: 0.0334 | Mem: 317MB (4.1%) | Pwr: [Pwr: N/A (Unsupported)]
2026-05-13 02:07:19,422 - INFO - Epoch [102/150] | LR: 0.000125 | Loss: 0.1829 (Pred:0.0047, Phy:0.0000, Recon:0.0007, Lin:0.0017) | Val Loss: 0.0391 | Mem: 317MB (4.1%) | Pwr: [Pwr: N/A (Unsupported)]
2026-05-13 02:07:34,397 - INFO - Epoch [103/150] | LR: 0.000125 | Loss: 0.1831 (Pred:0.0047, Phy:0.0000, Recon:0.0007, Lin:0.0017) | Val Loss: 0.0330 | Mem: 317MB (4.1%) | Pwr: [Pwr: N/A (Unsupported)]
2026-05-13 02:07:49,147 - INFO - Epoch [104/150] | LR: 0.000125 | Loss: 0.1826 (Pred:0.0047, Phy:0.0000, Recon:0.0007, Lin:0.0017) | Val Loss: 0.0366 | Mem: 317MB (4.1%) | Pwr: [Pwr: N/A (Unsupported)]
2026-05-13 02:08:04,170 - INFO - Epoch [105/150] | LR: 0.000125 | Loss: 0.1818 (Pred:0.0047, Phy:0.0000, Recon:0.0007, Lin:0.0017) | Val Loss: 0.0307 | Mem: 317MB (4.1%) | Pwr: [Pwr: N/A (Unsupported)]
2026-05-13 02:08:18,937 - INFO - Epoch [106/150] | LR: 0.000125 | Loss: 0.1829 (Pred:0.0047, Phy:0.0000, Recon:0.0007, Lin:0.0017) | Val Loss: 0.0333 | Mem: 317MB (4.1%) | Pwr: [Pwr: N/A (Unsupported)]
2026-05-13 02:08:33,814 - INFO - Epoch [107/150] | LR: 0.000125 | Loss: 0.1813 (Pred:0.0047, Phy:0.0000, Recon:0.0007, Lin:0.0017) | Val Loss: 0.0404 | Mem: 317MB (4.1%) | Pwr: [Pwr: N/A (Unsupported)]
2026-05-13 02:08:48,591 - INFO - Epoch [108/150] | LR: 0.000125 | Loss: 0.1826 (Pred:0.0047, Phy:0.0000, Recon:0.0007, Lin:0.0017) | Val Loss: 0.0297 | Mem: 317MB (4.1%) | Pwr: [Pwr: N/A (Unsupported)]
2026-05-13 02:09:03,256 - INFO - Epoch [109/150] | LR: 0.000125 | Loss: 0.1819 (Pred:0.0047, Phy:0.0000, Recon:0.0007, Lin:0.0017) | Val Loss: 0.0347 | Mem: 317MB (4.1%) | Pwr: [Pwr: N/A (Unsupported)]
2026-05-13 02:09:18,075 - INFO - Epoch [110/150] | LR: 0.000125 | Loss: 0.1802 (Pred:0.0047, Phy:0.0000, Recon:0.0007, Lin:0.0017) | Val Loss: 0.0422 | Mem: 317MB (4.1%) | Pwr: [Pwr: N/A (Unsupported)]
2026-05-13 02:09:33,027 - INFO - Epoch [111/150] | LR: 0.000125 | Loss: 0.1810 (Pred:0.0047, Phy:0.0000, Recon:0.0007, Lin:0.0017) | Val Loss: 0.0388 | Mem: 317MB (4.1%) | Pwr: [Pwr: N/A (Unsupported)]
2026-05-13 02:09:48,033 - INFO - Epoch [112/150] | LR: 0.000125 | Loss: 0.1799 (Pred:0.0047, Phy:0.0000, Recon:0.0007, Lin:0.0016) | Val Loss: 0.0285 | Mem: 317MB (4.1%) | Pwr: [Pwr: N/A (Unsupported)]
2026-05-13 02:10:02,893 - INFO - Epoch [113/150] | LR: 0.000125 | Loss: 0.1810 (Pred:0.0047, Phy:0.0000, Recon:0.0007, Lin:0.0016) | Val Loss: 0.0315 | Mem: 317MB (4.1%) | Pwr: [Pwr: N/A (Unsupported)]
2026-05-13 02:10:17,741 - INFO - Epoch [114/150] | LR: 0.000125 | Loss: 0.1806 (Pred:0.0047, Phy:0.0000, Recon:0.0007, Lin:0.0016) | Val Loss: 0.0395 | Mem: 317MB (4.1%) | Pwr: [Pwr: N/A (Unsupported)]
2026-05-13 02:10:32,667 - INFO - Epoch [115/150] | LR: 0.000125 | Loss: 0.1793 (Pred:0.0047, Phy:0.0000, Recon:0.0007, Lin:0.0016) | Val Loss: 0.0289 | Mem: 317MB (4.1%) | Pwr: [Pwr: N/A (Unsupported)]
2026-05-13 02:10:47,751 - INFO - Epoch [116/150] | LR: 0.000125 | Loss: 0.1786 (Pred:0.0046, Phy:0.0000, Recon:0.0006, Lin:0.0016) | Val Loss: 0.0364 | Mem: 317MB (4.1%) | Pwr: [Pwr: N/A (Unsupported)]
2026-05-13 02:11:02,844 - INFO - Epoch [117/150] | LR: 0.000125 | Loss: 0.1792 (Pred:0.0047, Phy:0.0000, Recon:0.0006, Lin:0.0016) | Val Loss: 0.0315 | Mem: 317MB (4.1%) | Pwr: [Pwr: N/A (Unsupported)]
2026-05-13 02:11:17,561 - INFO - Epoch [118/150] | LR: 0.000125 | Loss: 0.1785 (Pred:0.0046, Phy:0.0000, Recon:0.0006, Lin:0.0016) | Val Loss: 0.0362 | Mem: 317MB (4.1%) | Pwr: [Pwr: N/A (Unsupported)]
2026-05-13 02:11:32,447 - INFO - Epoch [119/150] | LR: 0.000125 | Loss: 0.1783 (Pred:0.0046, Phy:0.0000, Recon:0.0006, Lin:0.0016) | Val Loss: 0.0412 | Mem: 317MB (4.1%) | Pwr: [Pwr: N/A (Unsupported)]
2026-05-13 02:11:47,183 - INFO - Epoch [120/150] | LR: 0.000063 | Loss: 0.1785 (Pred:0.0047, Phy:0.0000, Recon:0.0006, Lin:0.0016) | Val Loss: 0.0346 | Mem: 317MB (4.1%) | Pwr: [Pwr: N/A (Unsupported)]
2026-05-13 02:12:01,988 - INFO - Epoch [121/150] | LR: 0.000063 | Loss: 0.1738 (Pred:0.0045, Phy:0.0000, Recon:0.0006, Lin:0.0016) | Val Loss: 0.0366 | Mem: 317MB (4.1%) | Pwr: [Pwr: N/A (Unsupported)]
2026-05-13 02:12:17,162 - INFO - Epoch [122/150] | LR: 0.000063 | Loss: 0.1747 (Pred:0.0046, Phy:0.0000, Recon:0.0006, Lin:0.0016) | Val Loss: 0.0354 | Mem: 317MB (4.1%) | Pwr: [Pwr: N/A (Unsupported)]
2026-05-13 02:12:32,153 - INFO - Epoch [123/150] | LR: 0.000063 | Loss: 0.1741 (Pred:0.0045, Phy:0.0000, Recon:0.0006, Lin:0.0016) | Val Loss: 0.0388 | Mem: 317MB (4.1%) | Pwr: [Pwr: N/A (Unsupported)]
2026-05-13 02:12:46,983 - INFO - Epoch [124/150] | LR: 0.000063 | Loss: 0.1727 (Pred:0.0045, Phy:0.0000, Recon:0.0006, Lin:0.0016) | Val Loss: 0.0308 | Mem: 317MB (4.1%) | Pwr: [Pwr: N/A (Unsupported)]
2026-05-13 02:13:02,025 - INFO - Epoch [125/150] | LR: 0.000063 | Loss: 0.1729 (Pred:0.0045, Phy:0.0000, Recon:0.0006, Lin:0.0016) | Val Loss: 0.0319 | Mem: 317MB (4.1%) | Pwr: [Pwr: N/A (Unsupported)]
2026-05-13 02:13:16,767 - INFO - Epoch [126/150] | LR: 0.000063 | Loss: 0.1726 (Pred:0.0045, Phy:0.0000, Recon:0.0006, Lin:0.0015) | Val Loss: 0.0365 | Mem: 317MB (4.1%) | Pwr: [Pwr: N/A (Unsupported)]
2026-05-13 02:13:31,776 - INFO - Epoch [127/150] | LR: 0.000063 | Loss: 0.1727 (Pred:0.0045, Phy:0.0000, Recon:0.0006, Lin:0.0015) | Val Loss: 0.0323 | Mem: 317MB (4.1%) | Pwr: [Pwr: N/A (Unsupported)]
2026-05-13 02:13:46,526 - INFO - Epoch [128/150] | LR: 0.000063 | Loss: 0.1712 (Pred:0.0045, Phy:0.0000, Recon:0.0006, Lin:0.0015) | Val Loss: 0.0368 | Mem: 317MB (4.1%) | Pwr: [Pwr: N/A (Unsupported)]
2026-05-13 02:14:01,459 - INFO - Epoch [129/150] | LR: 0.000063 | Loss: 0.1721 (Pred:0.0045, Phy:0.0000, Recon:0.0006, Lin:0.0015) | Val Loss: 0.0378 | Mem: 317MB (4.1%) | Pwr: [Pwr: N/A (Unsupported)]
2026-05-13 02:14:16,454 - INFO - Epoch [130/150] | LR: 0.000063 | Loss: 0.1717 (Pred:0.0045, Phy:0.0000, Recon:0.0006, Lin:0.0015) | Val Loss: 0.0305 | Mem: 317MB (4.1%) | Pwr: [Pwr: N/A (Unsupported)]
2026-05-13 02:14:31,273 - INFO - Epoch [131/150] | LR: 0.000063 | Loss: 0.1706 (Pred:0.0045, Phy:0.0000, Recon:0.0006, Lin:0.0015) | Val Loss: 0.0350 | Mem: 317MB (4.1%) | Pwr: [Pwr: N/A (Unsupported)]
2026-05-13 02:14:46,773 - INFO - Epoch [132/150] | LR: 0.000063 | Loss: 0.1696 (Pred:0.0044, Phy:0.0000, Recon:0.0006, Lin:0.0015) | Val Loss: 0.0383 | Mem: 317MB (4.1%) | Pwr: [Pwr: N/A (Unsupported)]
2026-05-13 02:15:01,558 - INFO - Epoch [133/150] | LR: 0.000063 | Loss: 0.1701 (Pred:0.0045, Phy:0.0000, Recon:0.0006, Lin:0.0015) | Val Loss: 0.0339 | Mem: 317MB (4.1%) | Pwr: [Pwr: N/A (Unsupported)]
2026-05-13 02:15:16,380 - INFO - Epoch [134/150] | LR: 0.000063 | Loss: 0.1702 (Pred:0.0045, Phy:0.0000, Recon:0.0006, Lin:0.0015) | Val Loss: 0.0339 | Mem: 317MB (4.1%) | Pwr: [Pwr: N/A (Unsupported)]
2026-05-13 02:15:31,353 - INFO - Epoch [135/150] | LR: 0.000063 | Loss: 0.1693 (Pred:0.0044, Phy:0.0000, Recon:0.0006, Lin:0.0015) | Val Loss: 0.0341 | Mem: 317MB (4.1%) | Pwr: [Pwr: N/A (Unsupported)]
2026-05-13 02:15:46,036 - INFO - Epoch [136/150] | LR: 0.000063 | Loss: 0.1688 (Pred:0.0044, Phy:0.0000, Recon:0.0006, Lin:0.0015) | Val Loss: 0.0383 | Mem: 317MB (4.1%) | Pwr: [Pwr: N/A (Unsupported)]
2026-05-13 02:16:01,015 - INFO - Epoch [137/150] | LR: 0.000063 | Loss: 0.1687 (Pred:0.0044, Phy:0.0000, Recon:0.0006, Lin:0.0015) | Val Loss: 0.0302 | Mem: 317MB (4.1%) | Pwr: [Pwr: N/A (Unsupported)]
2026-05-13 02:16:15,808 - INFO - Epoch [138/150] | LR: 0.000063 | Loss: 0.1677 (Pred:0.0044, Phy:0.0000, Recon:0.0006, Lin:0.0015) | Val Loss: 0.0339 | Mem: 317MB (4.1%) | Pwr: [Pwr: N/A (Unsupported)]
2026-05-13 02:16:30,859 - INFO - Epoch [139/150] | LR: 0.000063 | Loss: 0.1679 (Pred:0.0044, Phy:0.0000, Recon:0.0006, Lin:0.0015) | Val Loss: 0.0349 | Mem: 317MB (4.1%) | Pwr: [Pwr: N/A (Unsupported)]
2026-05-13 02:16:45,599 - INFO - Epoch [140/150] | LR: 0.000063 | Loss: 0.1678 (Pred:0.0044, Phy:0.0000, Recon:0.0006, Lin:0.0015) | Val Loss: 0.0344 | Mem: 317MB (4.1%) | Pwr: [Pwr: N/A (Unsupported)]
2026-05-13 02:17:00,760 - INFO - Epoch [141/150] | LR: 0.000063 | Loss: 0.1686 (Pred:0.0044, Phy:0.0000, Recon:0.0006, Lin:0.0015) | Val Loss: 0.0320 | Mem: 317MB (4.1%) | Pwr: [Pwr: N/A (Unsupported)]
2026-05-13 02:17:15,860 - INFO - Epoch [142/150] | LR: 0.000063 | Loss: 0.1680 (Pred:0.0044, Phy:0.0000, Recon:0.0006, Lin:0.0014) | Val Loss: 0.0350 | Mem: 317MB (4.1%) | Pwr: [Pwr: N/A (Unsupported)]
2026-05-13 02:17:30,731 - INFO - Epoch [143/150] | LR: 0.000063 | Loss: 0.1677 (Pred:0.0044, Phy:0.0000, Recon:0.0006, Lin:0.0014) | Val Loss: 0.0337 | Mem: 317MB (4.1%) | Pwr: [Pwr: N/A (Unsupported)]
2026-05-13 02:17:45,649 - INFO - Epoch [144/150] | LR: 0.000063 | Loss: 0.1677 (Pred:0.0044, Phy:0.0000, Recon:0.0006, Lin:0.0014) | Val Loss: 0.0316 | Mem: 317MB (4.1%) | Pwr: [Pwr: N/A (Unsupported)]
2026-05-13 02:18:00,479 - INFO - Epoch [145/150] | LR: 0.000063 | Loss: 0.1673 (Pred:0.0044, Phy:0.0000, Recon:0.0006, Lin:0.0014) | Val Loss: 0.0340 | Mem: 317MB (4.1%) | Pwr: [Pwr: N/A (Unsupported)]
2026-05-13 02:18:14,379 - INFO - Epoch [146/150] | LR: 0.000063 | Loss: 0.1668 (Pred:0.0044, Phy:0.0000, Recon:0.0006, Lin:0.0014) | Val Loss: 0.0333 | Mem: 317MB (4.1%) | Pwr: [Pwr: N/A (Unsupported)]
2026-05-13 02:18:29,630 - INFO - Epoch [147/150] | LR: 0.000063 | Loss: 0.1667 (Pred:0.0044, Phy:0.0000, Recon:0.0006, Lin:0.0014) | Val Loss: 0.0365 | Mem: 317MB (4.1%) | Pwr: [Pwr: N/A (Unsupported)]
2026-05-13 02:18:44,531 - INFO - Epoch [148/150] | LR: 0.000063 | Loss: 0.1669 (Pred:0.0044, Phy:0.0000, Recon:0.0006, Lin:0.0014) | Val Loss: 0.0384 | Mem: 317MB (4.1%) | Pwr: [Pwr: N/A (Unsupported)]
2026-05-13 02:18:59,297 - INFO - Epoch [149/150] | LR: 0.000063 | Loss: 0.1668 (Pred:0.0044, Phy:0.0000, Recon:0.0006, Lin:0.0014) | Val Loss: 0.0305 | Mem: 317MB (4.1%) | Pwr: [Pwr: N/A (Unsupported)]
2026-05-13 02:19:14,212 - INFO - Epoch [150/150] | LR: 0.000031 | Loss: 0.1665 (Pred:0.0044, Phy:0.0000, Recon:0.0006, Lin:0.0014) | Val Loss: 0.0328 | Mem: 317MB (4.1%) | Pwr: [Pwr: N/A (Unsupported)]
2026-05-13 02:19:14,223 - INFO - 
>>> 训练完成！
2026-05-13 02:19:14,244 - INFO - >>> [完美导出] 高维 OSQP 矩阵参数已导出至: checkpoints/koopman_deploy_params.yaml
