2026-05-15 23:01:53,086 - INFO - Dataset[TRAIN] koopman_train_merged.npz | segments=99 | samples=197505 | pred_len=4 | stride=1
2026-05-15 23:01:53,091 - INFO - Dataset[VAL] koopman_val.npz | segments=3 | samples=35985 | pred_len=4 | stride=1
2026-05-15 23:01:53,676 - INFO - ================================================================================
2026-05-15 23:01:53,676 - INFO - Device: cpu | AMP: False
2026-05-15 23:01:53,676 - INFO - Train data: koopman_train_merged.npz | Val: koopman_val.npz | Test: koopman_test.npz
2026-05-15 23:01:53,676 - INFO - Batch: 1024 | Workers: 4 | Seed: 42
2026-05-15 23:01:53,676 - INFO - Curriculum pred_len: start=4 max=20 grow_every=3 stride=1
2026-05-15 23:01:53,676 - INFO - Loss weights: w_vel=1.0 w_acc=0.2 w_lin=1.0 w_recon=0.0 w_stab=0.1 w_l2=0.0001 gamma_step=0.97 huber_beta=0.1 rho_max=1.005
2026-05-15 23:01:53,676 - INFO - Train samples: 197505 | Val samples: 35985 | Params: 12344
2026-05-15 23:01:53,676 - INFO - Initial spectral radius (I+A): 1.04421
2026-05-15 23:01:53,676 - INFO - ================================================================================
2026-05-15 23:01:57,485 - INFO - Epoch [001/40] pl=4 LR=9.94e-04 Ltot=0.0048 (vel=0.0016, acc=0.0130, lin=0.0026, stab=0.0002) | val_vel_rmse_mean=0.28463 @K=0.44676 slope=0.958 inst=0.995 spec=1.013 | 3.8s
2026-05-15 23:01:57,492 - INFO -   ↳ new best vel_rmse_mean=0.284631 (epoch 1)
2026-05-15 23:02:01,519 - INFO - Epoch [002/40] pl=4 LR=9.76e-04 Ltot=0.0004 (vel=0.0001, acc=0.0011, lin=0.0001, stab=0.0000) | val_vel_rmse_mean=0.24223 @K=0.38235 slope=0.970 inst=1.003 spec=1.005 | 4.0s
2026-05-15 23:02:01,524 - INFO -   ↳ new best vel_rmse_mean=0.24223 (epoch 2)
2026-05-15 23:02:05,322 - INFO - Epoch [003/40] pl=4 LR=9.46e-04 Ltot=0.0003 (vel=0.0001, acc=0.0008, lin=0.0001, stab=0.0000) | val_vel_rmse_mean=0.20441 @K=0.32402 slope=0.979 inst=1.009 spec=1.005 | 3.8s
2026-05-15 23:02:05,327 - INFO -   ↳ new best vel_rmse_mean=0.204409 (epoch 3)
2026-05-15 23:02:05,327 - INFO - [Curriculum] pred_len -> 6; rebuilding dataloaders...
2026-05-15 23:02:05,367 - INFO - Dataset[TRAIN] koopman_train_merged.npz | segments=99 | samples=197307 | pred_len=6 | stride=1
2026-05-15 23:02:05,371 - INFO - Dataset[VAL] koopman_val.npz | segments=3 | samples=35979 | pred_len=6 | stride=1
2026-05-15 23:02:09,691 - INFO - Epoch [004/40] pl=6 LR=9.05e-04 Ltot=0.0004 (vel=0.0001, acc=0.0009, lin=0.0001, stab=0.0000) | val_vel_rmse_mean=0.23811 @K=0.40490 slope=0.983 inst=1.151 spec=1.004 | 4.3s
2026-05-15 23:02:14,829 - INFO - Epoch [005/40] pl=6 LR=8.54e-04 Ltot=0.0004 (vel=0.0001, acc=0.0008, lin=0.0001, stab=0.0000) | val_vel_rmse_mean=0.19886 @K=0.33900 slope=0.987 inst=1.156 spec=1.004 | 5.1s
2026-05-15 23:02:14,834 - INFO -   ↳ new best vel_rmse_mean=0.198862 (epoch 5)
2026-05-15 23:02:19,394 - INFO - Epoch [006/40] pl=6 LR=7.94e-04 Ltot=0.0003 (vel=0.0001, acc=0.0007, lin=0.0001, stab=0.0000) | val_vel_rmse_mean=0.16539 @K=0.28238 slope=0.990 inst=1.159 spec=1.003 | 4.6s
2026-05-15 23:02:19,399 - INFO -   ↳ new best vel_rmse_mean=0.165389 (epoch 6)
2026-05-15 23:02:19,399 - INFO - [Curriculum] pred_len -> 8; rebuilding dataloaders...
2026-05-15 23:02:19,438 - INFO - Dataset[TRAIN] koopman_train_merged.npz | segments=99 | samples=197109 | pred_len=8 | stride=1
2026-05-15 23:02:19,443 - INFO - Dataset[VAL] koopman_val.npz | segments=3 | samples=35973 | pred_len=8 | stride=1
2026-05-15 23:02:24,103 - INFO - Epoch [007/40] pl=8 LR=7.27e-04 Ltot=0.0005 (vel=0.0002, acc=0.0009, lin=0.0001, stab=0.0000) | val_vel_rmse_mean=0.17899 @K=0.31811 slope=0.994 inst=1.308 spec=1.004 | 4.6s
2026-05-15 23:02:29,172 - INFO - Epoch [008/40] pl=8 LR=6.55e-04 Ltot=0.0005 (vel=0.0002, acc=0.0007, lin=0.0001, stab=0.0000) | val_vel_rmse_mean=0.15049 @K=0.26768 slope=0.996 inst=1.311 spec=1.003 | 5.1s
2026-05-15 23:02:29,176 - INFO -   ↳ new best vel_rmse_mean=0.150491 (epoch 8)
2026-05-15 23:02:33,912 - INFO - Epoch [009/40] pl=8 LR=5.78e-04 Ltot=0.0004 (vel=0.0002, acc=0.0007, lin=0.0001, stab=0.0000) | val_vel_rmse_mean=0.12651 @K=0.22506 slope=0.997 inst=1.312 spec=1.003 | 4.7s
2026-05-15 23:02:33,916 - INFO -   ↳ new best vel_rmse_mean=0.126506 (epoch 9)
2026-05-15 23:02:33,916 - INFO - [Curriculum] pred_len -> 10; rebuilding dataloaders...
2026-05-15 23:02:33,953 - INFO - Dataset[TRAIN] koopman_train_merged.npz | segments=99 | samples=196911 | pred_len=10 | stride=1
2026-05-15 23:02:33,958 - INFO - Dataset[VAL] koopman_val.npz | segments=3 | samples=35967 | pred_len=10 | stride=1
2026-05-15 23:02:38,923 - INFO - Epoch [010/40] pl=10 LR=5.00e-04 Ltot=0.0006 (vel=0.0003, acc=0.0007, lin=0.0002, stab=0.0000) | val_vel_rmse_mean=0.13037 @K=0.23781 slope=0.999 inst=1.461 spec=1.004 | 4.9s
2026-05-15 23:02:44,295 - INFO - Epoch [011/40] pl=10 LR=4.22e-04 Ltot=0.0006 (vel=0.0002, acc=0.0007, lin=0.0002, stab=0.0000) | val_vel_rmse_mean=0.11001 @K=0.20056 slope=0.999 inst=1.460 spec=1.004 | 5.4s
2026-05-15 23:02:44,300 - INFO -   ↳ new best vel_rmse_mean=0.110006 (epoch 11)
2026-05-15 23:02:49,700 - INFO - Epoch [012/40] pl=10 LR=3.45e-04 Ltot=0.0006 (vel=0.0002, acc=0.0006, lin=0.0002, stab=0.0000) | val_vel_rmse_mean=0.09309 @K=0.16964 slope=0.999 inst=1.460 spec=1.004 | 5.4s
2026-05-15 23:02:49,705 - INFO -   ↳ new best vel_rmse_mean=0.0930861 (epoch 12)
2026-05-15 23:02:49,705 - INFO - [Curriculum] pred_len -> 12; rebuilding dataloaders...
2026-05-15 23:02:49,744 - INFO - Dataset[TRAIN] koopman_train_merged.npz | segments=99 | samples=196713 | pred_len=12 | stride=1
2026-05-15 23:02:49,749 - INFO - Dataset[VAL] koopman_val.npz | segments=3 | samples=35961 | pred_len=12 | stride=1
2026-05-15 23:02:55,334 - INFO - Epoch [013/40] pl=12 LR=2.73e-04 Ltot=0.0007 (vel=0.0003, acc=0.0007, lin=0.0003, stab=0.0000) | val_vel_rmse_mean=0.09350 @K=0.17337 slope=1.000 inst=1.610 spec=1.004 | 5.6s
2026-05-15 23:03:01,647 - INFO - Epoch [014/40] pl=12 LR=2.06e-04 Ltot=0.0007 (vel=0.0003, acc=0.0006, lin=0.0003, stab=0.0000) | val_vel_rmse_mean=0.07954 @K=0.14733 slope=0.999 inst=1.608 spec=1.003 | 6.3s
2026-05-15 23:03:01,652 - INFO -   ↳ new best vel_rmse_mean=0.0795374 (epoch 14)
2026-05-15 23:03:07,561 - INFO - Epoch [015/40] pl=12 LR=1.46e-04 Ltot=0.0007 (vel=0.0003, acc=0.0006, lin=0.0003, stab=0.0000) | val_vel_rmse_mean=0.06775 @K=0.12534 slope=0.998 inst=1.606 spec=1.004 | 5.9s
2026-05-15 23:03:07,566 - INFO -   ↳ new best vel_rmse_mean=0.0677462 (epoch 15)
2026-05-15 23:03:07,566 - INFO - [Curriculum] pred_len -> 14; rebuilding dataloaders...
2026-05-15 23:03:07,610 - INFO - Dataset[TRAIN] koopman_train_merged.npz | segments=99 | samples=196515 | pred_len=14 | stride=1
2026-05-15 23:03:07,615 - INFO - Dataset[VAL] koopman_val.npz | segments=3 | samples=35955 | pred_len=14 | stride=1
2026-05-15 23:03:13,629 - INFO - Epoch [016/40] pl=14 LR=9.55e-05 Ltot=0.0009 (vel=0.0004, acc=0.0006, lin=0.0003, stab=0.0000) | val_vel_rmse_mean=0.06679 @K=0.12500 slope=0.998 inst=1.751 spec=1.004 | 6.0s
2026-05-15 23:03:13,634 - INFO -   ↳ new best vel_rmse_mean=0.0667938 (epoch 16)
2026-05-15 23:03:20,452 - INFO - Epoch [017/40] pl=14 LR=5.45e-05 Ltot=0.0008 (vel=0.0004, acc=0.0006, lin=0.0003, stab=0.0000) | val_vel_rmse_mean=0.05715 @K=0.10678 slope=0.997 inst=1.746 spec=1.004 | 6.8s
2026-05-15 23:03:20,457 - INFO -   ↳ new best vel_rmse_mean=0.0571535 (epoch 17)
2026-05-15 23:03:26,848 - INFO - Epoch [018/40] pl=14 LR=2.45e-05 Ltot=0.0008 (vel=0.0004, acc=0.0006, lin=0.0003, stab=0.0000) | val_vel_rmse_mean=0.04909 @K=0.09160 slope=0.996 inst=1.742 spec=1.004 | 6.4s
2026-05-15 23:03:26,852 - INFO -   ↳ new best vel_rmse_mean=0.0490941 (epoch 18)
2026-05-15 23:03:26,852 - INFO - [Curriculum] pred_len -> 16; rebuilding dataloaders...
2026-05-15 23:03:26,889 - INFO - Dataset[TRAIN] koopman_train_merged.npz | segments=99 | samples=196317 | pred_len=16 | stride=1
2026-05-15 23:03:26,894 - INFO - Dataset[VAL] koopman_val.npz | segments=3 | samples=35949 | pred_len=16 | stride=1
2026-05-15 23:03:34,665 - INFO - Epoch [019/40] pl=16 LR=6.16e-06 Ltot=0.0010 (vel=0.0005, acc=0.0006, lin=0.0004, stab=0.0000) | val_vel_rmse_mean=0.04799 @K=0.09029 slope=0.995 inst=1.886 spec=1.005 | 7.8s
2026-05-15 23:03:34,671 - INFO -   ↳ new best vel_rmse_mean=0.0479886 (epoch 19)
2026-05-15 23:03:42,934 - INFO - Epoch [020/40] pl=16 LR=1.00e-03 Ltot=0.0010 (vel=0.0005, acc=0.0006, lin=0.0004, stab=0.0000) | val_vel_rmse_mean=0.04164 @K=0.07825 slope=0.995 inst=1.883 spec=1.005 | 8.3s
2026-05-15 23:03:42,939 - INFO -   ↳ new best vel_rmse_mean=0.0416355 (epoch 20)
2026-05-15 23:03:51,328 - INFO - Epoch [021/40] pl=16 LR=9.98e-04 Ltot=0.0034 (vel=0.0019, acc=0.0024, lin=0.0010, stab=0.0000) | val_vel_rmse_mean=0.03532 @K=0.06586 slope=0.988 inst=1.860 spec=1.002 | 8.4s
2026-05-15 23:03:51,332 - INFO -   ↳ new best vel_rmse_mean=0.0353233 (epoch 21)
2026-05-15 23:03:51,332 - INFO - [Curriculum] pred_len -> 18; rebuilding dataloaders...
2026-05-15 23:03:51,369 - INFO - Dataset[TRAIN] koopman_train_merged.npz | segments=99 | samples=196119 | pred_len=18 | stride=1
2026-05-15 23:03:51,374 - INFO - Dataset[VAL] koopman_val.npz | segments=3 | samples=35943 | pred_len=18 | stride=1
2026-05-15 23:04:00,695 - INFO - Epoch [022/40] pl=18 LR=9.94e-04 Ltot=0.0021 (vel=0.0011, acc=0.0011, lin=0.0007, stab=0.0000) | val_vel_rmse_mean=0.02986 @K=0.05540 slope=0.978 inst=1.957 spec=1.001 | 9.3s
2026-05-15 23:04:00,705 - INFO -   ↳ new best vel_rmse_mean=0.0298604 (epoch 22)
2026-05-15 23:04:10,328 - INFO - Epoch [023/40] pl=18 LR=9.86e-04 Ltot=0.0015 (vel=0.0007, acc=0.0007, lin=0.0006, stab=0.0000) | val_vel_rmse_mean=0.02254 @K=0.04156 slope=0.971 inst=1.930 spec=1.001 | 9.6s
2026-05-15 23:04:10,333 - INFO -   ↳ new best vel_rmse_mean=0.0225446 (epoch 23)
2026-05-15 23:04:20,648 - INFO - Epoch [024/40] pl=18 LR=9.76e-04 Ltot=0.0013 (vel=0.0006, acc=0.0007, lin=0.0005, stab=0.0000) | val_vel_rmse_mean=0.01885 @K=0.03485 slope=0.972 inst=1.936 spec=1.002 | 10.3s
2026-05-15 23:04:20,654 - INFO -   ↳ new best vel_rmse_mean=0.0188473 (epoch 24)
2026-05-15 23:04:20,654 - INFO - [Curriculum] pred_len -> 20; rebuilding dataloaders...
2026-05-15 23:04:20,696 - INFO - Dataset[TRAIN] koopman_train_merged.npz | segments=99 | samples=195921 | pred_len=20 | stride=1
2026-05-15 23:04:20,701 - INFO - Dataset[VAL] koopman_val.npz | segments=3 | samples=35937 | pred_len=20 | stride=1
2026-05-15 23:04:31,215 - INFO - Epoch [025/40] pl=20 LR=9.62e-04 Ltot=0.0019 (vel=0.0010, acc=0.0008, lin=0.0008, stab=0.0000) | val_vel_rmse_mean=0.01986 @K=0.03729 slope=0.982 inst=2.113 spec=1.001 | 10.5s
2026-05-15 23:04:41,728 - INFO - Epoch [026/40] pl=20 LR=9.46e-04 Ltot=0.0015 (vel=0.0007, acc=0.0006, lin=0.0006, stab=0.0000) | val_vel_rmse_mean=0.01957 @K=0.03705 slope=0.990 inst=2.147 spec=1.001 | 10.5s
2026-05-15 23:04:52,028 - INFO - Epoch [027/40] pl=20 LR=9.26e-04 Ltot=0.0015 (vel=0.0007, acc=0.0006, lin=0.0006, stab=0.0000) | val_vel_rmse_mean=0.01936 @K=0.03682 slope=0.994 inst=2.169 spec=1.001 | 10.3s
2026-05-15 23:05:01,422 - INFO - Epoch [028/40] pl=20 LR=9.05e-04 Ltot=0.0015 (vel=0.0007, acc=0.0006, lin=0.0006, stab=0.0000) | val_vel_rmse_mean=0.01903 @K=0.03626 slope=0.997 inst=2.179 spec=1.001 | 9.4s
2026-05-15 23:05:10,973 - INFO - Epoch [029/40] pl=20 LR=8.80e-04 Ltot=0.0014 (vel=0.0007, acc=0.0006, lin=0.0006, stab=0.0000) | val_vel_rmse_mean=0.01838 @K=0.03504 slope=0.997 inst=2.182 spec=1.001 | 9.5s
2026-05-15 23:05:10,980 - INFO -   ↳ new best vel_rmse_mean=0.018377 (epoch 29)
2026-05-15 23:05:21,306 - INFO - Epoch [030/40] pl=20 LR=8.54e-04 Ltot=0.0013 (vel=0.0006, acc=0.0006, lin=0.0006, stab=0.0000) | val_vel_rmse_mean=0.01753 @K=0.03341 slope=0.997 inst=2.182 spec=1.001 | 10.3s
2026-05-15 23:05:21,313 - INFO -   ↳ new best vel_rmse_mean=0.0175257 (epoch 30)
2026-05-15 23:05:31,593 - INFO - Epoch [031/40] pl=20 LR=8.25e-04 Ltot=0.0013 (vel=0.0006, acc=0.0006, lin=0.0006, stab=0.0000) | val_vel_rmse_mean=0.01658 @K=0.03159 slope=0.997 inst=2.181 spec=1.001 | 10.3s
2026-05-15 23:05:31,598 - INFO -   ↳ new best vel_rmse_mean=0.0165783 (epoch 31)
2026-05-15 23:05:41,459 - INFO - Epoch [032/40] pl=20 LR=7.94e-04 Ltot=0.0013 (vel=0.0006, acc=0.0006, lin=0.0006, stab=0.0000) | val_vel_rmse_mean=0.01567 @K=0.02982 slope=0.996 inst=2.177 spec=1.001 | 9.9s
2026-05-15 23:05:41,464 - INFO -   ↳ new best vel_rmse_mean=0.0156675 (epoch 32)
2026-05-15 23:05:52,107 - INFO - Epoch [033/40] pl=20 LR=7.61e-04 Ltot=0.0013 (vel=0.0006, acc=0.0005, lin=0.0005, stab=0.0000) | val_vel_rmse_mean=0.01485 @K=0.02825 slope=0.996 inst=2.176 spec=1.001 | 10.6s
2026-05-15 23:05:52,113 - INFO -   ↳ new best vel_rmse_mean=0.0148464 (epoch 33)
2026-05-15 23:06:02,369 - INFO - Epoch [034/40] pl=20 LR=7.27e-04 Ltot=0.0013 (vel=0.0006, acc=0.0005, lin=0.0006, stab=0.0000) | val_vel_rmse_mean=0.01418 @K=0.02700 slope=0.997 inst=2.180 spec=1.001 | 10.3s
2026-05-15 23:06:02,374 - INFO -   ↳ new best vel_rmse_mean=0.0141816 (epoch 34)
2026-05-15 23:06:11,967 - INFO - Epoch [035/40] pl=20 LR=6.91e-04 Ltot=0.0012 (vel=0.0006, acc=0.0005, lin=0.0005, stab=0.0000) | val_vel_rmse_mean=0.01354 @K=0.02578 slope=0.997 inst=2.182 spec=1.001 | 9.6s
2026-05-15 23:06:11,972 - INFO -   ↳ new best vel_rmse_mean=0.0135436 (epoch 35)
2026-05-15 23:06:21,483 - INFO - Epoch [036/40] pl=20 LR=6.55e-04 Ltot=0.0012 (vel=0.0006, acc=0.0005, lin=0.0005, stab=0.0000) | val_vel_rmse_mean=0.01295 @K=0.02465 slope=0.997 inst=2.182 spec=1.001 | 9.5s
2026-05-15 23:06:21,489 - INFO -   ↳ new best vel_rmse_mean=0.0129519 (epoch 36)
2026-05-15 23:06:31,669 - INFO - Epoch [037/40] pl=20 LR=6.17e-04 Ltot=0.0012 (vel=0.0006, acc=0.0005, lin=0.0005, stab=0.0000) | val_vel_rmse_mean=0.01242 @K=0.02365 slope=0.998 inst=2.182 spec=1.002 | 10.2s
2026-05-15 23:06:31,675 - INFO -   ↳ new best vel_rmse_mean=0.0124248 (epoch 37)
2026-05-15 23:06:41,530 - INFO - Epoch [038/40] pl=20 LR=5.78e-04 Ltot=0.0012 (vel=0.0005, acc=0.0005, lin=0.0005, stab=0.0000) | val_vel_rmse_mean=0.01197 @K=0.02278 slope=0.997 inst=2.181 spec=1.002 | 9.9s
2026-05-15 23:06:41,534 - INFO -   ↳ new best vel_rmse_mean=0.0119746 (epoch 38)
2026-05-15 23:06:50,992 - INFO - Epoch [039/40] pl=20 LR=5.39e-04 Ltot=0.0011 (vel=0.0005, acc=0.0005, lin=0.0005, stab=0.0000) | val_vel_rmse_mean=0.01157 @K=0.02199 slope=0.996 inst=2.177 spec=1.002 | 9.5s
2026-05-15 23:06:50,996 - INFO -   ↳ new best vel_rmse_mean=0.011568 (epoch 39)
2026-05-15 23:07:00,747 - INFO - Epoch [040/40] pl=20 LR=5.00e-04 Ltot=0.0011 (vel=0.0005, acc=0.0005, lin=0.0005, stab=0.0000) | val_vel_rmse_mean=0.01120 @K=0.02127 slope=0.995 inst=2.171 spec=1.002 | 9.7s
2026-05-15 23:07:00,752 - INFO -   ↳ new best vel_rmse_mean=0.0112029 (epoch 40)
2026-05-15 23:07:00,776 - INFO - Exported YAML -> checkpoints/koopman_best.yaml
2026-05-15 23:07:06,591 - INFO - 
=== QUANTITATIVE VERDICT (test set) ===
vel_rmse@1=0.000393927  vel_rmse@5=0.00196528  vel_rmse@10=0.00393122  vel_rmse@20=0.00795986
divergence: ratio20/1=20.2064  slope_loglog=1.00264  lyapunov_like=0.158211
instability_score=2.20984  monotonic_increasing=True  divergent_sample_pct=99.7277%
bias: u=-0.000443753  v=-0.000464525  r=+1.91513e-05
fit_quality: R^2(u,v,r) = 0.9999 / 1 / 0.9997
========================================

2026-05-15 23:07:06,591 - INFO - Per-5-epoch summary:
2026-05-15 23:07:06,591 - INFO - ep | lr | L_total | L_vel | L_acc | L_lin | val_vel_mean | val_vel@K | val_traj_xy@K | slope_ll | inst | spec
2026-05-15 23:07:06,591 - INFO -   001 | 9.94e-04 | 0.0048 | 0.0016 | 0.0130 | 0.0026 | 0.28463 | 0.44676 | 0.1137 | 0.958 | 0.995 | 1.013
2026-05-15 23:07:06,591 - INFO -   005 | 8.54e-04 | 0.0004 | 0.0001 | 0.0008 | 0.0001 | 0.19886 | 0.33900 | 0.1190 | 0.987 | 1.156 | 1.004
2026-05-15 23:07:06,591 - INFO -   010 | 5.00e-04 | 0.0006 | 0.0003 | 0.0007 | 0.0002 | 0.13037 | 0.23781 | 0.1299 | 0.999 | 1.461 | 1.004
2026-05-15 23:07:06,591 - INFO -   015 | 1.46e-04 | 0.0007 | 0.0003 | 0.0006 | 0.0003 | 0.06775 | 0.12534 | 0.0809 | 0.998 | 1.606 | 1.004
2026-05-15 23:07:06,591 - INFO -   020 | 1.00e-03 | 0.0010 | 0.0005 | 0.0006 | 0.0004 | 0.04164 | 0.07825 | 0.0663 | 0.995 | 1.883 | 1.005
2026-05-15 23:07:06,591 - INFO -   025 | 9.62e-04 | 0.0019 | 0.0010 | 0.0008 | 0.0008 | 0.01986 | 0.03729 | 0.0391 | 0.982 | 2.113 | 1.001
2026-05-15 23:07:06,591 - INFO -   030 | 8.54e-04 | 0.0013 | 0.0006 | 0.0006 | 0.0006 | 0.01753 | 0.03341 | 0.0345 | 0.997 | 2.182 | 1.001
2026-05-15 23:07:06,591 - INFO -   035 | 6.91e-04 | 0.0012 | 0.0006 | 0.0005 | 0.0005 | 0.01354 | 0.02578 | 0.0262 | 0.997 | 2.182 | 1.001
2026-05-15 23:07:06,591 - INFO -   040 | 5.00e-04 | 0.0011 | 0.0005 | 0.0005 | 0.0005 | 0.01120 | 0.02127 | 0.0217 | 0.995 | 2.171 | 1.002
