2026-05-16 06:40:28,186 - INFO - Dataset[TRAIN] koopman_train_merged.npz | segments=99 | samples=197505 | pred_len=4 | stride=1
2026-05-16 06:40:28,192 - INFO - Dataset[VAL] koopman_val.npz | segments=3 | samples=35985 | pred_len=4 | stride=1
2026-05-16 06:40:28,203 - INFO - [seg_resample] mode=u_var_r_var alpha=1.0 | n_segments=99 | w min=0.0422 max=40.0543 mean=1.2531 std=4.6470
2026-05-16 06:40:28,204 - INFO -   seg   0 | w=3.5021 | u_mean=+0.544 u_std=0.286 v_std=0.000 r_std=0.0000
2026-05-16 06:40:28,204 - INFO -   seg   1 | w=2.3887 | u_mean=+1.521 u_std=0.236 v_std=0.000 r_std=0.0000
2026-05-16 06:40:28,204 - INFO -   seg   2 | w=0.7806 | u_mean=+2.149 u_std=0.132 v_std=0.000 r_std=0.0000
2026-05-16 06:40:28,204 - INFO -   seg   3 | w=0.4465 | u_mean=+2.560 u_std=0.098 v_std=0.000 r_std=0.0000
2026-05-16 06:40:28,204 - INFO -   seg   4 | w=0.3280 | u_mean=+2.897 u_std=0.082 v_std=0.000 r_std=0.0000
2026-05-16 06:40:28,204 - INFO -   seg   5 | w=0.2637 | u_mean=+3.194 u_std=0.072 v_std=0.000 r_std=0.0000
2026-05-16 06:40:28,204 - INFO -   seg   6 | w=0.2218 | u_mean=+3.463 u_std=0.065 v_std=0.000 r_std=0.0000
2026-05-16 06:40:28,204 - INFO -   seg   7 | w=0.1921 | u_mean=+3.712 u_std=0.060 v_std=0.000 r_std=0.0000
2026-05-16 06:40:28,204 - INFO -   seg   8 | w=0.1702 | u_mean=+3.944 u_std=0.055 v_std=0.000 r_std=0.0000
2026-05-16 06:40:28,204 - INFO -   seg   9 | w=0.1533 | u_mean=+4.163 u_std=0.051 v_std=0.000 r_std=0.0000
2026-05-16 06:40:28,204 - INFO -   seg  10 | w=40.0543 | u_mean=+1.523 u_std=0.974 v_std=0.000 r_std=0.0000 HI
2026-05-16 06:40:28,204 - INFO -   seg  11 | w=14.3739 | u_mean=-0.831 u_std=0.583 v_std=0.000 r_std=0.0000
2026-05-16 06:40:28,204 - INFO -   seg  12 | w=1.4484 | u_mean=-2.105 u_std=0.183 v_std=0.000 r_std=0.0000
2026-05-16 06:40:28,204 - INFO -   seg  13 | w=0.4376 | u_mean=-2.570 u_std=0.097 v_std=0.000 r_std=0.0000
2026-05-16 06:40:28,204 - INFO -   seg  14 | w=0.3167 | u_mean=-2.905 u_std=0.081 v_std=0.000 r_std=0.0000
2026-05-16 06:40:28,204 - INFO -   seg  15 | w=0.2549 | u_mean=-3.200 u_std=0.071 v_std=0.000 r_std=0.0000
2026-05-16 06:40:28,204 - INFO -   seg  16 | w=17.2608 | u_mean=-1.167 u_std=0.639 v_std=0.035 r_std=0.0005
2026-05-16 06:40:28,204 - INFO -   seg  17 | w=0.2830 | u_mean=-0.379 u_std=0.076 v_std=0.005 r_std=0.0002
2026-05-16 06:40:28,204 - INFO -   seg  18 | w=0.0917 | u_mean=-0.206 u_std=0.034 v_std=0.004 r_std=0.0002
2026-05-16 06:40:28,204 - INFO -   seg  19 | w=0.0639 | u_mean=-0.111 u_std=0.023 v_std=0.004 r_std=0.0002
2026-05-16 06:40:28,204 - INFO -   seg  20 | w=0.0536 | u_mean=-0.045 u_std=0.016 v_std=0.004 r_std=0.0002
2026-05-16 06:40:28,204 - INFO -   seg  21 | w=0.0458 | u_mean=-0.000 u_std=0.009 v_std=0.005 r_std=0.0002
2026-05-16 06:40:28,204 - INFO -   seg  22 | w=0.0423 | u_mean=+0.014 u_std=0.001 v_std=0.003 r_std=0.0002
2026-05-16 06:40:28,204 - INFO -   seg  23 | w=0.0431 | u_mean=+0.002 u_std=0.005 v_std=0.005 r_std=0.0002
2026-05-16 06:40:28,204 - INFO -   seg  24 | w=0.0422 | u_mean=-0.005 u_std=0.001 v_std=0.006 r_std=0.0002
2026-05-16 06:40:28,204 - INFO -   seg  25 | w=11.5197 | u_mean=+1.430 u_std=0.522 v_std=0.047 r_std=0.0030
2026-05-16 06:40:28,204 - INFO -   seg  26 | w=0.0435 | u_mean=+1.867 u_std=0.005 v_std=0.104 r_std=0.0028
2026-05-16 06:40:28,204 - INFO -   seg  27 | w=0.0484 | u_mean=+1.842 u_std=0.012 v_std=0.133 r_std=0.0042
2026-05-16 06:40:28,204 - INFO -   seg  28 | w=0.0547 | u_mean=+1.804 u_std=0.017 v_std=0.153 r_std=0.0056
2026-05-16 06:40:28,204 - INFO -   seg  29 | w=0.0635 | u_mean=+1.755 u_std=0.022 v_std=0.167 r_std=0.0069
2026-05-16 06:40:28,204 - INFO -   seg  30 | w=0.0750 | u_mean=+1.697 u_std=0.027 v_std=0.176 r_std=0.0082
2026-05-16 06:40:28,204 - INFO -   seg  31 | w=0.0887 | u_mean=+1.629 u_std=0.033 v_std=0.181 r_std=0.0094
2026-05-16 06:40:28,204 - INFO -   seg  32 | w=1.4432 | u_mean=+2.182 u_std=0.182 v_std=0.124 r_std=0.0029
2026-05-16 06:40:28,204 - INFO -   seg  33 | w=0.0472 | u_mean=+2.281 u_std=0.011 v_std=0.124 r_std=0.0039
2026-05-16 06:40:28,204 - INFO -   seg  34 | w=0.0561 | u_mean=+2.241 u_std=0.018 v_std=0.173 r_std=0.0063
2026-05-16 06:40:28,204 - INFO -   seg  35 | w=0.0666 | u_mean=+2.183 u_std=0.023 v_std=0.204 r_std=0.0084
2026-05-16 06:40:28,204 - INFO -   seg  36 | w=0.0845 | u_mean=+2.114 u_std=0.031 v_std=0.216 r_std=0.0104
2026-05-16 06:40:28,204 - INFO -   seg  37 | w=0.1095 | u_mean=+2.031 u_std=0.039 v_std=0.221 r_std=0.0123
2026-05-16 06:40:28,204 - INFO -   seg  38 | w=0.1421 | u_mean=+1.936 u_std=0.048 v_std=0.220 r_std=0.0142
2026-05-16 06:40:28,204 - INFO -   seg  39 | w=1.3020 | u_mean=+2.548 u_std=0.173 v_std=0.156 r_std=0.0042
2026-05-16 06:40:28,204 - INFO -   seg  40 | w=0.0485 | u_mean=+2.623 u_std=0.012 v_std=0.178 r_std=0.0054
2026-05-16 06:40:28,204 - INFO -   seg  41 | w=0.0603 | u_mean=+2.572 u_std=0.020 v_std=0.214 r_std=0.0080
2026-05-16 06:40:28,204 - INFO -   seg  42 | w=0.0808 | u_mean=+2.497 u_std=0.029 v_std=0.237 r_std=0.0108
2026-05-16 06:40:28,204 - INFO -   seg  43 | w=0.1107 | u_mean=+2.418 u_std=0.039 v_std=0.244 r_std=0.0132
2026-05-16 06:40:28,204 - INFO -   seg  44 | w=0.1538 | u_mean=+2.302 u_std=0.050 v_std=0.246 r_std=0.0162
2026-05-16 06:40:28,204 - INFO -   seg  45 | w=0.1983 | u_mean=+2.193 u_std=0.059 v_std=0.240 r_std=0.0183
2026-05-16 06:40:28,204 - INFO -   seg  46 | w=1.8705 | u_mean=+2.842 u_std=0.208 v_std=0.182 r_std=0.0055
2026-05-16 06:40:28,204 - INFO -   seg  47 | w=0.0507 | u_mean=+2.927 u_std=0.013 v_std=0.195 r_std=0.0062
2026-05-16 06:40:28,204 - INFO -   seg  48 | w=0.0891 | u_mean=+2.876 u_std=0.033 v_std=0.220 r_std=0.0091
2026-05-16 06:40:28,204 - INFO -   seg  49 | w=0.1247 | u_mean=+2.794 u_std=0.043 v_std=0.248 r_std=0.0120
2026-05-16 06:40:28,204 - INFO -   seg  50 | w=0.2176 | u_mean=+2.702 u_std=0.064 v_std=0.252 r_std=0.0150
2026-05-16 06:40:28,204 - INFO -   seg  51 | w=0.2972 | u_mean=+2.584 u_std=0.077 v_std=0.255 r_std=0.0179
2026-05-16 06:40:28,204 - INFO -   seg  52 | w=0.4360 | u_mean=+2.453 u_std=0.095 v_std=0.247 r_std=0.0207
2026-05-16 06:40:28,204 - INFO -   seg  53 | w=1.4256 | u_mean=+3.150 u_std=0.181 v_std=0.151 r_std=0.0035
2026-05-16 06:40:28,204 - INFO -   seg  54 | w=0.0589 | u_mean=+3.208 u_std=0.019 v_std=0.194 r_std=0.0070
2026-05-16 06:40:28,204 - INFO -   seg  55 | w=0.1029 | u_mean=+3.147 u_std=0.037 v_std=0.232 r_std=0.0104
2026-05-16 06:40:28,204 - INFO -   seg  56 | w=0.1873 | u_mean=+3.063 u_std=0.058 v_std=0.252 r_std=0.0138
2026-05-16 06:40:28,204 - INFO -   seg  57 | w=0.3206 | u_mean=+2.959 u_std=0.080 v_std=0.260 r_std=0.0171
2026-05-16 06:40:28,204 - INFO -   seg  58 | w=0.5126 | u_mean=+2.833 u_std=0.105 v_std=0.258 r_std=0.0203
2026-05-16 06:40:28,204 - INFO -   seg  59 | w=0.7611 | u_mean=+2.688 u_std=0.129 v_std=0.247 r_std=0.0234
2026-05-16 06:40:28,204 - INFO -   seg  60 | w=1.1245 | u_mean=+3.421 u_std=0.160 v_std=0.163 r_std=0.0054
2026-05-16 06:40:28,204 - INFO -   seg  61 | w=0.0576 | u_mean=+3.454 u_std=0.018 v_std=0.237 r_std=0.0085
2026-05-16 06:40:28,204 - INFO -   seg  62 | w=0.1035 | u_mean=+3.391 u_std=0.037 v_std=0.256 r_std=0.0121
2026-05-16 06:40:28,204 - INFO -   seg  63 | w=0.1842 | u_mean=+3.297 u_std=0.057 v_std=0.279 r_std=0.0158
2026-05-16 06:40:28,204 - INFO -   seg  64 | w=0.3379 | u_mean=+3.182 u_std=0.083 v_std=0.283 r_std=0.0196
2026-05-16 06:40:28,204 - INFO -   seg  65 | w=0.5424 | u_mean=+3.043 u_std=0.108 v_std=0.280 r_std=0.0232
2026-05-16 06:40:28,205 - INFO -   seg  66 | w=0.8343 | u_mean=+2.883 u_std=0.136 v_std=0.267 r_std=0.0266
2026-05-16 06:40:28,205 - INFO -   seg  67 | w=1.5264 | u_mean=+3.644 u_std=0.187 v_std=0.220 r_std=0.0074
2026-05-16 06:40:28,205 - INFO -   seg  68 | w=0.0643 | u_mean=+3.690 u_std=0.022 v_std=0.254 r_std=0.0092
2026-05-16 06:40:28,205 - INFO -   seg  69 | w=0.1382 | u_mean=+3.613 u_std=0.047 v_std=0.280 r_std=0.0136
2026-05-16 06:40:28,205 - INFO -   seg  70 | w=0.2596 | u_mean=+3.505 u_std=0.071 v_std=0.297 r_std=0.0181
2026-05-16 06:40:28,205 - INFO -   seg  71 | w=0.4319 | u_mean=+3.372 u_std=0.095 v_std=0.299 r_std=0.0226
2026-05-16 06:40:28,205 - INFO -   seg  72 | w=0.5971 | u_mean=+3.217 u_std=0.113 v_std=0.291 r_std=0.0268
2026-05-16 06:40:28,205 - INFO -   seg  73 | w=0.7254 | u_mean=+3.033 u_std=0.125 v_std=0.278 r_std=0.0302
2026-05-16 06:40:28,205 - INFO -   seg  74 | w=2.3081 | u_mean=+3.845 u_std=0.232 v_std=0.247 r_std=0.0090
2026-05-16 06:40:28,205 - INFO -   seg  75 | w=0.0696 | u_mean=+3.912 u_std=0.024 v_std=0.262 r_std=0.0100
2026-05-16 06:40:28,205 - INFO -   seg  76 | w=0.1424 | u_mean=+3.823 u_std=0.048 v_std=0.300 r_std=0.0150
2026-05-16 06:40:28,205 - INFO -   seg  77 | w=0.2708 | u_mean=+3.702 u_std=0.072 v_std=0.318 r_std=0.0199
2026-05-16 06:40:28,205 - INFO -   seg  78 | w=0.4691 | u_mean=+3.554 u_std=0.099 v_std=0.318 r_std=0.0247
2026-05-16 06:40:28,205 - INFO -   seg  79 | w=0.7567 | u_mean=+3.378 u_std=0.128 v_std=0.306 r_std=0.0294
2026-05-16 06:40:28,205 - INFO -   seg  80 | w=1.1464 | u_mean=+3.179 u_std=0.160 v_std=0.282 r_std=0.0339
2026-05-16 06:40:28,205 - INFO -   seg  81 | w=1.3349 | u_mean=+4.098 u_std=0.175 v_std=0.203 r_std=0.0068
2026-05-16 06:40:28,205 - INFO -   seg  82 | w=0.0776 | u_mean=+4.123 u_std=0.028 v_std=0.264 r_std=0.0109
2026-05-16 06:40:28,205 - INFO -   seg  83 | w=0.1424 | u_mean=+4.021 u_std=0.047 v_std=0.320 r_std=0.0165
2026-05-16 06:40:28,205 - INFO -   seg  84 | w=0.2670 | u_mean=+3.887 u_std=0.071 v_std=0.337 r_std=0.0220
2026-05-16 06:40:28,205 - INFO -   seg  85 | w=0.4671 | u_mean=+3.723 u_std=0.098 v_std=0.333 r_std=0.0273
2026-05-16 06:40:28,205 - INFO -   seg  86 | w=0.7474 | u_mean=+3.532 u_std=0.127 v_std=0.315 r_std=0.0324
2026-05-16 06:40:28,205 - INFO -   seg  87 | w=1.1234 | u_mean=+3.313 u_std=0.158 v_std=0.287 r_std=0.0373
2026-05-16 06:40:28,205 - INFO -   seg  88 | w=1.1014 | u_mean=+3.187 u_std=0.158 v_std=0.267 r_std=0.0196
2026-05-16 06:40:28,205 - INFO -   seg  89 | w=0.8187 | u_mean=+3.272 u_std=0.135 v_std=0.265 r_std=0.0163
2026-05-16 06:40:28,205 - INFO -   seg  90 | w=0.0422 | u_mean=-0.000 u_std=0.000 v_std=0.008 r_std=0.0005
2026-05-16 06:40:28,205 - INFO -   seg  91 | w=0.0422 | u_mean=-0.000 u_std=0.000 v_std=0.004 r_std=0.0002
2026-05-16 06:40:28,205 - INFO -   seg  92 | w=0.0422 | u_mean=-0.000 u_std=0.000 v_std=0.004 r_std=0.0002
2026-05-16 06:40:28,205 - INFO -   seg  93 | w=0.0422 | u_mean=-0.000 u_std=0.000 v_std=0.004 r_std=0.0002
2026-05-16 06:40:28,205 - INFO -   seg  94 | w=0.0422 | u_mean=-0.000 u_std=0.000 v_std=0.004 r_std=0.0002
2026-05-16 06:40:28,205 - INFO -   seg  95 | w=0.0422 | u_mean=-0.000 u_std=0.000 v_std=0.004 r_std=0.0002
2026-05-16 06:40:28,205 - INFO -   seg  96 | w=0.0422 | u_mean=-0.001 u_std=0.000 v_std=0.004 r_std=0.0002
2026-05-16 06:40:28,205 - INFO -   seg  97 | w=0.0422 | u_mean=-0.001 u_std=0.000 v_std=0.004 r_std=0.0002
2026-05-16 06:40:28,205 - INFO -   seg  98 | w=0.0422 | u_mean=-0.001 u_std=0.000 v_std=0.004 r_std=0.0002
2026-05-16 06:40:28,205 - WARNING - [seg_resample] max w_seg (40.054) > 10× mean (1.253); consider lowering --seg_resample_alpha to avoid one-segment overfit.
2026-05-16 06:40:28,806 - INFO - ================================================================================
2026-05-16 06:40:28,806 - INFO - Device: cpu | AMP: False
2026-05-16 06:40:28,806 - INFO - Model: v3 | class=HorizontalKoopmanModelV3 | n_cubic=11 | latent_dim=43 | hidden_dim=24 | clamp_pif=30.0
2026-05-16 06:40:28,806 - INFO - Train data: koopman_train_merged.npz | Val: koopman_val.npz | Test: koopman_test.npz
2026-05-16 06:40:28,806 - INFO - Batch: 1024 | Workers: 4 | Seed: 42
2026-05-16 06:40:28,806 - INFO - Curriculum pred_len: start=4 max=20 grow_every=3 stride=1
2026-05-16 06:40:28,806 - INFO - Loss weights: w_vel=1.0 w_acc=0.5 w_lin=0.0 w_recon=0.0 w_stab=5.0 w_l2=0.0001 w_bias=1.0 (u=80.0, v=100.0, r=30.0) gamma_step=1.1 gamma_bias=1.1 huber_beta=0.1 rho_max=0.999
2026-05-16 06:40:28,806 - INFO - Noise: input_std=0.02 ctrl_std=0.005 | EMA decay=0.999 no_ema=False | best_metric=composite_v3a
2026-05-16 06:40:28,806 - INFO - [plan-A] w_bias_v effective=100.000 (plan-A recommends ~100, ratio=1.00×); w_bias_u=80.000 w_bias_r=30.000
2026-05-16 06:40:28,806 - INFO - [plan-A] seg_resample=u_var_r_var alpha=1.0 | best_metric=composite_v3a | baseline_ckpt=checkpoints/koopman_v1_best.pth
2026-05-16 06:40:28,806 - INFO - Train samples: 197505 | Val samples: 35985 | Params: 13224
2026-05-16 06:40:28,806 - INFO - Initial spectral radius (I+A): 1.06615
2026-05-16 06:40:28,806 - INFO - ================================================================================
2026-05-16 06:40:33,094 - INFO - [composite_v3a] cached v1 baseline val vel_err@K=4, n=8192, mean=0.00611
2026-05-16 06:40:33,097 - INFO - Epoch [001/60] pl=4 LR=9.94e-04 Ltot=0.0447 (vel=0.0096, acc=0.0429, lin=0.0712, stab=0.0004, bias=0.0133) | val_vel_mean=0.73061 @K=1.15950 u@K=1.13585 v@K=0.23295 slope=0.983 inst=1.012 deg%=99.88 cV3a=6.27019 spec=1.008 | 4.3s
2026-05-16 06:40:33,103 - INFO -   ↳ new best [composite_v3a]=6.27019 (vel_rmse_mean=0.730608, inst=1.01163, slope=0.9827, deg%=99.88, epoch 1)
2026-05-16 06:40:38,240 - INFO - Epoch [002/60] pl=4 LR=9.76e-04 Ltot=0.0033 (vel=0.0021, acc=0.0017, lin=0.1071, stab=0.0000, bias=0.0004) | val_vel_mean=0.59243 @K=0.93094 u@K=0.91207 v@K=0.18673 slope=0.962 inst=0.997 deg%=99.82 cV3a=4.89541 spec=0.999 | 5.1s
2026-05-16 06:40:38,245 - INFO -   ↳ new best [composite_v3a]=4.89541 (vel_rmse_mean=0.592433, inst=0.997439, slope=0.9616, deg%=99.82, epoch 2)
2026-05-16 06:40:43,382 - INFO - Epoch [003/60] pl=4 LR=9.46e-04 Ltot=0.0030 (vel=0.0021, acc=0.0013, lin=0.1742, stab=0.0000, bias=0.0002) | val_vel_mean=0.48058 @K=0.74696 u@K=0.73181 v@K=0.15000 slope=0.939 inst=0.982 deg%=99.74 cV3a=3.85589 spec=0.998 | 5.1s
2026-05-16 06:40:43,388 - INFO -   ↳ new best [composite_v3a]=3.85589 (vel_rmse_mean=0.480578, inst=0.98232, slope=0.9386, deg%=99.74, epoch 3)
2026-05-16 06:40:43,388 - INFO - [Curriculum] pred_len -> 6; rebuilding dataloaders...
2026-05-16 06:40:43,437 - INFO - Dataset[TRAIN] koopman_train_merged.npz | segments=99 | samples=197307 | pred_len=6 | stride=1
2026-05-16 06:40:43,442 - INFO - Dataset[VAL] koopman_val.npz | segments=3 | samples=35979 | pred_len=6 | stride=1
2026-05-16 06:40:43,454 - INFO - [seg_resample] mode=u_var_r_var alpha=1.0 | n_segments=99 | w min=0.0422 max=40.0645 mean=1.2535 std=4.6482
2026-05-16 06:40:43,454 - INFO -   seg   0 | w=3.5030 | u_mean=+0.544 u_std=0.286 v_std=0.000 r_std=0.0000
2026-05-16 06:40:43,454 - INFO -   seg   1 | w=2.3893 | u_mean=+1.521 u_std=0.236 v_std=0.000 r_std=0.0000
2026-05-16 06:40:43,454 - INFO -   seg   2 | w=0.7808 | u_mean=+2.149 u_std=0.132 v_std=0.000 r_std=0.0000
2026-05-16 06:40:43,454 - INFO -   seg   3 | w=0.4467 | u_mean=+2.560 u_std=0.098 v_std=0.000 r_std=0.0000
2026-05-16 06:40:43,454 - INFO -   seg   4 | w=0.3280 | u_mean=+2.897 u_std=0.082 v_std=0.000 r_std=0.0000
2026-05-16 06:40:43,454 - INFO -   seg   5 | w=0.2638 | u_mean=+3.194 u_std=0.072 v_std=0.000 r_std=0.0000
2026-05-16 06:40:43,454 - INFO -   seg   6 | w=0.2218 | u_mean=+3.463 u_std=0.065 v_std=0.000 r_std=0.0000
2026-05-16 06:40:43,454 - INFO -   seg   7 | w=0.1922 | u_mean=+3.712 u_std=0.060 v_std=0.000 r_std=0.0000
2026-05-16 06:40:43,454 - INFO -   seg   8 | w=0.1702 | u_mean=+3.944 u_std=0.055 v_std=0.000 r_std=0.0000
2026-05-16 06:40:43,454 - INFO -   seg   9 | w=0.1533 | u_mean=+4.163 u_std=0.051 v_std=0.000 r_std=0.0000
2026-05-16 06:40:43,454 - INFO -   seg  10 | w=40.0645 | u_mean=+1.523 u_std=0.974 v_std=0.000 r_std=0.0000 HI
2026-05-16 06:40:43,454 - INFO -   seg  11 | w=14.3776 | u_mean=-0.831 u_std=0.583 v_std=0.000 r_std=0.0000
2026-05-16 06:40:43,454 - INFO -   seg  12 | w=1.4488 | u_mean=-2.105 u_std=0.183 v_std=0.000 r_std=0.0000
2026-05-16 06:40:43,454 - INFO -   seg  13 | w=0.4378 | u_mean=-2.570 u_std=0.097 v_std=0.000 r_std=0.0000
2026-05-16 06:40:43,454 - INFO -   seg  14 | w=0.3168 | u_mean=-2.905 u_std=0.081 v_std=0.000 r_std=0.0000
2026-05-16 06:40:43,454 - INFO -   seg  15 | w=0.2550 | u_mean=-3.200 u_std=0.071 v_std=0.000 r_std=0.0000
2026-05-16 06:40:43,454 - INFO -   seg  16 | w=17.2652 | u_mean=-1.167 u_std=0.639 v_std=0.035 r_std=0.0005
2026-05-16 06:40:43,454 - INFO -   seg  17 | w=0.2831 | u_mean=-0.379 u_std=0.076 v_std=0.005 r_std=0.0002
2026-05-16 06:40:43,454 - INFO -   seg  18 | w=0.0917 | u_mean=-0.206 u_std=0.034 v_std=0.004 r_std=0.0002
2026-05-16 06:40:43,454 - INFO -   seg  19 | w=0.0639 | u_mean=-0.111 u_std=0.023 v_std=0.004 r_std=0.0002
2026-05-16 06:40:43,454 - INFO -   seg  20 | w=0.0536 | u_mean=-0.045 u_std=0.016 v_std=0.004 r_std=0.0002
2026-05-16 06:40:43,454 - INFO -   seg  21 | w=0.0458 | u_mean=-0.000 u_std=0.009 v_std=0.005 r_std=0.0002
2026-05-16 06:40:43,454 - INFO -   seg  22 | w=0.0423 | u_mean=+0.014 u_std=0.001 v_std=0.003 r_std=0.0002
2026-05-16 06:40:43,454 - INFO -   seg  23 | w=0.0431 | u_mean=+0.002 u_std=0.005 v_std=0.005 r_std=0.0002
2026-05-16 06:40:43,454 - INFO -   seg  24 | w=0.0423 | u_mean=-0.005 u_std=0.001 v_std=0.006 r_std=0.0002
2026-05-16 06:40:43,454 - INFO -   seg  25 | w=11.5226 | u_mean=+1.430 u_std=0.522 v_std=0.047 r_std=0.0030
2026-05-16 06:40:43,454 - INFO -   seg  26 | w=0.0436 | u_mean=+1.867 u_std=0.005 v_std=0.104 r_std=0.0028
2026-05-16 06:40:43,454 - INFO -   seg  27 | w=0.0484 | u_mean=+1.842 u_std=0.012 v_std=0.133 r_std=0.0042
2026-05-16 06:40:43,454 - INFO -   seg  28 | w=0.0547 | u_mean=+1.804 u_std=0.017 v_std=0.153 r_std=0.0056
2026-05-16 06:40:43,454 - INFO -   seg  29 | w=0.0636 | u_mean=+1.755 u_std=0.022 v_std=0.167 r_std=0.0069
2026-05-16 06:40:43,454 - INFO -   seg  30 | w=0.0750 | u_mean=+1.697 u_std=0.027 v_std=0.176 r_std=0.0082
2026-05-16 06:40:43,454 - INFO -   seg  31 | w=0.0887 | u_mean=+1.629 u_std=0.033 v_std=0.181 r_std=0.0094
2026-05-16 06:40:43,454 - INFO -   seg  32 | w=1.4435 | u_mean=+2.182 u_std=0.182 v_std=0.124 r_std=0.0029
2026-05-16 06:40:43,454 - INFO -   seg  33 | w=0.0473 | u_mean=+2.281 u_std=0.011 v_std=0.124 r_std=0.0039
2026-05-16 06:40:43,454 - INFO -   seg  34 | w=0.0562 | u_mean=+2.241 u_std=0.018 v_std=0.173 r_std=0.0063
2026-05-16 06:40:43,455 - INFO -   seg  35 | w=0.0666 | u_mean=+2.183 u_std=0.023 v_std=0.204 r_std=0.0084
2026-05-16 06:40:43,455 - INFO -   seg  36 | w=0.0846 | u_mean=+2.114 u_std=0.031 v_std=0.216 r_std=0.0104
2026-05-16 06:40:43,455 - INFO -   seg  37 | w=0.1095 | u_mean=+2.031 u_std=0.039 v_std=0.221 r_std=0.0123
2026-05-16 06:40:43,455 - INFO -   seg  38 | w=0.1421 | u_mean=+1.936 u_std=0.048 v_std=0.220 r_std=0.0142
2026-05-16 06:40:43,455 - INFO -   seg  39 | w=1.3024 | u_mean=+2.548 u_std=0.173 v_std=0.156 r_std=0.0042
2026-05-16 06:40:43,455 - INFO -   seg  40 | w=0.0486 | u_mean=+2.623 u_std=0.012 v_std=0.178 r_std=0.0054
2026-05-16 06:40:43,455 - INFO -   seg  41 | w=0.0603 | u_mean=+2.572 u_std=0.020 v_std=0.214 r_std=0.0080
2026-05-16 06:40:43,455 - INFO -   seg  42 | w=0.0808 | u_mean=+2.497 u_std=0.029 v_std=0.237 r_std=0.0108
2026-05-16 06:40:43,455 - INFO -   seg  43 | w=0.1107 | u_mean=+2.418 u_std=0.039 v_std=0.244 r_std=0.0132
2026-05-16 06:40:43,455 - INFO -   seg  44 | w=0.1538 | u_mean=+2.302 u_std=0.050 v_std=0.246 r_std=0.0162
2026-05-16 06:40:43,455 - INFO -   seg  45 | w=0.1984 | u_mean=+2.193 u_std=0.059 v_std=0.240 r_std=0.0183
2026-05-16 06:40:43,455 - INFO -   seg  46 | w=1.8710 | u_mean=+2.842 u_std=0.208 v_std=0.182 r_std=0.0055
2026-05-16 06:40:43,455 - INFO -   seg  47 | w=0.0507 | u_mean=+2.927 u_std=0.013 v_std=0.195 r_std=0.0062
2026-05-16 06:40:43,455 - INFO -   seg  48 | w=0.0891 | u_mean=+2.876 u_std=0.033 v_std=0.220 r_std=0.0091
2026-05-16 06:40:43,455 - INFO -   seg  49 | w=0.1248 | u_mean=+2.794 u_std=0.043 v_std=0.248 r_std=0.0120
2026-05-16 06:40:43,455 - INFO -   seg  50 | w=0.2176 | u_mean=+2.702 u_std=0.064 v_std=0.252 r_std=0.0150
2026-05-16 06:40:43,455 - INFO -   seg  51 | w=0.2973 | u_mean=+2.584 u_std=0.077 v_std=0.255 r_std=0.0179
2026-05-16 06:40:43,455 - INFO -   seg  52 | w=0.4361 | u_mean=+2.453 u_std=0.095 v_std=0.247 r_std=0.0207
2026-05-16 06:40:43,455 - INFO -   seg  53 | w=1.4260 | u_mean=+3.150 u_std=0.181 v_std=0.151 r_std=0.0035
2026-05-16 06:40:43,455 - INFO -   seg  54 | w=0.0589 | u_mean=+3.208 u_std=0.019 v_std=0.194 r_std=0.0070
2026-05-16 06:40:43,455 - INFO -   seg  55 | w=0.1029 | u_mean=+3.147 u_std=0.037 v_std=0.232 r_std=0.0104
2026-05-16 06:40:43,455 - INFO -   seg  56 | w=0.1873 | u_mean=+3.063 u_std=0.058 v_std=0.252 r_std=0.0138
2026-05-16 06:40:43,455 - INFO -   seg  57 | w=0.3207 | u_mean=+2.959 u_std=0.080 v_std=0.260 r_std=0.0171
2026-05-16 06:40:43,455 - INFO -   seg  58 | w=0.5127 | u_mean=+2.833 u_std=0.105 v_std=0.258 r_std=0.0203
2026-05-16 06:40:43,455 - INFO -   seg  59 | w=0.7613 | u_mean=+2.688 u_std=0.129 v_std=0.247 r_std=0.0234
2026-05-16 06:40:43,455 - INFO -   seg  60 | w=1.1248 | u_mean=+3.421 u_std=0.160 v_std=0.163 r_std=0.0054
2026-05-16 06:40:43,455 - INFO -   seg  61 | w=0.0576 | u_mean=+3.454 u_std=0.018 v_std=0.237 r_std=0.0085
2026-05-16 06:40:43,455 - INFO -   seg  62 | w=0.1035 | u_mean=+3.391 u_std=0.037 v_std=0.256 r_std=0.0121
2026-05-16 06:40:43,455 - INFO -   seg  63 | w=0.1843 | u_mean=+3.297 u_std=0.057 v_std=0.279 r_std=0.0158
2026-05-16 06:40:43,455 - INFO -   seg  64 | w=0.3380 | u_mean=+3.182 u_std=0.083 v_std=0.283 r_std=0.0196
2026-05-16 06:40:43,455 - INFO -   seg  65 | w=0.5425 | u_mean=+3.043 u_std=0.108 v_std=0.280 r_std=0.0232
2026-05-16 06:40:43,455 - INFO -   seg  66 | w=0.8345 | u_mean=+2.883 u_std=0.136 v_std=0.267 r_std=0.0266
2026-05-16 06:40:43,455 - INFO -   seg  67 | w=1.5267 | u_mean=+3.644 u_std=0.187 v_std=0.220 r_std=0.0074
2026-05-16 06:40:43,455 - INFO -   seg  68 | w=0.0644 | u_mean=+3.690 u_std=0.022 v_std=0.254 r_std=0.0092
2026-05-16 06:40:43,455 - INFO -   seg  69 | w=0.1382 | u_mean=+3.613 u_std=0.047 v_std=0.280 r_std=0.0136
2026-05-16 06:40:43,455 - INFO -   seg  70 | w=0.2597 | u_mean=+3.505 u_std=0.071 v_std=0.297 r_std=0.0181
2026-05-16 06:40:43,455 - INFO -   seg  71 | w=0.4320 | u_mean=+3.372 u_std=0.095 v_std=0.299 r_std=0.0226
2026-05-16 06:40:43,455 - INFO -   seg  72 | w=0.5973 | u_mean=+3.217 u_std=0.113 v_std=0.291 r_std=0.0268
2026-05-16 06:40:43,455 - INFO -   seg  73 | w=0.7256 | u_mean=+3.033 u_std=0.125 v_std=0.278 r_std=0.0302
2026-05-16 06:40:43,455 - INFO -   seg  74 | w=2.3087 | u_mean=+3.845 u_std=0.232 v_std=0.247 r_std=0.0090
2026-05-16 06:40:43,455 - INFO -   seg  75 | w=0.0696 | u_mean=+3.912 u_std=0.024 v_std=0.262 r_std=0.0100
2026-05-16 06:40:43,455 - INFO -   seg  76 | w=0.1424 | u_mean=+3.823 u_std=0.048 v_std=0.300 r_std=0.0150
2026-05-16 06:40:43,455 - INFO -   seg  77 | w=0.2709 | u_mean=+3.702 u_std=0.072 v_std=0.318 r_std=0.0199
2026-05-16 06:40:43,455 - INFO -   seg  78 | w=0.4693 | u_mean=+3.554 u_std=0.099 v_std=0.318 r_std=0.0247
2026-05-16 06:40:43,455 - INFO -   seg  79 | w=0.7569 | u_mean=+3.378 u_std=0.128 v_std=0.306 r_std=0.0294
2026-05-16 06:40:43,455 - INFO -   seg  80 | w=1.1467 | u_mean=+3.179 u_std=0.160 v_std=0.282 r_std=0.0339
2026-05-16 06:40:43,455 - INFO -   seg  81 | w=1.3352 | u_mean=+4.098 u_std=0.175 v_std=0.203 r_std=0.0068
2026-05-16 06:40:43,455 - INFO -   seg  82 | w=0.0777 | u_mean=+4.123 u_std=0.028 v_std=0.264 r_std=0.0109
2026-05-16 06:40:43,455 - INFO -   seg  83 | w=0.1425 | u_mean=+4.021 u_std=0.047 v_std=0.320 r_std=0.0165
2026-05-16 06:40:43,455 - INFO -   seg  84 | w=0.2671 | u_mean=+3.887 u_std=0.071 v_std=0.337 r_std=0.0220
2026-05-16 06:40:43,455 - INFO -   seg  85 | w=0.4672 | u_mean=+3.723 u_std=0.098 v_std=0.333 r_std=0.0273
2026-05-16 06:40:43,455 - INFO -   seg  86 | w=0.7476 | u_mean=+3.532 u_std=0.127 v_std=0.315 r_std=0.0324
2026-05-16 06:40:43,455 - INFO -   seg  87 | w=1.1237 | u_mean=+3.313 u_std=0.158 v_std=0.287 r_std=0.0373
2026-05-16 06:40:43,455 - INFO -   seg  88 | w=1.1017 | u_mean=+3.187 u_std=0.158 v_std=0.267 r_std=0.0196
2026-05-16 06:40:43,455 - INFO -   seg  89 | w=0.8189 | u_mean=+3.272 u_std=0.135 v_std=0.265 r_std=0.0163
2026-05-16 06:40:43,455 - INFO -   seg  90 | w=0.0422 | u_mean=-0.000 u_std=0.000 v_std=0.008 r_std=0.0005
2026-05-16 06:40:43,455 - INFO -   seg  91 | w=0.0422 | u_mean=-0.000 u_std=0.000 v_std=0.004 r_std=0.0002
2026-05-16 06:40:43,455 - INFO -   seg  92 | w=0.0422 | u_mean=-0.000 u_std=0.000 v_std=0.004 r_std=0.0002
2026-05-16 06:40:43,455 - INFO -   seg  93 | w=0.0422 | u_mean=-0.000 u_std=0.000 v_std=0.004 r_std=0.0002
2026-05-16 06:40:43,455 - INFO -   seg  94 | w=0.0422 | u_mean=-0.000 u_std=0.000 v_std=0.004 r_std=0.0002
2026-05-16 06:40:43,455 - INFO -   seg  95 | w=0.0422 | u_mean=-0.000 u_std=0.000 v_std=0.004 r_std=0.0002
2026-05-16 06:40:43,455 - INFO -   seg  96 | w=0.0422 | u_mean=-0.001 u_std=0.000 v_std=0.004 r_std=0.0002
2026-05-16 06:40:43,455 - INFO -   seg  97 | w=0.0422 | u_mean=-0.001 u_std=0.000 v_std=0.004 r_std=0.0002
2026-05-16 06:40:43,455 - INFO -   seg  98 | w=0.0422 | u_mean=-0.001 u_std=0.000 v_std=0.004 r_std=0.0002
2026-05-16 06:40:43,455 - WARNING - [seg_resample] max w_seg (40.065) > 10× mean (1.253); consider lowering --seg_resample_alpha to avoid one-segment overfit.
