2026-05-15 23:50:16,536 - INFO - Dataset[TRAIN] koopman_train_merged.npz | segments=99 | samples=197505 | pred_len=4 | stride=1
2026-05-15 23:50:16,541 - INFO - Dataset[VAL] koopman_val.npz | segments=3 | samples=35985 | pred_len=4 | stride=1
2026-05-15 23:50:17,131 - INFO - ================================================================================
2026-05-15 23:50:17,131 - INFO - Device: cpu | AMP: False
2026-05-15 23:50:17,131 - INFO - Train data: koopman_train_merged.npz | Val: koopman_val.npz | Test: koopman_test.npz
2026-05-15 23:50:17,131 - INFO - Batch: 1024 | Workers: 4 | Seed: 42
2026-05-15 23:50:17,131 - INFO - Curriculum pred_len: start=4 max=20 grow_every=3 stride=1
2026-05-15 23:50:17,131 - INFO - Loss weights: w_vel=1.0 w_acc=0.5 w_lin=0.0 w_recon=0.0 w_stab=0.5 w_l2=0.0001 gamma_step=1.1 huber_beta=0.1 rho_max=1.001
2026-05-15 23:50:17,131 - INFO - Train samples: 197505 | Val samples: 35985 | Params: 12344
2026-05-15 23:50:17,131 - INFO - Initial spectral radius (I+A): 1.04421
2026-05-15 23:50:17,131 - INFO - ================================================================================
2026-05-15 23:50:21,559 - INFO - Epoch [001/60] pl=4 LR=9.94e-04 Ltot=0.0116 (vel=0.0039, acc=0.0146, lin=0.0276, stab=0.0003) | val_vel_rmse_mean=0.27827 @K=0.43196 slope=0.934 inst=0.980 spec=1.010 | 4.4s
2026-05-15 23:50:21,567 - INFO -   ↳ new best [composite]=0.278269 (vel_rmse_mean=0.278269, inst=0.979721, epoch 1)
2026-05-15 23:50:26,569 - INFO - Epoch [002/60] pl=4 LR=9.76e-04 Ltot=0.0030 (vel=0.0021, acc=0.0016, lin=0.0278, stab=0.0000) | val_vel_rmse_mean=0.23076 @K=0.35669 slope=0.925 inst=0.974 spec=1.001 | 5.0s
2026-05-15 23:50:26,574 - INFO -   ↳ new best [composite]=0.230764 (vel_rmse_mean=0.230764, inst=0.97391, epoch 2)
2026-05-15 23:50:31,330 - INFO - Epoch [003/60] pl=4 LR=9.46e-04 Ltot=0.0027 (vel=0.0020, acc=0.0012, lin=0.0297, stab=0.0000) | val_vel_rmse_mean=0.19220 @K=0.29640 slope=0.920 inst=0.971 spec=1.001 | 4.8s
2026-05-15 23:50:31,334 - INFO -   ↳ new best [composite]=0.192197 (vel_rmse_mean=0.192197, inst=0.970649, epoch 3)
2026-05-15 23:50:31,335 - INFO - [Curriculum] pred_len -> 6; rebuilding dataloaders...
2026-05-15 23:50:31,381 - INFO - Dataset[TRAIN] koopman_train_merged.npz | segments=99 | samples=197307 | pred_len=6 | stride=1
2026-05-15 23:50:31,386 - INFO - Dataset[VAL] koopman_val.npz | segments=3 | samples=35979 | pred_len=6 | stride=1
2026-05-15 23:50:36,542 - INFO - Epoch [004/60] pl=6 LR=9.05e-04 Ltot=0.0027 (vel=0.0021, acc=0.0010, lin=0.0668, stab=0.0000) | val_vel_rmse_mean=0.21392 @K=0.34650 slope=0.897 inst=1.065 spec=1.000 | 5.1s
2026-05-15 23:50:42,257 - INFO - Epoch [005/60] pl=6 LR=8.54e-04 Ltot=0.0026 (vel=0.0021, acc=0.0009, lin=0.0749, stab=0.0000) | val_vel_rmse_mean=0.17685 @K=0.28465 slope=0.887 inst=1.055 spec=1.000 | 5.7s
2026-05-15 23:50:42,261 - INFO -   ↳ new best [composite]=0.186557 (vel_rmse_mean=0.176847, inst=1.05491, epoch 5)
2026-05-15 23:50:47,766 - INFO - Epoch [006/60] pl=6 LR=7.94e-04 Ltot=0.0026 (vel=0.0021, acc=0.0009, lin=0.0834, stab=0.0000) | val_vel_rmse_mean=0.14673 @K=0.23482 slope=0.877 inst=1.046 spec=1.001 | 5.5s
2026-05-15 23:50:47,772 - INFO -   ↳ new best [composite]=0.15349 (vel_rmse_mean=0.14673, inst=1.04607, epoch 6)
2026-05-15 23:50:47,772 - INFO - [Curriculum] pred_len -> 8; rebuilding dataloaders...
2026-05-15 23:50:47,813 - INFO - Dataset[TRAIN] koopman_train_merged.npz | segments=99 | samples=197109 | pred_len=8 | stride=1
2026-05-15 23:50:47,818 - INFO - Dataset[VAL] koopman_val.npz | segments=3 | samples=35973 | pred_len=8 | stride=1
2026-05-15 23:50:53,832 - INFO - Epoch [007/60] pl=8 LR=7.27e-04 Ltot=0.0027 (vel=0.0021, acc=0.0009, lin=0.1379, stab=0.0000) | val_vel_rmse_mean=0.14962 @K=0.24456 slope=0.854 inst=1.119 spec=1.001 | 6.0s
2026-05-15 23:51:00,276 - INFO - Epoch [008/60] pl=8 LR=6.55e-04 Ltot=0.0026 (vel=0.0021, acc=0.0008, lin=0.1489, stab=0.0000) | val_vel_rmse_mean=0.12418 @K=0.20171 slope=0.843 inst=1.107 spec=1.000 | 6.4s
2026-05-15 23:51:00,282 - INFO -   ↳ new best [composite]=0.13748 (vel_rmse_mean=0.124184, inst=1.10707, epoch 8)
2026-05-15 23:51:06,398 - INFO - Epoch [009/60] pl=8 LR=5.78e-04 Ltot=0.0026 (vel=0.0021, acc=0.0008, lin=0.1542, stab=0.0000) | val_vel_rmse_mean=0.10271 @K=0.16572 slope=0.833 inst=1.095 spec=1.001 | 6.1s
2026-05-15 23:51:06,403 - INFO -   ↳ new best [composite]=0.112434 (vel_rmse_mean=0.102709, inst=1.09469, epoch 9)
2026-05-15 23:51:06,403 - INFO - [Curriculum] pred_len -> 10; rebuilding dataloaders...
2026-05-15 23:51:06,442 - INFO - Dataset[TRAIN] koopman_train_merged.npz | segments=99 | samples=196911 | pred_len=10 | stride=1
2026-05-15 23:51:06,447 - INFO - Dataset[VAL] koopman_val.npz | segments=3 | samples=35967 | pred_len=10 | stride=1
2026-05-15 23:51:12,951 - INFO - Epoch [010/60] pl=10 LR=5.00e-04 Ltot=0.0027 (vel=0.0022, acc=0.0008, lin=0.2078, stab=0.0000) | val_vel_rmse_mean=0.09913 @K=0.16273 slope=0.811 inst=1.154 spec=1.000 | 6.5s
2026-05-15 23:51:19,813 - INFO - Epoch [011/60] pl=10 LR=4.22e-04 Ltot=0.0027 (vel=0.0022, acc=0.0008, lin=0.2073, stab=0.0000) | val_vel_rmse_mean=0.08212 @K=0.13317 slope=0.797 inst=1.134 spec=1.000 | 6.9s
2026-05-15 23:51:19,821 - INFO -   ↳ new best [composite]=0.0931395 (vel_rmse_mean=0.0821237, inst=1.13414, epoch 11)
2026-05-15 23:51:26,877 - INFO - Epoch [012/60] pl=10 LR=3.45e-04 Ltot=0.0026 (vel=0.0022, acc=0.0008, lin=0.2072, stab=0.0000) | val_vel_rmse_mean=0.06806 @K=0.10901 slope=0.784 inst=1.116 spec=1.001 | 7.1s
2026-05-15 23:51:26,882 - INFO -   ↳ new best [composite]=0.0759598 (vel_rmse_mean=0.068063, inst=1.11602, epoch 12)
2026-05-15 23:51:26,882 - INFO - [Curriculum] pred_len -> 12; rebuilding dataloaders...
2026-05-15 23:51:26,923 - INFO - Dataset[TRAIN] koopman_train_merged.npz | segments=99 | samples=196713 | pred_len=12 | stride=1
2026-05-15 23:51:26,928 - INFO - Dataset[VAL] koopman_val.npz | segments=3 | samples=35961 | pred_len=12 | stride=1
2026-05-15 23:51:34,196 - INFO - Epoch [013/60] pl=12 LR=2.73e-04 Ltot=0.0028 (vel=0.0023, acc=0.0008, lin=0.2569, stab=0.0000) | val_vel_rmse_mean=0.06388 @K=0.10362 slope=0.763 inst=1.161 spec=1.000 | 7.2s
2026-05-15 23:51:34,202 - INFO -   ↳ new best [composite]=0.0741446 (vel_rmse_mean=0.0638835, inst=1.16062, epoch 13)
2026-05-15 23:51:42,118 - INFO - Epoch [014/60] pl=12 LR=2.06e-04 Ltot=0.0028 (vel=0.0023, acc=0.0007, lin=0.2541, stab=0.0000) | val_vel_rmse_mean=0.05354 @K=0.08512 slope=0.748 inst=1.137 spec=1.000 | 7.9s
2026-05-15 23:51:42,123 - INFO -   ↳ new best [composite]=0.0608883 (vel_rmse_mean=0.0535356, inst=1.13734, epoch 14)
2026-05-15 23:51:49,675 - INFO - Epoch [015/60] pl=12 LR=1.46e-04 Ltot=0.0027 (vel=0.0023, acc=0.0007, lin=0.2518, stab=0.0000) | val_vel_rmse_mean=0.04512 @K=0.07065 slope=0.739 inst=1.122 spec=1.000 | 7.6s
2026-05-15 23:51:49,680 - INFO -   ↳ new best [composite]=0.0506173 (vel_rmse_mean=0.0451199, inst=1.12184, epoch 15)
2026-05-15 23:51:49,680 - INFO - [Curriculum] pred_len -> 14; rebuilding dataloaders...
2026-05-15 23:51:49,718 - INFO - Dataset[TRAIN] koopman_train_merged.npz | segments=99 | samples=196515 | pred_len=14 | stride=1
2026-05-15 23:51:49,723 - INFO - Dataset[VAL] koopman_val.npz | segments=3 | samples=35955 | pred_len=14 | stride=1
2026-05-15 23:51:58,121 - INFO - Epoch [016/60] pl=14 LR=9.55e-05 Ltot=0.0028 (vel=0.0024, acc=0.0007, lin=0.2962, stab=0.0000) | val_vel_rmse_mean=0.04238 @K=0.06682 slope=0.721 inst=1.159 spec=1.000 | 8.4s
2026-05-15 23:51:58,127 - INFO -   ↳ new best [composite]=0.049128 (vel_rmse_mean=0.0423803, inst=1.15922, epoch 16)
2026-05-15 23:52:06,792 - INFO - Epoch [017/60] pl=14 LR=5.45e-05 Ltot=0.0028 (vel=0.0024, acc=0.0007, lin=0.2932, stab=0.0000) | val_vel_rmse_mean=0.03664 @K=0.05680 slope=0.716 inst=1.147 spec=0.999 | 8.7s
2026-05-15 23:52:06,797 - INFO -   ↳ new best [composite]=0.0420328 (vel_rmse_mean=0.036641, inst=1.14715, epoch 17)
2026-05-15 23:52:15,154 - INFO - Epoch [018/60] pl=14 LR=2.45e-05 Ltot=0.0028 (vel=0.0024, acc=0.0007, lin=0.2914, stab=0.0000) | val_vel_rmse_mean=0.03208 @K=0.04914 slope=0.715 inst=1.143 spec=0.999 | 8.4s
2026-05-15 23:52:15,160 - INFO -   ↳ new best [composite]=0.0366621 (vel_rmse_mean=0.0320791, inst=1.14287, epoch 18)
2026-05-15 23:52:15,160 - INFO - [Curriculum] pred_len -> 16; rebuilding dataloaders...
2026-05-15 23:52:15,197 - INFO - Dataset[TRAIN] koopman_train_merged.npz | segments=99 | samples=196317 | pred_len=16 | stride=1
2026-05-15 23:52:15,202 - INFO - Dataset[VAL] koopman_val.npz | segments=3 | samples=35949 | pred_len=16 | stride=1
2026-05-15 23:52:23,832 - INFO - Epoch [019/60] pl=16 LR=6.16e-06 Ltot=0.0029 (vel=0.0025, acc=0.0007, lin=0.3350, stab=0.0000) | val_vel_rmse_mean=0.03087 @K=0.04744 slope=0.704 inst=1.181 spec=1.000 | 8.6s
2026-05-15 23:52:23,838 - INFO -   ↳ new best [composite]=0.0364697 (vel_rmse_mean=0.0308707, inst=1.18137, epoch 19)
2026-05-15 23:52:32,553 - INFO - Epoch [020/60] pl=16 LR=1.00e-03 Ltot=0.0029 (vel=0.0025, acc=0.0007, lin=0.3345, stab=0.0000) | val_vel_rmse_mean=0.02783 @K=0.04240 slope=0.709 inst=1.185 spec=1.000 | 8.7s
2026-05-15 23:52:32,557 - INFO -   ↳ new best [composite]=0.0329879 (vel_rmse_mean=0.0278266, inst=1.18548, epoch 20)
2026-05-15 23:52:41,577 - INFO - Epoch [021/60] pl=16 LR=9.98e-04 Ltot=0.0040 (vel=0.0031, acc=0.0012, lin=0.3716, stab=0.0000) | val_vel_rmse_mean=0.02544 @K=0.03799 slope=0.704 inst=1.171 spec=0.999 | 9.0s
2026-05-15 23:52:41,583 - INFO -   ↳ new best [composite]=0.0298025 (vel_rmse_mean=0.0254436, inst=1.17132, epoch 21)
2026-05-15 23:52:41,583 - INFO - [Curriculum] pred_len -> 18; rebuilding dataloaders...
2026-05-15 23:52:41,623 - INFO - Dataset[TRAIN] koopman_train_merged.npz | segments=99 | samples=196119 | pred_len=18 | stride=1
2026-05-15 23:52:41,628 - INFO - Dataset[VAL] koopman_val.npz | segments=3 | samples=35943 | pred_len=18 | stride=1
2026-05-15 23:52:51,107 - INFO - Epoch [022/60] pl=18 LR=9.94e-04 Ltot=0.0041 (vel=0.0032, acc=0.0010, lin=0.4260, stab=0.0000) | val_vel_rmse_mean=0.02485 @K=0.03715 slope=0.691 inst=1.201 spec=0.999 | 9.4s
2026-05-15 23:53:00,861 - INFO - Epoch [023/60] pl=18 LR=9.86e-04 Ltot=0.0039 (vel=0.0031, acc=0.0010, lin=0.4196, stab=0.0000) | val_vel_rmse_mean=0.02267 @K=0.03413 slope=0.695 inst=1.209 spec=0.997 | 9.7s
2026-05-15 23:53:00,866 - INFO -   ↳ new best [composite]=0.0274072 (vel_rmse_mean=0.0226723, inst=1.20884, epoch 23)
2026-05-15 23:53:10,637 - INFO - Epoch [024/60] pl=18 LR=9.76e-04 Ltot=0.0038 (vel=0.0031, acc=0.0010, lin=0.4148, stab=0.0000) | val_vel_rmse_mean=0.02143 @K=0.03277 slope=0.708 inst=1.232 spec=0.997 | 9.8s
2026-05-15 23:53:10,642 - INFO -   ↳ new best [composite]=0.0264103 (vel_rmse_mean=0.0214318, inst=1.23229, epoch 24)
2026-05-15 23:53:10,642 - INFO - [Curriculum] pred_len -> 20; rebuilding dataloaders...
2026-05-15 23:53:10,679 - INFO - Dataset[TRAIN] koopman_train_merged.npz | segments=99 | samples=195921 | pred_len=20 | stride=1
2026-05-15 23:53:10,684 - INFO - Dataset[VAL] koopman_val.npz | segments=3 | samples=35937 | pred_len=20 | stride=1
2026-05-15 23:53:21,049 - INFO - Epoch [025/60] pl=20 LR=9.62e-04 Ltot=0.0043 (vel=0.0035, acc=0.0010, lin=0.4290, stab=0.0000) | val_vel_rmse_mean=0.02184 @K=0.03417 slope=0.714 inst=1.299 spec=0.997 | 10.3s
2026-05-15 23:53:31,147 - INFO - Epoch [026/60] pl=20 LR=9.46e-04 Ltot=0.0040 (vel=0.0033, acc=0.0009, lin=0.4204, stab=0.0000) | val_vel_rmse_mean=0.02128 @K=0.03382 slope=0.734 inst=1.341 spec=0.998 | 10.1s
2026-05-15 23:53:41,640 - INFO - Epoch [027/60] pl=20 LR=9.26e-04 Ltot=0.0039 (vel=0.0032, acc=0.0009, lin=0.4160, stab=0.0000) | val_vel_rmse_mean=0.02107 @K=0.03375 slope=0.747 inst=1.368 spec=0.999 | 10.5s
2026-05-15 23:53:51,948 - INFO - Epoch [028/60] pl=20 LR=9.05e-04 Ltot=0.0039 (vel=0.0032, acc=0.0008, lin=0.4153, stab=0.0000) | val_vel_rmse_mean=0.02074 @K=0.03363 slope=0.761 inst=1.401 spec=0.998 | 10.3s
2026-05-15 23:54:01,864 - INFO - Epoch [029/60] pl=20 LR=8.80e-04 Ltot=0.0038 (vel=0.0031, acc=0.0008, lin=0.4133, stab=0.0000) | val_vel_rmse_mean=0.02049 @K=0.03373 slope=0.781 inst=1.447 spec=0.999 | 9.9s
2026-05-15 23:54:12,142 - INFO - Epoch [030/60] pl=20 LR=8.54e-04 Ltot=0.0038 (vel=0.0031, acc=0.0008, lin=0.4135, stab=0.0000) | val_vel_rmse_mean=0.02033 @K=0.03378 slope=0.795 inst=1.481 spec=0.998 | 10.3s
2026-05-15 23:54:22,413 - INFO - Epoch [031/60] pl=20 LR=8.25e-04 Ltot=0.0037 (vel=0.0031, acc=0.0008, lin=0.4126, stab=0.0000) | val_vel_rmse_mean=0.02039 @K=0.03406 slope=0.805 inst=1.508 spec=0.998 | 10.3s
2026-05-15 23:54:32,252 - INFO - Epoch [032/60] pl=20 LR=7.94e-04 Ltot=0.0037 (vel=0.0030, acc=0.0008, lin=0.4121, stab=0.0000) | val_vel_rmse_mean=0.02032 @K=0.03400 slope=0.814 inst=1.530 spec=0.997 | 9.8s
2026-05-15 23:54:42,587 - INFO - Epoch [033/60] pl=20 LR=7.61e-04 Ltot=0.0036 (vel=0.0030, acc=0.0007, lin=0.4123, stab=0.0000) | val_vel_rmse_mean=0.02033 @K=0.03392 slope=0.813 inst=1.526 spec=0.997 | 10.3s
2026-05-15 23:54:52,758 - INFO - Epoch [034/60] pl=20 LR=7.27e-04 Ltot=0.0037 (vel=0.0030, acc=0.0007, lin=0.4126, stab=0.0000) | val_vel_rmse_mean=0.02021 @K=0.03382 slope=0.819 inst=1.542 spec=0.997 | 10.2s
2026-05-15 23:55:02,498 - INFO - Epoch [035/60] pl=20 LR=6.91e-04 Ltot=0.0035 (vel=0.0029, acc=0.0007, lin=0.4123, stab=0.0000) | val_vel_rmse_mean=0.02018 @K=0.03386 slope=0.826 inst=1.562 spec=0.997 | 9.7s
2026-05-15 23:55:12,429 - INFO - Epoch [036/60] pl=20 LR=6.55e-04 Ltot=0.0034 (vel=0.0028, acc=0.0007, lin=0.4107, stab=0.0000) | val_vel_rmse_mean=0.02026 @K=0.03397 slope=0.828 inst=1.567 spec=0.997 | 9.9s
2026-05-15 23:55:22,479 - INFO - Epoch [037/60] pl=20 LR=6.17e-04 Ltot=0.0035 (vel=0.0029, acc=0.0007, lin=0.4100, stab=0.0000) | val_vel_rmse_mean=0.02024 @K=0.03394 slope=0.830 inst=1.571 spec=0.997 | 10.0s
2026-05-15 23:55:31,477 - INFO - Epoch [038/60] pl=20 LR=5.78e-04 Ltot=0.0034 (vel=0.0028, acc=0.0007, lin=0.4109, stab=0.0000) | val_vel_rmse_mean=0.02036 @K=0.03424 slope=0.837 inst=1.589 spec=0.997 | 9.0s
2026-05-15 23:55:41,639 - INFO - Epoch [039/60] pl=20 LR=5.39e-04 Ltot=0.0033 (vel=0.0028, acc=0.0006, lin=0.4099, stab=0.0000) | val_vel_rmse_mean=0.02048 @K=0.03456 slope=0.846 inst=1.614 spec=0.997 | 10.2s
2026-05-15 23:55:52,123 - INFO - Epoch [040/60] pl=20 LR=5.00e-04 Ltot=0.0032 (vel=0.0027, acc=0.0006, lin=0.4084, stab=0.0000) | val_vel_rmse_mean=0.02056 @K=0.03468 slope=0.849 inst=1.623 spec=0.997 | 10.5s
2026-05-15 23:56:02,625 - INFO - Epoch [041/60] pl=20 LR=4.61e-04 Ltot=0.0032 (vel=0.0027, acc=0.0006, lin=0.4081, stab=0.0000) | val_vel_rmse_mean=0.02066 @K=0.03487 slope=0.852 inst=1.631 spec=0.997 | 10.5s
2026-05-15 23:56:12,472 - INFO - Epoch [042/60] pl=20 LR=4.22e-04 Ltot=0.0032 (vel=0.0027, acc=0.0006, lin=0.4076, stab=0.0000) | val_vel_rmse_mean=0.02079 @K=0.03509 slope=0.855 inst=1.640 spec=0.997 | 9.8s
2026-05-15 23:56:22,996 - INFO - Epoch [043/60] pl=20 LR=3.83e-04 Ltot=0.0031 (vel=0.0027, acc=0.0006, lin=0.4069, stab=0.0000) | val_vel_rmse_mean=0.02086 @K=0.03523 slope=0.856 inst=1.643 spec=0.997 | 10.5s
2026-05-15 23:56:33,410 - INFO - Epoch [044/60] pl=20 LR=3.45e-04 Ltot=0.0031 (vel=0.0026, acc=0.0006, lin=0.4065, stab=0.0000) | val_vel_rmse_mean=0.02089 @K=0.03533 slope=0.861 inst=1.657 spec=0.997 | 10.4s
2026-05-15 23:56:43,557 - INFO - Epoch [045/60] pl=20 LR=3.09e-04 Ltot=0.0031 (vel=0.0026, acc=0.0006, lin=0.4060, stab=0.0000) | val_vel_rmse_mean=0.02099 @K=0.03552 slope=0.862 inst=1.661 spec=0.997 | 10.1s
2026-05-15 23:56:53,681 - INFO - Epoch [046/60] pl=20 LR=2.73e-04 Ltot=0.0030 (vel=0.0026, acc=0.0006, lin=0.4056, stab=0.0000) | val_vel_rmse_mean=0.02093 @K=0.03551 slope=0.867 inst=1.678 spec=0.997 | 10.1s
2026-05-15 23:57:04,578 - INFO - Epoch [047/60] pl=20 LR=2.39e-04 Ltot=0.0030 (vel=0.0026, acc=0.0006, lin=0.4045, stab=0.0000) | val_vel_rmse_mean=0.02085 @K=0.03539 slope=0.868 inst=1.681 spec=0.997 | 10.9s
2026-05-15 23:57:14,988 - INFO - Epoch [048/60] pl=20 LR=2.06e-04 Ltot=0.0030 (vel=0.0026, acc=0.0005, lin=0.4031, stab=0.0000) | val_vel_rmse_mean=0.02086 @K=0.03541 slope=0.868 inst=1.681 spec=0.998 | 10.4s
2026-05-15 23:57:24,972 - INFO - Epoch [049/60] pl=20 LR=1.75e-04 Ltot=0.0029 (vel=0.0026, acc=0.0005, lin=0.4017, stab=0.0000) | val_vel_rmse_mean=0.02093 @K=0.03552 slope=0.869 inst=1.684 spec=0.998 | 10.0s
2026-05-15 23:57:35,189 - INFO - Epoch [050/60] pl=20 LR=1.46e-04 Ltot=0.0029 (vel=0.0026, acc=0.0005, lin=0.4004, stab=0.0000) | val_vel_rmse_mean=0.02106 @K=0.03568 slope=0.866 inst=1.675 spec=0.998 | 10.2s
2026-05-15 23:57:45,368 - INFO - Epoch [051/60] pl=20 LR=1.20e-04 Ltot=0.0029 (vel=0.0025, acc=0.0005, lin=0.3995, stab=0.0000) | val_vel_rmse_mean=0.02108 @K=0.03573 slope=0.867 inst=1.679 spec=1.000 | 10.2s
2026-05-15 23:57:55,368 - INFO - Epoch [052/60] pl=20 LR=9.55e-05 Ltot=0.0029 (vel=0.0025, acc=0.0005, lin=0.3987, stab=0.0000) | val_vel_rmse_mean=0.02105 @K=0.03568 slope=0.867 inst=1.679 spec=1.000 | 10.0s
2026-05-15 23:58:05,464 - INFO - Epoch [053/60] pl=20 LR=7.37e-05 Ltot=0.0029 (vel=0.0025, acc=0.0005, lin=0.3977, stab=0.0000) | val_vel_rmse_mean=0.02111 @K=0.03575 slope=0.866 inst=1.674 spec=0.999 | 10.1s
2026-05-15 23:58:16,134 - INFO - Epoch [054/60] pl=20 LR=5.45e-05 Ltot=0.0028 (vel=0.0025, acc=0.0005, lin=0.3969, stab=0.0000) | val_vel_rmse_mean=0.02119 @K=0.03589 slope=0.866 inst=1.675 spec=1.000 | 10.7s
2026-05-15 23:58:25,852 - INFO - Epoch [055/60] pl=20 LR=3.81e-05 Ltot=0.0028 (vel=0.0025, acc=0.0005, lin=0.3963, stab=0.0000) | val_vel_rmse_mean=0.02119 @K=0.03586 slope=0.864 inst=1.668 spec=1.000 | 9.7s
2026-05-15 23:58:35,861 - INFO - Epoch [056/60] pl=20 LR=2.45e-05 Ltot=0.0028 (vel=0.0025, acc=0.0005, lin=0.3957, stab=0.0000) | val_vel_rmse_mean=0.02123 @K=0.03591 slope=0.863 inst=1.667 spec=0.999 | 10.0s
2026-05-15 23:58:46,114 - INFO - Epoch [057/60] pl=20 LR=1.38e-05 Ltot=0.0028 (vel=0.0025, acc=0.0005, lin=0.3948, stab=0.0000) | val_vel_rmse_mean=0.02120 @K=0.03585 slope=0.862 inst=1.665 spec=1.000 | 10.2s
2026-05-15 23:58:56,023 - INFO - Epoch [058/60] pl=20 LR=6.16e-06 Ltot=0.0028 (vel=0.0025, acc=0.0005, lin=0.3946, stab=0.0000) | val_vel_rmse_mean=0.02121 @K=0.03585 slope=0.861 inst=1.661 spec=1.001 | 9.9s
2026-05-15 23:59:05,808 - INFO - Epoch [059/60] pl=20 LR=1.54e-06 Ltot=0.0028 (vel=0.0025, acc=0.0005, lin=0.3944, stab=0.0000) | val_vel_rmse_mean=0.02117 @K=0.03579 slope=0.861 inst=1.660 spec=1.001 | 9.8s
2026-05-15 23:59:15,707 - INFO - Epoch [060/60] pl=20 LR=1.00e-03 Ltot=0.0028 (vel=0.0025, acc=0.0005, lin=0.3944, stab=0.0000) | val_vel_rmse_mean=0.02121 @K=0.03581 slope=0.859 inst=1.654 spec=1.001 | 9.9s
2026-05-15 23:59:15,733 - INFO - Exported YAML -> checkpoints/koopman_best.yaml
2026-05-15 23:59:21,358 - INFO - 
=== QUANTITATIVE VERDICT (test set) ===
vel_rmse@1=0.000820388  vel_rmse@5=0.00344705  vel_rmse@10=0.0064046  vel_rmse@20=0.013779
divergence: ratio20/1=16.7957  slope_loglog=0.930769  lyapunov_like=0.14848
instability_score=1.92187  monotonic_increasing=True  divergent_sample_pct=90.6462%
bias: u=-0.00222519  v=-0.000313384  r=-2.16355e-06
fit_quality: R^2(u,v,r) = 0.9997 / 1 / 0.9996
========================================

2026-05-15 23:59:21,358 - INFO - Per-5-epoch summary:
2026-05-15 23:59:21,358 - INFO - ep | lr | L_total | L_vel | L_acc | L_lin | val_vel_mean | val_vel@K | val_traj_xy@K | slope_ll | inst | spec
2026-05-15 23:59:21,358 - INFO -   001 | 9.94e-04 | 0.0116 | 0.0039 | 0.0146 | 0.0276 | 0.27827 | 0.43196 | 0.1110 | 0.934 | 0.980 | 1.010
2026-05-15 23:59:21,358 - INFO -   005 | 8.54e-04 | 0.0026 | 0.0021 | 0.0009 | 0.0749 | 0.17685 | 0.28465 | 0.1056 | 0.887 | 1.055 | 1.000
2026-05-15 23:59:21,358 - INFO -   010 | 5.00e-04 | 0.0027 | 0.0022 | 0.0008 | 0.2078 | 0.09913 | 0.16273 | 0.0974 | 0.811 | 1.154 | 1.000
2026-05-15 23:59:21,358 - INFO -   015 | 1.46e-04 | 0.0027 | 0.0023 | 0.0007 | 0.2518 | 0.04512 | 0.07065 | 0.0527 | 0.739 | 1.122 | 1.000
2026-05-15 23:59:21,358 - INFO -   020 | 1.00e-03 | 0.0029 | 0.0025 | 0.0007 | 0.3345 | 0.02783 | 0.04240 | 0.0433 | 0.709 | 1.185 | 1.000
2026-05-15 23:59:21,358 - INFO -   025 | 9.62e-04 | 0.0043 | 0.0035 | 0.0010 | 0.4290 | 0.02184 | 0.03417 | 0.0421 | 0.714 | 1.299 | 0.997
2026-05-15 23:59:21,358 - INFO -   030 | 8.54e-04 | 0.0038 | 0.0031 | 0.0008 | 0.4135 | 0.02033 | 0.03378 | 0.0392 | 0.795 | 1.481 | 0.998
2026-05-15 23:59:21,358 - INFO -   035 | 6.91e-04 | 0.0035 | 0.0029 | 0.0007 | 0.4123 | 0.02018 | 0.03386 | 0.0389 | 0.826 | 1.562 | 0.997
2026-05-15 23:59:21,358 - INFO -   040 | 5.00e-04 | 0.0032 | 0.0027 | 0.0006 | 0.4084 | 0.02056 | 0.03468 | 0.0400 | 0.849 | 1.623 | 0.997
2026-05-15 23:59:21,358 - INFO -   045 | 3.09e-04 | 0.0031 | 0.0026 | 0.0006 | 0.4060 | 0.02099 | 0.03552 | 0.0410 | 0.862 | 1.661 | 0.997
2026-05-15 23:59:21,358 - INFO -   050 | 1.46e-04 | 0.0029 | 0.0026 | 0.0005 | 0.4004 | 0.02106 | 0.03568 | 0.0413 | 0.866 | 1.675 | 0.998
2026-05-15 23:59:21,358 - INFO -   055 | 3.81e-05 | 0.0028 | 0.0025 | 0.0005 | 0.3963 | 0.02119 | 0.03586 | 0.0417 | 0.864 | 1.668 | 1.000
2026-05-15 23:59:21,359 - INFO -   060 | 1.00e-03 | 0.0028 | 0.0025 | 0.0005 | 0.3944 | 0.02121 | 0.03581 | 0.0417 | 0.859 | 1.654 | 1.001
