2026-05-15 23:28:33,069 - INFO - Dataset[TRAIN] koopman_train_merged.npz | segments=99 | samples=197505 | pred_len=4 | stride=1
2026-05-15 23:28:33,074 - INFO - Dataset[VAL] koopman_val.npz | segments=3 | samples=35985 | pred_len=4 | stride=1
2026-05-15 23:28:33,677 - INFO - ================================================================================
2026-05-15 23:28:33,677 - INFO - Device: cpu | AMP: False
2026-05-15 23:28:33,677 - INFO - Train data: koopman_train_merged.npz | Val: koopman_val.npz | Test: koopman_test.npz
2026-05-15 23:28:33,677 - INFO - Batch: 1024 | Workers: 4 | Seed: 42
2026-05-15 23:28:33,677 - INFO - Curriculum pred_len: start=4 max=20 grow_every=3 stride=1
2026-05-15 23:28:33,677 - INFO - Loss weights: w_vel=1.0 w_acc=0.5 w_lin=0.0 w_recon=0.0 w_stab=0.5 w_l2=0.0001 gamma_step=1.15 huber_beta=0.1 rho_max=1.001
2026-05-15 23:28:33,677 - INFO - Train samples: 197505 | Val samples: 35985 | Params: 12344
2026-05-15 23:28:33,677 - INFO - Initial spectral radius (I+A): 1.04421
2026-05-15 23:28:33,677 - INFO - ================================================================================
2026-05-15 23:28:37,599 - INFO - Epoch [001/50] pl=4 LR=9.94e-04 Ltot=0.0111 (vel=0.0021, acc=0.0158, lin=0.0280, stab=0.0003) | val_vel_rmse_mean=0.27740 @K=0.43021 slope=0.932 inst=0.978 spec=1.011 | 3.9s
2026-05-15 23:28:37,605 - INFO -   ↳ new best [composite]=0.277399 (vel_rmse_mean=0.277399, inst=0.978388, epoch 1)
2026-05-15 23:28:42,426 - INFO - Epoch [002/50] pl=4 LR=9.76e-04 Ltot=0.0010 (vel=0.0001, acc=0.0016, lin=0.0271, stab=0.0000) | val_vel_rmse_mean=0.22823 @K=0.35221 slope=0.922 inst=0.972 spec=1.001 | 4.8s
2026-05-15 23:28:42,431 - INFO -   ↳ new best [composite]=0.228228 (vel_rmse_mean=0.228228, inst=0.971543, epoch 2)
2026-05-15 23:28:47,381 - INFO - Epoch [003/50] pl=4 LR=9.46e-04 Ltot=0.0008 (vel=0.0001, acc=0.0012, lin=0.0279, stab=0.0000) | val_vel_rmse_mean=0.18816 @K=0.28944 slope=0.914 inst=0.967 spec=1.001 | 4.9s
2026-05-15 23:28:47,386 - INFO -   ↳ new best [composite]=0.188159 (vel_rmse_mean=0.188159, inst=0.966954, epoch 3)
2026-05-15 23:28:47,386 - INFO - [Curriculum] pred_len -> 6; rebuilding dataloaders...
2026-05-15 23:28:47,438 - INFO - Dataset[TRAIN] koopman_train_merged.npz | segments=99 | samples=197307 | pred_len=6 | stride=1
2026-05-15 23:28:47,444 - INFO - Dataset[VAL] koopman_val.npz | segments=3 | samples=35979 | pred_len=6 | stride=1
2026-05-15 23:28:52,451 - INFO - Epoch [004/50] pl=6 LR=9.05e-04 Ltot=0.0008 (vel=0.0002, acc=0.0011, lin=0.0679, stab=0.0000) | val_vel_rmse_mean=0.20731 @K=0.33444 slope=0.887 inst=1.056 spec=1.000 | 5.0s
2026-05-15 23:28:57,937 - INFO - Epoch [005/50] pl=6 LR=8.54e-04 Ltot=0.0006 (vel=0.0001, acc=0.0008, lin=0.0749, stab=0.0000) | val_vel_rmse_mean=0.17038 @K=0.27304 slope=0.875 inst=1.044 spec=1.001 | 5.5s
2026-05-15 23:28:57,942 - INFO -   ↳ new best [composite]=0.177914 (vel_rmse_mean=0.17038, inst=1.04422, epoch 5)
2026-05-15 23:29:03,472 - INFO - Epoch [006/50] pl=6 LR=7.94e-04 Ltot=0.0006 (vel=0.0001, acc=0.0008, lin=0.0767, stab=0.0000) | val_vel_rmse_mean=0.14011 @K=0.22325 slope=0.863 inst=1.034 spec=1.000 | 5.5s
2026-05-15 23:29:03,478 - INFO -   ↳ new best [composite]=0.144887 (vel_rmse_mean=0.140109, inst=1.0341, epoch 6)
2026-05-15 23:29:03,478 - INFO - [Curriculum] pred_len -> 8; rebuilding dataloaders...
2026-05-15 23:29:03,519 - INFO - Dataset[TRAIN] koopman_train_merged.npz | segments=99 | samples=197109 | pred_len=8 | stride=1
2026-05-15 23:29:03,523 - INFO - Dataset[VAL] koopman_val.npz | segments=3 | samples=35973 | pred_len=8 | stride=1
2026-05-15 23:29:09,570 - INFO - Epoch [007/50] pl=8 LR=7.27e-04 Ltot=0.0009 (vel=0.0003, acc=0.0009, lin=0.1441, stab=0.0000) | val_vel_rmse_mean=0.14093 @K=0.23047 slope=0.838 inst=1.103 spec=1.001 | 6.0s
2026-05-15 23:29:15,155 - INFO - Epoch [008/50] pl=8 LR=6.55e-04 Ltot=0.0007 (vel=0.0002, acc=0.0007, lin=0.1521, stab=0.0000) | val_vel_rmse_mean=0.11548 @K=0.18752 slope=0.824 inst=1.087 spec=1.001 | 5.6s
2026-05-15 23:29:15,160 - INFO -   ↳ new best [composite]=0.125497 (vel_rmse_mean=0.115484, inst=1.08671, epoch 8)
2026-05-15 23:29:20,382 - INFO - Epoch [009/50] pl=8 LR=5.78e-04 Ltot=0.0006 (vel=0.0002, acc=0.0007, lin=0.1498, stab=0.0000) | val_vel_rmse_mean=0.09502 @K=0.15342 slope=0.812 inst=1.075 spec=1.000 | 5.2s
2026-05-15 23:29:20,388 - INFO -   ↳ new best [composite]=0.102105 (vel_rmse_mean=0.095023, inst=1.07453, epoch 9)
2026-05-15 23:29:20,388 - INFO - [Curriculum] pred_len -> 10; rebuilding dataloaders...
2026-05-15 23:29:20,434 - INFO - Dataset[TRAIN] koopman_train_merged.npz | segments=99 | samples=196911 | pred_len=10 | stride=1
2026-05-15 23:29:20,439 - INFO - Dataset[VAL] koopman_val.npz | segments=3 | samples=35967 | pred_len=10 | stride=1
2026-05-15 23:29:25,751 - INFO - Epoch [010/50] pl=10 LR=5.00e-04 Ltot=0.0009 (vel=0.0004, acc=0.0008, lin=0.2015, stab=0.0000) | val_vel_rmse_mean=0.09260 @K=0.15525 slope=0.804 inst=1.149 spec=1.000 | 5.3s
2026-05-15 23:29:31,417 - INFO - Epoch [011/50] pl=10 LR=4.22e-04 Ltot=0.0008 (vel=0.0003, acc=0.0007, lin=0.2008, stab=0.0000) | val_vel_rmse_mean=0.07699 @K=0.12836 slope=0.795 inst=1.137 spec=1.000 | 5.7s
2026-05-15 23:29:31,422 - INFO -   ↳ new best [composite]=0.0875694 (vel_rmse_mean=0.0769932, inst=1.13737, epoch 11)
2026-05-15 23:29:37,952 - INFO - Epoch [012/50] pl=10 LR=3.45e-04 Ltot=0.0007 (vel=0.0003, acc=0.0007, lin=0.1991, stab=0.0000) | val_vel_rmse_mean=0.06455 @K=0.10696 slope=0.788 inst=1.128 spec=1.001 | 6.5s
2026-05-15 23:29:37,959 - INFO -   ↳ new best [composite]=0.072823 (vel_rmse_mean=0.0645522, inst=1.12813, epoch 12)
2026-05-15 23:29:37,959 - INFO - [Curriculum] pred_len -> 12; rebuilding dataloaders...
2026-05-15 23:29:38,002 - INFO - Dataset[TRAIN] koopman_train_merged.npz | segments=99 | samples=196713 | pred_len=12 | stride=1
2026-05-15 23:29:38,007 - INFO - Dataset[VAL] koopman_val.npz | segments=3 | samples=35961 | pred_len=12 | stride=1
2026-05-15 23:29:44,904 - INFO - Epoch [013/50] pl=12 LR=2.73e-04 Ltot=0.0009 (vel=0.0005, acc=0.0007, lin=0.2437, stab=0.0000) | val_vel_rmse_mean=0.06280 @K=0.10868 slope=0.793 inst=1.216 spec=1.000 | 6.9s
2026-05-15 23:29:51,084 - INFO - Epoch [014/50] pl=12 LR=2.06e-04 Ltot=0.0009 (vel=0.0005, acc=0.0007, lin=0.2384, stab=0.0000) | val_vel_rmse_mean=0.05363 @K=0.09199 slope=0.790 inst=1.210 spec=1.000 | 6.2s
2026-05-15 23:29:51,089 - INFO -   ↳ new best [composite]=0.0648721 (vel_rmse_mean=0.0536281, inst=1.20967, epoch 14)
2026-05-15 23:29:57,720 - INFO - Epoch [015/50] pl=12 LR=1.46e-04 Ltot=0.0009 (vel=0.0005, acc=0.0007, lin=0.2338, stab=0.0000) | val_vel_rmse_mean=0.04639 @K=0.07888 slope=0.790 inst=1.207 spec=1.000 | 6.6s
2026-05-15 23:29:57,725 - INFO -   ↳ new best [composite]=0.0559961 (vel_rmse_mean=0.0463928, inst=1.207, epoch 15)
2026-05-15 23:29:57,725 - INFO - [Curriculum] pred_len -> 14; rebuilding dataloaders...
2026-05-15 23:29:57,771 - INFO - Dataset[TRAIN] koopman_train_merged.npz | segments=99 | samples=196515 | pred_len=14 | stride=1
2026-05-15 23:29:57,777 - INFO - Dataset[VAL] koopman_val.npz | segments=3 | samples=35955 | pred_len=14 | stride=1
2026-05-15 23:30:05,265 - INFO - Epoch [016/50] pl=14 LR=9.55e-05 Ltot=0.0010 (vel=0.0006, acc=0.0007, lin=0.2754, stab=0.0000) | val_vel_rmse_mean=0.04594 @K=0.08064 slope=0.799 inst=1.301 spec=1.000 | 7.5s
2026-05-15 23:30:13,183 - INFO - Epoch [017/50] pl=14 LR=5.45e-05 Ltot=0.0010 (vel=0.0006, acc=0.0007, lin=0.2716, stab=0.0000) | val_vel_rmse_mean=0.04056 @K=0.07034 slope=0.800 inst=1.299 spec=1.000 | 7.9s
2026-05-15 23:30:13,189 - INFO -   ↳ new best [composite]=0.0526755 (vel_rmse_mean=0.0405648, inst=1.29855, epoch 17)
2026-05-15 23:30:20,853 - INFO - Epoch [018/50] pl=14 LR=2.45e-05 Ltot=0.0010 (vel=0.0006, acc=0.0006, lin=0.2689, stab=0.0000) | val_vel_rmse_mean=0.03614 @K=0.06203 slope=0.802 inst=1.300 spec=1.001 | 7.7s
2026-05-15 23:30:20,858 - INFO -   ↳ new best [composite]=0.0469622 (vel_rmse_mean=0.0361377, inst=1.29953, epoch 18)
2026-05-15 23:30:20,858 - INFO - [Curriculum] pred_len -> 16; rebuilding dataloaders...
2026-05-15 23:30:20,900 - INFO - Dataset[TRAIN] koopman_train_merged.npz | segments=99 | samples=196317 | pred_len=16 | stride=1
2026-05-15 23:30:20,905 - INFO - Dataset[VAL] koopman_val.npz | segments=3 | samples=35949 | pred_len=16 | stride=1
2026-05-15 23:30:29,395 - INFO - Epoch [019/50] pl=16 LR=6.16e-06 Ltot=0.0012 (vel=0.0008, acc=0.0006, lin=0.3114, stab=0.0000) | val_vel_rmse_mean=0.03604 @K=0.06302 slope=0.810 inst=1.392 spec=1.001 | 8.5s
2026-05-15 23:30:38,752 - INFO - Epoch [020/50] pl=16 LR=1.00e-03 Ltot=0.0012 (vel=0.0008, acc=0.0006, lin=0.3107, stab=0.0000) | val_vel_rmse_mean=0.03262 @K=0.05649 slope=0.814 inst=1.396 spec=1.000 | 9.4s
2026-05-15 23:30:38,758 - INFO -   ↳ new best [composite]=0.0455318 (vel_rmse_mean=0.0326161, inst=1.39599, epoch 20)
2026-05-15 23:30:47,900 - INFO - Epoch [021/50] pl=16 LR=9.98e-04 Ltot=0.0030 (vel=0.0018, acc=0.0014, lin=0.3820, stab=0.0000) | val_vel_rmse_mean=0.02842 @K=0.04658 slope=0.785 inst=1.323 spec=0.999 | 9.1s
2026-05-15 23:30:47,904 - INFO -   ↳ new best [composite]=0.0375919 (vel_rmse_mean=0.0284191, inst=1.32277, epoch 21)
2026-05-15 23:30:47,904 - INFO - [Curriculum] pred_len -> 18; rebuilding dataloaders...
2026-05-15 23:30:47,943 - INFO - Dataset[TRAIN] koopman_train_merged.npz | segments=99 | samples=196119 | pred_len=18 | stride=1
2026-05-15 23:30:47,948 - INFO - Dataset[VAL] koopman_val.npz | segments=3 | samples=35943 | pred_len=18 | stride=1
2026-05-15 23:30:57,331 - INFO - Epoch [022/50] pl=18 LR=9.94e-04 Ltot=0.0028 (vel=0.0018, acc=0.0011, lin=0.4211, stab=0.0000) | val_vel_rmse_mean=0.02645 @K=0.04094 slope=0.734 inst=1.276 spec=0.999 | 9.4s
2026-05-15 23:30:57,337 - INFO -   ↳ new best [composite]=0.033744 (vel_rmse_mean=0.0264514, inst=1.2757, epoch 22)
2026-05-15 23:31:06,497 - INFO - Epoch [023/50] pl=18 LR=9.86e-04 Ltot=0.0025 (vel=0.0016, acc=0.0010, lin=0.4132, stab=0.0000) | val_vel_rmse_mean=0.02371 @K=0.03675 slope=0.723 inst=1.259 spec=0.999 | 9.2s
2026-05-15 23:31:06,501 - INFO -   ↳ new best [composite]=0.0298501 (vel_rmse_mean=0.0237134, inst=1.25878, epoch 23)
2026-05-15 23:31:16,326 - INFO - Epoch [024/50] pl=18 LR=9.76e-04 Ltot=0.0027 (vel=0.0018, acc=0.0011, lin=0.4126, stab=0.0000) | val_vel_rmse_mean=0.02241 @K=0.03618 slope=0.741 inst=1.302 spec=0.998 | 9.8s
2026-05-15 23:31:16,332 - INFO -   ↳ new best [composite]=0.0291751 (vel_rmse_mean=0.0224062, inst=1.3021, epoch 24)
2026-05-15 23:31:16,332 - INFO - [Curriculum] pred_len -> 20; rebuilding dataloaders...
2026-05-15 23:31:16,373 - INFO - Dataset[TRAIN] koopman_train_merged.npz | segments=99 | samples=195921 | pred_len=20 | stride=1
2026-05-15 23:31:16,379 - INFO - Dataset[VAL] koopman_val.npz | segments=3 | samples=35937 | pred_len=20 | stride=1
2026-05-15 23:31:26,218 - INFO - Epoch [025/50] pl=20 LR=9.62e-04 Ltot=0.0030 (vel=0.0020, acc=0.0010, lin=0.4276, stab=0.0000) | val_vel_rmse_mean=0.02359 @K=0.04018 slope=0.775 inst=1.441 spec=0.998 | 9.8s
2026-05-15 23:31:35,987 - INFO - Epoch [026/50] pl=20 LR=9.46e-04 Ltot=0.0028 (vel=0.0019, acc=0.0010, lin=0.4191, stab=0.0000) | val_vel_rmse_mean=0.02327 @K=0.04077 slope=0.811 inst=1.528 spec=0.999 | 9.8s
2026-05-15 23:31:45,619 - INFO - Epoch [027/50] pl=20 LR=9.26e-04 Ltot=0.0027 (vel=0.0018, acc=0.0009, lin=0.4186, stab=0.0000) | val_vel_rmse_mean=0.02281 @K=0.04047 slope=0.833 inst=1.583 spec=0.998 | 9.6s
2026-05-15 23:31:55,525 - INFO - Epoch [028/50] pl=20 LR=9.05e-04 Ltot=0.0030 (vel=0.0020, acc=0.0010, lin=0.4155, stab=0.0000) | val_vel_rmse_mean=0.02256 @K=0.04016 slope=0.842 inst=1.607 spec=0.999 | 9.9s
2026-05-15 23:32:03,961 - INFO - Epoch [029/50] pl=20 LR=8.80e-04 Ltot=0.0027 (vel=0.0018, acc=0.0009, lin=0.4161, stab=0.0000) | val_vel_rmse_mean=0.02196 @K=0.03946 slope=0.862 inst=1.663 spec=0.999 | 8.4s
2026-05-15 23:32:12,587 - INFO - Epoch [030/50] pl=20 LR=8.54e-04 Ltot=0.0025 (vel=0.0017, acc=0.0009, lin=0.4155, stab=0.0000) | val_vel_rmse_mean=0.02155 @K=0.03869 slope=0.872 inst=1.692 spec=0.999 | 8.6s
2026-05-15 23:32:21,412 - INFO - Epoch [031/50] pl=20 LR=8.25e-04 Ltot=0.0028 (vel=0.0018, acc=0.0009, lin=0.4156, stab=0.0000) | val_vel_rmse_mean=0.02078 @K=0.03745 slope=0.889 inst=1.745 spec=0.998 | 8.8s
2026-05-15 23:32:29,200 - INFO - Epoch [032/50] pl=20 LR=7.94e-04 Ltot=0.0024 (vel=0.0016, acc=0.0008, lin=0.4151, stab=0.0000) | val_vel_rmse_mean=0.02016 @K=0.03622 slope=0.893 inst=1.756 spec=0.998 | 7.8s
2026-05-15 23:32:37,411 - INFO - Epoch [033/50] pl=20 LR=7.61e-04 Ltot=0.0022 (vel=0.0015, acc=0.0008, lin=0.4130, stab=0.0000) | val_vel_rmse_mean=0.01959 @K=0.03515 slope=0.896 inst=1.765 spec=0.997 | 8.2s
2026-05-15 23:32:46,864 - INFO - Epoch [034/50] pl=20 LR=7.27e-04 Ltot=0.0024 (vel=0.0017, acc=0.0008, lin=0.4139, stab=0.0000) | val_vel_rmse_mean=0.01892 @K=0.03383 slope=0.899 inst=1.774 spec=0.998 | 9.4s
2026-05-15 23:32:56,729 - INFO - Epoch [035/50] pl=20 LR=6.91e-04 Ltot=0.0022 (vel=0.0015, acc=0.0007, lin=0.4140, stab=0.0000) | val_vel_rmse_mean=0.01839 @K=0.03291 slope=0.905 inst=1.794 spec=0.998 | 9.9s
2026-05-15 23:33:06,418 - INFO - Epoch [036/50] pl=20 LR=6.55e-04 Ltot=0.0022 (vel=0.0015, acc=0.0008, lin=0.4154, stab=0.0000) | val_vel_rmse_mean=0.01770 @K=0.03185 slope=0.918 inst=1.842 spec=0.997 | 9.7s
2026-05-15 23:33:16,530 - INFO - Epoch [037/50] pl=20 LR=6.17e-04 Ltot=0.0021 (vel=0.0014, acc=0.0007, lin=0.4140, stab=0.0000) | val_vel_rmse_mean=0.01725 @K=0.03121 slope=0.930 inst=1.883 spec=0.997 | 10.1s
2026-05-15 23:33:26,188 - INFO - Epoch [038/50] pl=20 LR=5.78e-04 Ltot=0.0020 (vel=0.0014, acc=0.0007, lin=0.4112, stab=0.0000) | val_vel_rmse_mean=0.01687 @K=0.03051 slope=0.930 inst=1.884 spec=0.997 | 9.7s
2026-05-15 23:33:35,949 - INFO - Epoch [039/50] pl=20 LR=5.39e-04 Ltot=0.0019 (vel=0.0013, acc=0.0007, lin=0.4097, stab=0.0000) | val_vel_rmse_mean=0.01656 @K=0.02993 slope=0.931 inst=1.889 spec=0.997 | 9.8s
2026-05-15 23:33:45,926 - INFO - Epoch [040/50] pl=20 LR=5.00e-04 Ltot=0.0019 (vel=0.0013, acc=0.0007, lin=0.4112, stab=0.0000) | val_vel_rmse_mean=0.01620 @K=0.02945 slope=0.944 inst=1.941 spec=0.997 | 10.0s
2026-05-15 23:33:55,427 - INFO - Epoch [041/50] pl=20 LR=4.61e-04 Ltot=0.0018 (vel=0.0012, acc=0.0006, lin=0.4086, stab=0.0000) | val_vel_rmse_mean=0.01603 @K=0.02934 slope=0.959 inst=2.000 spec=0.996 | 9.5s
2026-05-15 23:34:04,598 - INFO - Epoch [042/50] pl=20 LR=4.22e-04 Ltot=0.0017 (vel=0.0012, acc=0.0006, lin=0.4091, stab=0.0000) | val_vel_rmse_mean=0.01588 @K=0.02921 slope=0.971 inst=2.051 spec=0.995 | 9.2s
2026-05-15 23:34:14,191 - INFO - Epoch [043/50] pl=20 LR=3.83e-04 Ltot=0.0017 (vel=0.0012, acc=0.0006, lin=0.4085, stab=0.0000) | val_vel_rmse_mean=0.01569 @K=0.02901 slope=0.987 inst=2.121 spec=0.995 | 9.6s
2026-05-15 23:34:24,237 - INFO - Epoch [044/50] pl=20 LR=3.45e-04 Ltot=0.0017 (vel=0.0012, acc=0.0006, lin=0.4069, stab=0.0000) | val_vel_rmse_mean=0.01561 @K=0.02901 slope=0.998 inst=2.173 spec=0.995 | 10.0s
2026-05-15 23:34:34,121 - INFO - Epoch [045/50] pl=20 LR=3.09e-04 Ltot=0.0016 (vel=0.0012, acc=0.0006, lin=0.4063, stab=0.0000) | val_vel_rmse_mean=0.01568 @K=0.02918 slope=1.006 inst=2.208 spec=0.995 | 9.9s
2026-05-15 23:34:43,566 - INFO - Epoch [046/50] pl=20 LR=2.73e-04 Ltot=0.0015 (vel=0.0011, acc=0.0006, lin=0.4057, stab=0.0000) | val_vel_rmse_mean=0.01572 @K=0.02933 slope=1.012 inst=2.238 spec=0.996 | 9.4s
2026-05-15 23:34:53,300 - INFO - Epoch [047/50] pl=20 LR=2.39e-04 Ltot=0.0016 (vel=0.0011, acc=0.0006, lin=0.4046, stab=0.0000) | val_vel_rmse_mean=0.01568 @K=0.02938 slope=1.022 inst=2.289 spec=0.997 | 9.7s
2026-05-15 23:35:02,754 - INFO - Epoch [048/50] pl=20 LR=2.06e-04 Ltot=0.0015 (vel=0.0011, acc=0.0005, lin=0.4032, stab=0.0000) | val_vel_rmse_mean=0.01577 @K=0.02959 slope=1.025 inst=2.301 spec=0.998 | 9.4s
2026-05-15 23:35:12,124 - INFO - Epoch [049/50] pl=20 LR=1.75e-04 Ltot=0.0015 (vel=0.0011, acc=0.0005, lin=0.4018, stab=0.0000) | val_vel_rmse_mean=0.01561 @K=0.02935 slope=1.028 inst=2.320 spec=1.000 | 9.4s
2026-05-15 23:35:20,612 - INFO - Epoch [050/50] pl=20 LR=1.46e-04 Ltot=0.0014 (vel=0.0010, acc=0.0005, lin=0.3998, stab=0.0000) | val_vel_rmse_mean=0.01549 @K=0.02922 slope=1.033 inst=2.343 spec=1.000 | 8.5s
2026-05-15 23:35:20,637 - INFO - Exported YAML -> checkpoints/koopman_best.yaml
2026-05-15 23:35:26,263 - INFO - 
=== QUANTITATIVE VERDICT (test set) ===
vel_rmse@1=0.000965332  vel_rmse@5=0.0039935  vel_rmse@10=0.00786573  vel_rmse@20=0.0188696
divergence: ratio20/1=19.5473  slope_loglog=0.994562  lyapunov_like=0.156465
instability_score=2.15692  monotonic_increasing=True  divergent_sample_pct=89.2005%
bias: u=-0.00256477  v=-0.000730502  r=+2.18401e-05
fit_quality: R^2(u,v,r) = 0.9994 / 0.9999 / 0.9996
========================================

2026-05-15 23:35:26,263 - INFO - Per-5-epoch summary:
2026-05-15 23:35:26,263 - INFO - ep | lr | L_total | L_vel | L_acc | L_lin | val_vel_mean | val_vel@K | val_traj_xy@K | slope_ll | inst | spec
2026-05-15 23:35:26,263 - INFO -   001 | 9.94e-04 | 0.0111 | 0.0021 | 0.0158 | 0.0280 | 0.27740 | 0.43021 | 0.1107 | 0.932 | 0.978 | 1.011
2026-05-15 23:35:26,263 - INFO -   005 | 8.54e-04 | 0.0006 | 0.0001 | 0.0008 | 0.0749 | 0.17038 | 0.27304 | 0.1017 | 0.875 | 1.044 | 1.001
2026-05-15 23:35:26,263 - INFO -   010 | 5.00e-04 | 0.0009 | 0.0004 | 0.0008 | 0.2015 | 0.09260 | 0.15525 | 0.0901 | 0.804 | 1.149 | 1.000
2026-05-15 23:35:26,263 - INFO -   015 | 1.46e-04 | 0.0009 | 0.0005 | 0.0007 | 0.2338 | 0.04639 | 0.07888 | 0.0537 | 0.790 | 1.207 | 1.000
2026-05-15 23:35:26,263 - INFO -   020 | 1.00e-03 | 0.0012 | 0.0008 | 0.0006 | 0.3107 | 0.03262 | 0.05649 | 0.0509 | 0.814 | 1.396 | 1.000
2026-05-15 23:35:26,263 - INFO -   025 | 9.62e-04 | 0.0030 | 0.0020 | 0.0010 | 0.4276 | 0.02359 | 0.04018 | 0.0451 | 0.775 | 1.441 | 0.998
2026-05-15 23:35:26,263 - INFO -   030 | 8.54e-04 | 0.0025 | 0.0017 | 0.0009 | 0.4155 | 0.02155 | 0.03869 | 0.0416 | 0.872 | 1.692 | 0.999
2026-05-15 23:35:26,263 - INFO -   035 | 6.91e-04 | 0.0022 | 0.0015 | 0.0007 | 0.4140 | 0.01839 | 0.03291 | 0.0358 | 0.905 | 1.794 | 0.998
2026-05-15 23:35:26,263 - INFO -   040 | 5.00e-04 | 0.0019 | 0.0013 | 0.0007 | 0.4112 | 0.01620 | 0.02945 | 0.0316 | 0.944 | 1.941 | 0.997
2026-05-15 23:35:26,263 - INFO -   045 | 3.09e-04 | 0.0016 | 0.0012 | 0.0006 | 0.4063 | 0.01568 | 0.02918 | 0.0308 | 1.006 | 2.208 | 0.995
2026-05-15 23:35:26,263 - INFO -   050 | 1.46e-04 | 0.0014 | 0.0010 | 0.0005 | 0.3998 | 0.01549 | 0.02922 | 0.0305 | 1.033 | 2.343 | 1.000
