2026-05-16 00:00:04,286 - INFO - Dataset[TRAIN] koopman_train_merged.npz | segments=99 | samples=197505 | pred_len=4 | stride=1
2026-05-16 00:00:04,291 - INFO - Dataset[VAL] koopman_val.npz | segments=3 | samples=35985 | pred_len=4 | stride=1
2026-05-16 00:00:04,886 - INFO - ================================================================================
2026-05-16 00:00:04,886 - INFO - Device: cpu | AMP: False
2026-05-16 00:00:04,886 - INFO - Train data: koopman_train_merged.npz | Val: koopman_val.npz | Test: koopman_test.npz
2026-05-16 00:00:04,886 - INFO - Batch: 1024 | Workers: 4 | Seed: 42
2026-05-16 00:00:04,886 - INFO - Curriculum pred_len: start=4 max=20 grow_every=3 stride=1
2026-05-16 00:00:04,886 - INFO - Loss weights: w_vel=1.0 w_acc=0.5 w_lin=0.0 w_recon=0.0 w_stab=5.0 w_l2=0.0001 gamma_step=1.2 huber_beta=0.1 rho_max=0.999
2026-05-16 00:00:04,886 - INFO - Train samples: 197505 | Val samples: 35985 | Params: 12344
2026-05-16 00:00:04,886 - INFO - Initial spectral radius (I+A): 1.04421
2026-05-16 00:00:04,886 - INFO - ================================================================================
2026-05-16 00:00:09,419 - INFO - Epoch [001/60] pl=4 LR=9.94e-04 Ltot=0.0146 (vel=0.0065, acc=0.0152, lin=0.0268, stab=0.0001) | val_vel_rmse_mean=0.27858 @K=0.43232 slope=0.934 inst=0.979 spec=1.003 | 4.5s
2026-05-16 00:00:09,426 - INFO -   ↳ new best [composite]=0.278581 (vel_rmse_mean=0.278581, inst=0.979452, epoch 1)
2026-05-16 00:00:14,397 - INFO - Epoch [002/60] pl=4 LR=9.76e-04 Ltot=0.0055 (vel=0.0045, acc=0.0018, lin=0.0271, stab=0.0000) | val_vel_rmse_mean=0.23093 @K=0.35676 slope=0.925 inst=0.973 spec=0.999 | 5.0s
2026-05-16 00:00:14,401 - INFO -   ↳ new best [composite]=0.230931 (vel_rmse_mean=0.230931, inst=0.973318, epoch 2)
2026-05-16 00:00:19,135 - INFO - Epoch [003/60] pl=4 LR=9.46e-04 Ltot=0.0054 (vel=0.0045, acc=0.0016, lin=0.0308, stab=0.0000) | val_vel_rmse_mean=0.19178 @K=0.29537 slope=0.918 inst=0.969 spec=0.998 | 4.7s
2026-05-16 00:00:19,140 - INFO -   ↳ new best [composite]=0.191777 (vel_rmse_mean=0.191777, inst=0.96918, epoch 3)
2026-05-16 00:00:19,140 - INFO - [Curriculum] pred_len -> 6; rebuilding dataloaders...
2026-05-16 00:00:19,182 - INFO - Dataset[TRAIN] koopman_train_merged.npz | segments=99 | samples=197307 | pred_len=6 | stride=1
2026-05-16 00:00:19,186 - INFO - Dataset[VAL] koopman_val.npz | segments=3 | samples=35979 | pred_len=6 | stride=1
2026-05-16 00:00:24,346 - INFO - Epoch [004/60] pl=6 LR=9.05e-04 Ltot=0.0052 (vel=0.0045, acc=0.0012, lin=0.0697, stab=0.0000) | val_vel_rmse_mean=0.21325 @K=0.34460 slope=0.894 inst=1.062 spec=0.998 | 5.1s
2026-05-16 00:00:29,960 - INFO - Epoch [005/60] pl=6 LR=8.54e-04 Ltot=0.0051 (vel=0.0044, acc=0.0010, lin=0.0832, stab=0.0000) | val_vel_rmse_mean=0.17592 @K=0.28261 slope=0.884 inst=1.052 spec=0.997 | 5.6s
2026-05-16 00:00:29,965 - INFO -   ↳ new best [composite]=0.185141 (vel_rmse_mean=0.175919, inst=1.05242, epoch 5)
2026-05-16 00:00:35,477 - INFO - Epoch [006/60] pl=6 LR=7.94e-04 Ltot=0.0051 (vel=0.0044, acc=0.0010, lin=0.0945, stab=0.0000) | val_vel_rmse_mean=0.14562 @K=0.23261 slope=0.875 inst=1.044 spec=0.997 | 5.5s
2026-05-16 00:00:35,482 - INFO -   ↳ new best [composite]=0.151979 (vel_rmse_mean=0.145617, inst=1.04369, epoch 6)
2026-05-16 00:00:35,482 - INFO - [Curriculum] pred_len -> 8; rebuilding dataloaders...
2026-05-16 00:00:35,524 - INFO - Dataset[TRAIN] koopman_train_merged.npz | segments=99 | samples=197109 | pred_len=8 | stride=1
2026-05-16 00:00:35,529 - INFO - Dataset[VAL] koopman_val.npz | segments=3 | samples=35973 | pred_len=8 | stride=1
2026-05-16 00:00:41,660 - INFO - Epoch [007/60] pl=8 LR=7.27e-04 Ltot=0.0051 (vel=0.0045, acc=0.0010, lin=0.1485, stab=0.0000) | val_vel_rmse_mean=0.14600 @K=0.23758 slope=0.847 inst=1.111 spec=0.997 | 6.1s
2026-05-16 00:00:48,268 - INFO - Epoch [008/60] pl=8 LR=6.55e-04 Ltot=0.0051 (vel=0.0044, acc=0.0009, lin=0.1580, stab=0.0000) | val_vel_rmse_mean=0.11867 @K=0.19138 slope=0.831 inst=1.093 spec=0.997 | 6.6s
2026-05-16 00:00:48,273 - INFO -   ↳ new best [composite]=0.129742 (vel_rmse_mean=0.11867, inst=1.0933, epoch 8)
2026-05-16 00:00:54,568 - INFO - Epoch [009/60] pl=8 LR=5.78e-04 Ltot=0.0050 (vel=0.0044, acc=0.0009, lin=0.1654, stab=0.0000) | val_vel_rmse_mean=0.09634 @K=0.15370 slope=0.814 inst=1.074 spec=0.997 | 6.3s
2026-05-16 00:00:54,573 - INFO -   ↳ new best [composite]=0.103477 (vel_rmse_mean=0.0963376, inst=1.07411, epoch 9)
2026-05-16 00:00:54,573 - INFO - [Curriculum] pred_len -> 10; rebuilding dataloaders...
2026-05-16 00:00:54,612 - INFO - Dataset[TRAIN] koopman_train_merged.npz | segments=99 | samples=196911 | pred_len=10 | stride=1
2026-05-16 00:00:54,617 - INFO - Dataset[VAL] koopman_val.npz | segments=3 | samples=35967 | pred_len=10 | stride=1
2026-05-16 00:01:01,416 - INFO - Epoch [010/60] pl=10 LR=5.00e-04 Ltot=0.0052 (vel=0.0045, acc=0.0009, lin=0.2215, stab=0.0000) | val_vel_rmse_mean=0.09099 @K=0.14760 slope=0.785 inst=1.121 spec=0.997 | 6.8s
2026-05-16 00:01:01,423 - INFO -   ↳ new best [composite]=0.10199 (vel_rmse_mean=0.0909894, inst=1.1209, epoch 10)
2026-05-16 00:01:08,299 - INFO - Epoch [011/60] pl=10 LR=4.22e-04 Ltot=0.0050 (vel=0.0045, acc=0.0009, lin=0.2231, stab=0.0000) | val_vel_rmse_mean=0.07397 @K=0.11790 slope=0.762 inst=1.092 spec=0.998 | 6.9s
2026-05-16 00:01:08,305 - INFO -   ↳ new best [composite]=0.0807517 (vel_rmse_mean=0.0739685, inst=1.0917, epoch 11)
2026-05-16 00:01:15,196 - INFO - Epoch [012/60] pl=10 LR=3.45e-04 Ltot=0.0050 (vel=0.0045, acc=0.0009, lin=0.2248, stab=0.0000) | val_vel_rmse_mean=0.05982 @K=0.09372 slope=0.740 inst=1.065 spec=0.998 | 6.9s
2026-05-16 00:01:15,201 - INFO -   ↳ new best [composite]=0.0636811 (vel_rmse_mean=0.0598186, inst=1.06457, epoch 12)
2026-05-16 00:01:15,201 - INFO - [Curriculum] pred_len -> 12; rebuilding dataloaders...
2026-05-16 00:01:15,240 - INFO - Dataset[TRAIN] koopman_train_merged.npz | segments=99 | samples=196713 | pred_len=12 | stride=1
2026-05-16 00:01:15,245 - INFO - Dataset[VAL] koopman_val.npz | segments=3 | samples=35961 | pred_len=12 | stride=1
2026-05-16 00:01:22,560 - INFO - Epoch [013/60] pl=12 LR=2.73e-04 Ltot=0.0051 (vel=0.0046, acc=0.0009, lin=0.2761, stab=0.0000) | val_vel_rmse_mean=0.05436 @K=0.08755 slope=0.712 inst=1.099 spec=0.998 | 7.3s
2026-05-16 00:01:22,565 - INFO -   ↳ new best [composite]=0.0597226 (vel_rmse_mean=0.0543563, inst=1.09872, epoch 13)
2026-05-16 00:01:30,490 - INFO - Epoch [014/60] pl=12 LR=2.06e-04 Ltot=0.0051 (vel=0.0045, acc=0.0008, lin=0.2747, stab=0.0000) | val_vel_rmse_mean=0.04459 @K=0.06994 slope=0.685 inst=1.063 spec=0.998 | 7.9s
2026-05-16 00:01:30,496 - INFO -   ↳ new best [composite]=0.0473947 (vel_rmse_mean=0.0445903, inst=1.06289, epoch 14)
2026-05-16 00:01:38,374 - INFO - Epoch [015/60] pl=12 LR=1.46e-04 Ltot=0.0050 (vel=0.0045, acc=0.0008, lin=0.2729, stab=0.0000) | val_vel_rmse_mean=0.03712 @K=0.05647 slope=0.660 inst=1.030 spec=0.999 | 7.9s
2026-05-16 00:01:38,379 - INFO -   ↳ new best [composite]=0.038234 (vel_rmse_mean=0.0371179, inst=1.03007, epoch 15)
2026-05-16 00:01:38,379 - INFO - [Curriculum] pred_len -> 14; rebuilding dataloaders...
2026-05-16 00:01:38,421 - INFO - Dataset[TRAIN] koopman_train_merged.npz | segments=99 | samples=196515 | pred_len=14 | stride=1
2026-05-16 00:01:38,426 - INFO - Dataset[VAL] koopman_val.npz | segments=3 | samples=35955 | pred_len=14 | stride=1
2026-05-16 00:01:46,623 - INFO - Epoch [016/60] pl=14 LR=9.55e-05 Ltot=0.0052 (vel=0.0047, acc=0.0008, lin=0.3177, stab=0.0000) | val_vel_rmse_mean=0.03465 @K=0.05406 slope=0.632 inst=1.052 spec=0.998 | 8.2s
2026-05-16 00:01:46,629 - INFO -   ↳ new best [composite]=0.0364341 (vel_rmse_mean=0.034647, inst=1.05158, epoch 16)
2026-05-16 00:01:54,807 - INFO - Epoch [017/60] pl=14 LR=5.45e-05 Ltot=0.0051 (vel=0.0046, acc=0.0008, lin=0.3152, stab=0.0000) | val_vel_rmse_mean=0.03024 @K=0.04475 slope=0.603 inst=1.009 spec=0.998 | 8.2s
2026-05-16 00:01:54,812 - INFO -   ↳ new best [composite]=0.0305188 (vel_rmse_mean=0.0302448, inst=1.00906, epoch 17)
2026-05-16 00:02:03,050 - INFO - Epoch [018/60] pl=14 LR=2.45e-05 Ltot=0.0051 (vel=0.0046, acc=0.0008, lin=0.3136, stab=0.0000) | val_vel_rmse_mean=0.02711 @K=0.03806 slope=0.583 inst=0.977 spec=0.998 | 8.2s
2026-05-16 00:02:03,054 - INFO -   ↳ new best [composite]=0.0271064 (vel_rmse_mean=0.0271064, inst=0.976775, epoch 18)
2026-05-16 00:02:03,054 - INFO - [Curriculum] pred_len -> 16; rebuilding dataloaders...
2026-05-16 00:02:03,095 - INFO - Dataset[TRAIN] koopman_train_merged.npz | segments=99 | samples=196317 | pred_len=16 | stride=1
2026-05-16 00:02:03,100 - INFO - Dataset[VAL] koopman_val.npz | segments=3 | samples=35949 | pred_len=16 | stride=1
2026-05-16 00:02:11,715 - INFO - Epoch [019/60] pl=16 LR=6.16e-06 Ltot=0.0052 (vel=0.0048, acc=0.0008, lin=0.3563, stab=0.0000) | val_vel_rmse_mean=0.02663 @K=0.03731 slope=0.554 inst=0.982 spec=0.999 | 8.6s
2026-05-16 00:02:11,720 - INFO -   ↳ new best [composite]=0.0266277 (vel_rmse_mean=0.0266277, inst=0.981766, epoch 19)
2026-05-16 00:02:20,620 - INFO - Epoch [020/60] pl=16 LR=1.00e-03 Ltot=0.0052 (vel=0.0047, acc=0.0007, lin=0.3558, stab=0.0000) | val_vel_rmse_mean=0.02509 @K=0.03296 slope=0.540 inst=0.953 spec=0.999 | 8.9s
2026-05-16 00:02:20,625 - INFO -   ↳ new best [composite]=0.0250942 (vel_rmse_mean=0.0250942, inst=0.95261, epoch 20)
2026-05-16 00:02:29,795 - INFO - Epoch [021/60] pl=16 LR=9.98e-04 Ltot=0.0064 (vel=0.0054, acc=0.0012, lin=0.3724, stab=0.0000) | val_vel_rmse_mean=0.02458 @K=0.03152 slope=0.562 inst=0.968 spec=0.996 | 9.2s
2026-05-16 00:02:29,801 - INFO -   ↳ new best [composite]=0.0245778 (vel_rmse_mean=0.0245778, inst=0.967823, epoch 21)
2026-05-16 00:02:29,801 - INFO - [Curriculum] pred_len -> 18; rebuilding dataloaders...
2026-05-16 00:02:29,842 - INFO - Dataset[TRAIN] koopman_train_merged.npz | segments=99 | samples=196119 | pred_len=18 | stride=1
2026-05-16 00:02:29,847 - INFO - Dataset[VAL] koopman_val.npz | segments=3 | samples=35943 | pred_len=18 | stride=1
2026-05-16 00:02:40,142 - INFO - Epoch [022/60] pl=18 LR=9.94e-04 Ltot=0.0063 (vel=0.0054, acc=0.0010, lin=0.4104, stab=0.0000) | val_vel_rmse_mean=0.02487 @K=0.03114 slope=0.537 inst=0.965 spec=0.997 | 10.3s
2026-05-16 00:02:49,696 - INFO - Epoch [023/60] pl=18 LR=9.86e-04 Ltot=0.0062 (vel=0.0054, acc=0.0010, lin=0.4048, stab=0.0000) | val_vel_rmse_mean=0.02393 @K=0.02930 slope=0.529 inst=0.951 spec=0.998 | 9.5s
2026-05-16 00:02:49,701 - INFO -   ↳ new best [composite]=0.0239291 (vel_rmse_mean=0.0239291, inst=0.950947, epoch 23)
2026-05-16 00:03:00,218 - INFO - Epoch [024/60] pl=18 LR=9.76e-04 Ltot=0.0063 (vel=0.0054, acc=0.0010, lin=0.4041, stab=0.0000) | val_vel_rmse_mean=0.02369 @K=0.02939 slope=0.541 inst=0.964 spec=0.998 | 10.5s
2026-05-16 00:03:00,224 - INFO -   ↳ new best [composite]=0.0236935 (vel_rmse_mean=0.0236935, inst=0.963917, epoch 24)
2026-05-16 00:03:00,224 - INFO - [Curriculum] pred_len -> 20; rebuilding dataloaders...
2026-05-16 00:03:00,264 - INFO - Dataset[TRAIN] koopman_train_merged.npz | segments=99 | samples=195921 | pred_len=20 | stride=1
2026-05-16 00:03:00,269 - INFO - Dataset[VAL] koopman_val.npz | segments=3 | samples=35937 | pred_len=20 | stride=1
2026-05-16 00:03:11,126 - INFO - Epoch [025/60] pl=20 LR=9.62e-04 Ltot=0.0066 (vel=0.0057, acc=0.0010, lin=0.4215, stab=0.0000) | val_vel_rmse_mean=0.02408 @K=0.03013 slope=0.530 inst=0.980 spec=0.998 | 10.8s
2026-05-16 00:03:20,634 - INFO - Epoch [026/60] pl=20 LR=9.46e-04 Ltot=0.0066 (vel=0.0057, acc=0.0010, lin=0.4180, stab=0.0000) | val_vel_rmse_mean=0.02443 @K=0.03144 slope=0.554 inst=1.011 spec=0.998 | 9.5s
2026-05-16 00:03:31,342 - INFO - Epoch [027/60] pl=20 LR=9.26e-04 Ltot=0.0063 (vel=0.0055, acc=0.0009, lin=0.4180, stab=0.0000) | val_vel_rmse_mean=0.02466 @K=0.03231 slope=0.573 inst=1.036 spec=0.998 | 10.7s
2026-05-16 00:03:42,014 - INFO - Epoch [028/60] pl=20 LR=9.05e-04 Ltot=0.0064 (vel=0.0055, acc=0.0009, lin=0.4186, stab=0.0000) | val_vel_rmse_mean=0.02485 @K=0.03314 slope=0.588 inst=1.057 spec=0.998 | 10.7s
2026-05-16 00:03:51,509 - INFO - Epoch [029/60] pl=20 LR=8.80e-04 Ltot=0.0061 (vel=0.0054, acc=0.0009, lin=0.4196, stab=0.0000) | val_vel_rmse_mean=0.02551 @K=0.03464 slope=0.607 inst=1.085 spec=0.998 | 9.5s
2026-05-16 00:04:02,379 - INFO - Epoch [030/60] pl=20 LR=8.54e-04 Ltot=0.0061 (vel=0.0053, acc=0.0008, lin=0.4200, stab=0.0000) | val_vel_rmse_mean=0.02607 @K=0.03599 slope=0.624 inst=1.113 spec=0.998 | 10.9s
2026-05-16 00:04:12,988 - INFO - Epoch [031/60] pl=20 LR=8.25e-04 Ltot=0.0061 (vel=0.0053, acc=0.0008, lin=0.4187, stab=0.0000) | val_vel_rmse_mean=0.02674 @K=0.03762 slope=0.645 inst=1.147 spec=0.998 | 10.6s
2026-05-16 00:04:23,525 - INFO - Epoch [032/60] pl=20 LR=7.94e-04 Ltot=0.0060 (vel=0.0052, acc=0.0008, lin=0.4174, stab=0.0000) | val_vel_rmse_mean=0.02759 @K=0.03943 slope=0.662 inst=1.176 spec=0.997 | 10.5s
2026-05-16 00:04:34,236 - INFO - Epoch [033/60] pl=20 LR=7.61e-04 Ltot=0.0059 (vel=0.0051, acc=0.0008, lin=0.4169, stab=0.0000) | val_vel_rmse_mean=0.02868 @K=0.04156 slope=0.676 inst=1.203 spec=0.998 | 10.7s
2026-05-16 00:04:44,706 - INFO - Epoch [034/60] pl=20 LR=7.27e-04 Ltot=0.0059 (vel=0.0051, acc=0.0008, lin=0.4162, stab=0.0000) | val_vel_rmse_mean=0.02908 @K=0.04259 slope=0.687 inst=1.224 spec=0.998 | 10.5s
2026-05-16 00:04:55,506 - INFO - Epoch [035/60] pl=20 LR=6.91e-04 Ltot=0.0058 (vel=0.0051, acc=0.0008, lin=0.4169, stab=0.0000) | val_vel_rmse_mean=0.02952 @K=0.04363 slope=0.698 inst=1.245 spec=0.997 | 10.8s
2026-05-16 00:05:05,843 - INFO - Epoch [036/60] pl=20 LR=6.55e-04 Ltot=0.0057 (vel=0.0050, acc=0.0007, lin=0.4179, stab=0.0000) | val_vel_rmse_mean=0.03007 @K=0.04473 slope=0.708 inst=1.264 spec=0.997 | 10.3s
2026-05-16 00:05:15,984 - INFO - Epoch [037/60] pl=20 LR=6.17e-04 Ltot=0.0057 (vel=0.0050, acc=0.0007, lin=0.4168, stab=0.0000) | val_vel_rmse_mean=0.03073 @K=0.04600 slope=0.718 inst=1.284 spec=0.998 | 10.1s
2026-05-16 00:05:26,300 - INFO - Epoch [038/60] pl=20 LR=5.78e-04 Ltot=0.0057 (vel=0.0050, acc=0.0007, lin=0.4164, stab=0.0000) | val_vel_rmse_mean=0.03118 @K=0.04692 slope=0.727 inst=1.303 spec=0.998 | 10.3s
2026-05-16 00:05:36,304 - INFO - Epoch [039/60] pl=20 LR=5.39e-04 Ltot=0.0056 (vel=0.0049, acc=0.0007, lin=0.4150, stab=0.0000) | val_vel_rmse_mean=0.03161 @K=0.04765 slope=0.732 inst=1.313 spec=0.998 | 10.0s
2026-05-16 00:05:46,607 - INFO - Epoch [040/60] pl=20 LR=5.00e-04 Ltot=0.0054 (vel=0.0049, acc=0.0007, lin=0.4151, stab=0.0000) | val_vel_rmse_mean=0.03209 @K=0.04845 slope=0.736 inst=1.322 spec=0.998 | 10.3s
2026-05-16 00:05:56,836 - INFO - Epoch [041/60] pl=20 LR=4.61e-04 Ltot=0.0055 (vel=0.0049, acc=0.0007, lin=0.4153, stab=0.0000) | val_vel_rmse_mean=0.03246 @K=0.04904 slope=0.739 inst=1.329 spec=0.998 | 10.2s
2026-05-16 00:06:06,826 - INFO - Epoch [042/60] pl=20 LR=4.22e-04 Ltot=0.0054 (vel=0.0049, acc=0.0007, lin=0.4143, stab=0.0000) | val_vel_rmse_mean=0.03306 @K=0.04995 slope=0.741 inst=1.332 spec=0.998 | 10.0s
2026-05-16 00:06:17,236 - INFO - Epoch [043/60] pl=20 LR=3.83e-04 Ltot=0.0054 (vel=0.0048, acc=0.0006, lin=0.4135, stab=0.0000) | val_vel_rmse_mean=0.03343 @K=0.05054 slope=0.743 inst=1.337 spec=0.997 | 10.4s
2026-05-16 00:06:28,002 - INFO - Epoch [044/60] pl=20 LR=3.45e-04 Ltot=0.0053 (vel=0.0048, acc=0.0006, lin=0.4138, stab=0.0000) | val_vel_rmse_mean=0.03371 @K=0.05103 slope=0.745 inst=1.342 spec=0.998 | 10.8s
2026-05-16 00:06:39,448 - INFO - Epoch [045/60] pl=20 LR=3.09e-04 Ltot=0.0053 (vel=0.0048, acc=0.0006, lin=0.4134, stab=0.0000) | val_vel_rmse_mean=0.03399 @K=0.05149 slope=0.747 inst=1.346 spec=0.998 | 11.4s
2026-05-16 00:06:49,875 - INFO - Epoch [046/60] pl=20 LR=2.73e-04 Ltot=0.0052 (vel=0.0047, acc=0.0006, lin=0.4134, stab=0.0000) | val_vel_rmse_mean=0.03417 @K=0.05179 slope=0.749 inst=1.351 spec=0.998 | 10.4s
2026-05-16 00:06:59,698 - INFO - Epoch [047/60] pl=20 LR=2.39e-04 Ltot=0.0052 (vel=0.0047, acc=0.0006, lin=0.4121, stab=0.0000) | val_vel_rmse_mean=0.03439 @K=0.05211 slope=0.750 inst=1.352 spec=0.998 | 9.8s
2026-05-16 00:07:08,816 - INFO - Epoch [048/60] pl=20 LR=2.06e-04 Ltot=0.0052 (vel=0.0047, acc=0.0006, lin=0.4114, stab=0.0000) | val_vel_rmse_mean=0.03466 @K=0.05248 slope=0.749 inst=1.350 spec=0.998 | 9.1s
2026-05-16 00:07:17,760 - INFO - Epoch [049/60] pl=20 LR=1.75e-04 Ltot=0.0051 (vel=0.0047, acc=0.0006, lin=0.4103, stab=0.0000) | val_vel_rmse_mean=0.03501 @K=0.05299 slope=0.749 inst=1.351 spec=0.998 | 8.9s
2026-05-16 00:07:27,305 - INFO - Epoch [050/60] pl=20 LR=1.46e-04 Ltot=0.0051 (vel=0.0047, acc=0.0006, lin=0.4096, stab=0.0000) | val_vel_rmse_mean=0.03542 @K=0.05355 slope=0.747 inst=1.347 spec=0.998 | 9.5s
2026-05-16 00:07:38,103 - INFO - Epoch [051/60] pl=20 LR=1.20e-04 Ltot=0.0051 (vel=0.0047, acc=0.0006, lin=0.4087, stab=0.0000) | val_vel_rmse_mean=0.03567 @K=0.05388 slope=0.746 inst=1.344 spec=0.996 | 10.8s
2026-05-16 00:07:48,439 - INFO - Epoch [052/60] pl=20 LR=9.55e-05 Ltot=0.0051 (vel=0.0046, acc=0.0006, lin=0.4080, stab=0.0000) | val_vel_rmse_mean=0.03587 @K=0.05408 slope=0.744 inst=1.341 spec=0.997 | 10.3s
2026-05-16 00:07:59,038 - INFO - Epoch [053/60] pl=20 LR=7.37e-05 Ltot=0.0050 (vel=0.0046, acc=0.0006, lin=0.4072, stab=0.0000) | val_vel_rmse_mean=0.03613 @K=0.05435 slope=0.741 inst=1.335 spec=0.998 | 10.6s
2026-05-16 00:08:09,887 - INFO - Epoch [054/60] pl=20 LR=5.45e-05 Ltot=0.0050 (vel=0.0046, acc=0.0006, lin=0.4066, stab=0.0000) | val_vel_rmse_mean=0.03641 @K=0.05468 slope=0.740 inst=1.331 spec=0.998 | 10.8s
2026-05-16 00:08:21,071 - INFO - Epoch [055/60] pl=20 LR=3.81e-05 Ltot=0.0050 (vel=0.0046, acc=0.0006, lin=0.4062, stab=0.0000) | val_vel_rmse_mean=0.03653 @K=0.05475 slope=0.738 inst=1.327 spec=0.998 | 11.2s
2026-05-16 00:08:31,637 - INFO - Epoch [056/60] pl=20 LR=2.45e-05 Ltot=0.0050 (vel=0.0046, acc=0.0006, lin=0.4057, stab=0.0000) | val_vel_rmse_mean=0.03667 @K=0.05489 slope=0.736 inst=1.324 spec=0.998 | 10.6s
2026-05-16 00:08:42,323 - INFO - Epoch [057/60] pl=20 LR=1.38e-05 Ltot=0.0050 (vel=0.0046, acc=0.0006, lin=0.4049, stab=0.0000) | val_vel_rmse_mean=0.03672 @K=0.05484 slope=0.734 inst=1.320 spec=0.998 | 10.7s
2026-05-16 00:08:53,102 - INFO - Epoch [058/60] pl=20 LR=6.16e-06 Ltot=0.0050 (vel=0.0046, acc=0.0006, lin=0.4047, stab=0.0000) | val_vel_rmse_mean=0.03678 @K=0.05480 slope=0.732 inst=1.316 spec=0.999 | 10.8s
2026-05-16 00:09:03,743 - INFO - Epoch [059/60] pl=20 LR=1.54e-06 Ltot=0.0049 (vel=0.0046, acc=0.0006, lin=0.4045, stab=0.0000) | val_vel_rmse_mean=0.03674 @K=0.05464 slope=0.731 inst=1.312 spec=0.998 | 10.6s
2026-05-16 00:09:14,550 - INFO - Epoch [060/60] pl=20 LR=1.00e-03 Ltot=0.0049 (vel=0.0046, acc=0.0006, lin=0.4046, stab=0.0000) | val_vel_rmse_mean=0.03679 @K=0.05461 slope=0.729 inst=1.309 spec=0.999 | 10.8s
2026-05-16 00:09:14,576 - INFO - Exported YAML -> checkpoints/koopman_best.yaml
2026-05-16 00:09:20,220 - INFO - 
=== QUANTITATIVE VERDICT (test set) ===
vel_rmse@1=0.00184738  vel_rmse@5=0.00728396  vel_rmse@10=0.0109818  vel_rmse@20=0.016059
divergence: ratio20/1=8.69286  slope_loglog=0.669505  lyapunov_like=0.113816
instability_score=1.23633  monotonic_increasing=True  divergent_sample_pct=81.7753%
bias: u=-0.00255312  v=-0.000351623  r=-1.63898e-05
fit_quality: R^2(u,v,r) = 0.9994 / 1 / 0.9997
========================================

2026-05-16 00:09:20,220 - INFO - Per-5-epoch summary:
2026-05-16 00:09:20,220 - INFO - ep | lr | L_total | L_vel | L_acc | L_lin | val_vel_mean | val_vel@K | val_traj_xy@K | slope_ll | inst | spec
2026-05-16 00:09:20,220 - INFO -   001 | 9.94e-04 | 0.0146 | 0.0065 | 0.0152 | 0.0268 | 0.27858 | 0.43232 | 0.1112 | 0.934 | 0.979 | 1.003
2026-05-16 00:09:20,220 - INFO -   005 | 8.54e-04 | 0.0051 | 0.0044 | 0.0010 | 0.0832 | 0.17592 | 0.28261 | 0.1051 | 0.884 | 1.052 | 0.997
2026-05-16 00:09:20,220 - INFO -   010 | 5.00e-04 | 0.0052 | 0.0045 | 0.0009 | 0.2215 | 0.09099 | 0.14760 | 0.0890 | 0.785 | 1.121 | 0.997
2026-05-16 00:09:20,220 - INFO -   015 | 1.46e-04 | 0.0050 | 0.0045 | 0.0008 | 0.2729 | 0.03712 | 0.05647 | 0.0425 | 0.660 | 1.030 | 0.999
2026-05-16 00:09:20,220 - INFO -   020 | 1.00e-03 | 0.0052 | 0.0047 | 0.0007 | 0.3558 | 0.02509 | 0.03296 | 0.0381 | 0.540 | 0.953 | 0.999
2026-05-16 00:09:20,220 - INFO -   025 | 9.62e-04 | 0.0066 | 0.0057 | 0.0010 | 0.4215 | 0.02408 | 0.03013 | 0.0464 | 0.530 | 0.980 | 0.998
2026-05-16 00:09:20,220 - INFO -   030 | 8.54e-04 | 0.0061 | 0.0053 | 0.0008 | 0.4200 | 0.02607 | 0.03599 | 0.0511 | 0.624 | 1.113 | 0.998
2026-05-16 00:09:20,220 - INFO -   035 | 6.91e-04 | 0.0058 | 0.0051 | 0.0008 | 0.4169 | 0.02952 | 0.04363 | 0.0583 | 0.698 | 1.245 | 0.997
2026-05-16 00:09:20,220 - INFO -   040 | 5.00e-04 | 0.0054 | 0.0049 | 0.0007 | 0.4151 | 0.03209 | 0.04845 | 0.0635 | 0.736 | 1.322 | 0.998
2026-05-16 00:09:20,220 - INFO -   045 | 3.09e-04 | 0.0053 | 0.0048 | 0.0006 | 0.4134 | 0.03399 | 0.05149 | 0.0673 | 0.747 | 1.346 | 0.998
2026-05-16 00:09:20,220 - INFO -   050 | 1.46e-04 | 0.0051 | 0.0047 | 0.0006 | 0.4096 | 0.03542 | 0.05355 | 0.0702 | 0.747 | 1.347 | 0.998
2026-05-16 00:09:20,220 - INFO -   055 | 3.81e-05 | 0.0050 | 0.0046 | 0.0006 | 0.4062 | 0.03653 | 0.05475 | 0.0723 | 0.738 | 1.327 | 0.998
2026-05-16 00:09:20,220 - INFO -   060 | 1.00e-03 | 0.0049 | 0.0046 | 0.0006 | 0.4046 | 0.03679 | 0.05461 | 0.0728 | 0.729 | 1.309 | 0.999
