2026-05-15 23:01:09,918 - INFO - Dataset[TRAIN] koopman_train_merged.npz | segments=99 | samples=197109 | pred_len=8 | stride=1
2026-05-15 23:01:09,923 - INFO - Dataset[VAL] koopman_val.npz | segments=3 | samples=35973 | pred_len=8 | stride=1
2026-05-15 23:01:10,471 - INFO - ================================================================================
2026-05-15 23:01:10,471 - INFO - Device: cpu | AMP: False
2026-05-15 23:01:10,471 - INFO - Train data: koopman_train_merged.npz | Val: koopman_val.npz | Test: koopman_test.npz
2026-05-15 23:01:10,471 - INFO - Batch: 1024 | Workers: 4 | Seed: 42
2026-05-15 23:01:10,471 - INFO - Curriculum pred_len: start=8 max=8 grow_every=999 stride=1
2026-05-15 23:01:10,471 - INFO - Loss weights: w_vel=1.0 w_acc=0.2 w_lin=1.0 w_recon=0.0 w_stab=0.1 w_l2=0.0001 gamma_step=0.97 huber_beta=0.1 rho_max=1.005
2026-05-15 23:01:10,471 - INFO - Train samples: 197109 | Val samples: 35973 | Params: 12344
2026-05-15 23:01:10,471 - INFO - Initial spectral radius (I+A): 1.04421
2026-05-15 23:01:10,471 - INFO - ================================================================================
2026-05-15 23:01:15,194 - INFO - Epoch [001/1] pl=8 LR=9.94e-04 Ltot=0.0077 (vel=0.0038, acc=0.0128, lin=0.0068, stab=0.0002) | val_vel_rmse_mean=0.49251 @K=0.84878 slope=0.943 inst=1.234 spec=1.014 | 4.7s
2026-05-15 23:01:15,201 - INFO -   ↳ new best vel_rmse_mean=0.492507 (epoch 1)
2026-05-15 23:01:15,222 - INFO - Exported YAML -> checkpoints/koopman_best.yaml
2026-05-15 23:01:20,646 - INFO - 
=== QUANTITATIVE VERDICT (test set) ===
vel_rmse@1=0.0435692  vel_rmse@5=0.214916  vel_rmse@10=nan  vel_rmse@8=0.34451
divergence: ratio8/1=7.90719  slope_loglog=0.993479  lyapunov_like=0.295396
instability_score=1.30682  monotonic_increasing=True  divergent_sample_pct=91.6402%
bias: u=-0.035447  v=-0.0199547  r=-0.000725958
fit_quality: R^2(u,v,r) = 0.7504 / 0.9859 / 0.989
========================================

2026-05-15 23:01:20,646 - INFO - Per-5-epoch summary:
2026-05-15 23:01:20,646 - INFO - ep | lr | L_total | L_vel | L_acc | L_lin | val_vel_mean | val_vel@K | val_traj_xy@K | slope_ll | inst | spec
2026-05-15 23:01:20,646 - INFO -   001 | 9.94e-04 | 0.0077 | 0.0038 | 0.0128 | 0.0068 | 0.49251 | 0.84878 | 0.3923 | 0.943 | 1.234 | 1.014
