2026-05-11 03:16:52,136 - INFO - 正在计算 8 维特征全局统计量...
2026-05-11 03:16:59,015 - INFO - Dataset [TRAIN] 加载: ../koopman_train.npz | 90段 | 178110样本
2026-05-11 03:16:59,021 - INFO - Dataset [EVAL] 加载: ../koopman_val.npz | 3段 | 35937样本
2026-05-11 03:17:07,168 - INFO - Ep [001/100] LR:0.010000 | Loss:47.2975 (Pr:4.3423, Ac:0.0065, Rc:2.7607, Lr:1.0808, Iner:0.0019) | Val:3.3136 | Pwr: [Pwr: N/A]
2026-05-11 03:17:14,983 - INFO - Ep [002/100] LR:0.010000 | Loss:4.5420 (Pr:0.4182, Ac:0.0028, Rc:0.2114, Lr:0.1342, Iner:0.0027) | Val:3.3216 | Pwr: [Pwr: N/A]
2026-05-11 03:17:22,965 - INFO - Ep [003/100] LR:0.010000 | Loss:3.0860 (Pr:0.2893, Ac:0.0020, Rc:0.1159, Lr:0.0669, Iner:0.0029) | Val:1.4013 | Pwr: [Pwr: N/A]
2026-05-11 03:17:29,993 - INFO - Ep [004/100] LR:0.010000 | Loss:2.4682 (Pr:0.2313, Ac:0.0018, Rc:0.0928, Lr:0.0532, Iner:0.0030) | Val:0.7321 | Pwr: [Pwr: N/A]
2026-05-11 03:17:35,759 - INFO - Ep [005/100] LR:0.010000 | Loss:2.0922 (Pr:0.1959, Ac:0.0017, Rc:0.0765, Lr:0.0482, Iner:0.0030) | Val:1.2910 | Pwr: [Pwr: N/A]
2026-05-11 03:17:41,330 - INFO - Ep [006/100] LR:0.010000 | Loss:2.0550 (Pr:0.1925, Ac:0.0016, Rc:0.0754, Lr:0.0464, Iner:0.0030) | Val:0.7363 | Pwr: [Pwr: N/A]
2026-05-11 03:17:47,326 - INFO - Ep [007/100] LR:0.010000 | Loss:2.1250 (Pr:0.1997, Ac:0.0016, Rc:0.0735, Lr:0.0463, Iner:0.0030) | Val:0.8748 | Pwr: [Pwr: N/A]
2026-05-11 03:17:53,358 - INFO - Ep [008/100] LR:0.010000 | Loss:1.9232 (Pr:0.1805, Ac:0.0016, Rc:0.0694, Lr:0.0409, Iner:0.0031) | Val:0.7741 | Pwr: [Pwr: N/A]
2026-05-11 03:17:59,433 - INFO - Ep [009/100] LR:0.010000 | Loss:1.8415 (Pr:0.1726, Ac:0.0016, Rc:0.0668, Lr:0.0407, Iner:0.0031) | Val:0.6510 | Pwr: [Pwr: N/A]
2026-05-11 03:18:05,351 - INFO - Ep [010/100] LR:0.010000 | Loss:1.8447 (Pr:0.1731, Ac:0.0016, Rc:0.0663, Lr:0.0390, Iner:0.0031) | Val:0.7275 | Pwr: [Pwr: N/A]
2026-05-11 03:18:11,135 - INFO - Ep [011/100] LR:0.010000 | Loss:1.7485 (Pr:0.1636, Ac:0.0016, Rc:0.0645, Lr:0.0397, Iner:0.0031) | Val:0.7590 | Pwr: [Pwr: N/A]
2026-05-11 03:18:17,013 - INFO - Ep [012/100] LR:0.010000 | Loss:1.7341 (Pr:0.1624, Ac:0.0016, Rc:0.0623, Lr:0.0393, Iner:0.0030) | Val:0.8195 | Pwr: [Pwr: N/A]
2026-05-11 03:18:22,654 - INFO - Ep [013/100] LR:0.010000 | Loss:1.6996 (Pr:0.1592, Ac:0.0016, Rc:0.0619, Lr:0.0379, Iner:0.0030) | Val:0.6292 | Pwr: [Pwr: N/A]
2026-05-11 03:18:28,535 - INFO - Ep [014/100] LR:0.010000 | Loss:1.6896 (Pr:0.1581, Ac:0.0016, Rc:0.0624, Lr:0.0378, Iner:0.0029) | Val:0.6583 | Pwr: [Pwr: N/A]
2026-05-11 03:18:34,520 - INFO - Ep [015/100] LR:0.010000 | Loss:1.7232 (Pr:0.1614, Ac:0.0016, Rc:0.0624, Lr:0.0386, Iner:0.0029) | Val:0.8608 | Pwr: [Pwr: N/A]
2026-05-11 03:18:40,674 - INFO - Ep [016/100] LR:0.010000 | Loss:1.7224 (Pr:0.1614, Ac:0.0016, Rc:0.0622, Lr:0.0374, Iner:0.0031) | Val:0.8188 | Pwr: [Pwr: N/A]
2026-05-11 03:18:46,356 - INFO - Ep [017/100] LR:0.010000 | Loss:1.5605 (Pr:0.1454, Ac:0.0016, Rc:0.0615, Lr:0.0366, Iner:0.0033) | Val:0.5097 | Pwr: [Pwr: N/A]
2026-05-11 03:18:52,038 - INFO - Ep [018/100] LR:0.010000 | Loss:1.5815 (Pr:0.1475, Ac:0.0016, Rc:0.0604, Lr:0.0380, Iner:0.0032) | Val:0.3860 | Pwr: [Pwr: N/A]
2026-05-11 03:18:58,004 - INFO - Ep [019/100] LR:0.010000 | Loss:1.6076 (Pr:0.1501, Ac:0.0016, Rc:0.0601, Lr:0.0383, Iner:0.0030) | Val:0.7062 | Pwr: [Pwr: N/A]
2026-05-11 03:19:03,858 - INFO - Ep [020/100] LR:0.010000 | Loss:1.6022 (Pr:0.1497, Ac:0.0016, Rc:0.0600, Lr:0.0368, Iner:0.0031) | Val:1.0359 | Pwr: [Pwr: N/A]
2026-05-11 03:19:09,775 - INFO - Ep [021/100] LR:0.010000 | Loss:1.4760 (Pr:0.1372, Ac:0.0016, Rc:0.0584, Lr:0.0369, Iner:0.0032) | Val:0.6295 | Pwr: [Pwr: N/A]
2026-05-11 03:19:15,595 - INFO - Ep [022/100] LR:0.010000 | Loss:1.4956 (Pr:0.1390, Ac:0.0016, Rc:0.0580, Lr:0.0394, Iner:0.0030) | Val:0.5638 | Pwr: [Pwr: N/A]
2026-05-11 03:19:21,667 - INFO - Ep [023/100] LR:0.010000 | Loss:1.5109 (Pr:0.1407, Ac:0.0016, Rc:0.0585, Lr:0.0367, Iner:0.0034) | Val:0.5711 | Pwr: [Pwr: N/A]
2026-05-11 03:19:27,758 - INFO - Ep [024/100] LR:0.010000 | Loss:1.5020 (Pr:0.1400, Ac:0.0016, Rc:0.0581, Lr:0.0360, Iner:0.0035) | Val:0.5464 | Pwr: [Pwr: N/A]
2026-05-11 03:19:33,898 - INFO - Ep [025/100] LR:0.005000 | Loss:1.4868 (Pr:0.1384, Ac:0.0016, Rc:0.0582, Lr:0.0361, Iner:0.0033) | Val:0.4424 | Pwr: [Pwr: N/A]
2026-05-11 03:19:39,651 - INFO - Ep [026/100] LR:0.005000 | Loss:1.1757 (Pr:0.1080, Ac:0.0015, Rc:0.0540, Lr:0.0342, Iner:0.0031) | Val:0.4321 | Pwr: [Pwr: N/A]
2026-05-11 03:19:45,411 - INFO - Ep [027/100] LR:0.005000 | Loss:1.1432 (Pr:0.1051, Ac:0.0014, Rc:0.0524, Lr:0.0321, Iner:0.0029) | Val:0.3351 | Pwr: [Pwr: N/A]
2026-05-11 03:19:51,241 - INFO - Ep [028/100] LR:0.005000 | Loss:1.1247 (Pr:0.1034, Ac:0.0014, Rc:0.0517, Lr:0.0319, Iner:0.0027) | Val:0.4607 | Pwr: [Pwr: N/A]
2026-05-11 03:19:57,288 - INFO - Ep [029/100] LR:0.005000 | Loss:1.1274 (Pr:0.1037, Ac:0.0014, Rc:0.0510, Lr:0.0316, Iner:0.0026) | Val:0.3947 | Pwr: [Pwr: N/A]
2026-05-11 03:20:03,472 - INFO - Ep [030/100] LR:0.005000 | Loss:1.1332 (Pr:0.1043, Ac:0.0014, Rc:0.0507, Lr:0.0318, Iner:0.0024) | Val:0.4404 | Pwr: [Pwr: N/A]
2026-05-11 03:20:09,367 - INFO - Ep [031/100] LR:0.005000 | Loss:1.1081 (Pr:0.1018, Ac:0.0014, Rc:0.0503, Lr:0.0320, Iner:0.0023) | Val:0.4033 | Pwr: [Pwr: N/A]
2026-05-11 03:20:15,269 - INFO - Ep [032/100] LR:0.005000 | Loss:1.1268 (Pr:0.1038, Ac:0.0014, Rc:0.0501, Lr:0.0317, Iner:0.0022) | Val:0.4474 | Pwr: [Pwr: N/A]
2026-05-11 03:20:21,053 - INFO - Ep [033/100] LR:0.005000 | Loss:1.1093 (Pr:0.1020, Ac:0.0014, Rc:0.0500, Lr:0.0322, Iner:0.0021) | Val:0.3886 | Pwr: [Pwr: N/A]
2026-05-11 03:20:26,936 - INFO - Ep [034/100] LR:0.005000 | Loss:1.1122 (Pr:0.1024, Ac:0.0014, Rc:0.0496, Lr:0.0315, Iner:0.0020) | Val:0.4557 | Pwr: [Pwr: N/A]
2026-05-11 03:20:32,802 - INFO - Ep [035/100] LR:0.005000 | Loss:1.1086 (Pr:0.1020, Ac:0.0014, Rc:0.0493, Lr:0.0322, Iner:0.0020) | Val:0.3956 | Pwr: [Pwr: N/A]
2026-05-11 03:20:38,268 - INFO - Ep [036/100] LR:0.005000 | Loss:1.1065 (Pr:0.1019, Ac:0.0014, Rc:0.0489, Lr:0.0312, Iner:0.0021) | Val:0.3751 | Pwr: [Pwr: N/A]
2026-05-11 03:20:44,222 - INFO - Ep [037/100] LR:0.005000 | Loss:1.0830 (Pr:0.0995, Ac:0.0014, Rc:0.0489, Lr:0.0315, Iner:0.0021) | Val:0.4395 | Pwr: [Pwr: N/A]
2026-05-11 03:20:49,885 - INFO - Ep [038/100] LR:0.005000 | Loss:1.1111 (Pr:0.1024, Ac:0.0014, Rc:0.0485, Lr:0.0308, Iner:0.0023) | Val:0.3622 | Pwr: [Pwr: N/A]
2026-05-11 03:20:55,476 - INFO - Ep [039/100] LR:0.005000 | Loss:1.0844 (Pr:0.0999, Ac:0.0014, Rc:0.0483, Lr:0.0302, Iner:0.0023) | Val:0.4538 | Pwr: [Pwr: N/A]
2026-05-11 03:21:01,322 - INFO - Ep [040/100] LR:0.005000 | Loss:1.0871 (Pr:0.1000, Ac:0.0014, Rc:0.0487, Lr:0.0310, Iner:0.0023) | Val:0.4494 | Pwr: [Pwr: N/A]
2026-05-11 03:21:07,159 - INFO - Ep [041/100] LR:0.005000 | Loss:1.0633 (Pr:0.0977, Ac:0.0014, Rc:0.0480, Lr:0.0312, Iner:0.0022) | Val:0.3526 | Pwr: [Pwr: N/A]
2026-05-11 03:21:13,003 - INFO - Ep [042/100] LR:0.005000 | Loss:1.0872 (Pr:0.1000, Ac:0.0014, Rc:0.0481, Lr:0.0313, Iner:0.0020) | Val:0.4045 | Pwr: [Pwr: N/A]
2026-05-11 03:21:18,679 - INFO - Ep [043/100] LR:0.005000 | Loss:1.0848 (Pr:0.0998, Ac:0.0014, Rc:0.0478, Lr:0.0314, Iner:0.0021) | Val:0.3480 | Pwr: [Pwr: N/A]
2026-05-11 03:21:24,761 - INFO - Ep [044/100] LR:0.005000 | Loss:1.0846 (Pr:0.0999, Ac:0.0014, Rc:0.0476, Lr:0.0304, Iner:0.0022) | Val:0.3387 | Pwr: [Pwr: N/A]
2026-05-11 03:21:30,863 - INFO - Ep [045/100] LR:0.005000 | Loss:1.0852 (Pr:0.1000, Ac:0.0014, Rc:0.0477, Lr:0.0303, Iner:0.0023) | Val:0.3200 | Pwr: [Pwr: N/A]
2026-05-11 03:21:36,717 - INFO - Ep [046/100] LR:0.005000 | Loss:1.0761 (Pr:0.0991, Ac:0.0015, Rc:0.0476, Lr:0.0305, Iner:0.0024) | Val:0.4530 | Pwr: [Pwr: N/A]
2026-05-11 03:21:43,006 - INFO - Ep [047/100] LR:0.005000 | Loss:1.0776 (Pr:0.0992, Ac:0.0014, Rc:0.0474, Lr:0.0306, Iner:0.0023) | Val:0.5110 | Pwr: [Pwr: N/A]
2026-05-11 03:21:48,748 - INFO - Ep [048/100] LR:0.005000 | Loss:1.0548 (Pr:0.0971, Ac:0.0014, Rc:0.0470, Lr:0.0295, Iner:0.0023) | Val:0.3642 | Pwr: [Pwr: N/A]
2026-05-11 03:21:54,484 - INFO - Ep [049/100] LR:0.005000 | Loss:1.0842 (Pr:0.1000, Ac:0.0014, Rc:0.0471, Lr:0.0301, Iner:0.0022) | Val:0.4121 | Pwr: [Pwr: N/A]
2026-05-11 03:22:00,365 - INFO - Ep [050/100] LR:0.002500 | Loss:1.0766 (Pr:0.0993, Ac:0.0014, Rc:0.0470, Lr:0.0294, Iner:0.0027) | Val:0.4228 | Pwr: [Pwr: N/A]
2026-05-11 03:22:06,281 - INFO - Ep [051/100] LR:0.002500 | Loss:0.9594 (Pr:0.0878, Ac:0.0014, Rc:0.0456, Lr:0.0284, Iner:0.0025) | Val:0.4108 | Pwr: [Pwr: N/A]
2026-05-11 03:22:12,343 - INFO - Ep [052/100] LR:0.002500 | Loss:0.9401 (Pr:0.0862, Ac:0.0014, Rc:0.0449, Lr:0.0265, Iner:0.0023) | Val:0.3372 | Pwr: [Pwr: N/A]
2026-05-11 03:22:18,379 - INFO - Ep [053/100] LR:0.002500 | Loss:0.9340 (Pr:0.0857, Ac:0.0014, Rc:0.0444, Lr:0.0258, Iner:0.0021) | Val:0.4030 | Pwr: [Pwr: N/A]
2026-05-11 03:22:24,236 - INFO - Ep [054/100] LR:0.002500 | Loss:0.9264 (Pr:0.0850, Ac:0.0014, Rc:0.0442, Lr:0.0254, Iner:0.0019) | Val:0.3081 | Pwr: [Pwr: N/A]
2026-05-11 03:22:30,341 - INFO - Ep [055/100] LR:0.002500 | Loss:0.9173 (Pr:0.0841, Ac:0.0014, Rc:0.0438, Lr:0.0251, Iner:0.0018) | Val:0.3760 | Pwr: [Pwr: N/A]
2026-05-11 03:22:36,537 - INFO - Ep [056/100] LR:0.002500 | Loss:0.9126 (Pr:0.0837, Ac:0.0013, Rc:0.0435, Lr:0.0249, Iner:0.0016) | Val:0.3862 | Pwr: [Pwr: N/A]
2026-05-11 03:22:42,410 - INFO - Ep [057/100] LR:0.002500 | Loss:0.9091 (Pr:0.0834, Ac:0.0014, Rc:0.0432, Lr:0.0248, Iner:0.0015) | Val:0.4299 | Pwr: [Pwr: N/A]
2026-05-11 03:22:48,296 - INFO - Ep [058/100] LR:0.002500 | Loss:0.9132 (Pr:0.0838, Ac:0.0013, Rc:0.0433, Lr:0.0248, Iner:0.0015) | Val:0.4086 | Pwr: [Pwr: N/A]
2026-05-11 03:22:54,177 - INFO - Ep [059/100] LR:0.002500 | Loss:0.9171 (Pr:0.0842, Ac:0.0014, Rc:0.0431, Lr:0.0249, Iner:0.0014) | Val:0.3427 | Pwr: [Pwr: N/A]
2026-05-11 03:23:00,091 - INFO - Ep [060/100] LR:0.002500 | Loss:0.9118 (Pr:0.0837, Ac:0.0014, Rc:0.0429, Lr:0.0249, Iner:0.0014) | Val:0.3642 | Pwr: [Pwr: N/A]
2026-05-11 03:23:05,786 - INFO - Ep [061/100] LR:0.002500 | Loss:0.9053 (Pr:0.0831, Ac:0.0014, Rc:0.0427, Lr:0.0246, Iner:0.0014) | Val:0.4213 | Pwr: [Pwr: N/A]
2026-05-11 03:23:11,611 - INFO - Ep [062/100] LR:0.002500 | Loss:0.9018 (Pr:0.0828, Ac:0.0013, Rc:0.0424, Lr:0.0244, Iner:0.0014) | Val:0.3976 | Pwr: [Pwr: N/A]
2026-05-11 03:23:17,583 - INFO - Ep [063/100] LR:0.002500 | Loss:0.9046 (Pr:0.0831, Ac:0.0013, Rc:0.0423, Lr:0.0245, Iner:0.0013) | Val:0.3437 | Pwr: [Pwr: N/A]
2026-05-11 03:23:23,518 - INFO - Ep [064/100] LR:0.002500 | Loss:0.9009 (Pr:0.0827, Ac:0.0013, Rc:0.0420, Lr:0.0248, Iner:0.0013) | Val:0.3348 | Pwr: [Pwr: N/A]
2026-05-11 03:23:29,189 - INFO - Ep [065/100] LR:0.002500 | Loss:0.9049 (Pr:0.0831, Ac:0.0013, Rc:0.0420, Lr:0.0248, Iner:0.0014) | Val:0.3682 | Pwr: [Pwr: N/A]
2026-05-11 03:23:35,023 - INFO - Ep [066/100] LR:0.002500 | Loss:0.8964 (Pr:0.0823, Ac:0.0013, Rc:0.0417, Lr:0.0245, Iner:0.0015) | Val:0.3724 | Pwr: [Pwr: N/A]
2026-05-11 03:23:41,023 - INFO - Ep [067/100] LR:0.002500 | Loss:0.8979 (Pr:0.0825, Ac:0.0013, Rc:0.0416, Lr:0.0241, Iner:0.0014) | Val:0.3415 | Pwr: [Pwr: N/A]
2026-05-11 03:23:46,923 - INFO - Ep [068/100] LR:0.002500 | Loss:0.8902 (Pr:0.0818, Ac:0.0013, Rc:0.0414, Lr:0.0241, Iner:0.0014) | Val:0.4369 | Pwr: [Pwr: N/A]
2026-05-11 03:23:52,848 - INFO - Ep [069/100] LR:0.002500 | Loss:0.8913 (Pr:0.0820, Ac:0.0013, Rc:0.0411, Lr:0.0237, Iner:0.0013) | Val:0.3106 | Pwr: [Pwr: N/A]
2026-05-11 03:23:58,936 - INFO - Ep [070/100] LR:0.002500 | Loss:0.8876 (Pr:0.0816, Ac:0.0013, Rc:0.0410, Lr:0.0239, Iner:0.0013) | Val:0.4591 | Pwr: [Pwr: N/A]
2026-05-11 03:24:04,885 - INFO - Ep [071/100] LR:0.002500 | Loss:0.8870 (Pr:0.0816, Ac:0.0013, Rc:0.0408, Lr:0.0236, Iner:0.0014) | Val:0.4748 | Pwr: [Pwr: N/A]
2026-05-11 03:24:10,751 - INFO - Ep [072/100] LR:0.002500 | Loss:0.8835 (Pr:0.0813, Ac:0.0013, Rc:0.0406, Lr:0.0237, Iner:0.0014) | Val:0.3915 | Pwr: [Pwr: N/A]
2026-05-11 03:24:16,891 - INFO - Ep [073/100] LR:0.002500 | Loss:0.8868 (Pr:0.0816, Ac:0.0013, Rc:0.0406, Lr:0.0240, Iner:0.0014) | Val:0.4428 | Pwr: [Pwr: N/A]
2026-05-11 03:24:22,524 - INFO - Ep [074/100] LR:0.002500 | Loss:0.8922 (Pr:0.0821, Ac:0.0013, Rc:0.0404, Lr:0.0240, Iner:0.0014) | Val:0.3579 | Pwr: [Pwr: N/A]
2026-05-11 03:24:28,349 - INFO - Ep [075/100] LR:0.001250 | Loss:0.8795 (Pr:0.0809, Ac:0.0013, Rc:0.0403, Lr:0.0234, Iner:0.0015) | Val:0.3947 | Pwr: [Pwr: N/A]
2026-05-11 03:24:34,194 - INFO - Ep [076/100] LR:0.001250 | Loss:0.8512 (Pr:0.0781, Ac:0.0013, Rc:0.0400, Lr:0.0232, Iner:0.0015) | Val:0.3898 | Pwr: [Pwr: N/A]
2026-05-11 03:24:40,183 - INFO - Ep [077/100] LR:0.001250 | Loss:0.8372 (Pr:0.0769, Ac:0.0013, Rc:0.0395, Lr:0.0221, Iner:0.0014) | Val:0.3697 | Pwr: [Pwr: N/A]
2026-05-11 03:24:46,057 - INFO - Ep [078/100] LR:0.001250 | Loss:0.8333 (Pr:0.0766, Ac:0.0013, Rc:0.0394, Lr:0.0216, Iner:0.0013) | Val:0.4551 | Pwr: [Pwr: N/A]
2026-05-11 03:24:52,164 - INFO - Ep [079/100] LR:0.001250 | Loss:0.8258 (Pr:0.0759, Ac:0.0013, Rc:0.0392, Lr:0.0212, Iner:0.0012) | Val:0.3649 | Pwr: [Pwr: N/A]
2026-05-11 03:24:58,127 - INFO - Ep [080/100] LR:0.001250 | Loss:0.8165 (Pr:0.0750, Ac:0.0013, Rc:0.0390, Lr:0.0210, Iner:0.0012) | Val:0.3764 | Pwr: [Pwr: N/A]
2026-05-11 03:25:04,267 - INFO - Ep [081/100] LR:0.001250 | Loss:0.8120 (Pr:0.0746, Ac:0.0013, Rc:0.0388, Lr:0.0208, Iner:0.0011) | Val:0.3607 | Pwr: [Pwr: N/A]
2026-05-11 03:25:10,081 - INFO - Ep [082/100] LR:0.001250 | Loss:0.8152 (Pr:0.0749, Ac:0.0013, Rc:0.0388, Lr:0.0209, Iner:0.0011) | Val:0.3351 | Pwr: [Pwr: N/A]
2026-05-11 03:25:16,253 - INFO - Ep [083/100] LR:0.001250 | Loss:0.8138 (Pr:0.0748, Ac:0.0013, Rc:0.0388, Lr:0.0207, Iner:0.0011) | Val:0.3787 | Pwr: [Pwr: N/A]
2026-05-11 03:25:22,172 - INFO - Ep [084/100] LR:0.001250 | Loss:0.8079 (Pr:0.0742, Ac:0.0013, Rc:0.0386, Lr:0.0205, Iner:0.0012) | Val:0.3605 | Pwr: [Pwr: N/A]
2026-05-11 03:25:27,981 - INFO - Ep [085/100] LR:0.001250 | Loss:0.8093 (Pr:0.0744, Ac:0.0013, Rc:0.0386, Lr:0.0205, Iner:0.0012) | Val:0.3403 | Pwr: [Pwr: N/A]
2026-05-11 03:25:33,870 - INFO - Ep [086/100] LR:0.001250 | Loss:0.8107 (Pr:0.0745, Ac:0.0013, Rc:0.0386, Lr:0.0205, Iner:0.0011) | Val:0.3412 | Pwr: [Pwr: N/A]
2026-05-11 03:25:39,623 - INFO - Ep [087/100] LR:0.001250 | Loss:0.8071 (Pr:0.0742, Ac:0.0013, Rc:0.0386, Lr:0.0205, Iner:0.0011) | Val:0.3850 | Pwr: [Pwr: N/A]
2026-05-11 03:25:45,515 - INFO - Ep [088/100] LR:0.001250 | Loss:0.8013 (Pr:0.0736, Ac:0.0013, Rc:0.0384, Lr:0.0204, Iner:0.0011) | Val:0.3407 | Pwr: [Pwr: N/A]
2026-05-11 03:25:51,613 - INFO - Ep [089/100] LR:0.001250 | Loss:0.8022 (Pr:0.0737, Ac:0.0013, Rc:0.0385, Lr:0.0204, Iner:0.0011) | Val:0.3472 | Pwr: [Pwr: N/A]
2026-05-11 03:25:57,503 - INFO - Ep [090/100] LR:0.001250 | Loss:0.8017 (Pr:0.0737, Ac:0.0012, Rc:0.0385, Lr:0.0203, Iner:0.0011) | Val:0.3239 | Pwr: [Pwr: N/A]
2026-05-11 03:26:03,241 - INFO - Ep [091/100] LR:0.001250 | Loss:0.7975 (Pr:0.0733, Ac:0.0012, Rc:0.0383, Lr:0.0203, Iner:0.0011) | Val:0.3159 | Pwr: [Pwr: N/A]
2026-05-11 03:26:09,369 - INFO - Ep [092/100] LR:0.001250 | Loss:0.8018 (Pr:0.0737, Ac:0.0012, Rc:0.0384, Lr:0.0202, Iner:0.0011) | Val:0.2682 | Pwr: [Pwr: N/A]
2026-05-11 03:26:15,631 - INFO - Ep [093/100] LR:0.001250 | Loss:0.7969 (Pr:0.0732, Ac:0.0012, Rc:0.0382, Lr:0.0202, Iner:0.0011) | Val:0.3695 | Pwr: [Pwr: N/A]
2026-05-11 03:26:21,485 - INFO - Ep [094/100] LR:0.001250 | Loss:0.7939 (Pr:0.0729, Ac:0.0012, Rc:0.0381, Lr:0.0200, Iner:0.0011) | Val:0.3363 | Pwr: [Pwr: N/A]
2026-05-11 03:26:27,614 - INFO - Ep [095/100] LR:0.001250 | Loss:0.7976 (Pr:0.0733, Ac:0.0012, Rc:0.0381, Lr:0.0203, Iner:0.0011) | Val:0.2922 | Pwr: [Pwr: N/A]
2026-05-11 03:26:33,616 - INFO - Ep [096/100] LR:0.001250 | Loss:0.8013 (Pr:0.0736, Ac:0.0012, Rc:0.0383, Lr:0.0202, Iner:0.0011) | Val:0.3337 | Pwr: [Pwr: N/A]
2026-05-11 03:26:39,750 - INFO - Ep [097/100] LR:0.001250 | Loss:0.7945 (Pr:0.0730, Ac:0.0012, Rc:0.0381, Lr:0.0202, Iner:0.0013) | Val:0.2968 | Pwr: [Pwr: N/A]
2026-05-11 03:26:45,234 - INFO - Ep [098/100] LR:0.001250 | Loss:0.7927 (Pr:0.0728, Ac:0.0012, Rc:0.0382, Lr:0.0201, Iner:0.0013) | Val:0.2962 | Pwr: [Pwr: N/A]
2026-05-11 03:26:50,917 - INFO - Ep [099/100] LR:0.001250 | Loss:0.7917 (Pr:0.0727, Ac:0.0012, Rc:0.0381, Lr:0.0200, Iner:0.0013) | Val:0.3000 | Pwr: [Pwr: N/A]
2026-05-11 03:26:56,618 - INFO - Ep [100/100] LR:0.000625 | Loss:0.7921 (Pr:0.0728, Ac:0.0012, Rc:0.0381, Lr:0.0198, Iner:0.0012) | Val:0.2762 | Pwr: [Pwr: N/A]
2026-05-11 03:26:56,623 - INFO - 
>>> 训练完成！
2026-05-11 03:26:56,644 - INFO - >>> [完美导出] 高维 OSQP 矩阵参数（包含Bias）已导出至: ../checkpoints/koopman_deploy_params.yaml
