2026-05-11 05:27:12,284 - INFO - ==================================================
2026-05-11 05:27:12,285 - INFO - 训练参数及权重配置:
2026-05-11 05:27:12,285 - INFO -   train_data: koopman_train.npz
2026-05-11 05:27:12,285 - INFO -   val_data: koopman_val.npz
2026-05-11 05:27:12,285 - INFO -   ckpt_dir: checkpoints
2026-05-11 05:27:12,285 - INFO -   log_dir: logs
2026-05-11 05:27:12,285 - INFO -   epochs: 100
2026-05-11 05:27:12,285 - INFO -   batch_size: 2048
2026-05-11 05:27:12,285 - INFO -   lr: 0.01
2026-05-11 05:27:12,285 - INFO -   weight_decay: 0.0001
2026-05-11 05:27:12,285 - INFO -   step_size: 25
2026-05-11 05:27:12,285 - INFO -   gamma: 0.5
2026-05-11 05:27:12,285 - INFO -   pred_len: 20
2026-05-11 05:27:12,285 - INFO -   num_workers: 12
2026-05-11 05:27:12,285 - INFO -   prefetch: 40
2026-05-11 05:27:12,285 - INFO -   w_pred: 10.0
2026-05-11 05:27:12,285 - INFO -   w_acc: 5.0
2026-05-11 05:27:12,285 - INFO -   w_recon: 1.0
2026-05-11 05:27:12,285 - INFO -   w_linear: 1.0
2026-05-11 05:27:12,285 - INFO -   w_stab: 0.1
2026-05-11 05:27:12,285 - INFO -   state_weights: 2.0,2.0,2.0,3.0,5.0,5.0
2026-05-11 05:27:12,285 - INFO -   Device: cuda
2026-05-11 05:27:12,285 - INFO - ==================================================
2026-05-11 05:27:12,332 - INFO - >>> 正在计算全局 Mean & Std...
2026-05-11 05:27:23,282 - INFO - Dataset [TRAIN] 加载完毕: koopman_train.npz | 包含 90 个动态段 | 共 178110 个推演样本.
2026-05-11 05:27:23,288 - INFO - Dataset [EVAL] 加载完毕: koopman_val.npz | 包含 3 个动态段 | 共 35937 个推演样本.
2026-05-11 05:27:35,898 - INFO - Epoch [001/100] | LR: 0.010000 | Loss: 105.3308 (Pred:9.3822, Acc:0.2561, Recon:1.8010, Lin:8.4264) | Val Loss: 2.3018 | Mem: 752MB (9.8%) | Pwr: [Pwr: N/A (Unsupported)]
2026-05-11 05:27:47,637 - INFO - Epoch [002/100] | LR: 0.010000 | Loss: 3.7934 (Pred:0.3267, Acc:0.0079, Recon:0.2446, Lin:0.2423) | Val Loss: 0.5399 | Mem: 752MB (9.8%) | Pwr: [Pwr: N/A (Unsupported)]
2026-05-11 05:27:56,798 - INFO - Epoch [003/100] | LR: 0.010000 | Loss: 1.2442 (Pred:0.1049, Acc:0.0026, Recon:0.0447, Lin:0.1377) | Val Loss: 0.4547 | Mem: 752MB (9.8%) | Pwr: [Pwr: N/A (Unsupported)]
