2026-05-11 05:28:39,529 - INFO - ==================================================
2026-05-11 05:28:39,529 - INFO - 训练参数及权重配置:
2026-05-11 05:28:39,529 - INFO -   train_data: koopman_train.npz
2026-05-11 05:28:39,529 - INFO -   val_data: koopman_val.npz
2026-05-11 05:28:39,529 - INFO -   ckpt_dir: checkpoints
2026-05-11 05:28:39,529 - INFO -   log_dir: logs
2026-05-11 05:28:39,529 - INFO -   epochs: 100
2026-05-11 05:28:39,529 - INFO -   batch_size: 2048
2026-05-11 05:28:39,529 - INFO -   lr: 0.01
2026-05-11 05:28:39,529 - INFO -   weight_decay: 0.0001
2026-05-11 05:28:39,529 - INFO -   step_size: 25
2026-05-11 05:28:39,529 - INFO -   gamma: 0.5
2026-05-11 05:28:39,529 - INFO -   pred_len: 20
2026-05-11 05:28:39,529 - INFO -   num_workers: 12
2026-05-11 05:28:39,529 - INFO -   prefetch: 40
2026-05-11 05:28:39,529 - INFO -   w_pred: 10.0
2026-05-11 05:28:39,529 - INFO -   w_acc: 5.0
2026-05-11 05:28:39,529 - INFO -   w_recon: 1.0
2026-05-11 05:28:39,529 - INFO -   w_linear: 1.0
2026-05-11 05:28:39,529 - INFO -   w_stab: 0.1
2026-05-11 05:28:39,530 - INFO -   state_weights: 2.0,2.0,2.0,3.0,5.0,5.0
2026-05-11 05:28:39,530 - INFO -   Device: cuda
2026-05-11 05:28:39,530 - INFO - ==================================================
2026-05-11 05:28:39,576 - INFO - >>> 正在计算全局 Mean & Std...
2026-05-11 05:28:50,831 - INFO - Dataset [TRAIN] 加载完毕: koopman_train.npz | 包含 90 个动态段 | 共 178110 个推演样本.
2026-05-11 05:28:50,838 - INFO - Dataset [EVAL] 加载完毕: koopman_val.npz | 包含 3 个动态段 | 共 35937 个推演样本.
2026-05-11 05:29:02,459 - INFO - Epoch [001/100] | LR: 0.010000 | Loss: 7202.6224 (Pred:687.3845, Acc:12.1501, Recon:1.9776, Lin:266.0488) | Val Loss: 2.4578 | Mem: 752MB (9.8%) | Pwr: [Pwr: N/A (Unsupported)]
2026-05-11 05:29:13,679 - INFO - Epoch [002/100] | LR: 0.010000 | Loss: 2.8145 (Pred:0.2390, Acc:0.0048, Recon:0.1816, Lin:0.2182) | Val Loss: 0.5868 | Mem: 752MB (9.8%) | Pwr: [Pwr: N/A (Unsupported)]
2026-05-11 05:29:22,667 - INFO - Epoch [003/100] | LR: 0.010000 | Loss: 1.1063 (Pred:0.0934, Acc:0.0015, Recon:0.0349, Lin:0.1301) | Val Loss: 0.3445 | Mem: 752MB (9.8%) | Pwr: [Pwr: N/A (Unsupported)]
2026-05-11 05:29:30,679 - INFO - Epoch [004/100] | LR: 0.010000 | Loss: 0.9408 (Pred:0.0799, Acc:0.0011, Recon:0.0293, Lin:0.1070) | Val Loss: 0.3348 | Mem: 752MB (9.8%) | Pwr: [Pwr: N/A (Unsupported)]
