2026-05-16 02:52:24,552 - INFO - Dataset[TRAIN] koopman_train_merged.npz | segments=99 | samples=197505 | pred_len=4 | stride=1
2026-05-16 02:52:24,557 - INFO - Dataset[VAL] koopman_val.npz | segments=3 | samples=35985 | pred_len=4 | stride=1
2026-05-16 02:52:25,140 - INFO - ================================================================================
2026-05-16 02:52:25,140 - INFO - Device: cpu | AMP: False
2026-05-16 02:52:25,140 - INFO - Model: v3 | class=HorizontalKoopmanModelV3 | n_cubic=11 | latent_dim=43 | hidden_dim=24 | clamp_pif=30.0
2026-05-16 02:52:25,140 - INFO - Train data: koopman_train_merged.npz | Val: koopman_val.npz | Test: koopman_test.npz
2026-05-16 02:52:25,140 - INFO - Batch: 1024 | Workers: 4 | Seed: 42
2026-05-16 02:52:25,140 - INFO - Curriculum pred_len: start=4 max=20 grow_every=4 stride=1
2026-05-16 02:52:25,140 - INFO - Loss weights: w_vel=1.0 w_acc=0.5 w_lin=0.0 w_recon=0.0 w_stab=10.0 w_l2=0.0005 w_bias=1.0 (u=80.0, v=30.0, r=30.0) gamma_step=1.1 gamma_bias=1.1 huber_beta=0.1 rho_max=0.998
2026-05-16 02:52:25,140 - INFO - Noise: input_std=0.04 ctrl_std=0.005 | EMA decay=0.999 no_ema=False | best_metric=composite
2026-05-16 02:52:25,140 - INFO - Train samples: 197505 | Val samples: 35985 | Params: 13224
2026-05-16 02:52:25,140 - INFO - Initial spectral radius (I+A): 1.06615
2026-05-16 02:52:25,140 - INFO - ================================================================================
2026-05-16 02:52:29,162 - INFO - Epoch [001/60] pl=4 LR=9.94e-04 Ltot=0.0279 (vel=0.0118, acc=0.0260, lin=0.0650, stab=0.0003) | val_vel_rmse_mean=0.73080 @K=1.15636 slope=0.977 inst=1.008 spec=1.005 | 4.0s
2026-05-16 02:52:29,169 - INFO -   ↳ new best [composite]=0.736324 (vel_rmse_mean=0.730799, inst=1.00756, epoch 1)
2026-05-16 02:52:33,531 - INFO - Epoch [002/60] pl=4 LR=9.76e-04 Ltot=0.0090 (vel=0.0078, acc=0.0017, lin=0.0773, stab=0.0000) | val_vel_rmse_mean=0.59351 @K=0.92922 slope=0.955 inst=0.993 spec=0.998 | 4.4s
2026-05-16 02:52:33,536 - INFO -   ↳ new best [composite]=0.593506 (vel_rmse_mean=0.593506, inst=0.992727, epoch 2)
2026-05-16 02:52:37,622 - INFO - Epoch [003/60] pl=4 LR=9.46e-04 Ltot=0.0088 (vel=0.0077, acc=0.0016, lin=0.1073, stab=0.0000) | val_vel_rmse_mean=0.48424 @K=0.75092 slope=0.935 inst=0.980 spec=0.998 | 4.1s
2026-05-16 02:52:37,627 - INFO -   ↳ new best [composite]=0.48424 (vel_rmse_mean=0.48424, inst=0.979656, epoch 3)
2026-05-16 02:52:41,787 - INFO - Epoch [004/60] pl=4 LR=9.05e-04 Ltot=0.0087 (vel=0.0077, acc=0.0014, lin=0.1387, stab=0.0000) | val_vel_rmse_mean=0.39685 @K=0.61040 slope=0.917 inst=0.969 spec=0.998 | 4.2s
2026-05-16 02:52:41,792 - INFO -   ↳ new best [composite]=0.396852 (vel_rmse_mean=0.396852, inst=0.96867, epoch 4)
2026-05-16 02:52:41,792 - INFO - [Curriculum] pred_len -> 6; rebuilding dataloaders...
2026-05-16 02:52:41,832 - INFO - Dataset[TRAIN] koopman_train_merged.npz | segments=99 | samples=197307 | pred_len=6 | stride=1
2026-05-16 02:52:41,836 - INFO - Dataset[VAL] koopman_val.npz | segments=3 | samples=35979 | pred_len=6 | stride=1
2026-05-16 02:52:46,225 - INFO - Epoch [005/60] pl=6 LR=8.54e-04 Ltot=0.0086 (vel=0.0076, acc=0.0014, lin=0.2726, stab=0.0000) | val_vel_rmse_mean=0.43190 @K=0.68713 slope=0.877 inst=1.045 spec=0.997 | 4.4s
2026-05-16 02:52:51,088 - INFO - Epoch [006/60] pl=6 LR=7.94e-04 Ltot=0.0086 (vel=0.0076, acc=0.0014, lin=0.3336, stab=0.0000) | val_vel_rmse_mean=0.35336 @K=0.55656 slope=0.860 inst=1.029 spec=0.997 | 4.9s
2026-05-16 02:52:51,093 - INFO -   ↳ new best [composite]=0.363761 (vel_rmse_mean=0.353363, inst=1.02943, epoch 6)
2026-05-16 02:52:55,683 - INFO - Epoch [007/60] pl=6 LR=7.27e-04 Ltot=0.0087 (vel=0.0076, acc=0.0013, lin=0.3698, stab=0.0000) | val_vel_rmse_mean=0.29041 @K=0.45390 slope=0.847 inst=1.018 spec=0.997 | 4.6s
2026-05-16 02:52:55,687 - INFO -   ↳ new best [composite]=0.295578 (vel_rmse_mean=0.290406, inst=1.01781, epoch 7)
2026-05-16 02:53:00,098 - INFO - Epoch [008/60] pl=6 LR=6.55e-04 Ltot=0.0085 (vel=0.0076, acc=0.0012, lin=0.3797, stab=0.0000) | val_vel_rmse_mean=0.23900 @K=0.37092 slope=0.835 inst=1.008 spec=0.997 | 4.4s
2026-05-16 02:53:00,103 - INFO -   ↳ new best [composite]=0.240816 (vel_rmse_mean=0.239002, inst=1.00759, epoch 8)
2026-05-16 02:53:00,103 - INFO - [Curriculum] pred_len -> 8; rebuilding dataloaders...
2026-05-16 02:53:00,138 - INFO - Dataset[TRAIN] koopman_train_merged.npz | segments=99 | samples=197109 | pred_len=8 | stride=1
2026-05-16 02:53:00,143 - INFO - Dataset[VAL] koopman_val.npz | segments=3 | samples=35973 | pred_len=8 | stride=1
2026-05-16 02:53:05,100 - INFO - Epoch [009/60] pl=8 LR=5.78e-04 Ltot=0.0085 (vel=0.0075, acc=0.0012, lin=0.5225, stab=0.0000) | val_vel_rmse_mean=0.23502 @K=0.36302 slope=0.793 inst=1.047 spec=0.997 | 4.9s
2026-05-16 02:53:10,459 - INFO - Epoch [010/60] pl=8 LR=5.00e-04 Ltot=0.0083 (vel=0.0074, acc=0.0012, lin=0.5139, stab=0.0000) | val_vel_rmse_mean=0.19328 @K=0.29589 slope=0.781 inst=1.035 spec=0.998 | 5.4s
2026-05-16 02:53:10,464 - INFO -   ↳ new best [composite]=0.199979 (vel_rmse_mean=0.193278, inst=1.03467, epoch 10)
2026-05-16 02:53:15,563 - INFO - Epoch [011/60] pl=8 LR=4.22e-04 Ltot=0.0083 (vel=0.0074, acc=0.0011, lin=0.5127, stab=0.0000) | val_vel_rmse_mean=0.15955 @K=0.24223 slope=0.771 inst=1.024 spec=0.997 | 5.1s
2026-05-16 02:53:15,568 - INFO -   ↳ new best [composite]=0.163308 (vel_rmse_mean=0.159553, inst=1.02353, epoch 11)
2026-05-16 02:53:20,668 - INFO - Epoch [012/60] pl=8 LR=3.45e-04 Ltot=0.0082 (vel=0.0074, acc=0.0011, lin=0.5057, stab=0.0000) | val_vel_rmse_mean=0.13218 @K=0.19912 slope=0.761 inst=1.013 spec=0.998 | 5.1s
2026-05-16 02:53:20,673 - INFO -   ↳ new best [composite]=0.133953 (vel_rmse_mean=0.132177, inst=1.01343, epoch 12)
2026-05-16 02:53:20,673 - INFO - [Curriculum] pred_len -> 10; rebuilding dataloaders...
2026-05-16 02:53:20,709 - INFO - Dataset[TRAIN] koopman_train_merged.npz | segments=99 | samples=196911 | pred_len=10 | stride=1
2026-05-16 02:53:20,714 - INFO - Dataset[VAL] koopman_val.npz | segments=3 | samples=35967 | pred_len=10 | stride=1
2026-05-16 02:53:25,974 - INFO - Epoch [013/60] pl=10 LR=2.73e-04 Ltot=0.0082 (vel=0.0074, acc=0.0011, lin=0.6236, stab=0.0000) | val_vel_rmse_mean=0.12420 @K=0.18264 slope=0.717 inst=1.027 spec=0.998 | 5.2s
2026-05-16 02:53:25,979 - INFO -   ↳ new best [composite]=0.127497 (vel_rmse_mean=0.124196, inst=1.02658, epoch 13)
2026-05-16 02:53:31,481 - INFO - Epoch [014/60] pl=10 LR=2.06e-04 Ltot=0.0081 (vel=0.0073, acc=0.0011, lin=0.6156, stab=0.0000) | val_vel_rmse_mean=0.10423 @K=0.15192 slope=0.708 inst=1.016 spec=0.998 | 5.5s
2026-05-16 02:53:31,486 - INFO -   ↳ new best [composite]=0.105923 (vel_rmse_mean=0.104233, inst=1.01621, epoch 14)
2026-05-16 02:53:36,961 - INFO - Epoch [015/60] pl=10 LR=1.46e-04 Ltot=0.0080 (vel=0.0073, acc=0.0010, lin=0.5994, stab=0.0000) | val_vel_rmse_mean=0.08832 @K=0.12768 slope=0.701 inst=1.008 spec=0.998 | 5.5s
2026-05-16 02:53:36,965 - INFO -   ↳ new best [composite]=0.0889887 (vel_rmse_mean=0.0883222, inst=1.00755, epoch 15)
2026-05-16 02:53:42,460 - INFO - Epoch [016/60] pl=10 LR=9.55e-05 Ltot=0.0079 (vel=0.0073, acc=0.0010, lin=0.5849, stab=0.0000) | val_vel_rmse_mean=0.07562 @K=0.10850 slope=0.695 inst=1.001 spec=0.998 | 5.5s
2026-05-16 02:53:42,465 - INFO -   ↳ new best [composite]=0.0756558 (vel_rmse_mean=0.075616, inst=1.00053, epoch 16)
2026-05-16 02:53:42,465 - INFO - [Curriculum] pred_len -> 12; rebuilding dataloaders...
2026-05-16 02:53:42,500 - INFO - Dataset[TRAIN] koopman_train_merged.npz | segments=99 | samples=196713 | pred_len=12 | stride=1
2026-05-16 02:53:42,505 - INFO - Dataset[VAL] koopman_val.npz | segments=3 | samples=35961 | pred_len=12 | stride=1
2026-05-16 02:53:48,371 - INFO - Epoch [017/60] pl=12 LR=5.45e-05 Ltot=0.0079 (vel=0.0073, acc=0.0010, lin=0.6861, stab=0.0000) | val_vel_rmse_mean=0.07133 @K=0.09830 slope=0.653 inst=0.998 spec=0.998 | 5.8s
2026-05-16 02:53:48,376 - INFO -   ↳ new best [composite]=0.0713275 (vel_rmse_mean=0.0713275, inst=0.998121, epoch 17)
2026-05-16 02:53:54,328 - INFO - Epoch [018/60] pl=12 LR=2.45e-05 Ltot=0.0079 (vel=0.0072, acc=0.0010, lin=0.6808, stab=0.0000) | val_vel_rmse_mean=0.06331 @K=0.08689 slope=0.654 inst=0.998 spec=0.998 | 5.9s
2026-05-16 02:53:54,333 - INFO -   ↳ new best [composite]=0.0633102 (vel_rmse_mean=0.0633102, inst=0.997987, epoch 18)
2026-05-16 02:54:00,253 - INFO - Epoch [019/60] pl=12 LR=6.16e-06 Ltot=0.0078 (vel=0.0072, acc=0.0010, lin=0.6763, stab=0.0000) | val_vel_rmse_mean=0.05725 @K=0.07853 slope=0.658 inst=1.002 spec=0.998 | 5.9s
2026-05-16 02:54:00,257 - INFO -   ↳ new best [composite]=0.0573658 (vel_rmse_mean=0.0572543, inst=1.00195, epoch 19)
2026-05-16 02:54:06,163 - INFO - Epoch [020/60] pl=12 LR=1.00e-03 Ltot=0.0078 (vel=0.0072, acc=0.0010, lin=0.6732, stab=0.0000) | val_vel_rmse_mean=0.05286 @K=0.07274 slope=0.665 inst=1.010 spec=0.998 | 5.9s
2026-05-16 02:54:06,167 - INFO -   ↳ new best [composite]=0.0533705 (vel_rmse_mean=0.0528558, inst=1.00974, epoch 20)
2026-05-16 02:54:06,167 - INFO - [Curriculum] pred_len -> 14; rebuilding dataloaders...
2026-05-16 02:54:06,203 - INFO - Dataset[TRAIN] koopman_train_merged.npz | segments=99 | samples=196515 | pred_len=14 | stride=1
2026-05-16 02:54:06,208 - INFO - Dataset[VAL] koopman_val.npz | segments=3 | samples=35955 | pred_len=14 | stride=1
2026-05-16 02:54:12,798 - INFO - Epoch [021/60] pl=14 LR=9.98e-04 Ltot=0.0095 (vel=0.0079, acc=0.0017, lin=0.9142, stab=0.0000) | val_vel_rmse_mean=0.05113 @K=0.06753 slope=0.635 inst=1.010 spec=0.996 | 6.6s
2026-05-16 02:54:12,803 - INFO -   ↳ new best [composite]=0.0516455 (vel_rmse_mean=0.0511328, inst=1.01003, epoch 21)
2026-05-16 02:54:19,686 - INFO - Epoch [022/60] pl=14 LR=9.94e-04 Ltot=0.0092 (vel=0.0077, acc=0.0014, lin=1.0186, stab=0.0000) | val_vel_rmse_mean=0.04738 @K=0.06372 slope=0.652 inst=1.031 spec=0.996 | 6.9s
2026-05-16 02:54:19,690 - INFO -   ↳ new best [composite]=0.0488537 (vel_rmse_mean=0.0473838, inst=1.03102, epoch 22)
2026-05-16 02:54:26,348 - INFO - Epoch [023/60] pl=14 LR=9.86e-04 Ltot=0.0089 (vel=0.0077, acc=0.0013, lin=1.0460, stab=0.0000) | val_vel_rmse_mean=0.04571 @K=0.06311 slope=0.679 inst=1.067 spec=0.997 | 6.7s
2026-05-16 02:54:26,352 - INFO -   ↳ new best [composite]=0.04879 (vel_rmse_mean=0.0457099, inst=1.06738, epoch 23)
2026-05-16 02:54:32,965 - INFO - Epoch [024/60] pl=14 LR=9.76e-04 Ltot=0.0086 (vel=0.0075, acc=0.0012, lin=1.0599, stab=0.0000) | val_vel_rmse_mean=0.04449 @K=0.06275 slope=0.701 inst=1.099 spec=0.996 | 6.6s
2026-05-16 02:54:32,968 - INFO - [Curriculum] pred_len -> 16; rebuilding dataloaders...
2026-05-16 02:54:33,005 - INFO - Dataset[TRAIN] koopman_train_merged.npz | segments=99 | samples=196317 | pred_len=16 | stride=1
2026-05-16 02:54:33,010 - INFO - Dataset[VAL] koopman_val.npz | segments=3 | samples=35949 | pred_len=16 | stride=1
2026-05-16 02:54:40,384 - INFO - Epoch [025/60] pl=16 LR=9.62e-04 Ltot=0.0089 (vel=0.0077, acc=0.0012, lin=1.1293, stab=0.0000) | val_vel_rmse_mean=0.04633 @K=0.06354 slope=0.689 inst=1.123 spec=0.996 | 7.4s
2026-05-16 02:54:48,696 - INFO - Epoch [026/60] pl=16 LR=9.46e-04 Ltot=0.0089 (vel=0.0077, acc=0.0012, lin=1.1320, stab=0.0000) | val_vel_rmse_mean=0.04649 @K=0.06531 slope=0.712 inst=1.161 spec=0.995 | 8.3s
2026-05-16 02:54:56,490 - INFO - Epoch [027/60] pl=16 LR=9.26e-04 Ltot=0.0086 (vel=0.0076, acc=0.0011, lin=1.1352, stab=0.0000) | val_vel_rmse_mean=0.04684 @K=0.06701 slope=0.728 inst=1.190 spec=0.996 | 7.8s
2026-05-16 02:55:03,906 - INFO - Epoch [028/60] pl=16 LR=9.05e-04 Ltot=0.0086 (vel=0.0076, acc=0.0011, lin=1.1260, stab=0.0000) | val_vel_rmse_mean=0.04762 @K=0.06902 slope=0.740 inst=1.212 spec=0.996 | 7.4s
2026-05-16 02:55:03,909 - INFO - [Curriculum] pred_len -> 18; rebuilding dataloaders...
2026-05-16 02:55:03,946 - INFO - Dataset[TRAIN] koopman_train_merged.npz | segments=99 | samples=196119 | pred_len=18 | stride=1
2026-05-16 02:55:03,951 - INFO - Dataset[VAL] koopman_val.npz | segments=3 | samples=35943 | pred_len=18 | stride=1
2026-05-16 02:55:11,985 - INFO - Epoch [029/60] pl=18 LR=8.80e-04 Ltot=0.0087 (vel=0.0076, acc=0.0011, lin=1.1835, stab=0.0000) | val_vel_rmse_mean=0.05013 @K=0.07032 slope=0.720 inst=1.224 spec=0.996 | 8.0s
2026-05-16 02:55:19,880 - INFO - Epoch [030/60] pl=18 LR=8.54e-04 Ltot=0.0086 (vel=0.0076, acc=0.0010, lin=1.1633, stab=0.0000) | val_vel_rmse_mean=0.05075 @K=0.07197 slope=0.728 inst=1.240 spec=0.996 | 7.9s
2026-05-16 02:55:27,981 - INFO - Epoch [031/60] pl=18 LR=8.25e-04 Ltot=0.0087 (vel=0.0077, acc=0.0011, lin=1.1681, stab=0.0000) | val_vel_rmse_mean=0.05105 @K=0.07307 slope=0.734 inst=1.253 spec=0.997 | 8.1s
2026-05-16 02:55:35,940 - INFO - Epoch [032/60] pl=18 LR=7.94e-04 Ltot=0.0087 (vel=0.0077, acc=0.0011, lin=1.1646, stab=0.0000) | val_vel_rmse_mean=0.05114 @K=0.07354 slope=0.737 inst=1.260 spec=0.997 | 8.0s
2026-05-16 02:55:35,943 - INFO - [Curriculum] pred_len -> 20; rebuilding dataloaders...
2026-05-16 02:55:35,983 - INFO - Dataset[TRAIN] koopman_train_merged.npz | segments=99 | samples=195921 | pred_len=20 | stride=1
2026-05-16 02:55:35,987 - INFO - Dataset[VAL] koopman_val.npz | segments=3 | samples=35937 | pred_len=20 | stride=1
2026-05-16 02:55:44,628 - INFO - Epoch [033/60] pl=20 LR=7.61e-04 Ltot=0.0087 (vel=0.0077, acc=0.0010, lin=1.2238, stab=0.0000) | val_vel_rmse_mean=0.05375 @K=0.07485 slope=0.715 inst=1.264 spec=0.997 | 8.6s
2026-05-16 02:55:54,088 - INFO - Epoch [034/60] pl=20 LR=7.27e-04 Ltot=0.0088 (vel=0.0077, acc=0.0010, lin=1.2179, stab=0.0000) | val_vel_rmse_mean=0.05391 @K=0.07583 slope=0.720 inst=1.277 spec=0.997 | 9.5s
2026-05-16 02:56:03,950 - INFO - Epoch [035/60] pl=20 LR=6.91e-04 Ltot=0.0087 (vel=0.0077, acc=0.0010, lin=1.2065, stab=0.0000) | val_vel_rmse_mean=0.05424 @K=0.07700 slope=0.724 inst=1.288 spec=0.997 | 9.9s
2026-05-16 02:56:13,661 - INFO - Epoch [036/60] pl=20 LR=6.55e-04 Ltot=0.0087 (vel=0.0077, acc=0.0010, lin=1.2045, stab=0.0000) | val_vel_rmse_mean=0.05420 @K=0.07748 slope=0.728 inst=1.297 spec=0.997 | 9.7s
2026-05-16 02:56:22,421 - INFO - Epoch [037/60] pl=20 LR=6.17e-04 Ltot=0.0085 (vel=0.0076, acc=0.0009, lin=1.1995, stab=0.0000) | val_vel_rmse_mean=0.05452 @K=0.07839 slope=0.731 inst=1.304 spec=0.997 | 8.8s
2026-05-16 02:56:31,183 - INFO - Epoch [038/60] pl=20 LR=5.78e-04 Ltot=0.0085 (vel=0.0076, acc=0.0009, lin=1.1984, stab=0.0000) | val_vel_rmse_mean=0.05496 @K=0.07951 slope=0.735 inst=1.315 spec=0.997 | 8.8s
2026-05-16 02:56:40,026 - INFO - Epoch [039/60] pl=20 LR=5.39e-04 Ltot=0.0085 (vel=0.0076, acc=0.0009, lin=1.1935, stab=0.0000) | val_vel_rmse_mean=0.05489 @K=0.07958 slope=0.737 inst=1.318 spec=0.997 | 8.8s
2026-05-16 02:56:49,590 - INFO - Epoch [040/60] pl=20 LR=5.00e-04 Ltot=0.0085 (vel=0.0076, acc=0.0009, lin=1.1849, stab=0.0000) | val_vel_rmse_mean=0.05506 @K=0.08004 slope=0.739 inst=1.323 spec=0.997 | 9.6s
2026-05-16 02:56:59,516 - INFO - Epoch [041/60] pl=20 LR=4.61e-04 Ltot=0.0084 (vel=0.0075, acc=0.0009, lin=1.1814, stab=0.0000) | val_vel_rmse_mean=0.05511 @K=0.08018 slope=0.740 inst=1.325 spec=0.997 | 9.9s
2026-05-16 02:57:09,134 - INFO - Epoch [042/60] pl=20 LR=4.22e-04 Ltot=0.0083 (vel=0.0075, acc=0.0009, lin=1.1775, stab=0.0000) | val_vel_rmse_mean=0.05514 @K=0.08011 slope=0.738 inst=1.321 spec=0.997 | 9.6s
2026-05-16 02:57:18,219 - INFO - Epoch [043/60] pl=20 LR=3.83e-04 Ltot=0.0083 (vel=0.0075, acc=0.0009, lin=1.1673, stab=0.0000) | val_vel_rmse_mean=0.05541 @K=0.08047 slope=0.737 inst=1.320 spec=0.997 | 9.1s
2026-05-16 02:57:27,430 - INFO - Epoch [044/60] pl=20 LR=3.45e-04 Ltot=0.0082 (vel=0.0074, acc=0.0009, lin=1.1603, stab=0.0000) | val_vel_rmse_mean=0.05558 @K=0.08055 slope=0.735 inst=1.316 spec=0.997 | 9.2s
2026-05-16 02:57:36,725 - INFO - Epoch [045/60] pl=20 LR=3.09e-04 Ltot=0.0082 (vel=0.0074, acc=0.0009, lin=1.1513, stab=0.0000) | val_vel_rmse_mean=0.05586 @K=0.08087 slope=0.734 inst=1.314 spec=0.997 | 9.3s
2026-05-16 02:57:45,448 - INFO - Epoch [046/60] pl=20 LR=2.73e-04 Ltot=0.0081 (vel=0.0074, acc=0.0008, lin=1.1466, stab=0.0000) | val_vel_rmse_mean=0.05592 @K=0.08076 slope=0.733 inst=1.310 spec=0.997 | 8.7s
2026-05-16 02:57:53,857 - INFO - Epoch [047/60] pl=20 LR=2.39e-04 Ltot=0.0080 (vel=0.0073, acc=0.0008, lin=1.1428, stab=0.0000) | val_vel_rmse_mean=0.05622 @K=0.08101 slope=0.730 inst=1.305 spec=0.997 | 8.4s
2026-05-16 02:58:02,511 - INFO - Epoch [048/60] pl=20 LR=2.06e-04 Ltot=0.0080 (vel=0.0073, acc=0.0008, lin=1.1322, stab=0.0000) | val_vel_rmse_mean=0.05661 @K=0.08138 slope=0.728 inst=1.301 spec=0.997 | 8.6s
2026-05-16 02:58:11,360 - INFO - Epoch [049/60] pl=20 LR=1.75e-04 Ltot=0.0080 (vel=0.0073, acc=0.0008, lin=1.1242, stab=0.0000) | val_vel_rmse_mean=0.05703 @K=0.08184 slope=0.727 inst=1.298 spec=0.998 | 8.8s
2026-05-16 02:58:19,768 - INFO - Epoch [050/60] pl=20 LR=1.46e-04 Ltot=0.0080 (vel=0.0073, acc=0.0008, lin=1.1196, stab=0.0000) | val_vel_rmse_mean=0.05721 @K=0.08192 slope=0.725 inst=1.293 spec=0.997 | 8.4s
2026-05-16 02:58:28,535 - INFO - Epoch [051/60] pl=20 LR=1.20e-04 Ltot=0.0079 (vel=0.0073, acc=0.0008, lin=1.1110, stab=0.0000) | val_vel_rmse_mean=0.05733 @K=0.08187 slope=0.723 inst=1.288 spec=0.997 | 8.8s
2026-05-16 02:58:37,306 - INFO - Epoch [052/60] pl=20 LR=9.55e-05 Ltot=0.0079 (vel=0.0073, acc=0.0008, lin=1.1028, stab=0.0000) | val_vel_rmse_mean=0.05751 @K=0.08192 slope=0.721 inst=1.283 spec=0.998 | 8.8s
2026-05-16 02:58:46,004 - INFO - Epoch [053/60] pl=20 LR=7.37e-05 Ltot=0.0078 (vel=0.0072, acc=0.0008, lin=1.0934, stab=0.0000) | val_vel_rmse_mean=0.05767 @K=0.08188 slope=0.718 inst=1.278 spec=0.998 | 8.7s
2026-05-16 02:58:54,560 - INFO - Epoch [054/60] pl=20 LR=5.45e-05 Ltot=0.0078 (vel=0.0072, acc=0.0008, lin=1.0874, stab=0.0000) | val_vel_rmse_mean=0.05785 @K=0.08195 slope=0.716 inst=1.274 spec=0.997 | 8.6s
2026-05-16 02:59:03,367 - INFO - Epoch [055/60] pl=20 LR=3.81e-05 Ltot=0.0078 (vel=0.0072, acc=0.0008, lin=1.0809, stab=0.0000) | val_vel_rmse_mean=0.05810 @K=0.08205 slope=0.714 inst=1.270 spec=0.998 | 8.8s
2026-05-16 02:59:12,032 - INFO - Epoch [056/60] pl=20 LR=2.45e-05 Ltot=0.0078 (vel=0.0072, acc=0.0008, lin=1.0772, stab=0.0000) | val_vel_rmse_mean=0.05830 @K=0.08217 slope=0.712 inst=1.266 spec=0.998 | 8.7s
2026-05-16 02:59:20,538 - INFO - Epoch [057/60] pl=20 LR=1.38e-05 Ltot=0.0077 (vel=0.0072, acc=0.0008, lin=1.0729, stab=0.0000) | val_vel_rmse_mean=0.05823 @K=0.08181 slope=0.710 inst=1.260 spec=0.998 | 8.5s
2026-05-16 02:59:29,244 - INFO - Epoch [058/60] pl=20 LR=6.16e-06 Ltot=0.0077 (vel=0.0072, acc=0.0008, lin=1.0696, stab=0.0000) | val_vel_rmse_mean=0.05831 @K=0.08178 slope=0.708 inst=1.257 spec=0.998 | 8.7s
2026-05-16 02:59:38,031 - INFO - Epoch [059/60] pl=20 LR=1.54e-06 Ltot=0.0077 (vel=0.0072, acc=0.0007, lin=1.0692, stab=0.0000) | val_vel_rmse_mean=0.05820 @K=0.08137 slope=0.706 inst=1.251 spec=0.998 | 8.8s
2026-05-16 02:59:46,600 - INFO - Epoch [060/60] pl=20 LR=1.00e-03 Ltot=0.0077 (vel=0.0072, acc=0.0007, lin=1.0677, stab=0.0000) | val_vel_rmse_mean=0.05804 @K=0.08094 slope=0.703 inst=1.247 spec=0.998 | 8.6s
2026-05-16 02:59:46,635 - INFO - Exported YAML -> checkpoints/koopman_best.yaml
2026-05-16 02:59:52,251 - INFO - 
=== QUANTITATIVE VERDICT (test set) ===
vel_rmse@1=0.00354167  vel_rmse@5=0.0146602  vel_rmse@10=0.0228138  vel_rmse@20=0.027418
divergence: ratio20/1=7.74156  slope_loglog=0.652952  lyapunov_like=0.107716
instability_score=1.16682  monotonic_increasing=True  divergent_sample_pct=82.1318%
bias: u=+0.000723165  v=-0.000300204  r=+3.70652e-05
fit_quality: R^2(u,v,r) = 0.9975 / 0.9999 / 0.9996
========================================

2026-05-16 02:59:53,087 - INFO - 
### §7 12 条阈值逐条判定 (test set, K=20)

| # | 指标 | v3 实测 | 阈值 | 判定 |
|---|---|---|---|---|
| G1 | vel_rmse_step_K | 0.027418 | ≤ 0.01285 | ❌ |
| G2 | u_rmse_step_K | 0.0271658 | ≤ 0.01185 | ❌ |
| G3 | |u_bias_mean| | 0.000723165 | ≤ 0.00153 | ✅ |
| G4 | slope_loglog | 0.652952 | ≤ 0.6695 | ✅ |
| G5 | instability_score | 1.16682 | ≤ 1.2363 | ✅ |
| S1 | per_segment.worst_vel_rmse_K | 0.0368634 | ≤ 0.01569 | ❌ |
| S2 | per_segment.ratio_worst_over_best | 4.18132 | ≤ 2.78 | ❌ |
| S3 | per_segment.high_speed_seg_mean | 0.0193761 | ≤ 0.01144 | ❌ |
| S4 | degraded_pct (vs v1) | 54.7892 | ≤ 20 | ❌ |
| N1 | vel_rmse_step_1 | 0.00354167 | ≤ 0.0024 | ❌ |
| N2 | traj_xy_rmse_step_K | 0.0398613 | ≤ 0.02108 | ❌ |
| N3 | spectral_radius (I+A) | 0.994059 | ≤ 1.005 | ✅ |

**FAIL** — §7 v3 验收。

2026-05-16 02:59:53,087 - INFO - v3 auto-PASS = False
2026-05-16 02:59:53,087 - INFO - Per-5-epoch summary:
2026-05-16 02:59:53,087 - INFO - ep | lr | L_total | L_vel | L_acc | L_lin | val_vel_mean | val_vel@K | val_traj_xy@K | slope_ll | inst | spec
2026-05-16 02:59:53,087 - INFO -   001 | 9.94e-04 | 0.0279 | 0.0118 | 0.0260 | 0.0650 | 0.73080 | 1.15636 | 0.2924 | 0.977 | 1.008 | 1.005
2026-05-16 02:59:53,087 - INFO -   005 | 8.54e-04 | 0.0086 | 0.0076 | 0.0014 | 0.2726 | 0.43190 | 0.68713 | 0.2593 | 0.877 | 1.045 | 0.997
2026-05-16 02:59:53,087 - INFO -   010 | 5.00e-04 | 0.0083 | 0.0074 | 0.0012 | 0.5139 | 0.19328 | 0.29589 | 0.1546 | 0.781 | 1.035 | 0.998
2026-05-16 02:59:53,087 - INFO -   015 | 1.46e-04 | 0.0080 | 0.0073 | 0.0010 | 0.5994 | 0.08832 | 0.12768 | 0.0884 | 0.701 | 1.008 | 0.998
2026-05-16 02:59:53,087 - INFO -   020 | 1.00e-03 | 0.0078 | 0.0072 | 0.0010 | 0.6732 | 0.05286 | 0.07274 | 0.0631 | 0.665 | 1.010 | 0.998
2026-05-16 02:59:53,087 - INFO -   025 | 9.62e-04 | 0.0089 | 0.0077 | 0.0012 | 1.1293 | 0.04633 | 0.06354 | 0.0736 | 0.689 | 1.123 | 0.996
2026-05-16 02:59:53,087 - INFO -   030 | 8.54e-04 | 0.0086 | 0.0076 | 0.0010 | 1.1633 | 0.05075 | 0.07197 | 0.0911 | 0.728 | 1.240 | 0.996
2026-05-16 02:59:53,087 - INFO -   035 | 6.91e-04 | 0.0087 | 0.0077 | 0.0010 | 1.2065 | 0.05424 | 0.07700 | 0.1084 | 0.724 | 1.288 | 0.997
2026-05-16 02:59:53,087 - INFO -   040 | 5.00e-04 | 0.0085 | 0.0076 | 0.0009 | 1.1849 | 0.05506 | 0.08004 | 0.1101 | 0.739 | 1.323 | 0.997
2026-05-16 02:59:53,087 - INFO -   045 | 3.09e-04 | 0.0082 | 0.0074 | 0.0009 | 1.1513 | 0.05586 | 0.08087 | 0.1117 | 0.734 | 1.314 | 0.997
2026-05-16 02:59:53,087 - INFO -   050 | 1.46e-04 | 0.0080 | 0.0073 | 0.0008 | 1.1196 | 0.05721 | 0.08192 | 0.1144 | 0.725 | 1.293 | 0.997
2026-05-16 02:59:53,087 - INFO -   055 | 3.81e-05 | 0.0078 | 0.0072 | 0.0008 | 1.0809 | 0.05810 | 0.08205 | 0.1162 | 0.714 | 1.270 | 0.998
2026-05-16 02:59:53,087 - INFO -   060 | 1.00e-03 | 0.0077 | 0.0072 | 0.0007 | 1.0677 | 0.05804 | 0.08094 | 0.1162 | 0.703 | 1.247 | 0.998
