2026-05-16 03:34:51,723 - INFO - Dataset[TRAIN] koopman_train_merged.npz | segments=99 | samples=197505 | pred_len=4 | stride=1
2026-05-16 03:34:51,728 - INFO - Dataset[VAL] koopman_val.npz | segments=3 | samples=35985 | pred_len=4 | stride=1
2026-05-16 03:34:52,311 - INFO - ================================================================================
2026-05-16 03:34:52,311 - INFO - Device: cpu | AMP: False
2026-05-16 03:34:52,311 - INFO - Model: v3 | class=HorizontalKoopmanModelV3 | n_cubic=11 | latent_dim=43 | hidden_dim=24 | clamp_pif=30.0
2026-05-16 03:34:52,311 - INFO - Train data: koopman_train_merged.npz | Val: koopman_val.npz | Test: koopman_test.npz
2026-05-16 03:34:52,311 - INFO - Batch: 1024 | Workers: 4 | Seed: 42
2026-05-16 03:34:52,311 - INFO - Curriculum pred_len: start=4 max=20 grow_every=3 stride=1
2026-05-16 03:34:52,311 - INFO - Loss weights: w_vel=1.0 w_acc=0.8 w_lin=0.0 w_recon=0.0 w_stab=8.0 w_l2=0.0001 w_bias=1.0 (u=80.0, v=30.0, r=30.0) gamma_step=1.1 gamma_bias=1.1 huber_beta=0.15 rho_max=0.998
2026-05-16 03:34:52,311 - INFO - Noise: input_std=0.025 ctrl_std=0.005 | EMA decay=0.999 no_ema=False | best_metric=composite
2026-05-16 03:34:52,311 - INFO - Train samples: 197505 | Val samples: 35985 | Params: 13224
2026-05-16 03:34:52,311 - INFO - Initial spectral radius (I+A): 1.06615
2026-05-16 03:34:52,311 - INFO - ================================================================================
2026-05-16 03:34:56,330 - INFO - Epoch [001/60] pl=4 LR=9.94e-04 Ltot=0.0254 (vel=0.0053, acc=0.0216, lin=0.0670, stab=0.0003) | val_vel_rmse_mean=0.72680 @K=1.14912 slope=0.975 inst=1.007 spec=1.006 | 4.0s
2026-05-16 03:34:56,341 - INFO -   ↳ new best [composite]=0.731538 (vel_rmse_mean=0.726796, inst=1.00653, epoch 1)
2026-05-16 03:35:00,740 - INFO - Epoch [002/60] pl=4 LR=9.76e-04 Ltot=0.0029 (vel=0.0021, acc=0.0009, lin=0.0872, stab=0.0000) | val_vel_rmse_mean=0.58710 @K=0.91769 slope=0.951 inst=0.991 spec=0.998 | 4.4s
2026-05-16 03:35:00,747 - INFO -   ↳ new best [composite]=0.5871 (vel_rmse_mean=0.5871, inst=0.990568, epoch 2)
2026-05-16 03:35:04,893 - INFO - Epoch [003/60] pl=4 LR=9.46e-04 Ltot=0.0029 (vel=0.0021, acc=0.0008, lin=0.1272, stab=0.0000) | val_vel_rmse_mean=0.47637 @K=0.73693 slope=0.930 inst=0.976 spec=0.998 | 4.1s
2026-05-16 03:35:04,902 - INFO -   ↳ new best [composite]=0.476373 (vel_rmse_mean=0.476373, inst=0.97647, epoch 3)
2026-05-16 03:35:04,902 - INFO - [Curriculum] pred_len -> 6; rebuilding dataloaders...
2026-05-16 03:35:04,940 - INFO - Dataset[TRAIN] koopman_train_merged.npz | segments=99 | samples=197307 | pred_len=6 | stride=1
2026-05-16 03:35:04,945 - INFO - Dataset[VAL] koopman_val.npz | segments=3 | samples=35979 | pred_len=6 | stride=1
2026-05-16 03:35:09,565 - INFO - Epoch [004/60] pl=6 LR=9.05e-04 Ltot=0.0029 (vel=0.0021, acc=0.0008, lin=0.2966, stab=0.0000) | val_vel_rmse_mean=0.51514 @K=0.82362 slope=0.886 inst=1.053 spec=0.997 | 4.6s
2026-05-16 03:35:14,644 - INFO - Epoch [005/60] pl=6 LR=8.54e-04 Ltot=0.0027 (vel=0.0021, acc=0.0006, lin=0.3842, stab=0.0000) | val_vel_rmse_mean=0.41784 @K=0.65964 slope=0.864 inst=1.033 spec=0.997 | 5.1s
2026-05-16 03:35:14,653 - INFO -   ↳ new best [composite]=0.431778 (vel_rmse_mean=0.417843, inst=1.03335, epoch 5)
2026-05-16 03:35:19,377 - INFO - Epoch [006/60] pl=6 LR=7.94e-04 Ltot=0.0027 (vel=0.0021, acc=0.0006, lin=0.4303, stab=0.0000) | val_vel_rmse_mean=0.34095 @K=0.53278 slope=0.847 inst=1.018 spec=0.996 | 4.7s
2026-05-16 03:35:19,388 - INFO -   ↳ new best [composite]=0.34704 (vel_rmse_mean=0.34095, inst=1.01786, epoch 6)
2026-05-16 03:35:19,389 - INFO - [Curriculum] pred_len -> 8; rebuilding dataloaders...
2026-05-16 03:35:19,434 - INFO - Dataset[TRAIN] koopman_train_merged.npz | segments=99 | samples=197109 | pred_len=8 | stride=1
2026-05-16 03:35:19,440 - INFO - Dataset[VAL] koopman_val.npz | segments=3 | samples=35973 | pred_len=8 | stride=1
2026-05-16 03:35:24,435 - INFO - Epoch [007/60] pl=8 LR=7.27e-04 Ltot=0.0028 (vel=0.0021, acc=0.0006, lin=0.6119, stab=0.0000) | val_vel_rmse_mean=0.33551 @K=0.52321 slope=0.806 inst=1.061 spec=0.997 | 5.0s
2026-05-16 03:35:29,969 - INFO - Epoch [008/60] pl=8 LR=6.55e-04 Ltot=0.0027 (vel=0.0021, acc=0.0006, lin=0.6461, stab=0.0000) | val_vel_rmse_mean=0.27478 @K=0.42499 slope=0.793 inst=1.047 spec=0.997 | 5.5s
2026-05-16 03:35:29,977 - INFO -   ↳ new best [composite]=0.287701 (vel_rmse_mean=0.274785, inst=1.04701, epoch 8)
2026-05-16 03:35:35,231 - INFO - Epoch [009/60] pl=8 LR=5.78e-04 Ltot=0.0026 (vel=0.0021, acc=0.0005, lin=0.6555, stab=0.0000) | val_vel_rmse_mean=0.22566 @K=0.34660 slope=0.782 inst=1.036 spec=0.997 | 5.3s
2026-05-16 03:35:35,240 - INFO -   ↳ new best [composite]=0.233714 (vel_rmse_mean=0.225663, inst=1.03568, epoch 9)
2026-05-16 03:35:35,241 - INFO - [Curriculum] pred_len -> 10; rebuilding dataloaders...
2026-05-16 03:35:35,277 - INFO - Dataset[TRAIN] koopman_train_merged.npz | segments=99 | samples=196911 | pred_len=10 | stride=1
2026-05-16 03:35:35,281 - INFO - Dataset[VAL] koopman_val.npz | segments=3 | samples=35967 | pred_len=10 | stride=1
2026-05-16 03:35:40,707 - INFO - Epoch [010/60] pl=10 LR=5.00e-04 Ltot=0.0027 (vel=0.0021, acc=0.0006, lin=0.7922, stab=0.0000) | val_vel_rmse_mean=0.21077 @K=0.31988 slope=0.745 inst=1.061 spec=0.997 | 5.4s
2026-05-16 03:35:40,715 - INFO -   ↳ new best [composite]=0.22352 (vel_rmse_mean=0.210765, inst=1.06052, epoch 10)
2026-05-16 03:35:46,488 - INFO - Epoch [011/60] pl=10 LR=4.22e-04 Ltot=0.0027 (vel=0.0021, acc=0.0005, lin=0.7929, stab=0.0000) | val_vel_rmse_mean=0.17318 @K=0.26105 slope=0.735 inst=1.049 spec=0.996 | 5.8s
2026-05-16 03:35:46,496 - INFO -   ↳ new best [composite]=0.181682 (vel_rmse_mean=0.173178, inst=1.04911, epoch 11)
2026-05-16 03:35:52,280 - INFO - Epoch [012/60] pl=10 LR=3.45e-04 Ltot=0.0026 (vel=0.0021, acc=0.0005, lin=0.7916, stab=0.0000) | val_vel_rmse_mean=0.14253 @K=0.21374 slope=0.727 inst=1.040 spec=0.997 | 5.8s
2026-05-16 03:35:52,288 - INFO -   ↳ new best [composite]=0.148231 (vel_rmse_mean=0.14253, inst=1.04, epoch 12)
2026-05-16 03:35:52,288 - INFO - [Curriculum] pred_len -> 12; rebuilding dataloaders...
2026-05-16 03:35:52,324 - INFO - Dataset[TRAIN] koopman_train_merged.npz | segments=99 | samples=196713 | pred_len=12 | stride=1
2026-05-16 03:35:52,328 - INFO - Dataset[VAL] koopman_val.npz | segments=3 | samples=35961 | pred_len=12 | stride=1
2026-05-16 03:35:58,259 - INFO - Epoch [013/60] pl=12 LR=2.73e-04 Ltot=0.0027 (vel=0.0022, acc=0.0005, lin=0.8971, stab=0.0000) | val_vel_rmse_mean=0.12886 @K=0.19065 slope=0.694 inst=1.054 spec=0.997 | 5.9s
2026-05-16 03:35:58,266 - INFO -   ↳ new best [composite]=0.135839 (vel_rmse_mean=0.128862, inst=1.05414, epoch 13)
2026-05-16 03:36:04,756 - INFO - Epoch [014/60] pl=12 LR=2.06e-04 Ltot=0.0027 (vel=0.0022, acc=0.0005, lin=0.8867, stab=0.0000) | val_vel_rmse_mean=0.10620 @K=0.15647 slope=0.688 inst=1.046 spec=0.997 | 6.5s
2026-05-16 03:36:04,765 - INFO -   ↳ new best [composite]=0.111111 (vel_rmse_mean=0.106202, inst=1.04623, epoch 14)
2026-05-16 03:36:10,982 - INFO - Epoch [015/60] pl=12 LR=1.46e-04 Ltot=0.0026 (vel=0.0021, acc=0.0005, lin=0.8791, stab=0.0000) | val_vel_rmse_mean=0.08753 @K=0.12849 slope=0.682 inst=1.040 spec=0.997 | 6.2s
2026-05-16 03:36:10,990 - INFO -   ↳ new best [composite]=0.0909971 (vel_rmse_mean=0.087533, inst=1.03957, epoch 15)
2026-05-16 03:36:10,990 - INFO - [Curriculum] pred_len -> 14; rebuilding dataloaders...
2026-05-16 03:36:11,026 - INFO - Dataset[TRAIN] koopman_train_merged.npz | segments=99 | samples=196515 | pred_len=14 | stride=1
2026-05-16 03:36:11,031 - INFO - Dataset[VAL] koopman_val.npz | segments=3 | samples=35955 | pred_len=14 | stride=1
2026-05-16 03:36:17,132 - INFO - Epoch [016/60] pl=14 LR=9.55e-05 Ltot=0.0027 (vel=0.0022, acc=0.0005, lin=0.9651, stab=0.0000) | val_vel_rmse_mean=0.07799 @K=0.11349 slope=0.656 inst=1.053 spec=0.997 | 6.1s
2026-05-16 03:36:17,141 - INFO -   ↳ new best [composite]=0.0821289 (vel_rmse_mean=0.0779942, inst=1.05301, epoch 16)
2026-05-16 03:36:23,533 - INFO - Epoch [017/60] pl=14 LR=5.45e-05 Ltot=0.0027 (vel=0.0022, acc=0.0005, lin=0.9579, stab=0.0000) | val_vel_rmse_mean=0.06445 @K=0.09348 slope=0.653 inst=1.048 spec=0.997 | 6.4s
2026-05-16 03:36:23,540 - INFO -   ↳ new best [composite]=0.067546 (vel_rmse_mean=0.0644502, inst=1.04803, epoch 17)
2026-05-16 03:36:29,738 - INFO - Epoch [018/60] pl=14 LR=2.45e-05 Ltot=0.0026 (vel=0.0022, acc=0.0005, lin=0.9532, stab=0.0000) | val_vel_rmse_mean=0.05324 @K=0.07694 slope=0.649 inst=1.043 spec=0.997 | 6.2s
2026-05-16 03:36:29,746 - INFO -   ↳ new best [composite]=0.0555192 (vel_rmse_mean=0.0532393, inst=1.04282, epoch 18)
2026-05-16 03:36:29,746 - INFO - [Curriculum] pred_len -> 16; rebuilding dataloaders...
2026-05-16 03:36:29,781 - INFO - Dataset[TRAIN] koopman_train_merged.npz | segments=99 | samples=196317 | pred_len=16 | stride=1
2026-05-16 03:36:29,786 - INFO - Dataset[VAL] koopman_val.npz | segments=3 | samples=35949 | pred_len=16 | stride=1
2026-05-16 03:36:36,586 - INFO - Epoch [019/60] pl=16 LR=6.16e-06 Ltot=0.0027 (vel=0.0023, acc=0.0005, lin=1.0319, stab=0.0000) | val_vel_rmse_mean=0.04692 @K=0.06739 slope=0.628 inst=1.055 spec=0.998 | 6.8s
2026-05-16 03:36:36,596 - INFO -   ↳ new best [composite]=0.0495117 (vel_rmse_mean=0.046916, inst=1.05532, epoch 19)
2026-05-16 03:36:43,359 - INFO - Epoch [020/60] pl=16 LR=1.00e-03 Ltot=0.0027 (vel=0.0023, acc=0.0005, lin=1.0305, stab=0.0000) | val_vel_rmse_mean=0.03900 @K=0.05574 slope=0.626 inst=1.052 spec=0.998 | 6.8s
2026-05-16 03:36:43,368 - INFO -   ↳ new best [composite]=0.0410207 (vel_rmse_mean=0.0390041, inst=1.0517, epoch 20)
2026-05-16 03:36:50,206 - INFO - Epoch [021/60] pl=16 LR=9.98e-04 Ltot=0.0038 (vel=0.0028, acc=0.0009, lin=1.1413, stab=0.0000) | val_vel_rmse_mean=0.03266 @K=0.04818 slope=0.634 inst=1.067 spec=0.997 | 6.8s
2026-05-16 03:36:50,216 - INFO -   ↳ new best [composite]=0.0348576 (vel_rmse_mean=0.032655, inst=1.06745, epoch 21)
2026-05-16 03:36:50,216 - INFO - [Curriculum] pred_len -> 18; rebuilding dataloaders...
2026-05-16 03:36:50,251 - INFO - Dataset[TRAIN] koopman_train_merged.npz | segments=99 | samples=196119 | pred_len=18 | stride=1
2026-05-16 03:36:50,256 - INFO - Dataset[VAL] koopman_val.npz | segments=3 | samples=35943 | pred_len=18 | stride=1
2026-05-16 03:36:57,740 - INFO - Epoch [022/60] pl=18 LR=9.94e-04 Ltot=0.0038 (vel=0.0028, acc=0.0007, lin=1.2185, stab=0.0000) | val_vel_rmse_mean=0.02831 @K=0.04199 slope=0.607 inst=1.069 spec=0.997 | 7.5s
2026-05-16 03:36:57,750 - INFO -   ↳ new best [composite]=0.030249 (vel_rmse_mean=0.028306, inst=1.06864, epoch 22)
2026-05-16 03:37:05,328 - INFO - Epoch [023/60] pl=18 LR=9.86e-04 Ltot=0.0036 (vel=0.0027, acc=0.0007, lin=1.2263, stab=0.0000) | val_vel_rmse_mean=0.02324 @K=0.03400 slope=0.589 inst=1.041 spec=0.997 | 7.6s
2026-05-16 03:37:05,337 - INFO -   ↳ new best [composite]=0.0242001 (vel_rmse_mean=0.0232412, inst=1.04126, epoch 23)
2026-05-16 03:37:13,069 - INFO - Epoch [024/60] pl=18 LR=9.76e-04 Ltot=0.0036 (vel=0.0027, acc=0.0007, lin=1.2379, stab=0.0000) | val_vel_rmse_mean=0.01963 @K=0.02874 slope=0.584 inst=1.033 spec=0.997 | 7.7s
2026-05-16 03:37:13,077 - INFO -   ↳ new best [composite]=0.0202825 (vel_rmse_mean=0.0196266, inst=1.03342, epoch 24)
2026-05-16 03:37:13,077 - INFO - [Curriculum] pred_len -> 20; rebuilding dataloaders...
2026-05-16 03:37:13,116 - INFO - Dataset[TRAIN] koopman_train_merged.npz | segments=99 | samples=195921 | pred_len=20 | stride=1
2026-05-16 03:37:13,121 - INFO - Dataset[VAL] koopman_val.npz | segments=3 | samples=35937 | pred_len=20 | stride=1
2026-05-16 03:37:21,342 - INFO - Epoch [025/60] pl=20 LR=9.62e-04 Ltot=0.0036 (vel=0.0028, acc=0.0006, lin=1.2722, stab=0.0000) | val_vel_rmse_mean=0.01804 @K=0.02709 slope=0.591 inst=1.074 spec=0.997 | 8.2s
2026-05-16 03:37:21,353 - INFO -   ↳ new best [composite]=0.0193651 (vel_rmse_mean=0.0180355, inst=1.07372, epoch 25)
2026-05-16 03:37:30,040 - INFO - Epoch [026/60] pl=20 LR=9.46e-04 Ltot=0.0036 (vel=0.0027, acc=0.0006, lin=1.2599, stab=0.0000) | val_vel_rmse_mean=0.01620 @K=0.02484 slope=0.615 inst=1.107 spec=0.997 | 8.7s
2026-05-16 03:37:30,049 - INFO -   ↳ new best [composite]=0.0179334 (vel_rmse_mean=0.0161958, inst=1.10729, epoch 26)
2026-05-16 03:37:38,791 - INFO - Epoch [027/60] pl=20 LR=9.26e-04 Ltot=0.0035 (vel=0.0027, acc=0.0006, lin=1.2579, stab=0.0000) | val_vel_rmse_mean=0.01511 @K=0.02402 slope=0.657 inst=1.176 spec=0.997 | 8.7s
2026-05-16 03:37:38,799 - INFO -   ↳ new best [composite]=0.0177679 (vel_rmse_mean=0.0151109, inst=1.17584, epoch 27)
2026-05-16 03:37:47,635 - INFO - Epoch [028/60] pl=20 LR=9.05e-04 Ltot=0.0035 (vel=0.0027, acc=0.0006, lin=1.2610, stab=0.0000) | val_vel_rmse_mean=0.01402 @K=0.02336 slope=0.704 inst=1.259 spec=0.998 | 8.8s
2026-05-16 03:37:47,642 - INFO -   ↳ new best [composite]=0.0176517 (vel_rmse_mean=0.0140161, inst=1.25939, epoch 28)
2026-05-16 03:37:56,164 - INFO - Epoch [029/60] pl=20 LR=8.80e-04 Ltot=0.0033 (vel=0.0026, acc=0.0005, lin=1.2604, stab=0.0000) | val_vel_rmse_mean=0.01361 @K=0.02344 slope=0.756 inst=1.363 spec=0.997 | 8.5s
2026-05-16 03:38:05,248 - INFO - Epoch [030/60] pl=20 LR=8.54e-04 Ltot=0.0034 (vel=0.0027, acc=0.0005, lin=1.2565, stab=0.0000) | val_vel_rmse_mean=0.01319 @K=0.02331 slope=0.805 inst=1.472 spec=0.997 | 9.1s
2026-05-16 03:38:14,416 - INFO - Epoch [031/60] pl=20 LR=8.25e-04 Ltot=0.0034 (vel=0.0027, acc=0.0005, lin=1.2613, stab=0.0000) | val_vel_rmse_mean=0.01314 @K=0.02370 slope=0.852 inst=1.593 spec=0.997 | 9.2s
2026-05-16 03:38:22,821 - INFO - Epoch [032/60] pl=20 LR=7.94e-04 Ltot=0.0034 (vel=0.0027, acc=0.0006, lin=1.2588, stab=0.0000) | val_vel_rmse_mean=0.01278 @K=0.02343 slope=0.891 inst=1.709 spec=0.997 | 8.4s
2026-05-16 03:38:31,795 - INFO - Epoch [033/60] pl=20 LR=7.61e-04 Ltot=0.0033 (vel=0.0026, acc=0.0005, lin=1.2587, stab=0.0000) | val_vel_rmse_mean=0.01290 @K=0.02370 slope=0.915 inst=1.790 spec=0.997 | 9.0s
2026-05-16 03:38:40,657 - INFO - Epoch [034/60] pl=20 LR=7.27e-04 Ltot=0.0033 (vel=0.0026, acc=0.0005, lin=1.2601, stab=0.0000) | val_vel_rmse_mean=0.01354 @K=0.02485 slope=0.939 inst=1.878 spec=0.998 | 8.9s
2026-05-16 03:38:49,327 - INFO - Epoch [035/60] pl=20 LR=6.91e-04 Ltot=0.0033 (vel=0.0026, acc=0.0005, lin=1.2610, stab=0.0000) | val_vel_rmse_mean=0.01376 @K=0.02518 slope=0.951 inst=1.934 spec=0.997 | 8.7s
2026-05-16 03:38:58,042 - INFO - Epoch [036/60] pl=20 LR=6.55e-04 Ltot=0.0033 (vel=0.0026, acc=0.0005, lin=1.2597, stab=0.0000) | val_vel_rmse_mean=0.01436 @K=0.02610 slope=0.953 inst=1.953 spec=0.998 | 8.7s
2026-05-16 03:39:06,862 - INFO - Epoch [037/60] pl=20 LR=6.17e-04 Ltot=0.0033 (vel=0.0026, acc=0.0005, lin=1.2566, stab=0.0000) | val_vel_rmse_mean=0.01499 @K=0.02705 slope=0.953 inst=1.962 spec=0.997 | 8.8s
2026-05-16 03:39:15,545 - INFO - Epoch [038/60] pl=20 LR=5.78e-04 Ltot=0.0033 (vel=0.0026, acc=0.0005, lin=1.2544, stab=0.0000) | val_vel_rmse_mean=0.01539 @K=0.02765 slope=0.953 inst=1.961 spec=0.997 | 8.7s
2026-05-16 03:39:24,044 - INFO - Epoch [039/60] pl=20 LR=5.39e-04 Ltot=0.0032 (vel=0.0025, acc=0.0005, lin=1.2525, stab=0.0000) | val_vel_rmse_mean=0.01586 @K=0.02828 slope=0.948 inst=1.947 spec=0.997 | 8.5s
2026-05-16 03:39:33,099 - INFO - Epoch [040/60] pl=20 LR=5.00e-04 Ltot=0.0032 (vel=0.0025, acc=0.0005, lin=1.2483, stab=0.0000) | val_vel_rmse_mean=0.01615 @K=0.02857 slope=0.942 inst=1.928 spec=0.998 | 9.0s
2026-05-16 03:39:41,901 - INFO - Epoch [041/60] pl=20 LR=4.61e-04 Ltot=0.0031 (vel=0.0025, acc=0.0005, lin=1.2454, stab=0.0000) | val_vel_rmse_mean=0.01666 @K=0.02927 slope=0.937 inst=1.912 spec=0.997 | 8.8s
2026-05-16 03:39:50,526 - INFO - Epoch [042/60] pl=20 LR=4.22e-04 Ltot=0.0030 (vel=0.0025, acc=0.0005, lin=1.2424, stab=0.0000) | val_vel_rmse_mean=0.01720 @K=0.03004 slope=0.932 inst=1.892 spec=0.997 | 8.6s
2026-05-16 03:39:59,304 - INFO - Epoch [043/60] pl=20 LR=3.83e-04 Ltot=0.0030 (vel=0.0025, acc=0.0005, lin=1.2374, stab=0.0000) | val_vel_rmse_mean=0.01743 @K=0.03029 slope=0.928 inst=1.880 spec=0.998 | 8.8s
2026-05-16 03:40:08,125 - INFO - Epoch [044/60] pl=20 LR=3.45e-04 Ltot=0.0030 (vel=0.0025, acc=0.0004, lin=1.2334, stab=0.0000) | val_vel_rmse_mean=0.01786 @K=0.03093 slope=0.926 inst=1.873 spec=0.998 | 8.8s
2026-05-16 03:40:17,001 - INFO - Epoch [045/60] pl=20 LR=3.09e-04 Ltot=0.0030 (vel=0.0025, acc=0.0004, lin=1.2270, stab=0.0000) | val_vel_rmse_mean=0.01813 @K=0.03126 slope=0.923 inst=1.862 spec=0.997 | 8.9s
2026-05-16 03:40:25,864 - INFO - Epoch [046/60] pl=20 LR=2.73e-04 Ltot=0.0030 (vel=0.0025, acc=0.0004, lin=1.2216, stab=0.0000) | val_vel_rmse_mean=0.01844 @K=0.03168 slope=0.918 inst=1.844 spec=0.997 | 8.9s
2026-05-16 03:40:34,907 - INFO - Epoch [047/60] pl=20 LR=2.39e-04 Ltot=0.0029 (vel=0.0025, acc=0.0004, lin=1.2172, stab=0.0000) | val_vel_rmse_mean=0.01883 @K=0.03216 slope=0.909 inst=1.815 spec=0.997 | 9.0s
2026-05-16 03:40:43,698 - INFO - Epoch [048/60] pl=20 LR=2.06e-04 Ltot=0.0029 (vel=0.0025, acc=0.0004, lin=1.2167, stab=0.0000) | val_vel_rmse_mean=0.01921 @K=0.03266 slope=0.902 inst=1.789 spec=0.997 | 8.8s
2026-05-16 03:40:52,459 - INFO - Epoch [049/60] pl=20 LR=1.75e-04 Ltot=0.0029 (vel=0.0024, acc=0.0004, lin=1.2125, stab=0.0000) | val_vel_rmse_mean=0.01970 @K=0.03343 slope=0.899 inst=1.779 spec=0.997 | 8.8s
2026-05-16 03:41:01,326 - INFO - Epoch [050/60] pl=20 LR=1.46e-04 Ltot=0.0029 (vel=0.0024, acc=0.0004, lin=1.2117, stab=0.0000) | val_vel_rmse_mean=0.02001 @K=0.03389 slope=0.896 inst=1.770 spec=0.997 | 8.9s
2026-05-16 03:41:09,993 - INFO - Epoch [051/60] pl=20 LR=1.20e-04 Ltot=0.0029 (vel=0.0024, acc=0.0004, lin=1.2073, stab=0.0000) | val_vel_rmse_mean=0.02034 @K=0.03434 slope=0.892 inst=1.755 spec=0.997 | 8.7s
2026-05-16 03:41:18,521 - INFO - Epoch [052/60] pl=20 LR=9.55e-05 Ltot=0.0029 (vel=0.0024, acc=0.0004, lin=1.2029, stab=0.0000) | val_vel_rmse_mean=0.02065 @K=0.03476 slope=0.888 inst=1.741 spec=0.997 | 8.5s
2026-05-16 03:41:27,285 - INFO - Epoch [053/60] pl=20 LR=7.37e-05 Ltot=0.0028 (vel=0.0024, acc=0.0004, lin=1.1997, stab=0.0000) | val_vel_rmse_mean=0.02093 @K=0.03517 slope=0.885 inst=1.733 spec=0.997 | 8.8s
2026-05-16 03:41:36,013 - INFO - Epoch [054/60] pl=20 LR=5.45e-05 Ltot=0.0028 (vel=0.0024, acc=0.0004, lin=1.1975, stab=0.0000) | val_vel_rmse_mean=0.02112 @K=0.03541 slope=0.883 inst=1.726 spec=0.997 | 8.7s
2026-05-16 03:41:44,697 - INFO - Epoch [055/60] pl=20 LR=3.81e-05 Ltot=0.0028 (vel=0.0024, acc=0.0004, lin=1.1937, stab=0.0000) | val_vel_rmse_mean=0.02126 @K=0.03558 slope=0.882 inst=1.722 spec=0.998 | 8.7s
2026-05-16 03:41:53,211 - INFO - Epoch [056/60] pl=20 LR=2.45e-05 Ltot=0.0028 (vel=0.0024, acc=0.0004, lin=1.1908, stab=0.0000) | val_vel_rmse_mean=0.02150 @K=0.03594 slope=0.880 inst=1.715 spec=0.998 | 8.5s
2026-05-16 03:42:02,084 - INFO - Epoch [057/60] pl=20 LR=1.38e-05 Ltot=0.0028 (vel=0.0024, acc=0.0004, lin=1.1899, stab=0.0000) | val_vel_rmse_mean=0.02171 @K=0.03617 slope=0.875 inst=1.700 spec=0.998 | 8.9s
2026-05-16 03:42:10,865 - INFO - Epoch [058/60] pl=20 LR=6.16e-06 Ltot=0.0028 (vel=0.0024, acc=0.0004, lin=1.1882, stab=0.0000) | val_vel_rmse_mean=0.02186 @K=0.03634 slope=0.872 inst=1.690 spec=0.998 | 8.8s
2026-05-16 03:42:19,562 - INFO - Epoch [059/60] pl=20 LR=1.54e-06 Ltot=0.0028 (vel=0.0024, acc=0.0004, lin=1.1876, stab=0.0000) | val_vel_rmse_mean=0.02203 @K=0.03654 slope=0.869 inst=1.680 spec=0.998 | 8.7s
2026-05-16 03:42:28,368 - INFO - Epoch [060/60] pl=20 LR=1.00e-03 Ltot=0.0028 (vel=0.0024, acc=0.0004, lin=1.1876, stab=0.0000) | val_vel_rmse_mean=0.02217 @K=0.03669 slope=0.866 inst=1.672 spec=0.998 | 8.8s
2026-05-16 03:42:28,406 - INFO - Exported YAML -> checkpoints/koopman_best.yaml
2026-05-16 03:42:33,962 - INFO - 
=== QUANTITATIVE VERDICT (test set) ===
vel_rmse@1=0.000937258  vel_rmse@5=0.00372616  vel_rmse@10=0.00628414  vel_rmse@20=0.0105535
divergence: ratio20/1=11.2599  slope_loglog=0.787822  lyapunov_like=0.127434
instability_score=1.46133  monotonic_increasing=True  divergent_sample_pct=91.1768%
bias: u=+0.00101619  v=+9.17855e-05  r=+4.20075e-05
fit_quality: R^2(u,v,r) = 0.9998 / 0.9999 / 0.9995
========================================

2026-05-16 03:42:34,754 - INFO - 
### §7 12 条阈值逐条判定 (test set, K=20)

| # | 指标 | v3 实测 | 阈值 | 判定 |
|---|---|---|---|---|
| G1 | vel_rmse_step_K | 0.0105535 | ≤ 0.01285 | ✅ |
| G2 | u_rmse_step_K | 0.00950762 | ≤ 0.01185 | ✅ |
| G3 | |u_bias_mean| | 0.00101619 | ≤ 0.00153 | ✅ |
| G4 | slope_loglog | 0.787822 | ≤ 0.6695 | ❌ |
| G5 | instability_score | 1.46133 | ≤ 1.2363 | ❌ |
| S1 | per_segment.worst_vel_rmse_K | 0.0146489 | ≤ 0.01569 | ✅ |
| S2 | per_segment.ratio_worst_over_best | 3.36176 | ≤ 2.78 | ❌ |
| S3 | per_segment.high_speed_seg_mean | 0.00761173 | ≤ 0.01144 | ✅ |
| S4 | degraded_pct (vs v1) | 16.8604 | ≤ 20 | ✅ |
| N1 | vel_rmse_step_1 | 0.000937258 | ≤ 0.0024 | ✅ |
| N2 | traj_xy_rmse_step_K | 0.0127783 | ≤ 0.02108 | ✅ |
| N3 | spectral_radius (I+A) | 0.9971 | ≤ 1.005 | ✅ |

**FAIL** — §7 v3 验收。

2026-05-16 03:42:34,754 - INFO - v3 auto-PASS = False
2026-05-16 03:42:34,754 - INFO - Per-5-epoch summary:
2026-05-16 03:42:34,754 - INFO - ep | lr | L_total | L_vel | L_acc | L_lin | val_vel_mean | val_vel@K | val_traj_xy@K | slope_ll | inst | spec
2026-05-16 03:42:34,754 - INFO -   001 | 9.94e-04 | 0.0254 | 0.0053 | 0.0216 | 0.0670 | 0.72680 | 1.14912 | 0.2908 | 0.975 | 1.007 | 1.006
2026-05-16 03:42:34,754 - INFO -   005 | 8.54e-04 | 0.0027 | 0.0021 | 0.0006 | 0.3842 | 0.41784 | 0.65964 | 0.2508 | 0.864 | 1.033 | 0.997
2026-05-16 03:42:34,754 - INFO -   010 | 5.00e-04 | 0.0027 | 0.0021 | 0.0006 | 0.7922 | 0.21077 | 0.31988 | 0.2108 | 0.745 | 1.061 | 0.997
2026-05-16 03:42:34,754 - INFO -   015 | 1.46e-04 | 0.0026 | 0.0021 | 0.0005 | 0.8791 | 0.08753 | 0.12849 | 0.1049 | 0.682 | 1.040 | 0.997
2026-05-16 03:42:34,754 - INFO -   020 | 1.00e-03 | 0.0027 | 0.0023 | 0.0005 | 1.0305 | 0.03900 | 0.05574 | 0.0624 | 0.626 | 1.052 | 0.998
2026-05-16 03:42:34,754 - INFO -   025 | 9.62e-04 | 0.0036 | 0.0028 | 0.0006 | 1.2722 | 0.01804 | 0.02709 | 0.0362 | 0.591 | 1.074 | 0.997
2026-05-16 03:42:34,754 - INFO -   030 | 8.54e-04 | 0.0034 | 0.0027 | 0.0005 | 1.2565 | 0.01319 | 0.02331 | 0.0267 | 0.805 | 1.472 | 0.997
2026-05-16 03:42:34,754 - INFO -   035 | 6.91e-04 | 0.0033 | 0.0026 | 0.0005 | 1.2610 | 0.01376 | 0.02518 | 0.0278 | 0.951 | 1.934 | 0.997
2026-05-16 03:42:34,754 - INFO -   040 | 5.00e-04 | 0.0032 | 0.0025 | 0.0005 | 1.2483 | 0.01615 | 0.02857 | 0.0324 | 0.942 | 1.928 | 0.998
2026-05-16 03:42:34,754 - INFO -   045 | 3.09e-04 | 0.0030 | 0.0025 | 0.0004 | 1.2270 | 0.01813 | 0.03126 | 0.0363 | 0.923 | 1.862 | 0.997
2026-05-16 03:42:34,754 - INFO -   050 | 1.46e-04 | 0.0029 | 0.0024 | 0.0004 | 1.2117 | 0.02001 | 0.03389 | 0.0400 | 0.896 | 1.770 | 0.997
2026-05-16 03:42:34,754 - INFO -   055 | 3.81e-05 | 0.0028 | 0.0024 | 0.0004 | 1.1937 | 0.02126 | 0.03558 | 0.0425 | 0.882 | 1.722 | 0.998
2026-05-16 03:42:34,754 - INFO -   060 | 1.00e-03 | 0.0028 | 0.0024 | 0.0004 | 1.1876 | 0.02217 | 0.03669 | 0.0443 | 0.866 | 1.672 | 0.998
