2026-05-16 03:13:46,405 - INFO - Dataset[TRAIN] koopman_train_merged.npz | segments=99 | samples=197505 | pred_len=4 | stride=1
2026-05-16 03:13:46,410 - INFO - Dataset[VAL] koopman_val.npz | segments=3 | samples=35985 | pred_len=4 | stride=1
2026-05-16 03:13:47,000 - INFO - ================================================================================
2026-05-16 03:13:47,000 - INFO - Device: cpu | AMP: False
2026-05-16 03:13:47,000 - INFO - Model: v3 | class=HorizontalKoopmanModelV3 | n_cubic=11 | latent_dim=43 | hidden_dim=24 | clamp_pif=30.0
2026-05-16 03:13:47,000 - INFO - Train data: koopman_train_merged.npz | Val: koopman_val.npz | Test: koopman_test.npz
2026-05-16 03:13:47,000 - INFO - Batch: 1024 | Workers: 4 | Seed: 42
2026-05-16 03:13:47,000 - INFO - Curriculum pred_len: start=4 max=20 grow_every=4 stride=1
2026-05-16 03:13:47,001 - INFO - Loss weights: w_vel=1.0 w_acc=1.0 w_lin=0.0 w_recon=0.0 w_stab=12.0 w_l2=0.0001 w_bias=1.0 (u=100.0, v=40.0, r=40.0) gamma_step=1.1 gamma_bias=1.1 huber_beta=0.1 rho_max=0.998
2026-05-16 03:13:47,001 - INFO - Noise: input_std=0.02 ctrl_std=0.003 | EMA decay=0.999 no_ema=False | best_metric=composite
2026-05-16 03:13:47,001 - INFO - Train samples: 197505 | Val samples: 35985 | Params: 13224
2026-05-16 03:13:47,001 - INFO - Initial spectral radius (I+A): 1.06615
2026-05-16 03:13:47,001 - INFO - ================================================================================
2026-05-16 03:13:50,961 - INFO - Epoch [001/60] pl=4 LR=9.94e-04 Ltot=0.0336 (vel=0.0059, acc=0.0242, lin=0.0676, stab=0.0003) | val_vel_rmse_mean=0.72655 @K=1.14812 slope=0.974 inst=1.006 spec=1.004 | 4.0s
2026-05-16 03:13:50,967 - INFO -   ↳ new best [composite]=0.730718 (vel_rmse_mean=0.726548, inst=1.00574, epoch 1)
2026-05-16 03:13:55,338 - INFO - Epoch [002/60] pl=4 LR=9.76e-04 Ltot=0.0035 (vel=0.0020, acc=0.0013, lin=0.0902, stab=0.0000) | val_vel_rmse_mean=0.58620 @K=0.91521 slope=0.949 inst=0.989 spec=0.997 | 4.4s
2026-05-16 03:13:55,344 - INFO -   ↳ new best [composite]=0.586199 (vel_rmse_mean=0.586199, inst=0.988979, epoch 2)
2026-05-16 03:13:59,539 - INFO - Epoch [003/60] pl=4 LR=9.46e-04 Ltot=0.0032 (vel=0.0020, acc=0.0010, lin=0.1380, stab=0.0000) | val_vel_rmse_mean=0.47487 @K=0.73316 slope=0.926 inst=0.974 spec=0.996 | 4.2s
2026-05-16 03:13:59,544 - INFO -   ↳ new best [composite]=0.474865 (vel_rmse_mean=0.474865, inst=0.973835, epoch 3)
2026-05-16 03:14:03,615 - INFO - Epoch [004/60] pl=4 LR=9.05e-04 Ltot=0.0033 (vel=0.0020, acc=0.0011, lin=0.1890, stab=0.0000) | val_vel_rmse_mean=0.38580 @K=0.58942 slope=0.904 inst=0.960 spec=0.997 | 4.1s
2026-05-16 03:14:03,620 - INFO -   ↳ new best [composite]=0.385796 (vel_rmse_mean=0.385796, inst=0.959922, epoch 4)
2026-05-16 03:14:03,620 - INFO - [Curriculum] pred_len -> 6; rebuilding dataloaders...
2026-05-16 03:14:03,666 - INFO - Dataset[TRAIN] koopman_train_merged.npz | segments=99 | samples=197307 | pred_len=6 | stride=1
2026-05-16 03:14:03,671 - INFO - Dataset[VAL] koopman_val.npz | segments=3 | samples=35979 | pred_len=6 | stride=1
2026-05-16 03:14:08,150 - INFO - Epoch [005/60] pl=6 LR=8.54e-04 Ltot=0.0032 (vel=0.0020, acc=0.0009, lin=0.3891, stab=0.0000) | val_vel_rmse_mean=0.41177 @K=0.64597 slope=0.854 inst=1.024 spec=0.998 | 4.5s
2026-05-16 03:14:13,138 - INFO - Epoch [006/60] pl=6 LR=7.94e-04 Ltot=0.0031 (vel=0.0020, acc=0.0009, lin=0.4596, stab=0.0000) | val_vel_rmse_mean=0.33384 @K=0.51692 slope=0.832 inst=1.005 spec=0.997 | 5.0s
2026-05-16 03:14:13,147 - INFO -   ↳ new best [composite]=0.335347 (vel_rmse_mean=0.33384, inst=1.00451, epoch 6)
2026-05-16 03:14:17,773 - INFO - Epoch [007/60] pl=6 LR=7.27e-04 Ltot=0.0030 (vel=0.0020, acc=0.0008, lin=0.5161, stab=0.0000) | val_vel_rmse_mean=0.27191 @K=0.41642 slope=0.813 inst=0.989 spec=0.997 | 4.6s
2026-05-16 03:14:17,783 - INFO -   ↳ new best [composite]=0.271906 (vel_rmse_mean=0.271906, inst=0.988559, epoch 7)
2026-05-16 03:14:22,255 - INFO - Epoch [008/60] pl=6 LR=6.55e-04 Ltot=0.0030 (vel=0.0020, acc=0.0008, lin=0.5482, stab=0.0000) | val_vel_rmse_mean=0.22256 @K=0.33802 slope=0.798 inst=0.977 spec=0.998 | 4.5s
2026-05-16 03:14:22,264 - INFO -   ↳ new best [composite]=0.222564 (vel_rmse_mean=0.222564, inst=0.97667, epoch 8)
2026-05-16 03:14:22,264 - INFO - [Curriculum] pred_len -> 8; rebuilding dataloaders...
2026-05-16 03:14:22,302 - INFO - Dataset[TRAIN] koopman_train_merged.npz | segments=99 | samples=197109 | pred_len=8 | stride=1
2026-05-16 03:14:22,307 - INFO - Dataset[VAL] koopman_val.npz | segments=3 | samples=35973 | pred_len=8 | stride=1
2026-05-16 03:14:27,196 - INFO - Epoch [009/60] pl=8 LR=5.78e-04 Ltot=0.0030 (vel=0.0021, acc=0.0008, lin=0.7360, stab=0.0000) | val_vel_rmse_mean=0.21496 @K=0.32371 slope=0.751 inst=1.005 spec=0.996 | 4.9s
2026-05-16 03:14:27,205 - INFO -   ↳ new best [composite]=0.215953 (vel_rmse_mean=0.214964, inst=1.0046, epoch 9)
2026-05-16 03:14:32,505 - INFO - Epoch [010/60] pl=8 LR=5.00e-04 Ltot=0.0030 (vel=0.0021, acc=0.0007, lin=0.7414, stab=0.0000) | val_vel_rmse_mean=0.17603 @K=0.26321 slope=0.740 inst=0.994 spec=0.996 | 5.3s
2026-05-16 03:14:32,513 - INFO -   ↳ new best [composite]=0.176031 (vel_rmse_mean=0.176031, inst=0.993796, epoch 10)
2026-05-16 03:14:37,716 - INFO - Epoch [011/60] pl=8 LR=4.22e-04 Ltot=0.0029 (vel=0.0021, acc=0.0007, lin=0.7449, stab=0.0000) | val_vel_rmse_mean=0.14451 @K=0.21496 slope=0.732 inst=0.986 spec=0.995 | 5.2s
2026-05-16 03:14:37,725 - INFO -   ↳ new best [composite]=0.144511 (vel_rmse_mean=0.144511, inst=0.985787, epoch 11)
2026-05-16 03:14:42,857 - INFO - Epoch [012/60] pl=8 LR=3.45e-04 Ltot=0.0029 (vel=0.0020, acc=0.0007, lin=0.7465, stab=0.0000) | val_vel_rmse_mean=0.11850 @K=0.17550 slope=0.724 inst=0.979 spec=0.996 | 5.1s
2026-05-16 03:14:42,866 - INFO -   ↳ new best [composite]=0.118502 (vel_rmse_mean=0.118502, inst=0.97906, epoch 12)
2026-05-16 03:14:42,866 - INFO - [Curriculum] pred_len -> 10; rebuilding dataloaders...
2026-05-16 03:14:42,904 - INFO - Dataset[TRAIN] koopman_train_merged.npz | segments=99 | samples=196911 | pred_len=10 | stride=1
2026-05-16 03:14:42,908 - INFO - Dataset[VAL] koopman_val.npz | segments=3 | samples=35967 | pred_len=10 | stride=1
2026-05-16 03:14:48,235 - INFO - Epoch [013/60] pl=10 LR=2.73e-04 Ltot=0.0030 (vel=0.0021, acc=0.0007, lin=0.8772, stab=0.0000) | val_vel_rmse_mean=0.10887 @K=0.15906 slope=0.686 inst=0.995 spec=0.997 | 5.3s
2026-05-16 03:14:48,244 - INFO -   ↳ new best [composite]=0.108871 (vel_rmse_mean=0.108871, inst=0.995087, epoch 13)
2026-05-16 03:14:53,745 - INFO - Epoch [014/60] pl=10 LR=2.06e-04 Ltot=0.0029 (vel=0.0021, acc=0.0007, lin=0.8722, stab=0.0000) | val_vel_rmse_mean=0.08912 @K=0.12958 slope=0.679 inst=0.988 spec=0.997 | 5.5s
2026-05-16 03:14:53,753 - INFO -   ↳ new best [composite]=0.0891204 (vel_rmse_mean=0.0891204, inst=0.987617, epoch 14)
2026-05-16 03:14:59,247 - INFO - Epoch [015/60] pl=10 LR=1.46e-04 Ltot=0.0028 (vel=0.0021, acc=0.0006, lin=0.8641, stab=0.0000) | val_vel_rmse_mean=0.07287 @K=0.10542 slope=0.672 inst=0.980 spec=0.997 | 5.5s
2026-05-16 03:14:59,256 - INFO -   ↳ new best [composite]=0.0728715 (vel_rmse_mean=0.0728715, inst=0.980165, epoch 15)
2026-05-16 03:15:04,690 - INFO - Epoch [016/60] pl=10 LR=9.55e-05 Ltot=0.0028 (vel=0.0021, acc=0.0006, lin=0.8570, stab=0.0000) | val_vel_rmse_mean=0.05952 @K=0.08569 slope=0.666 inst=0.973 spec=0.996 | 5.4s
2026-05-16 03:15:04,699 - INFO -   ↳ new best [composite]=0.0595175 (vel_rmse_mean=0.0595175, inst=0.973423, epoch 16)
2026-05-16 03:15:04,699 - INFO - [Curriculum] pred_len -> 12; rebuilding dataloaders...
2026-05-16 03:15:04,736 - INFO - Dataset[TRAIN] koopman_train_merged.npz | segments=99 | samples=196713 | pred_len=12 | stride=1
2026-05-16 03:15:04,740 - INFO - Dataset[VAL] koopman_val.npz | segments=3 | samples=35961 | pred_len=12 | stride=1
2026-05-16 03:15:10,523 - INFO - Epoch [017/60] pl=12 LR=5.45e-05 Ltot=0.0029 (vel=0.0022, acc=0.0006, lin=0.9606, stab=0.0000) | val_vel_rmse_mean=0.05277 @K=0.07495 slope=0.633 inst=0.982 spec=0.996 | 5.8s
2026-05-16 03:15:10,534 - INFO -   ↳ new best [composite]=0.0527743 (vel_rmse_mean=0.0527743, inst=0.981942, epoch 17)
2026-05-16 03:15:16,569 - INFO - Epoch [018/60] pl=12 LR=2.45e-05 Ltot=0.0028 (vel=0.0021, acc=0.0006, lin=0.9579, stab=0.0000) | val_vel_rmse_mean=0.04300 @K=0.06083 slope=0.628 inst=0.977 spec=0.996 | 6.0s
2026-05-16 03:15:16,576 - INFO -   ↳ new best [composite]=0.0430008 (vel_rmse_mean=0.0430008, inst=0.976546, epoch 18)
2026-05-16 03:15:22,654 - INFO - Epoch [019/60] pl=12 LR=6.16e-06 Ltot=0.0028 (vel=0.0021, acc=0.0006, lin=0.9553, stab=0.0000) | val_vel_rmse_mean=0.03501 @K=0.04938 slope=0.624 inst=0.972 spec=0.997 | 6.1s
2026-05-16 03:15:22,663 - INFO -   ↳ new best [composite]=0.035011 (vel_rmse_mean=0.035011, inst=0.972441, epoch 19)
2026-05-16 03:15:28,929 - INFO - Epoch [020/60] pl=12 LR=1.00e-03 Ltot=0.0028 (vel=0.0021, acc=0.0006, lin=0.9526, stab=0.0000) | val_vel_rmse_mean=0.02852 @K=0.04018 slope=0.622 inst=0.970 spec=0.998 | 6.3s
2026-05-16 03:15:28,938 - INFO -   ↳ new best [composite]=0.0285223 (vel_rmse_mean=0.0285223, inst=0.969952, epoch 20)
2026-05-16 03:15:28,938 - INFO - [Curriculum] pred_len -> 14; rebuilding dataloaders...
2026-05-16 03:15:28,978 - INFO - Dataset[TRAIN] koopman_train_merged.npz | segments=99 | samples=196515 | pred_len=14 | stride=1
2026-05-16 03:15:28,983 - INFO - Dataset[VAL] koopman_val.npz | segments=3 | samples=35955 | pred_len=14 | stride=1
2026-05-16 03:15:35,472 - INFO - Epoch [021/60] pl=14 LR=9.98e-04 Ltot=0.0041 (vel=0.0027, acc=0.0011, lin=1.1169, stab=0.0000) | val_vel_rmse_mean=0.02449 @K=0.03454 slope=0.591 inst=0.975 spec=0.996 | 6.5s
2026-05-16 03:15:35,481 - INFO -   ↳ new best [composite]=0.0244936 (vel_rmse_mean=0.0244936, inst=0.97456, epoch 21)
2026-05-16 03:15:42,176 - INFO - Epoch [022/60] pl=14 LR=9.94e-04 Ltot=0.0037 (vel=0.0025, acc=0.0009, lin=1.1456, stab=0.0000) | val_vel_rmse_mean=0.01950 @K=0.02735 slope=0.567 inst=0.948 spec=0.996 | 6.7s
2026-05-16 03:15:42,184 - INFO -   ↳ new best [composite]=0.019496 (vel_rmse_mean=0.019496, inst=0.948399, epoch 22)
2026-05-16 03:15:48,775 - INFO - Epoch [023/60] pl=14 LR=9.86e-04 Ltot=0.0036 (vel=0.0025, acc=0.0008, lin=1.1592, stab=0.0000) | val_vel_rmse_mean=0.01559 @K=0.02208 slope=0.552 inst=0.935 spec=0.996 | 6.6s
2026-05-16 03:15:48,784 - INFO -   ↳ new best [composite]=0.015589 (vel_rmse_mean=0.015589, inst=0.935432, epoch 23)
2026-05-16 03:15:55,272 - INFO - Epoch [024/60] pl=14 LR=9.76e-04 Ltot=0.0034 (vel=0.0024, acc=0.0007, lin=1.1618, stab=0.0000) | val_vel_rmse_mean=0.01323 @K=0.01908 slope=0.559 inst=0.943 spec=0.996 | 6.5s
2026-05-16 03:15:55,280 - INFO -   ↳ new best [composite]=0.0132329 (vel_rmse_mean=0.0132329, inst=0.943066, epoch 24)
2026-05-16 03:15:55,280 - INFO - [Curriculum] pred_len -> 16; rebuilding dataloaders...
2026-05-16 03:15:55,317 - INFO - Dataset[TRAIN] koopman_train_merged.npz | segments=99 | samples=196317 | pred_len=16 | stride=1
2026-05-16 03:15:55,322 - INFO - Dataset[VAL] koopman_val.npz | segments=3 | samples=35949 | pred_len=16 | stride=1
2026-05-16 03:16:02,383 - INFO - Epoch [025/60] pl=16 LR=9.62e-04 Ltot=0.0038 (vel=0.0026, acc=0.0008, lin=1.2104, stab=0.0000) | val_vel_rmse_mean=0.01228 @K=0.01857 slope=0.575 inst=0.993 spec=0.997 | 7.0s
2026-05-16 03:16:02,394 - INFO -   ↳ new best [composite]=0.0122754 (vel_rmse_mean=0.0122754, inst=0.992768, epoch 25)
2026-05-16 03:16:10,043 - INFO - Epoch [026/60] pl=16 LR=9.46e-04 Ltot=0.0037 (vel=0.0026, acc=0.0008, lin=1.2110, stab=0.0000) | val_vel_rmse_mean=0.01122 @K=0.01762 slope=0.620 inst=1.048 spec=0.997 | 7.6s
2026-05-16 03:16:10,053 - INFO -   ↳ new best [composite]=0.0117546 (vel_rmse_mean=0.0112196, inst=1.04769, epoch 26)
2026-05-16 03:16:17,271 - INFO - Epoch [027/60] pl=16 LR=9.26e-04 Ltot=0.0037 (vel=0.0026, acc=0.0008, lin=1.2113, stab=0.0000) | val_vel_rmse_mean=0.01059 @K=0.01740 slope=0.679 inst=1.128 spec=0.997 | 7.2s
2026-05-16 03:16:24,368 - INFO - Epoch [028/60] pl=16 LR=9.05e-04 Ltot=0.0036 (vel=0.0026, acc=0.0008, lin=1.2112, stab=0.0000) | val_vel_rmse_mean=0.01042 @K=0.01777 slope=0.748 inst=1.237 spec=0.997 | 7.1s
2026-05-16 03:16:24,373 - INFO - [Curriculum] pred_len -> 18; rebuilding dataloaders...
2026-05-16 03:16:24,410 - INFO - Dataset[TRAIN] koopman_train_merged.npz | segments=99 | samples=196119 | pred_len=18 | stride=1
2026-05-16 03:16:24,415 - INFO - Dataset[VAL] koopman_val.npz | segments=3 | samples=35943 | pred_len=18 | stride=1
2026-05-16 03:16:32,182 - INFO - Epoch [029/60] pl=18 LR=8.80e-04 Ltot=0.0038 (vel=0.0027, acc=0.0007, lin=1.2427, stab=0.0000) | val_vel_rmse_mean=0.01143 @K=0.02014 slope=0.812 inst=1.416 spec=0.997 | 7.7s
2026-05-16 03:16:40,296 - INFO - Epoch [030/60] pl=18 LR=8.54e-04 Ltot=0.0038 (vel=0.0028, acc=0.0008, lin=1.2323, stab=0.0000) | val_vel_rmse_mean=0.01145 @K=0.02057 slope=0.856 inst=1.523 spec=0.997 | 8.1s
2026-05-16 03:16:48,101 - INFO - Epoch [031/60] pl=18 LR=8.25e-04 Ltot=0.0038 (vel=0.0027, acc=0.0007, lin=1.2339, stab=0.0000) | val_vel_rmse_mean=0.01193 @K=0.02161 slope=0.894 inst=1.629 spec=0.997 | 7.8s
2026-05-16 03:16:55,884 - INFO - Epoch [032/60] pl=18 LR=7.94e-04 Ltot=0.0037 (vel=0.0027, acc=0.0007, lin=1.2327, stab=0.0000) | val_vel_rmse_mean=0.01234 @K=0.02244 slope=0.923 inst=1.721 spec=0.997 | 7.8s
2026-05-16 03:16:55,888 - INFO - [Curriculum] pred_len -> 20; rebuilding dataloaders...
2026-05-16 03:16:55,924 - INFO - Dataset[TRAIN] koopman_train_merged.npz | segments=99 | samples=195921 | pred_len=20 | stride=1
2026-05-16 03:16:55,928 - INFO - Dataset[VAL] koopman_val.npz | segments=3 | samples=35937 | pred_len=20 | stride=1
2026-05-16 03:17:04,306 - INFO - Epoch [033/60] pl=20 LR=7.61e-04 Ltot=0.0039 (vel=0.0029, acc=0.0007, lin=1.2549, stab=0.0000) | val_vel_rmse_mean=0.01393 @K=0.02528 slope=0.931 inst=1.855 spec=0.998 | 8.4s
2026-05-16 03:17:13,012 - INFO - Epoch [034/60] pl=20 LR=7.27e-04 Ltot=0.0039 (vel=0.0029, acc=0.0007, lin=1.2499, stab=0.0000) | val_vel_rmse_mean=0.01443 @K=0.02612 slope=0.935 inst=1.878 spec=0.997 | 8.7s
2026-05-16 03:17:21,707 - INFO - Epoch [035/60] pl=20 LR=6.91e-04 Ltot=0.0038 (vel=0.0029, acc=0.0007, lin=1.2445, stab=0.0000) | val_vel_rmse_mean=0.01476 @K=0.02664 slope=0.935 inst=1.882 spec=0.997 | 8.7s
2026-05-16 03:17:30,365 - INFO - Epoch [036/60] pl=20 LR=6.55e-04 Ltot=0.0038 (vel=0.0029, acc=0.0007, lin=1.2532, stab=0.0000) | val_vel_rmse_mean=0.01510 @K=0.02713 slope=0.938 inst=1.902 spec=0.997 | 8.7s
2026-05-16 03:17:39,119 - INFO - Epoch [037/60] pl=20 LR=6.17e-04 Ltot=0.0038 (vel=0.0028, acc=0.0007, lin=1.2476, stab=0.0000) | val_vel_rmse_mean=0.01550 @K=0.02772 slope=0.936 inst=1.899 spec=0.997 | 8.7s
2026-05-16 03:17:47,643 - INFO - Epoch [038/60] pl=20 LR=5.78e-04 Ltot=0.0038 (vel=0.0029, acc=0.0007, lin=1.2461, stab=0.0000) | val_vel_rmse_mean=0.01599 @K=0.02846 slope=0.933 inst=1.892 spec=0.998 | 8.5s
2026-05-16 03:17:56,062 - INFO - Epoch [039/60] pl=20 LR=5.39e-04 Ltot=0.0037 (vel=0.0028, acc=0.0007, lin=1.2458, stab=0.0000) | val_vel_rmse_mean=0.01629 @K=0.02886 slope=0.931 inst=1.887 spec=0.998 | 8.4s
2026-05-16 03:18:04,219 - INFO - Epoch [040/60] pl=20 LR=5.00e-04 Ltot=0.0037 (vel=0.0028, acc=0.0007, lin=1.2439, stab=0.0000) | val_vel_rmse_mean=0.01640 @K=0.02892 slope=0.929 inst=1.885 spec=0.998 | 8.2s
2026-05-16 03:18:12,698 - INFO - Epoch [041/60] pl=20 LR=4.61e-04 Ltot=0.0037 (vel=0.0028, acc=0.0007, lin=1.2406, stab=0.0000) | val_vel_rmse_mean=0.01663 @K=0.02913 slope=0.919 inst=1.847 spec=0.997 | 8.5s
2026-05-16 03:18:21,300 - INFO - Epoch [042/60] pl=20 LR=4.22e-04 Ltot=0.0036 (vel=0.0027, acc=0.0006, lin=1.2366, stab=0.0000) | val_vel_rmse_mean=0.01690 @K=0.02943 slope=0.913 inst=1.829 spec=0.997 | 8.6s
2026-05-16 03:18:29,497 - INFO - Epoch [043/60] pl=20 LR=3.83e-04 Ltot=0.0036 (vel=0.0028, acc=0.0006, lin=1.2355, stab=0.0000) | val_vel_rmse_mean=0.01697 @K=0.02943 slope=0.912 inst=1.828 spec=0.998 | 8.2s
2026-05-16 03:18:37,971 - INFO - Epoch [044/60] pl=20 LR=3.45e-04 Ltot=0.0035 (vel=0.0027, acc=0.0006, lin=1.2376, stab=0.0000) | val_vel_rmse_mean=0.01687 @K=0.02915 slope=0.908 inst=1.812 spec=0.997 | 8.5s
2026-05-16 03:18:46,428 - INFO - Epoch [045/60] pl=20 LR=3.09e-04 Ltot=0.0035 (vel=0.0027, acc=0.0006, lin=1.2333, stab=0.0000) | val_vel_rmse_mean=0.01716 @K=0.02955 slope=0.903 inst=1.797 spec=0.997 | 8.5s
2026-05-16 03:18:54,726 - INFO - Epoch [046/60] pl=20 LR=2.73e-04 Ltot=0.0035 (vel=0.0027, acc=0.0006, lin=1.2308, stab=0.0000) | val_vel_rmse_mean=0.01710 @K=0.02936 slope=0.901 inst=1.791 spec=0.997 | 8.3s
2026-05-16 03:19:03,691 - INFO - Epoch [047/60] pl=20 LR=2.39e-04 Ltot=0.0034 (vel=0.0027, acc=0.0006, lin=1.2288, stab=0.0000) | val_vel_rmse_mean=0.01709 @K=0.02927 slope=0.899 inst=1.783 spec=0.997 | 9.0s
2026-05-16 03:19:12,346 - INFO - Epoch [048/60] pl=20 LR=2.06e-04 Ltot=0.0034 (vel=0.0027, acc=0.0006, lin=1.2241, stab=0.0000) | val_vel_rmse_mean=0.01709 @K=0.02917 slope=0.892 inst=1.758 spec=0.997 | 8.6s
2026-05-16 03:19:20,701 - INFO - Epoch [049/60] pl=20 LR=1.75e-04 Ltot=0.0033 (vel=0.0026, acc=0.0006, lin=1.2214, stab=0.0000) | val_vel_rmse_mean=0.01696 @K=0.02883 slope=0.887 inst=1.744 spec=0.997 | 8.3s
2026-05-16 03:19:29,001 - INFO - Epoch [050/60] pl=20 LR=1.46e-04 Ltot=0.0033 (vel=0.0026, acc=0.0006, lin=1.2195, stab=0.0000) | val_vel_rmse_mean=0.01682 @K=0.02847 slope=0.881 inst=1.723 spec=0.997 | 8.3s
2026-05-16 03:19:37,579 - INFO - Epoch [051/60] pl=20 LR=1.20e-04 Ltot=0.0033 (vel=0.0026, acc=0.0006, lin=1.2153, stab=0.0000) | val_vel_rmse_mean=0.01657 @K=0.02793 slope=0.877 inst=1.711 spec=0.998 | 8.6s
2026-05-16 03:19:46,108 - INFO - Epoch [052/60] pl=20 LR=9.55e-05 Ltot=0.0032 (vel=0.0026, acc=0.0005, lin=1.2128, stab=0.0000) | val_vel_rmse_mean=0.01627 @K=0.02727 slope=0.868 inst=1.681 spec=0.997 | 8.5s
2026-05-16 03:19:54,239 - INFO - Epoch [053/60] pl=20 LR=7.37e-05 Ltot=0.0032 (vel=0.0026, acc=0.0005, lin=1.2089, stab=0.0000) | val_vel_rmse_mean=0.01604 @K=0.02666 slope=0.859 inst=1.653 spec=0.996 | 8.1s
2026-05-16 03:20:02,739 - INFO - Epoch [054/60] pl=20 LR=5.45e-05 Ltot=0.0032 (vel=0.0026, acc=0.0005, lin=1.2063, stab=0.0000) | val_vel_rmse_mean=0.01594 @K=0.02636 slope=0.855 inst=1.642 spec=0.997 | 8.5s
2026-05-16 03:20:11,431 - INFO - Epoch [055/60] pl=20 LR=3.81e-05 Ltot=0.0032 (vel=0.0025, acc=0.0005, lin=1.2029, stab=0.0000) | val_vel_rmse_mean=0.01584 @K=0.02606 slope=0.852 inst=1.633 spec=0.998 | 8.7s
2026-05-16 03:20:20,142 - INFO - Epoch [056/60] pl=20 LR=2.45e-05 Ltot=0.0032 (vel=0.0025, acc=0.0005, lin=1.2019, stab=0.0000) | val_vel_rmse_mean=0.01580 @K=0.02588 slope=0.850 inst=1.627 spec=0.998 | 8.7s
2026-05-16 03:20:28,672 - INFO - Epoch [057/60] pl=20 LR=1.38e-05 Ltot=0.0031 (vel=0.0025, acc=0.0005, lin=1.1994, stab=0.0000) | val_vel_rmse_mean=0.01566 @K=0.02556 slope=0.849 inst=1.624 spec=0.997 | 8.5s
2026-05-16 03:20:37,475 - INFO - Epoch [058/60] pl=20 LR=6.16e-06 Ltot=0.0031 (vel=0.0025, acc=0.0005, lin=1.1973, stab=0.0000) | val_vel_rmse_mean=0.01545 @K=0.02513 slope=0.848 inst=1.619 spec=0.998 | 8.8s
2026-05-16 03:20:46,137 - INFO - Epoch [059/60] pl=20 LR=1.54e-06 Ltot=0.0031 (vel=0.0025, acc=0.0005, lin=1.1979, stab=0.0000) | val_vel_rmse_mean=0.01520 @K=0.02463 slope=0.846 inst=1.614 spec=0.998 | 8.7s
2026-05-16 03:20:54,871 - INFO - Epoch [060/60] pl=20 LR=1.00e-03 Ltot=0.0031 (vel=0.0025, acc=0.0005, lin=1.1965, stab=0.0000) | val_vel_rmse_mean=0.01500 @K=0.02418 slope=0.842 inst=1.601 spec=0.998 | 8.7s
2026-05-16 03:20:54,908 - INFO - Exported YAML -> checkpoints/koopman_best.yaml
2026-05-16 03:21:00,469 - INFO - 
=== QUANTITATIVE VERDICT (test set) ===
vel_rmse@1=0.00124291  vel_rmse@5=0.00419442  vel_rmse@10=0.00643705  vel_rmse@20=0.0115533
divergence: ratio20/1=9.29534  slope_loglog=0.706609  lyapunov_like=0.117343
instability_score=1.29212  monotonic_increasing=True  divergent_sample_pct=89.2791%
bias: u=+3.89143e-06  v=+0.000128578  r=+4.82772e-05
fit_quality: R^2(u,v,r) = 0.9997 / 1 / 0.9996
========================================

2026-05-16 03:21:01,313 - INFO - 
### §7 12 条阈值逐条判定 (test set, K=20)

| # | 指标 | v3 实测 | 阈值 | 判定 |
|---|---|---|---|---|
| G1 | vel_rmse_step_K | 0.0115533 | ≤ 0.01285 | ✅ |
| G2 | u_rmse_step_K | 0.0110829 | ≤ 0.01185 | ✅ |
| G3 | |u_bias_mean| | 3.89143e-06 | ≤ 0.00153 | ✅ |
| G4 | slope_loglog | 0.706609 | ≤ 0.6695 | ❌ |
| G5 | instability_score | 1.29212 | ≤ 1.2363 | ❌ |
| S1 | per_segment.worst_vel_rmse_K | 0.0135493 | ≤ 0.01569 | ✅ |
| S2 | per_segment.ratio_worst_over_best | 1.80331 | ≤ 2.78 | ✅ |
| S3 | per_segment.high_speed_seg_mean | 0.00954463 | ≤ 0.01144 | ✅ |
| S4 | degraded_pct (vs v1) | 26.4247 | ≤ 20 | ❌ |
| N1 | vel_rmse_step_1 | 0.00124291 | ≤ 0.0024 | ✅ |
| N2 | traj_xy_rmse_step_K | 0.0134834 | ≤ 0.02108 | ✅ |
| N3 | spectral_radius (I+A) | 0.996301 | ≤ 1.005 | ✅ |

**FAIL** — §7 v3 验收。

2026-05-16 03:21:01,314 - INFO - v3 auto-PASS = False
2026-05-16 03:21:01,314 - INFO - Per-5-epoch summary:
2026-05-16 03:21:01,314 - INFO - ep | lr | L_total | L_vel | L_acc | L_lin | val_vel_mean | val_vel@K | val_traj_xy@K | slope_ll | inst | spec
2026-05-16 03:21:01,314 - INFO -   001 | 9.94e-04 | 0.0336 | 0.0059 | 0.0242 | 0.0676 | 0.72655 | 1.14812 | 0.2907 | 0.974 | 1.006 | 1.004
2026-05-16 03:21:01,314 - INFO -   005 | 8.54e-04 | 0.0032 | 0.0020 | 0.0009 | 0.3891 | 0.41177 | 0.64597 | 0.2472 | 0.854 | 1.024 | 0.998
2026-05-16 03:21:01,314 - INFO -   010 | 5.00e-04 | 0.0030 | 0.0021 | 0.0007 | 0.7414 | 0.17603 | 0.26321 | 0.1408 | 0.740 | 0.994 | 0.996
2026-05-16 03:21:01,314 - INFO -   015 | 1.46e-04 | 0.0028 | 0.0021 | 0.0006 | 0.8641 | 0.07287 | 0.10542 | 0.0728 | 0.672 | 0.980 | 0.997
2026-05-16 03:21:01,314 - INFO -   020 | 1.00e-03 | 0.0028 | 0.0021 | 0.0006 | 0.9526 | 0.02852 | 0.04018 | 0.0341 | 0.622 | 0.970 | 0.998
2026-05-16 03:21:01,314 - INFO -   025 | 9.62e-04 | 0.0038 | 0.0026 | 0.0008 | 1.2104 | 0.01228 | 0.01857 | 0.0193 | 0.575 | 0.993 | 0.997
2026-05-16 03:21:01,314 - INFO -   030 | 8.54e-04 | 0.0038 | 0.0028 | 0.0008 | 1.2323 | 0.01145 | 0.02057 | 0.0206 | 0.856 | 1.523 | 0.997
2026-05-16 03:21:01,314 - INFO -   035 | 6.91e-04 | 0.0038 | 0.0029 | 0.0007 | 1.2445 | 0.01476 | 0.02664 | 0.0297 | 0.935 | 1.882 | 0.997
2026-05-16 03:21:01,314 - INFO -   040 | 5.00e-04 | 0.0037 | 0.0028 | 0.0007 | 1.2439 | 0.01640 | 0.02892 | 0.0329 | 0.929 | 1.885 | 0.998
2026-05-16 03:21:01,314 - INFO -   045 | 3.09e-04 | 0.0035 | 0.0027 | 0.0006 | 1.2333 | 0.01716 | 0.02955 | 0.0344 | 0.903 | 1.797 | 0.997
2026-05-16 03:21:01,314 - INFO -   050 | 1.46e-04 | 0.0033 | 0.0026 | 0.0006 | 1.2195 | 0.01682 | 0.02847 | 0.0338 | 0.881 | 1.723 | 0.997
2026-05-16 03:21:01,314 - INFO -   055 | 3.81e-05 | 0.0032 | 0.0025 | 0.0005 | 1.2029 | 0.01584 | 0.02606 | 0.0318 | 0.852 | 1.633 | 0.998
2026-05-16 03:21:01,314 - INFO -   060 | 1.00e-03 | 0.0031 | 0.0025 | 0.0005 | 1.1965 | 0.01500 | 0.02418 | 0.0304 | 0.842 | 1.601 | 0.998
