2026-05-16 03:24:14,632 - INFO - Dataset[TRAIN] koopman_train_merged.npz | segments=99 | samples=197505 | pred_len=4 | stride=1
2026-05-16 03:24:14,637 - INFO - Dataset[VAL] koopman_val.npz | segments=3 | samples=35985 | pred_len=4 | stride=1
2026-05-16 03:24:15,219 - INFO - ================================================================================
2026-05-16 03:24:15,219 - INFO - Device: cpu | AMP: False
2026-05-16 03:24:15,219 - INFO - Model: v3 | class=HorizontalKoopmanModelV3 | n_cubic=11 | latent_dim=35 | hidden_dim=16 | clamp_pif=30.0
2026-05-16 03:24:15,219 - INFO - Train data: koopman_train_merged.npz | Val: koopman_val.npz | Test: koopman_test.npz
2026-05-16 03:24:15,219 - INFO - Batch: 1024 | Workers: 4 | Seed: 42
2026-05-16 03:24:15,219 - INFO - Curriculum pred_len: start=4 max=20 grow_every=3 stride=1
2026-05-16 03:24:15,219 - INFO - Loss weights: w_vel=1.0 w_acc=0.5 w_lin=0.5 w_recon=0.0 w_stab=10.0 w_l2=0.0001 w_bias=1.0 (u=80.0, v=30.0, r=30.0) gamma_step=1.1 gamma_bias=1.1 huber_beta=0.1 rho_max=0.998
2026-05-16 03:24:15,219 - INFO - Noise: input_std=0.03 ctrl_std=0.005 | EMA decay=0.999 no_ema=False | best_metric=composite
2026-05-16 03:24:15,219 - INFO - Train samples: 197505 | Val samples: 35985 | Params: 12040
2026-05-16 03:24:15,219 - INFO - Initial spectral radius (I+A): 1.05682
2026-05-16 03:24:15,219 - INFO - ================================================================================
2026-05-16 03:24:19,041 - INFO - Epoch [001/60] pl=4 LR=9.94e-04 Ltot=0.0238 (vel=0.0078, acc=0.0232, lin=0.0134, stab=0.0002) | val_vel_rmse_mean=0.25840 @K=0.41236 slope=0.997 inst=1.021 spec=1.003 | 3.8s
2026-05-16 03:24:19,052 - INFO -   ↳ new best [composite]=0.263863 (vel_rmse_mean=0.258404, inst=1.02113, epoch 1)
2026-05-16 03:24:23,191 - INFO - Epoch [002/60] pl=4 LR=9.76e-04 Ltot=0.0061 (vel=0.0045, acc=0.0016, lin=0.0033, stab=0.0000) | val_vel_rmse_mean=0.21268 @K=0.33856 slope=0.991 inst=1.017 spec=0.998 | 4.1s
2026-05-16 03:24:23,197 - INFO -   ↳ new best [composite]=0.216366 (vel_rmse_mean=0.212678, inst=1.01734, epoch 2)
2026-05-16 03:24:27,169 - INFO - Epoch [003/60] pl=4 LR=9.46e-04 Ltot=0.0063 (vel=0.0045, acc=0.0016, lin=0.0030, stab=0.0000) | val_vel_rmse_mean=0.17541 @K=0.27896 slope=0.989 inst=1.016 spec=0.998 | 4.0s
2026-05-16 03:24:27,177 - INFO -   ↳ new best [composite]=0.178167 (vel_rmse_mean=0.17541, inst=1.01572, epoch 3)
2026-05-16 03:24:27,178 - INFO - [Curriculum] pred_len -> 6; rebuilding dataloaders...
2026-05-16 03:24:27,215 - INFO - Dataset[TRAIN] koopman_train_merged.npz | segments=99 | samples=197307 | pred_len=6 | stride=1
2026-05-16 03:24:27,220 - INFO - Dataset[VAL] koopman_val.npz | segments=3 | samples=35979 | pred_len=6 | stride=1
2026-05-16 03:24:31,492 - INFO - Epoch [004/60] pl=6 LR=9.05e-04 Ltot=0.0068 (vel=0.0045, acc=0.0016, lin=0.0032, stab=0.0000) | val_vel_rmse_mean=0.20040 @K=0.33928 slope=0.983 inst=1.150 spec=0.998 | 4.3s
2026-05-16 03:24:36,246 - INFO - Epoch [005/60] pl=6 LR=8.54e-04 Ltot=0.0071 (vel=0.0045, acc=0.0015, lin=0.0032, stab=0.0000) | val_vel_rmse_mean=0.16483 @K=0.27930 slope=0.984 inst=1.151 spec=0.998 | 4.7s
2026-05-16 03:24:40,673 - INFO - Epoch [006/60] pl=6 LR=7.94e-04 Ltot=0.0069 (vel=0.0044, acc=0.0014, lin=0.0031, stab=0.0000) | val_vel_rmse_mean=0.13529 @K=0.22947 slope=0.985 inst=1.153 spec=0.998 | 4.4s
2026-05-16 03:24:40,680 - INFO -   ↳ new best [composite]=0.155948 (vel_rmse_mean=0.135289, inst=1.1527, epoch 6)
2026-05-16 03:24:40,680 - INFO - [Curriculum] pred_len -> 8; rebuilding dataloaders...
2026-05-16 03:24:40,717 - INFO - Dataset[TRAIN] koopman_train_merged.npz | segments=99 | samples=197109 | pred_len=8 | stride=1
2026-05-16 03:24:40,722 - INFO - Dataset[VAL] koopman_val.npz | segments=3 | samples=35973 | pred_len=8 | stride=1
2026-05-16 03:24:45,375 - INFO - Epoch [007/60] pl=8 LR=7.27e-04 Ltot=0.0071 (vel=0.0045, acc=0.0014, lin=0.0032, stab=0.0000) | val_vel_rmse_mean=0.14107 @K=0.24699 slope=0.981 inst=1.286 spec=0.998 | 4.6s
2026-05-16 03:24:50,440 - INFO - Epoch [008/60] pl=8 LR=6.55e-04 Ltot=0.0070 (vel=0.0045, acc=0.0013, lin=0.0033, stab=0.0000) | val_vel_rmse_mean=0.11539 @K=0.20236 slope=0.983 inst=1.290 spec=0.998 | 5.1s
2026-05-16 03:24:50,448 - INFO -   ↳ new best [composite]=0.148814 (vel_rmse_mean=0.115393, inst=1.28964, epoch 8)
2026-05-16 03:24:55,351 - INFO - Epoch [009/60] pl=8 LR=5.78e-04 Ltot=0.0070 (vel=0.0045, acc=0.0013, lin=0.0033, stab=0.0000) | val_vel_rmse_mean=0.09436 @K=0.16575 slope=0.985 inst=1.293 spec=0.998 | 4.9s
2026-05-16 03:24:55,359 - INFO -   ↳ new best [composite]=0.121979 (vel_rmse_mean=0.0943643, inst=1.29264, epoch 9)
2026-05-16 03:24:55,359 - INFO - [Curriculum] pred_len -> 10; rebuilding dataloaders...
2026-05-16 03:24:55,396 - INFO - Dataset[TRAIN] koopman_train_merged.npz | segments=99 | samples=196911 | pred_len=10 | stride=1
2026-05-16 03:24:55,400 - INFO - Dataset[VAL] koopman_val.npz | segments=3 | samples=35967 | pred_len=10 | stride=1
2026-05-16 03:25:00,649 - INFO - Epoch [010/60] pl=10 LR=5.00e-04 Ltot=0.0072 (vel=0.0046, acc=0.0013, lin=0.0034, stab=0.0000) | val_vel_rmse_mean=0.09375 @K=0.16790 slope=0.984 inst=1.428 spec=0.998 | 5.2s
2026-05-16 03:25:06,182 - INFO - Epoch [011/60] pl=10 LR=4.22e-04 Ltot=0.0070 (vel=0.0045, acc=0.0011, lin=0.0033, stab=0.0000) | val_vel_rmse_mean=0.07701 @K=0.13808 slope=0.985 inst=1.431 spec=0.998 | 5.5s
2026-05-16 03:25:06,191 - INFO -   ↳ new best [composite]=0.110174 (vel_rmse_mean=0.0770111, inst=1.43063, epoch 11)
2026-05-16 03:25:11,698 - INFO - Epoch [012/60] pl=10 LR=3.45e-04 Ltot=0.0068 (vel=0.0044, acc=0.0010, lin=0.0033, stab=0.0000) | val_vel_rmse_mean=0.06325 @K=0.11349 slope=0.985 inst=1.432 spec=0.998 | 5.5s
2026-05-16 03:25:11,707 - INFO -   ↳ new best [composite]=0.0905578 (vel_rmse_mean=0.0632534, inst=1.43167, epoch 12)
2026-05-16 03:25:11,707 - INFO - [Curriculum] pred_len -> 12; rebuilding dataloaders...
2026-05-16 03:25:11,744 - INFO - Dataset[TRAIN] koopman_train_merged.npz | segments=99 | samples=196713 | pred_len=12 | stride=1
2026-05-16 03:25:11,748 - INFO - Dataset[VAL] koopman_val.npz | segments=3 | samples=35961 | pred_len=12 | stride=1
2026-05-16 03:25:17,562 - INFO - Epoch [013/60] pl=12 LR=2.73e-04 Ltot=0.0070 (vel=0.0045, acc=0.0010, lin=0.0036, stab=0.0000) | val_vel_rmse_mean=0.06149 @K=0.11152 slope=0.981 inst=1.560 spec=0.998 | 5.8s
2026-05-16 03:25:24,020 - INFO - Epoch [014/60] pl=12 LR=2.06e-04 Ltot=0.0070 (vel=0.0045, acc=0.0010, lin=0.0036, stab=0.0000) | val_vel_rmse_mean=0.05129 @K=0.09293 slope=0.979 inst=1.555 spec=0.998 | 6.5s
2026-05-16 03:25:24,028 - INFO -   ↳ new best [composite]=0.0797593 (vel_rmse_mean=0.0512949, inst=1.55492, epoch 14)
2026-05-16 03:25:30,244 - INFO - Epoch [015/60] pl=12 LR=1.46e-04 Ltot=0.0068 (vel=0.0044, acc=0.0009, lin=0.0035, stab=0.0000) | val_vel_rmse_mean=0.04320 @K=0.07816 slope=0.976 inst=1.548 spec=0.998 | 6.2s
2026-05-16 03:25:30,251 - INFO -   ↳ new best [composite]=0.0668606 (vel_rmse_mean=0.0432023, inst=1.54762, epoch 15)
2026-05-16 03:25:30,251 - INFO - [Curriculum] pred_len -> 14; rebuilding dataloaders...
2026-05-16 03:25:30,288 - INFO - Dataset[TRAIN] koopman_train_merged.npz | segments=99 | samples=196515 | pred_len=14 | stride=1
2026-05-16 03:25:30,292 - INFO - Dataset[VAL] koopman_val.npz | segments=3 | samples=35955 | pred_len=14 | stride=1
2026-05-16 03:25:36,740 - INFO - Epoch [016/60] pl=14 LR=9.55e-05 Ltot=0.0070 (vel=0.0045, acc=0.0008, lin=0.0039, stab=0.0000) | val_vel_rmse_mean=0.04240 @K=0.07703 slope=0.968 inst=1.658 spec=0.998 | 6.4s
2026-05-16 03:25:43,376 - INFO - Epoch [017/60] pl=14 LR=5.45e-05 Ltot=0.0069 (vel=0.0045, acc=0.0008, lin=0.0039, stab=0.0000) | val_vel_rmse_mean=0.03689 @K=0.06682 slope=0.961 inst=1.639 spec=0.998 | 6.6s
2026-05-16 03:25:43,385 - INFO -   ↳ new best [composite]=0.0604614 (vel_rmse_mean=0.0368933, inst=1.63882, epoch 17)
2026-05-16 03:25:49,805 - INFO - Epoch [018/60] pl=14 LR=2.45e-05 Ltot=0.0069 (vel=0.0044, acc=0.0008, lin=0.0038, stab=0.0000) | val_vel_rmse_mean=0.03276 @K=0.05911 slope=0.953 inst=1.617 spec=0.998 | 6.4s
2026-05-16 03:25:49,813 - INFO -   ↳ new best [composite]=0.0529646 (vel_rmse_mean=0.032758, inst=1.61684, epoch 18)
2026-05-16 03:25:49,813 - INFO - [Curriculum] pred_len -> 16; rebuilding dataloaders...
2026-05-16 03:25:49,850 - INFO - Dataset[TRAIN] koopman_train_merged.npz | segments=99 | samples=196317 | pred_len=16 | stride=1
2026-05-16 03:25:49,854 - INFO - Dataset[VAL] koopman_val.npz | segments=3 | samples=35949 | pred_len=16 | stride=1
2026-05-16 03:25:56,725 - INFO - Epoch [019/60] pl=16 LR=6.16e-06 Ltot=0.0071 (vel=0.0045, acc=0.0008, lin=0.0041, stab=0.0000) | val_vel_rmse_mean=0.03328 @K=0.06003 slope=0.940 inst=1.700 spec=0.998 | 6.9s
2026-05-16 03:26:03,803 - INFO - Epoch [020/60] pl=16 LR=1.00e-03 Ltot=0.0071 (vel=0.0045, acc=0.0008, lin=0.0041, stab=0.0000) | val_vel_rmse_mean=0.03068 @K=0.05512 slope=0.932 inst=1.673 spec=0.998 | 7.1s
2026-05-16 03:26:03,808 - INFO -   ↳ new best [composite]=0.0513191 (vel_rmse_mean=0.0306762, inst=1.67293, epoch 20)
2026-05-16 03:26:10,694 - INFO - Epoch [021/60] pl=16 LR=9.98e-04 Ltot=0.0110 (vel=0.0061, acc=0.0021, lin=0.0051, stab=0.0000) | val_vel_rmse_mean=0.02821 @K=0.05025 slope=0.915 inst=1.627 spec=0.999 | 6.9s
2026-05-16 03:26:10,702 - INFO -   ↳ new best [composite]=0.0458923 (vel_rmse_mean=0.0282089, inst=1.62687, epoch 21)
2026-05-16 03:26:10,703 - INFO - [Curriculum] pred_len -> 18; rebuilding dataloaders...
2026-05-16 03:26:10,738 - INFO - Dataset[TRAIN] koopman_train_merged.npz | segments=99 | samples=196119 | pred_len=18 | stride=1
2026-05-16 03:26:10,743 - INFO - Dataset[VAL] koopman_val.npz | segments=3 | samples=35943 | pred_len=18 | stride=1
2026-05-16 03:26:18,282 - INFO - Epoch [022/60] pl=18 LR=9.94e-04 Ltot=0.0103 (vel=0.0059, acc=0.0015, lin=0.0049, stab=0.0000) | val_vel_rmse_mean=0.02886 @K=0.05157 slope=0.910 inst=1.716 spec=0.999 | 7.5s
2026-05-16 03:26:26,021 - INFO - Epoch [023/60] pl=18 LR=9.86e-04 Ltot=0.0110 (vel=0.0063, acc=0.0018, lin=0.0052, stab=0.0000) | val_vel_rmse_mean=0.02679 @K=0.04792 slope=0.907 inst=1.708 spec=0.999 | 7.7s
2026-05-16 03:26:26,029 - INFO -   ↳ new best [composite]=0.045762 (vel_rmse_mean=0.0267928, inst=1.708, epoch 23)
2026-05-16 03:26:33,645 - INFO - Epoch [024/60] pl=18 LR=9.76e-04 Ltot=0.0101 (vel=0.0057, acc=0.0014, lin=0.0049, stab=0.0000) | val_vel_rmse_mean=0.02506 @K=0.04462 slope=0.894 inst=1.670 spec=0.999 | 7.6s
2026-05-16 03:26:33,654 - INFO -   ↳ new best [composite]=0.0418571 (vel_rmse_mean=0.0250632, inst=1.67006, epoch 24)
2026-05-16 03:26:33,654 - INFO - [Curriculum] pred_len -> 20; rebuilding dataloaders...
2026-05-16 03:26:33,690 - INFO - Dataset[TRAIN] koopman_train_merged.npz | segments=99 | samples=195921 | pred_len=20 | stride=1
2026-05-16 03:26:33,694 - INFO - Dataset[VAL] koopman_val.npz | segments=3 | samples=35937 | pred_len=20 | stride=1
2026-05-16 03:26:41,808 - INFO - Epoch [025/60] pl=20 LR=9.62e-04 Ltot=0.0111 (vel=0.0064, acc=0.0015, lin=0.0056, stab=0.0000) | val_vel_rmse_mean=0.02564 @K=0.04574 slope=0.886 inst=1.738 spec=0.999 | 8.1s
2026-05-16 03:26:49,947 - INFO - Epoch [026/60] pl=20 LR=9.46e-04 Ltot=0.0117 (vel=0.0066, acc=0.0017, lin=0.0057, stab=0.0000) | val_vel_rmse_mean=0.02427 @K=0.04340 slope=0.884 inst=1.734 spec=0.999 | 8.1s
2026-05-16 03:26:58,219 - INFO - Epoch [027/60] pl=20 LR=9.26e-04 Ltot=0.0113 (vel=0.0063, acc=0.0015, lin=0.0054, stab=0.0000) | val_vel_rmse_mean=0.02354 @K=0.04218 slope=0.885 inst=1.738 spec=0.999 | 8.3s
2026-05-16 03:26:58,227 - INFO -   ↳ new best [composite]=0.0409131 (vel_rmse_mean=0.0235383, inst=1.73815, epoch 27)
2026-05-16 03:27:06,647 - INFO - Epoch [028/60] pl=20 LR=9.05e-04 Ltot=0.0117 (vel=0.0068, acc=0.0017, lin=0.0057, stab=0.0000) | val_vel_rmse_mean=0.02299 @K=0.04135 slope=0.890 inst=1.754 spec=0.999 | 8.4s
2026-05-16 03:27:06,655 - INFO -   ↳ new best [composite]=0.0403328 (vel_rmse_mean=0.0229942, inst=1.75405, epoch 28)
2026-05-16 03:27:14,838 - INFO - Epoch [029/60] pl=20 LR=8.80e-04 Ltot=0.0110 (vel=0.0064, acc=0.0015, lin=0.0054, stab=0.0000) | val_vel_rmse_mean=0.02261 @K=0.04077 slope=0.893 inst=1.766 spec=0.999 | 8.2s
2026-05-16 03:27:14,847 - INFO -   ↳ new best [composite]=0.0399357 (vel_rmse_mean=0.0226116, inst=1.76616, epoch 29)
2026-05-16 03:27:23,236 - INFO - Epoch [030/60] pl=20 LR=8.54e-04 Ltot=0.0113 (vel=0.0064, acc=0.0015, lin=0.0054, stab=0.0000) | val_vel_rmse_mean=0.02292 @K=0.04153 slope=0.903 inst=1.800 spec=0.999 | 8.4s
2026-05-16 03:27:31,515 - INFO - Epoch [031/60] pl=20 LR=8.25e-04 Ltot=0.0108 (vel=0.0061, acc=0.0014, lin=0.0054, stab=0.0000) | val_vel_rmse_mean=0.02288 @K=0.04165 slope=0.912 inst=1.831 spec=0.999 | 8.3s
2026-05-16 03:27:39,581 - INFO - Epoch [032/60] pl=20 LR=7.94e-04 Ltot=0.0107 (vel=0.0062, acc=0.0014, lin=0.0053, stab=0.0000) | val_vel_rmse_mean=0.02305 @K=0.04208 slope=0.918 inst=1.854 spec=0.999 | 8.1s
2026-05-16 03:27:47,975 - INFO - Epoch [033/60] pl=20 LR=7.61e-04 Ltot=0.0108 (vel=0.0062, acc=0.0014, lin=0.0055, stab=0.0000) | val_vel_rmse_mean=0.02288 @K=0.04174 slope=0.915 inst=1.843 spec=0.999 | 8.4s
2026-05-16 03:27:56,472 - INFO - Epoch [034/60] pl=20 LR=7.27e-04 Ltot=0.0103 (vel=0.0060, acc=0.0013, lin=0.0053, stab=0.0000) | val_vel_rmse_mean=0.02323 @K=0.04255 slope=0.923 inst=1.872 spec=0.999 | 8.5s
2026-05-16 03:28:04,627 - INFO - Epoch [035/60] pl=20 LR=6.91e-04 Ltot=0.0102 (vel=0.0060, acc=0.0013, lin=0.0055, stab=0.0000) | val_vel_rmse_mean=0.02254 @K=0.04117 slope=0.919 inst=1.857 spec=0.999 | 8.1s
2026-05-16 03:28:13,021 - INFO - Epoch [036/60] pl=20 LR=6.55e-04 Ltot=0.0101 (vel=0.0059, acc=0.0012, lin=0.0054, stab=0.0000) | val_vel_rmse_mean=0.02214 @K=0.04028 slope=0.912 inst=1.835 spec=0.999 | 8.4s
2026-05-16 03:28:21,395 - INFO - Epoch [037/60] pl=20 LR=6.17e-04 Ltot=0.0097 (vel=0.0058, acc=0.0012, lin=0.0051, stab=0.0000) | val_vel_rmse_mean=0.02145 @K=0.03891 slope=0.906 inst=1.811 spec=0.999 | 8.4s
2026-05-16 03:28:21,403 - INFO -   ↳ new best [composite]=0.0388513 (vel_rmse_mean=0.0214491, inst=1.81132, epoch 37)
2026-05-16 03:28:29,710 - INFO - Epoch [038/60] pl=20 LR=5.78e-04 Ltot=0.0102 (vel=0.0060, acc=0.0013, lin=0.0053, stab=0.0000) | val_vel_rmse_mean=0.02140 @K=0.03880 slope=0.905 inst=1.810 spec=0.999 | 8.3s
2026-05-16 03:28:29,717 - INFO -   ↳ new best [composite]=0.0387304 (vel_rmse_mean=0.0214017, inst=1.80969, epoch 38)
2026-05-16 03:28:37,779 - INFO - Epoch [039/60] pl=20 LR=5.39e-04 Ltot=0.0094 (vel=0.0056, acc=0.0011, lin=0.0051, stab=0.0000) | val_vel_rmse_mean=0.02121 @K=0.03846 slope=0.906 inst=1.812 spec=0.999 | 8.1s
2026-05-16 03:28:37,788 - INFO -   ↳ new best [composite]=0.0384213 (vel_rmse_mean=0.0212091, inst=1.81155, epoch 39)
2026-05-16 03:28:46,117 - INFO - Epoch [040/60] pl=20 LR=5.00e-04 Ltot=0.0095 (vel=0.0057, acc=0.0012, lin=0.0050, stab=0.0000) | val_vel_rmse_mean=0.02107 @K=0.03813 slope=0.903 inst=1.804 spec=0.999 | 8.3s
2026-05-16 03:28:46,124 - INFO -   ↳ new best [composite]=0.037996 (vel_rmse_mean=0.0210673, inst=1.80355, epoch 40)
2026-05-16 03:28:54,458 - INFO - Epoch [041/60] pl=20 LR=4.61e-04 Ltot=0.0092 (vel=0.0055, acc=0.0011, lin=0.0050, stab=0.0000) | val_vel_rmse_mean=0.02097 @K=0.03792 slope=0.901 inst=1.797 spec=0.999 | 8.3s
2026-05-16 03:28:54,466 - INFO -   ↳ new best [composite]=0.0376922 (vel_rmse_mean=0.0209695, inst=1.79748, epoch 41)
2026-05-16 03:29:02,479 - INFO - Epoch [042/60] pl=20 LR=4.22e-04 Ltot=0.0087 (vel=0.0052, acc=0.0009, lin=0.0048, stab=0.0000) | val_vel_rmse_mean=0.02107 @K=0.03807 slope=0.901 inst=1.796 spec=0.999 | 8.0s
2026-05-16 03:29:10,627 - INFO - Epoch [043/60] pl=20 LR=3.83e-04 Ltot=0.0089 (vel=0.0053, acc=0.0010, lin=0.0049, stab=0.0000) | val_vel_rmse_mean=0.02141 @K=0.03860 slope=0.899 inst=1.789 spec=0.999 | 8.1s
2026-05-16 03:29:18,607 - INFO - Epoch [044/60] pl=20 LR=3.45e-04 Ltot=0.0088 (vel=0.0054, acc=0.0010, lin=0.0049, stab=0.0000) | val_vel_rmse_mean=0.02173 @K=0.03926 slope=0.903 inst=1.803 spec=0.999 | 8.0s
2026-05-16 03:29:26,416 - INFO - Epoch [045/60] pl=20 LR=3.09e-04 Ltot=0.0086 (vel=0.0053, acc=0.0010, lin=0.0047, stab=0.0000) | val_vel_rmse_mean=0.02234 @K=0.04039 slope=0.905 inst=1.810 spec=0.999 | 7.8s
2026-05-16 03:29:34,537 - INFO - Epoch [046/60] pl=20 LR=2.73e-04 Ltot=0.0085 (vel=0.0052, acc=0.0009, lin=0.0047, stab=0.0000) | val_vel_rmse_mean=0.02286 @K=0.04140 slope=0.910 inst=1.825 spec=0.999 | 8.1s
2026-05-16 03:29:42,888 - INFO - Epoch [047/60] pl=20 LR=2.39e-04 Ltot=0.0083 (vel=0.0051, acc=0.0009, lin=0.0046, stab=0.0000) | val_vel_rmse_mean=0.02344 @K=0.04246 slope=0.911 inst=1.829 spec=0.999 | 8.3s
2026-05-16 03:29:51,214 - INFO - Epoch [048/60] pl=20 LR=2.06e-04 Ltot=0.0083 (vel=0.0051, acc=0.0009, lin=0.0046, stab=0.0000) | val_vel_rmse_mean=0.02403 @K=0.04354 slope=0.912 inst=1.834 spec=0.998 | 8.3s
2026-05-16 03:29:59,464 - INFO - Epoch [049/60] pl=20 LR=1.75e-04 Ltot=0.0079 (vel=0.0049, acc=0.0008, lin=0.0045, stab=0.0000) | val_vel_rmse_mean=0.02455 @K=0.04444 slope=0.912 inst=1.831 spec=0.998 | 8.2s
2026-05-16 03:30:07,712 - INFO - Epoch [050/60] pl=20 LR=1.46e-04 Ltot=0.0078 (vel=0.0049, acc=0.0008, lin=0.0045, stab=0.0000) | val_vel_rmse_mean=0.02521 @K=0.04557 slope=0.909 inst=1.822 spec=0.998 | 8.2s
2026-05-16 03:30:15,950 - INFO - Epoch [051/60] pl=20 LR=1.20e-04 Ltot=0.0077 (vel=0.0049, acc=0.0008, lin=0.0045, stab=0.0000) | val_vel_rmse_mean=0.02579 @K=0.04666 slope=0.909 inst=1.822 spec=0.998 | 8.2s
2026-05-16 03:30:23,914 - INFO - Epoch [052/60] pl=20 LR=9.55e-05 Ltot=0.0076 (vel=0.0048, acc=0.0007, lin=0.0045, stab=0.0000) | val_vel_rmse_mean=0.02667 @K=0.04832 slope=0.912 inst=1.830 spec=0.998 | 8.0s
2026-05-16 03:30:32,108 - INFO - Epoch [053/60] pl=20 LR=7.37e-05 Ltot=0.0076 (vel=0.0048, acc=0.0007, lin=0.0045, stab=0.0000) | val_vel_rmse_mean=0.02756 @K=0.05000 slope=0.913 inst=1.836 spec=0.998 | 8.2s
2026-05-16 03:30:40,873 - INFO - Epoch [054/60] pl=20 LR=5.45e-05 Ltot=0.0074 (vel=0.0047, acc=0.0007, lin=0.0044, stab=0.0000) | val_vel_rmse_mean=0.02825 @K=0.05125 slope=0.913 inst=1.835 spec=0.998 | 8.8s
2026-05-16 03:30:49,193 - INFO - Epoch [055/60] pl=20 LR=3.81e-05 Ltot=0.0074 (vel=0.0047, acc=0.0007, lin=0.0044, stab=0.0000) | val_vel_rmse_mean=0.02885 @K=0.05233 slope=0.913 inst=1.834 spec=0.998 | 8.3s
2026-05-16 03:30:58,099 - INFO - Epoch [056/60] pl=20 LR=2.45e-05 Ltot=0.0074 (vel=0.0047, acc=0.0007, lin=0.0044, stab=0.0000) | val_vel_rmse_mean=0.02926 @K=0.05307 slope=0.912 inst=1.830 spec=0.998 | 8.9s
2026-05-16 03:31:06,725 - INFO - Epoch [057/60] pl=20 LR=1.38e-05 Ltot=0.0073 (vel=0.0047, acc=0.0007, lin=0.0044, stab=0.0000) | val_vel_rmse_mean=0.02985 @K=0.05414 slope=0.912 inst=1.830 spec=0.998 | 8.6s
2026-05-16 03:31:15,276 - INFO - Epoch [058/60] pl=20 LR=6.16e-06 Ltot=0.0073 (vel=0.0047, acc=0.0007, lin=0.0044, stab=0.0000) | val_vel_rmse_mean=0.03031 @K=0.05499 slope=0.912 inst=1.831 spec=0.998 | 8.5s
2026-05-16 03:31:23,755 - INFO - Epoch [059/60] pl=20 LR=1.54e-06 Ltot=0.0073 (vel=0.0047, acc=0.0007, lin=0.0044, stab=0.0000) | val_vel_rmse_mean=0.03067 @K=0.05564 slope=0.911 inst=1.830 spec=0.998 | 8.5s
2026-05-16 03:31:32,106 - INFO - Epoch [060/60] pl=20 LR=1.00e-03 Ltot=0.0072 (vel=0.0047, acc=0.0007, lin=0.0043, stab=0.0000) | val_vel_rmse_mean=0.03097 @K=0.05621 slope=0.912 inst=1.831 spec=0.998 | 8.3s
2026-05-16 03:31:32,134 - INFO - Exported YAML -> checkpoints/koopman_best.yaml
2026-05-16 03:31:37,663 - INFO - 
=== QUANTITATIVE VERDICT (test set) ===
vel_rmse@1=0.000752657  vel_rmse@5=0.00366586  vel_rmse@10=0.00713991  vel_rmse@20=0.0137406
divergence: ratio20/1=18.2561  slope_loglog=0.966531  lyapunov_like=0.152869
instability_score=2.04695  monotonic_increasing=True  divergent_sample_pct=99.475%
bias: u=+8.49184e-05  v=-0.000345665  r=+3.01754e-06
fit_quality: R^2(u,v,r) = 0.9996 / 0.9999 / 0.9997
========================================

2026-05-16 03:31:38,461 - INFO - 
### §7 12 条阈值逐条判定 (test set, K=20)

| # | 指标 | v3 实测 | 阈值 | 判定 |
|---|---|---|---|---|
| G1 | vel_rmse_step_K | 0.0137406 | ≤ 0.01285 | ❌ |
| G2 | u_rmse_step_K | 0.0131902 | ≤ 0.01185 | ❌ |
| G3 | |u_bias_mean| | 8.49184e-05 | ≤ 0.00153 | ✅ |
| G4 | slope_loglog | 0.966531 | ≤ 0.6695 | ❌ |
| G5 | instability_score | 2.04695 | ≤ 1.2363 | ❌ |
| S1 | per_segment.worst_vel_rmse_K | 0.0221635 | ≤ 0.01569 | ❌ |
| S2 | per_segment.ratio_worst_over_best | 4.10166 | ≤ 2.78 | ❌ |
| S3 | per_segment.high_speed_seg_mean | 0.00939309 | ≤ 0.01144 | ✅ |
| S4 | degraded_pct (vs v1) | 21.1863 | ≤ 20 | ❌ |
| N1 | vel_rmse_step_1 | 0.000752657 | ≤ 0.0024 | ✅ |
| N2 | traj_xy_rmse_step_K | 0.0150802 | ≤ 0.02108 | ✅ |
| N3 | spectral_radius (I+A) | 0.998735 | ≤ 1.005 | ✅ |

**FAIL** — §7 v3 验收。

2026-05-16 03:31:38,461 - INFO - v3 auto-PASS = False
2026-05-16 03:31:38,461 - INFO - Per-5-epoch summary:
2026-05-16 03:31:38,461 - INFO - ep | lr | L_total | L_vel | L_acc | L_lin | val_vel_mean | val_vel@K | val_traj_xy@K | slope_ll | inst | spec
2026-05-16 03:31:38,461 - INFO -   001 | 9.94e-04 | 0.0238 | 0.0078 | 0.0232 | 0.0134 | 0.25840 | 0.41236 | 0.1035 | 0.997 | 1.021 | 1.003
2026-05-16 03:31:38,461 - INFO -   005 | 8.54e-04 | 0.0071 | 0.0045 | 0.0015 | 0.0032 | 0.16483 | 0.27930 | 0.0991 | 0.984 | 1.151 | 0.998
2026-05-16 03:31:38,461 - INFO -   010 | 5.00e-04 | 0.0072 | 0.0046 | 0.0013 | 0.0034 | 0.09375 | 0.16790 | 0.0942 | 0.984 | 1.428 | 0.998
2026-05-16 03:31:38,461 - INFO -   015 | 1.46e-04 | 0.0068 | 0.0044 | 0.0009 | 0.0035 | 0.04320 | 0.07816 | 0.0521 | 0.976 | 1.548 | 0.998
2026-05-16 03:31:38,461 - INFO -   020 | 1.00e-03 | 0.0071 | 0.0045 | 0.0008 | 0.0041 | 0.03068 | 0.05512 | 0.0491 | 0.932 | 1.673 | 0.998
2026-05-16 03:31:38,461 - INFO -   025 | 9.62e-04 | 0.0111 | 0.0064 | 0.0015 | 0.0056 | 0.02564 | 0.04574 | 0.0508 | 0.886 | 1.738 | 0.999
2026-05-16 03:31:38,461 - INFO -   030 | 8.54e-04 | 0.0113 | 0.0064 | 0.0015 | 0.0054 | 0.02292 | 0.04153 | 0.0454 | 0.903 | 1.800 | 0.999
2026-05-16 03:31:38,461 - INFO -   035 | 6.91e-04 | 0.0102 | 0.0060 | 0.0013 | 0.0055 | 0.02254 | 0.04117 | 0.0448 | 0.919 | 1.857 | 0.999
2026-05-16 03:31:38,461 - INFO -   040 | 5.00e-04 | 0.0095 | 0.0057 | 0.0012 | 0.0050 | 0.02107 | 0.03813 | 0.0418 | 0.903 | 1.804 | 0.999
2026-05-16 03:31:38,461 - INFO -   045 | 3.09e-04 | 0.0086 | 0.0053 | 0.0010 | 0.0047 | 0.02234 | 0.04039 | 0.0445 | 0.905 | 1.810 | 0.999
2026-05-16 03:31:38,461 - INFO -   050 | 1.46e-04 | 0.0078 | 0.0049 | 0.0008 | 0.0045 | 0.02521 | 0.04557 | 0.0503 | 0.909 | 1.822 | 0.998
2026-05-16 03:31:38,461 - INFO -   055 | 3.81e-05 | 0.0074 | 0.0047 | 0.0007 | 0.0044 | 0.02885 | 0.05233 | 0.0574 | 0.913 | 1.834 | 0.998
2026-05-16 03:31:38,461 - INFO -   060 | 1.00e-03 | 0.0072 | 0.0047 | 0.0007 | 0.0043 | 0.03097 | 0.05621 | 0.0616 | 0.912 | 1.831 | 0.998
