2026-05-16 03:54:49,856 - INFO - Dataset[TRAIN] koopman_train_merged.npz | segments=99 | samples=197505 | pred_len=4 | stride=1
2026-05-16 03:54:49,861 - INFO - Dataset[VAL] koopman_val.npz | segments=3 | samples=35985 | pred_len=4 | stride=1
2026-05-16 03:54:50,494 - INFO - ================================================================================
2026-05-16 03:54:50,494 - INFO - Device: cpu | AMP: False
2026-05-16 03:54:50,494 - INFO - Model: v3 | class=HorizontalKoopmanModelV3 | n_cubic=11 | latent_dim=43 | hidden_dim=24 | clamp_pif=30.0
2026-05-16 03:54:50,494 - INFO - Train data: koopman_train_merged.npz | Val: koopman_val.npz | Test: koopman_test.npz
2026-05-16 03:54:50,494 - INFO - Batch: 1024 | Workers: 4 | Seed: 42
2026-05-16 03:54:50,494 - INFO - Curriculum pred_len: start=4 max=20 grow_every=3 stride=1
2026-05-16 03:54:50,494 - INFO - Loss weights: w_vel=1.0 w_acc=0.5 w_lin=0.0 w_recon=0.0 w_stab=8.0 w_l2=0.0001 w_bias=1.0 (u=80.0, v=30.0, r=30.0) gamma_step=1.0 gamma_bias=1.1 huber_beta=0.1 rho_max=0.998
2026-05-16 03:54:50,494 - INFO - Noise: input_std=0.025 ctrl_std=0.005 | EMA decay=0.999 no_ema=False | best_metric=composite
2026-05-16 03:54:50,494 - INFO - Train samples: 197505 | Val samples: 35985 | Params: 13224
2026-05-16 03:54:50,494 - INFO - Initial spectral radius (I+A): 1.06615
2026-05-16 03:54:50,494 - INFO - ================================================================================
2026-05-16 03:54:54,558 - INFO - Epoch [001/60] pl=4 LR=9.94e-04 Ltot=0.0222 (vel=0.0070, acc=0.0247, lin=0.0654, stab=0.0003) | val_vel_rmse_mean=0.73155 @K=1.15838 slope=0.978 inst=1.009 spec=1.004 | 4.1s
2026-05-16 03:54:54,570 - INFO -   ↳ new best [composite]=0.737877 (vel_rmse_mean=0.731555, inst=1.00864, epoch 1)
2026-05-16 03:54:59,217 - INFO - Epoch [002/60] pl=4 LR=9.76e-04 Ltot=0.0040 (vel=0.0031, acc=0.0014, lin=0.0906, stab=0.0000) | val_vel_rmse_mean=0.59343 @K=0.92995 slope=0.956 inst=0.994 spec=0.996 | 4.6s
2026-05-16 03:54:59,226 - INFO -   ↳ new best [composite]=0.593435 (vel_rmse_mean=0.593435, inst=0.994014, epoch 2)
2026-05-16 03:55:03,561 - INFO - Epoch [003/60] pl=4 LR=9.46e-04 Ltot=0.0038 (vel=0.0031, acc=0.0011, lin=0.1353, stab=0.0000) | val_vel_rmse_mean=0.48268 @K=0.74873 slope=0.935 inst=0.980 spec=0.996 | 4.3s
2026-05-16 03:55:03,572 - INFO -   ↳ new best [composite]=0.48268 (vel_rmse_mean=0.48268, inst=0.980097, epoch 3)
2026-05-16 03:55:03,572 - INFO - [Curriculum] pred_len -> 6; rebuilding dataloaders...
2026-05-16 03:55:03,619 - INFO - Dataset[TRAIN] koopman_train_merged.npz | segments=99 | samples=197307 | pred_len=6 | stride=1
2026-05-16 03:55:03,623 - INFO - Dataset[VAL] koopman_val.npz | segments=3 | samples=35979 | pred_len=6 | stride=1
2026-05-16 03:55:08,193 - INFO - Epoch [004/60] pl=6 LR=9.05e-04 Ltot=0.0037 (vel=0.0031, acc=0.0010, lin=0.2889, stab=0.0000) | val_vel_rmse_mean=0.52453 @K=0.84236 slope=0.892 inst=1.059 spec=0.997 | 4.5s
2026-05-16 03:55:13,713 - INFO - Epoch [005/60] pl=6 LR=8.54e-04 Ltot=0.0037 (vel=0.0031, acc=0.0010, lin=0.3666, stab=0.0000) | val_vel_rmse_mean=0.42536 @K=0.67423 slope=0.870 inst=1.039 spec=0.997 | 5.5s
2026-05-16 03:55:13,723 - INFO -   ↳ new best [composite]=0.441917 (vel_rmse_mean=0.425357, inst=1.03893, epoch 5)
2026-05-16 03:55:18,844 - INFO - Epoch [006/60] pl=6 LR=7.94e-04 Ltot=0.0037 (vel=0.0031, acc=0.0009, lin=0.4289, stab=0.0000) | val_vel_rmse_mean=0.34667 @K=0.54371 slope=0.852 inst=1.022 spec=0.996 | 5.1s
2026-05-16 03:55:18,852 - INFO -   ↳ new best [composite]=0.354462 (vel_rmse_mean=0.346669, inst=1.02248, epoch 6)
2026-05-16 03:55:18,853 - INFO - [Curriculum] pred_len -> 8; rebuilding dataloaders...
2026-05-16 03:55:18,893 - INFO - Dataset[TRAIN] koopman_train_merged.npz | segments=99 | samples=197109 | pred_len=8 | stride=1
2026-05-16 03:55:18,898 - INFO - Dataset[VAL] koopman_val.npz | segments=3 | samples=35973 | pred_len=8 | stride=1
2026-05-16 03:55:24,453 - INFO - Epoch [007/60] pl=8 LR=7.27e-04 Ltot=0.0038 (vel=0.0031, acc=0.0009, lin=0.6249, stab=0.0000) | val_vel_rmse_mean=0.34088 @K=0.53393 slope=0.810 inst=1.066 spec=0.996 | 5.5s
2026-05-16 03:55:30,455 - INFO - Epoch [008/60] pl=8 LR=6.55e-04 Ltot=0.0036 (vel=0.0031, acc=0.0008, lin=0.6700, stab=0.0000) | val_vel_rmse_mean=0.27807 @K=0.43122 slope=0.794 inst=1.049 spec=0.997 | 6.0s
2026-05-16 03:55:30,462 - INFO -   ↳ new best [composite]=0.291714 (vel_rmse_mean=0.278067, inst=1.04908, epoch 8)
2026-05-16 03:55:36,128 - INFO - Epoch [009/60] pl=8 LR=5.78e-04 Ltot=0.0036 (vel=0.0031, acc=0.0008, lin=0.6805, stab=0.0000) | val_vel_rmse_mean=0.22746 @K=0.34984 slope=0.781 inst=1.036 spec=0.996 | 5.7s
2026-05-16 03:55:36,136 - INFO -   ↳ new best [composite]=0.235549 (vel_rmse_mean=0.227458, inst=1.03557, epoch 9)
2026-05-16 03:55:36,136 - INFO - [Curriculum] pred_len -> 10; rebuilding dataloaders...
2026-05-16 03:55:36,184 - INFO - Dataset[TRAIN] koopman_train_merged.npz | segments=99 | samples=196911 | pred_len=10 | stride=1
2026-05-16 03:55:36,190 - INFO - Dataset[VAL] koopman_val.npz | segments=3 | samples=35967 | pred_len=10 | stride=1
2026-05-16 03:55:42,167 - INFO - Epoch [010/60] pl=10 LR=5.00e-04 Ltot=0.0037 (vel=0.0031, acc=0.0008, lin=0.8172, stab=0.0000) | val_vel_rmse_mean=0.21153 @K=0.32161 slope=0.743 inst=1.059 spec=0.997 | 6.0s
2026-05-16 03:55:42,174 - INFO -   ↳ new best [composite]=0.224077 (vel_rmse_mean=0.21153, inst=1.05932, epoch 10)
2026-05-16 03:55:48,164 - INFO - Epoch [011/60] pl=10 LR=4.22e-04 Ltot=0.0036 (vel=0.0031, acc=0.0008, lin=0.8214, stab=0.0000) | val_vel_rmse_mean=0.17277 @K=0.26028 slope=0.731 inst=1.045 spec=0.996 | 6.0s
2026-05-16 03:55:48,172 - INFO -   ↳ new best [composite]=0.180488 (vel_rmse_mean=0.172771, inst=1.04467, epoch 11)
2026-05-16 03:55:53,885 - INFO - Epoch [012/60] pl=10 LR=3.45e-04 Ltot=0.0036 (vel=0.0031, acc=0.0008, lin=0.8217, stab=0.0000) | val_vel_rmse_mean=0.14127 @K=0.21109 slope=0.720 inst=1.032 spec=0.997 | 5.7s
2026-05-16 03:55:53,893 - INFO -   ↳ new best [composite]=0.145773 (vel_rmse_mean=0.141267, inst=1.0319, epoch 12)
2026-05-16 03:55:53,893 - INFO - [Curriculum] pred_len -> 12; rebuilding dataloaders...
2026-05-16 03:55:53,929 - INFO - Dataset[TRAIN] koopman_train_merged.npz | segments=99 | samples=196713 | pred_len=12 | stride=1
2026-05-16 03:55:53,934 - INFO - Dataset[VAL] koopman_val.npz | segments=3 | samples=35961 | pred_len=12 | stride=1
2026-05-16 03:56:00,807 - INFO - Epoch [013/60] pl=12 LR=2.73e-04 Ltot=0.0037 (vel=0.0032, acc=0.0008, lin=0.9306, stab=0.0000) | val_vel_rmse_mean=0.12675 @K=0.18650 slope=0.684 inst=1.042 spec=0.996 | 6.9s
2026-05-16 03:56:00,817 - INFO -   ↳ new best [composite]=0.132072 (vel_rmse_mean=0.126746, inst=1.04202, epoch 13)
2026-05-16 03:56:07,661 - INFO - Epoch [014/60] pl=12 LR=2.06e-04 Ltot=0.0036 (vel=0.0031, acc=0.0007, lin=0.9209, stab=0.0000) | val_vel_rmse_mean=0.10379 @K=0.15157 slope=0.675 inst=1.031 spec=0.996 | 6.8s
2026-05-16 03:56:07,671 - INFO -   ↳ new best [composite]=0.106974 (vel_rmse_mean=0.103794, inst=1.03064, epoch 14)
2026-05-16 03:56:14,145 - INFO - Epoch [015/60] pl=12 LR=1.46e-04 Ltot=0.0036 (vel=0.0031, acc=0.0007, lin=0.9127, stab=0.0000) | val_vel_rmse_mean=0.08501 @K=0.12320 slope=0.666 inst=1.020 spec=0.996 | 6.5s
2026-05-16 03:56:14,152 - INFO -   ↳ new best [composite]=0.0867241 (vel_rmse_mean=0.0850058, inst=1.02021, epoch 15)
2026-05-16 03:56:14,152 - INFO - [Curriculum] pred_len -> 14; rebuilding dataloaders...
2026-05-16 03:56:14,191 - INFO - Dataset[TRAIN] koopman_train_merged.npz | segments=99 | samples=196515 | pred_len=14 | stride=1
2026-05-16 03:56:14,196 - INFO - Dataset[VAL] koopman_val.npz | segments=3 | samples=35955 | pred_len=14 | stride=1
2026-05-16 03:56:20,971 - INFO - Epoch [016/60] pl=14 LR=9.55e-05 Ltot=0.0036 (vel=0.0032, acc=0.0007, lin=0.9984, stab=0.0000) | val_vel_rmse_mean=0.07507 @K=0.10712 slope=0.637 inst=1.026 spec=0.997 | 6.8s
2026-05-16 03:56:20,982 - INFO -   ↳ new best [composite]=0.0770386 (vel_rmse_mean=0.0750727, inst=1.02619, epoch 16)
2026-05-16 03:56:28,381 - INFO - Epoch [017/60] pl=14 LR=5.45e-05 Ltot=0.0036 (vel=0.0032, acc=0.0007, lin=0.9915, stab=0.0000) | val_vel_rmse_mean=0.06174 @K=0.08731 slope=0.630 inst=1.017 spec=0.997 | 7.4s
2026-05-16 03:56:28,389 - INFO -   ↳ new best [composite]=0.0627717 (vel_rmse_mean=0.0617442, inst=1.01664, epoch 17)
2026-05-16 03:56:35,496 - INFO - Epoch [018/60] pl=14 LR=2.45e-05 Ltot=0.0036 (vel=0.0032, acc=0.0007, lin=0.9868, stab=0.0000) | val_vel_rmse_mean=0.05095 @K=0.07142 slope=0.624 inst=1.009 spec=0.998 | 7.1s
2026-05-16 03:56:35,505 - INFO -   ↳ new best [composite]=0.051388 (vel_rmse_mean=0.0509483, inst=1.00863, epoch 18)
2026-05-16 03:56:35,505 - INFO - [Curriculum] pred_len -> 16; rebuilding dataloaders...
2026-05-16 03:56:35,541 - INFO - Dataset[TRAIN] koopman_train_merged.npz | segments=99 | samples=196317 | pred_len=16 | stride=1
2026-05-16 03:56:35,546 - INFO - Dataset[VAL] koopman_val.npz | segments=3 | samples=35949 | pred_len=16 | stride=1
2026-05-16 03:56:42,838 - INFO - Epoch [019/60] pl=16 LR=6.16e-06 Ltot=0.0037 (vel=0.0033, acc=0.0007, lin=1.0652, stab=0.0000) | val_vel_rmse_mean=0.04474 @K=0.06139 slope=0.598 inst=1.010 spec=0.998 | 7.3s
2026-05-16 03:56:42,847 - INFO -   ↳ new best [composite]=0.0452008 (vel_rmse_mean=0.0447393, inst=1.01032, epoch 19)
2026-05-16 03:56:50,457 - INFO - Epoch [020/60] pl=16 LR=1.00e-03 Ltot=0.0036 (vel=0.0032, acc=0.0007, lin=1.0639, stab=0.0000) | val_vel_rmse_mean=0.03770 @K=0.05146 slope=0.600 inst=1.011 spec=0.998 | 7.6s
2026-05-16 03:56:50,468 - INFO -   ↳ new best [composite]=0.0381225 (vel_rmse_mean=0.0377014, inst=1.01117, epoch 20)
2026-05-16 03:56:57,927 - INFO - Epoch [021/60] pl=16 LR=9.98e-04 Ltot=0.0049 (vel=0.0038, acc=0.0013, lin=1.1766, stab=0.0000) | val_vel_rmse_mean=0.03207 @K=0.04526 slope=0.616 inst=1.034 spec=0.996 | 7.5s
2026-05-16 03:56:57,935 - INFO -   ↳ new best [composite]=0.0331715 (vel_rmse_mean=0.0320663, inst=1.03447, epoch 21)
2026-05-16 03:56:57,936 - INFO - [Curriculum] pred_len -> 18; rebuilding dataloaders...
2026-05-16 03:56:57,973 - INFO - Dataset[TRAIN] koopman_train_merged.npz | segments=99 | samples=196119 | pred_len=18 | stride=1
2026-05-16 03:56:57,978 - INFO - Dataset[VAL] koopman_val.npz | segments=3 | samples=35943 | pred_len=18 | stride=1
2026-05-16 03:57:05,672 - INFO - Epoch [022/60] pl=18 LR=9.94e-04 Ltot=0.0047 (vel=0.0038, acc=0.0011, lin=1.2660, stab=0.0000) | val_vel_rmse_mean=0.02836 @K=0.04038 slope=0.603 inst=1.049 spec=0.997 | 7.7s
2026-05-16 03:57:05,682 - INFO -   ↳ new best [composite]=0.0297625 (vel_rmse_mean=0.0283593, inst=1.04948, epoch 22)
2026-05-16 03:57:13,336 - INFO - Epoch [023/60] pl=18 LR=9.86e-04 Ltot=0.0045 (vel=0.0036, acc=0.0009, lin=1.2718, stab=0.0000) | val_vel_rmse_mean=0.02407 @K=0.03455 slope=0.606 inst=1.052 spec=0.997 | 7.7s
2026-05-16 03:57:13,344 - INFO -   ↳ new best [composite]=0.0253199 (vel_rmse_mean=0.0240725, inst=1.05182, epoch 23)
2026-05-16 03:57:21,359 - INFO - Epoch [024/60] pl=18 LR=9.76e-04 Ltot=0.0044 (vel=0.0036, acc=0.0009, lin=1.2795, stab=0.0000) | val_vel_rmse_mean=0.02115 @K=0.03102 slope=0.626 inst=1.079 spec=0.996 | 8.0s
2026-05-16 03:57:21,368 - INFO -   ↳ new best [composite]=0.0228209 (vel_rmse_mean=0.0211479, inst=1.07911, epoch 24)
2026-05-16 03:57:21,368 - INFO - [Curriculum] pred_len -> 20; rebuilding dataloaders...
2026-05-16 03:57:21,405 - INFO - Dataset[TRAIN] koopman_train_merged.npz | segments=99 | samples=195921 | pred_len=20 | stride=1
2026-05-16 03:57:21,410 - INFO - Dataset[VAL] koopman_val.npz | segments=3 | samples=35937 | pred_len=20 | stride=1
2026-05-16 03:57:30,202 - INFO - Epoch [025/60] pl=20 LR=9.62e-04 Ltot=0.0046 (vel=0.0038, acc=0.0009, lin=1.3111, stab=0.0000) | val_vel_rmse_mean=0.02003 @K=0.02996 slope=0.642 inst=1.137 spec=0.997 | 8.8s
2026-05-16 03:57:30,211 - INFO -   ↳ new best [composite]=0.0227847 (vel_rmse_mean=0.0200323, inst=1.1374, epoch 25)
2026-05-16 03:57:38,904 - INFO - Epoch [026/60] pl=20 LR=9.46e-04 Ltot=0.0045 (vel=0.0037, acc=0.0009, lin=1.3069, stab=0.0000) | val_vel_rmse_mean=0.01894 @K=0.02918 slope=0.683 inst=1.207 spec=0.997 | 8.7s
2026-05-16 03:57:47,458 - INFO - Epoch [027/60] pl=20 LR=9.26e-04 Ltot=0.0045 (vel=0.0037, acc=0.0009, lin=1.3074, stab=0.0000) | val_vel_rmse_mean=0.01848 @K=0.02929 slope=0.723 inst=1.287 spec=0.997 | 8.5s
2026-05-16 03:57:56,035 - INFO - Epoch [028/60] pl=20 LR=9.05e-04 Ltot=0.0044 (vel=0.0036, acc=0.0008, lin=1.3065, stab=0.0000) | val_vel_rmse_mean=0.01806 @K=0.02932 slope=0.761 inst=1.370 spec=0.997 | 8.6s
2026-05-16 03:58:04,322 - INFO - Epoch [029/60] pl=20 LR=8.80e-04 Ltot=0.0044 (vel=0.0036, acc=0.0008, lin=1.3074, stab=0.0000) | val_vel_rmse_mean=0.01829 @K=0.03051 slope=0.800 inst=1.468 spec=0.997 | 8.3s
2026-05-16 03:58:12,952 - INFO - Epoch [030/60] pl=20 LR=8.54e-04 Ltot=0.0043 (vel=0.0036, acc=0.0008, lin=1.3012, stab=0.0000) | val_vel_rmse_mean=0.01839 @K=0.03108 slope=0.828 inst=1.547 spec=0.997 | 8.6s
2026-05-16 03:58:21,966 - INFO - Epoch [031/60] pl=20 LR=8.25e-04 Ltot=0.0043 (vel=0.0036, acc=0.0008, lin=1.3041, stab=0.0000) | val_vel_rmse_mean=0.01842 @K=0.03123 slope=0.834 inst=1.568 spec=0.997 | 9.0s
2026-05-16 03:58:30,231 - INFO - Epoch [032/60] pl=20 LR=7.94e-04 Ltot=0.0043 (vel=0.0036, acc=0.0008, lin=1.3062, stab=0.0000) | val_vel_rmse_mean=0.01854 @K=0.03152 slope=0.844 inst=1.601 spec=0.997 | 8.3s
2026-05-16 03:58:39,001 - INFO - Epoch [033/60] pl=20 LR=7.61e-04 Ltot=0.0042 (vel=0.0036, acc=0.0008, lin=1.3063, stab=0.0000) | val_vel_rmse_mean=0.01846 @K=0.03126 slope=0.847 inst=1.608 spec=0.996 | 8.8s
2026-05-16 03:58:47,595 - INFO - Epoch [034/60] pl=20 LR=7.27e-04 Ltot=0.0043 (vel=0.0036, acc=0.0008, lin=1.3069, stab=0.0000) | val_vel_rmse_mean=0.01882 @K=0.03168 slope=0.848 inst=1.614 spec=0.995 | 8.6s
2026-05-16 03:58:56,139 - INFO - Epoch [035/60] pl=20 LR=6.91e-04 Ltot=0.0042 (vel=0.0036, acc=0.0008, lin=1.3071, stab=0.0000) | val_vel_rmse_mean=0.01885 @K=0.03160 slope=0.849 inst=1.619 spec=0.997 | 8.5s
2026-05-16 03:59:04,566 - INFO - Epoch [036/60] pl=20 LR=6.55e-04 Ltot=0.0042 (vel=0.0035, acc=0.0007, lin=1.3045, stab=0.0000) | val_vel_rmse_mean=0.01943 @K=0.03244 slope=0.850 inst=1.625 spec=0.997 | 8.4s
2026-05-16 03:59:13,027 - INFO - Epoch [037/60] pl=20 LR=6.17e-04 Ltot=0.0042 (vel=0.0035, acc=0.0007, lin=1.3008, stab=0.0000) | val_vel_rmse_mean=0.01988 @K=0.03310 slope=0.850 inst=1.627 spec=0.997 | 8.5s
2026-05-16 03:59:21,617 - INFO - Epoch [038/60] pl=20 LR=5.78e-04 Ltot=0.0042 (vel=0.0035, acc=0.0008, lin=1.2989, stab=0.0000) | val_vel_rmse_mean=0.02010 @K=0.03320 slope=0.844 inst=1.608 spec=0.997 | 8.6s
2026-05-16 03:59:30,068 - INFO - Epoch [039/60] pl=20 LR=5.39e-04 Ltot=0.0041 (vel=0.0035, acc=0.0007, lin=1.2981, stab=0.0000) | val_vel_rmse_mean=0.02055 @K=0.03373 slope=0.841 inst=1.599 spec=0.997 | 8.4s
2026-05-16 03:59:38,713 - INFO - Epoch [040/60] pl=20 LR=5.00e-04 Ltot=0.0041 (vel=0.0035, acc=0.0007, lin=1.2985, stab=0.0000) | val_vel_rmse_mean=0.02061 @K=0.03350 slope=0.834 inst=1.578 spec=0.997 | 8.6s
2026-05-16 03:59:47,441 - INFO - Epoch [041/60] pl=20 LR=4.61e-04 Ltot=0.0040 (vel=0.0035, acc=0.0007, lin=1.2972, stab=0.0000) | val_vel_rmse_mean=0.02070 @K=0.03325 slope=0.823 inst=1.549 spec=0.997 | 8.7s
2026-05-16 03:59:55,873 - INFO - Epoch [042/60] pl=20 LR=4.22e-04 Ltot=0.0040 (vel=0.0034, acc=0.0007, lin=1.2942, stab=0.0000) | val_vel_rmse_mean=0.02111 @K=0.03369 slope=0.820 inst=1.538 spec=0.997 | 8.4s
2026-05-16 04:00:04,491 - INFO - Epoch [043/60] pl=20 LR=3.83e-04 Ltot=0.0040 (vel=0.0034, acc=0.0007, lin=1.2900, stab=0.0000) | val_vel_rmse_mean=0.02114 @K=0.03350 slope=0.816 inst=1.527 spec=0.998 | 8.6s
2026-05-16 04:00:13,078 - INFO - Epoch [044/60] pl=20 LR=3.45e-04 Ltot=0.0039 (vel=0.0034, acc=0.0007, lin=1.2848, stab=0.0000) | val_vel_rmse_mean=0.02132 @K=0.03364 slope=0.814 inst=1.520 spec=0.997 | 8.6s
2026-05-16 04:00:21,704 - INFO - Epoch [045/60] pl=20 LR=3.09e-04 Ltot=0.0039 (vel=0.0034, acc=0.0007, lin=1.2777, stab=0.0000) | val_vel_rmse_mean=0.02143 @K=0.03367 slope=0.813 inst=1.516 spec=0.997 | 8.6s
2026-05-16 04:00:30,096 - INFO - Epoch [046/60] pl=20 LR=2.73e-04 Ltot=0.0039 (vel=0.0034, acc=0.0007, lin=1.2737, stab=0.0000) | val_vel_rmse_mean=0.02164 @K=0.03386 slope=0.810 inst=1.508 spec=0.997 | 8.4s
2026-05-16 04:00:38,868 - INFO - Epoch [047/60] pl=20 LR=2.39e-04 Ltot=0.0039 (vel=0.0034, acc=0.0007, lin=1.2762, stab=0.0000) | val_vel_rmse_mean=0.02191 @K=0.03416 slope=0.808 inst=1.500 spec=0.996 | 8.8s
2026-05-16 04:00:47,511 - INFO - Epoch [048/60] pl=20 LR=2.06e-04 Ltot=0.0038 (vel=0.0034, acc=0.0006, lin=1.2757, stab=0.0000) | val_vel_rmse_mean=0.02213 @K=0.03436 slope=0.803 inst=1.488 spec=0.996 | 8.6s
2026-05-16 04:00:56,387 - INFO - Epoch [049/60] pl=20 LR=1.75e-04 Ltot=0.0038 (vel=0.0034, acc=0.0006, lin=1.2708, stab=0.0000) | val_vel_rmse_mean=0.02242 @K=0.03470 slope=0.801 inst=1.482 spec=0.997 | 8.9s
2026-05-16 04:01:05,596 - INFO - Epoch [050/60] pl=20 LR=1.46e-04 Ltot=0.0038 (vel=0.0034, acc=0.0006, lin=1.2687, stab=0.0000) | val_vel_rmse_mean=0.02270 @K=0.03509 slope=0.800 inst=1.479 spec=0.997 | 9.2s
2026-05-16 04:01:14,678 - INFO - Epoch [051/60] pl=20 LR=1.20e-04 Ltot=0.0038 (vel=0.0034, acc=0.0006, lin=1.2644, stab=0.0000) | val_vel_rmse_mean=0.02287 @K=0.03521 slope=0.796 inst=1.467 spec=0.996 | 9.1s
2026-05-16 04:01:23,135 - INFO - Epoch [052/60] pl=20 LR=9.55e-05 Ltot=0.0038 (vel=0.0034, acc=0.0006, lin=1.2601, stab=0.0000) | val_vel_rmse_mean=0.02299 @K=0.03527 slope=0.792 inst=1.458 spec=0.997 | 8.5s
2026-05-16 04:01:31,713 - INFO - Epoch [053/60] pl=20 LR=7.37e-05 Ltot=0.0038 (vel=0.0033, acc=0.0006, lin=1.2570, stab=0.0000) | val_vel_rmse_mean=0.02299 @K=0.03510 slope=0.788 inst=1.447 spec=0.997 | 8.6s
2026-05-16 04:01:40,418 - INFO - Epoch [054/60] pl=20 LR=5.45e-05 Ltot=0.0037 (vel=0.0033, acc=0.0006, lin=1.2551, stab=0.0000) | val_vel_rmse_mean=0.02296 @K=0.03494 slope=0.785 inst=1.438 spec=0.998 | 8.7s
2026-05-16 04:01:48,959 - INFO - Epoch [055/60] pl=20 LR=3.81e-05 Ltot=0.0037 (vel=0.0033, acc=0.0006, lin=1.2515, stab=0.0000) | val_vel_rmse_mean=0.02299 @K=0.03493 slope=0.783 inst=1.435 spec=0.998 | 8.5s
2026-05-16 04:01:57,334 - INFO - Epoch [056/60] pl=20 LR=2.45e-05 Ltot=0.0037 (vel=0.0033, acc=0.0006, lin=1.2488, stab=0.0000) | val_vel_rmse_mean=0.02307 @K=0.03500 slope=0.782 inst=1.430 spec=0.997 | 8.4s
2026-05-16 04:02:05,926 - INFO - Epoch [057/60] pl=20 LR=1.38e-05 Ltot=0.0037 (vel=0.0033, acc=0.0006, lin=1.2481, stab=0.0000) | val_vel_rmse_mean=0.02309 @K=0.03491 slope=0.778 inst=1.421 spec=0.998 | 8.6s
2026-05-16 04:02:14,521 - INFO - Epoch [058/60] pl=20 LR=6.16e-06 Ltot=0.0037 (vel=0.0033, acc=0.0006, lin=1.2464, stab=0.0000) | val_vel_rmse_mean=0.02312 @K=0.03490 slope=0.776 inst=1.416 spec=0.998 | 8.6s
2026-05-16 04:02:22,737 - INFO - Epoch [059/60] pl=20 LR=1.54e-06 Ltot=0.0037 (vel=0.0033, acc=0.0006, lin=1.2459, stab=0.0000) | val_vel_rmse_mean=0.02319 @K=0.03496 slope=0.775 inst=1.413 spec=0.998 | 8.2s
2026-05-16 04:02:31,142 - INFO - Epoch [060/60] pl=20 LR=1.00e-03 Ltot=0.0037 (vel=0.0033, acc=0.0006, lin=1.2460, stab=0.0000) | val_vel_rmse_mean=0.02323 @K=0.03497 slope=0.774 inst=1.410 spec=0.998 | 8.4s
2026-05-16 04:02:31,181 - INFO - Exported YAML -> checkpoints/koopman_best.yaml
2026-05-16 04:02:36,854 - INFO - 
=== QUANTITATIVE VERDICT (test set) ===
vel_rmse@1=0.00154935  vel_rmse@5=0.00597793  vel_rmse@10=0.00960617  vel_rmse@20=0.01533
divergence: ratio20/1=9.89447  slope_loglog=0.735971  lyapunov_like=0.12063
instability_score=1.34509  monotonic_increasing=True  divergent_sample_pct=92.7348%
bias: u=+0.000742264  v=-0.000105274  r=+4.86018e-05
fit_quality: R^2(u,v,r) = 0.9995 / 0.9999 / 0.9996
========================================

2026-05-16 04:02:37,703 - INFO - 
### §7 12 条阈值逐条判定 (test set, K=20)

| # | 指标 | v3 实测 | 阈值 | 判定 |
|---|---|---|---|---|
| G1 | vel_rmse_step_K | 0.01533 | ≤ 0.01285 | ❌ |
| G2 | u_rmse_step_K | 0.0147688 | ≤ 0.01185 | ❌ |
| G3 | |u_bias_mean| | 0.000742264 | ≤ 0.00153 | ✅ |
| G4 | slope_loglog | 0.735971 | ≤ 0.6695 | ❌ |
| G5 | instability_score | 1.34509 | ≤ 1.2363 | ❌ |
| S1 | per_segment.worst_vel_rmse_K | 0.0211851 | ≤ 0.01569 | ❌ |
| S2 | per_segment.ratio_worst_over_best | 2.67309 | ≤ 2.78 | ✅ |
| S3 | per_segment.high_speed_seg_mean | 0.0114925 | ≤ 0.01144 | ❌ |
| S4 | degraded_pct (vs v1) | 37.3393 | ≤ 20 | ❌ |
| N1 | vel_rmse_step_1 | 0.00154935 | ≤ 0.0024 | ✅ |
| N2 | traj_xy_rmse_step_K | 0.0188193 | ≤ 0.02108 | ✅ |
| N3 | spectral_radius (I+A) | 0.996449 | ≤ 1.005 | ✅ |

**FAIL** — §7 v3 验收。

2026-05-16 04:02:37,703 - INFO - v3 auto-PASS = False
2026-05-16 04:02:37,703 - INFO - Per-5-epoch summary:
2026-05-16 04:02:37,703 - INFO - ep | lr | L_total | L_vel | L_acc | L_lin | val_vel_mean | val_vel@K | val_traj_xy@K | slope_ll | inst | spec
2026-05-16 04:02:37,703 - INFO -   001 | 9.94e-04 | 0.0222 | 0.0070 | 0.0247 | 0.0654 | 0.73155 | 1.15838 | 0.2927 | 0.978 | 1.009 | 1.004
2026-05-16 04:02:37,703 - INFO -   005 | 8.54e-04 | 0.0037 | 0.0031 | 0.0010 | 0.3666 | 0.42536 | 0.67423 | 0.2554 | 0.870 | 1.039 | 0.997
2026-05-16 04:02:37,703 - INFO -   010 | 5.00e-04 | 0.0037 | 0.0031 | 0.0008 | 0.8172 | 0.21153 | 0.32161 | 0.2115 | 0.743 | 1.059 | 0.997
2026-05-16 04:02:37,703 - INFO -   015 | 1.46e-04 | 0.0036 | 0.0031 | 0.0007 | 0.9127 | 0.08501 | 0.12320 | 0.1019 | 0.666 | 1.020 | 0.996
2026-05-16 04:02:37,703 - INFO -   020 | 1.00e-03 | 0.0036 | 0.0032 | 0.0007 | 1.0639 | 0.03770 | 0.05146 | 0.0600 | 0.600 | 1.011 | 0.998
2026-05-16 04:02:37,703 - INFO -   025 | 9.62e-04 | 0.0046 | 0.0038 | 0.0009 | 1.3111 | 0.02003 | 0.02996 | 0.0399 | 0.642 | 1.137 | 0.997
2026-05-16 04:02:37,703 - INFO -   030 | 8.54e-04 | 0.0043 | 0.0036 | 0.0008 | 1.3012 | 0.01839 | 0.03108 | 0.0371 | 0.828 | 1.547 | 0.997
2026-05-16 04:02:37,703 - INFO -   035 | 6.91e-04 | 0.0042 | 0.0036 | 0.0008 | 1.3071 | 0.01885 | 0.03160 | 0.0382 | 0.849 | 1.619 | 0.997
2026-05-16 04:02:37,703 - INFO -   040 | 5.00e-04 | 0.0041 | 0.0035 | 0.0007 | 1.2985 | 0.02061 | 0.03350 | 0.0415 | 0.834 | 1.578 | 0.997
2026-05-16 04:02:37,703 - INFO -   045 | 3.09e-04 | 0.0039 | 0.0034 | 0.0007 | 1.2777 | 0.02143 | 0.03367 | 0.0431 | 0.813 | 1.516 | 0.997
2026-05-16 04:02:37,703 - INFO -   050 | 1.46e-04 | 0.0038 | 0.0034 | 0.0006 | 1.2687 | 0.02270 | 0.03509 | 0.0455 | 0.800 | 1.479 | 0.997
2026-05-16 04:02:37,703 - INFO -   055 | 3.81e-05 | 0.0037 | 0.0033 | 0.0006 | 1.2515 | 0.02299 | 0.03493 | 0.0462 | 0.783 | 1.435 | 0.998
2026-05-16 04:02:37,703 - INFO -   060 | 1.00e-03 | 0.0037 | 0.0033 | 0.0006 | 1.2460 | 0.02323 | 0.03497 | 0.0466 | 0.774 | 1.410 | 0.998
