2026-05-16 04:06:02,816 - INFO - Dataset[TRAIN] koopman_train_merged.npz | segments=99 | samples=197505 | pred_len=4 | stride=1
2026-05-16 04:06:02,821 - INFO - Dataset[VAL] koopman_val.npz | segments=3 | samples=35985 | pred_len=4 | stride=1
2026-05-16 04:06:03,411 - INFO - ================================================================================
2026-05-16 04:06:03,411 - INFO - Device: cpu | AMP: False
2026-05-16 04:06:03,411 - INFO - Model: v3 | class=HorizontalKoopmanModelV3 | n_cubic=11 | latent_dim=43 | hidden_dim=24 | clamp_pif=30.0
2026-05-16 04:06:03,412 - INFO - Train data: koopman_train_merged.npz | Val: koopman_val.npz | Test: koopman_test.npz
2026-05-16 04:06:03,412 - INFO - Batch: 1024 | Workers: 4 | Seed: 42
2026-05-16 04:06:03,412 - INFO - Curriculum pred_len: start=4 max=20 grow_every=3 stride=1
2026-05-16 04:06:03,412 - INFO - Loss weights: w_vel=1.0 w_acc=0.5 w_lin=0.0 w_recon=0.0 w_stab=5.0 w_l2=0.0001 w_bias=1.0 (u=80.0, v=30.0, r=30.0) gamma_step=1.1 gamma_bias=1.1 huber_beta=0.1 rho_max=0.999
2026-05-16 04:06:03,412 - INFO - Noise: input_std=0.02 ctrl_std=0.003 | EMA decay=0.999 no_ema=False | best_metric=composite
2026-05-16 04:06:03,412 - INFO - Train samples: 197505 | Val samples: 35985 | Params: 13224
2026-05-16 04:06:03,412 - INFO - Initial spectral radius (I+A): 1.06615
2026-05-16 04:06:03,412 - INFO - ================================================================================
2026-05-16 04:06:07,400 - INFO - Epoch [001/60] pl=4 LR=9.94e-04 Ltot=0.0776 (vel=0.0071, acc=0.0306, lin=0.1076, stab=0.0005) | val_vel_rmse_mean=0.69343 @K=1.06350 slope=0.913 inst=0.966 spec=1.010 | 4.0s
2026-05-16 04:06:07,411 - INFO -   ↳ new best [composite]=0.693427 (vel_rmse_mean=0.693427, inst=0.965863, epoch 1)
2026-05-16 04:06:11,902 - INFO - Epoch [002/60] pl=4 LR=9.76e-04 Ltot=0.0028 (vel=0.0020, acc=0.0014, lin=0.1045, stab=0.0000) | val_vel_rmse_mean=0.54175 @K=0.80232 slope=0.845 inst=0.924 spec=0.999 | 4.5s
2026-05-16 04:06:11,908 - INFO -   ↳ new best [composite]=0.541753 (vel_rmse_mean=0.541753, inst=0.923558, epoch 2)
2026-05-16 04:06:16,140 - INFO - Epoch [003/60] pl=4 LR=9.46e-04 Ltot=0.0028 (vel=0.0020, acc=0.0013, lin=0.1212, stab=0.0000) | val_vel_rmse_mean=0.43177 @K=0.62289 slope=0.795 inst=0.894 spec=0.999 | 4.2s
2026-05-16 04:06:16,149 - INFO -   ↳ new best [composite]=0.431767 (vel_rmse_mean=0.431767, inst=0.894337, epoch 3)
2026-05-16 04:06:16,149 - INFO - [Curriculum] pred_len -> 6; rebuilding dataloaders...
2026-05-16 04:06:16,187 - INFO - Dataset[TRAIN] koopman_train_merged.npz | segments=99 | samples=197307 | pred_len=6 | stride=1
2026-05-16 04:06:16,192 - INFO - Dataset[VAL] koopman_val.npz | segments=3 | samples=35979 | pred_len=6 | stride=1
2026-05-16 04:06:20,617 - INFO - Epoch [004/60] pl=6 LR=9.05e-04 Ltot=0.0028 (vel=0.0021, acc=0.0011, lin=0.2423, stab=0.0000) | val_vel_rmse_mean=0.42283 @K=0.58678 slope=0.685 inst=0.888 spec=0.998 | 4.4s
2026-05-16 04:06:20,625 - INFO -   ↳ new best [composite]=0.42283 (vel_rmse_mean=0.42283, inst=0.888433, epoch 4)
2026-05-16 04:06:25,595 - INFO - Epoch [005/60] pl=6 LR=8.54e-04 Ltot=0.0028 (vel=0.0021, acc=0.0011, lin=0.2912, stab=0.0000) | val_vel_rmse_mean=0.34267 @K=0.46698 slope=0.658 inst=0.870 spec=0.998 | 5.0s
2026-05-16 04:06:25,604 - INFO -   ↳ new best [composite]=0.342672 (vel_rmse_mean=0.342672, inst=0.870047, epoch 5)
2026-05-16 04:06:30,255 - INFO - Epoch [006/60] pl=6 LR=7.94e-04 Ltot=0.0027 (vel=0.0020, acc=0.0010, lin=0.3356, stab=0.0000) | val_vel_rmse_mean=0.28185 @K=0.38114 slope=0.645 inst=0.861 spec=0.998 | 4.6s
2026-05-16 04:06:30,262 - INFO -   ↳ new best [composite]=0.281852 (vel_rmse_mean=0.281852, inst=0.861379, epoch 6)
2026-05-16 04:06:30,262 - INFO - [Curriculum] pred_len -> 8; rebuilding dataloaders...
2026-05-16 04:06:30,297 - INFO - Dataset[TRAIN] koopman_train_merged.npz | segments=99 | samples=197109 | pred_len=8 | stride=1
2026-05-16 04:06:30,302 - INFO - Dataset[VAL] koopman_val.npz | segments=3 | samples=35973 | pred_len=8 | stride=1
2026-05-16 04:06:35,195 - INFO - Epoch [007/60] pl=8 LR=7.27e-04 Ltot=0.0027 (vel=0.0021, acc=0.0009, lin=0.4972, stab=0.0000) | val_vel_rmse_mean=0.25841 @K=0.32992 slope=0.568 inst=0.845 spec=0.998 | 4.9s
2026-05-16 04:06:35,203 - INFO -   ↳ new best [composite]=0.258406 (vel_rmse_mean=0.258406, inst=0.845083, epoch 7)
2026-05-16 04:06:40,471 - INFO - Epoch [008/60] pl=8 LR=6.55e-04 Ltot=0.0026 (vel=0.0021, acc=0.0008, lin=0.5150, stab=0.0000) | val_vel_rmse_mean=0.21763 @K=0.28106 slope=0.575 inst=0.851 spec=0.996 | 5.3s
2026-05-16 04:06:40,480 - INFO -   ↳ new best [composite]=0.21763 (vel_rmse_mean=0.21763, inst=0.851394, epoch 8)
2026-05-16 04:06:45,579 - INFO - Epoch [009/60] pl=8 LR=5.78e-04 Ltot=0.0026 (vel=0.0021, acc=0.0008, lin=0.5339, stab=0.0000) | val_vel_rmse_mean=0.18326 @K=0.23928 slope=0.584 inst=0.858 spec=0.997 | 5.1s
2026-05-16 04:06:45,588 - INFO -   ↳ new best [composite]=0.183259 (vel_rmse_mean=0.183259, inst=0.858255, epoch 9)
2026-05-16 04:06:45,588 - INFO - [Curriculum] pred_len -> 10; rebuilding dataloaders...
2026-05-16 04:06:45,623 - INFO - Dataset[TRAIN] koopman_train_merged.npz | segments=99 | samples=196911 | pred_len=10 | stride=1
2026-05-16 04:06:45,628 - INFO - Dataset[VAL] koopman_val.npz | segments=3 | samples=35967 | pred_len=10 | stride=1
2026-05-16 04:06:50,985 - INFO - Epoch [010/60] pl=10 LR=5.00e-04 Ltot=0.0027 (vel=0.0022, acc=0.0008, lin=0.6886, stab=0.0000) | val_vel_rmse_mean=0.16530 @K=0.20888 slope=0.537 inst=0.854 spec=0.997 | 5.3s
2026-05-16 04:06:50,995 - INFO -   ↳ new best [composite]=0.165305 (vel_rmse_mean=0.165305, inst=0.85353, epoch 10)
2026-05-16 04:06:56,684 - INFO - Epoch [011/60] pl=10 LR=4.22e-04 Ltot=0.0026 (vel=0.0021, acc=0.0008, lin=0.7078, stab=0.0000) | val_vel_rmse_mean=0.13993 @K=0.17952 slope=0.550 inst=0.865 spec=0.996 | 5.7s
2026-05-16 04:06:56,692 - INFO -   ↳ new best [composite]=0.139933 (vel_rmse_mean=0.139933, inst=0.864684, epoch 11)
2026-05-16 04:07:02,228 - INFO - Epoch [012/60] pl=10 LR=3.45e-04 Ltot=0.0026 (vel=0.0021, acc=0.0007, lin=0.7207, stab=0.0000) | val_vel_rmse_mean=0.11793 @K=0.15304 slope=0.561 inst=0.874 spec=0.997 | 5.5s
2026-05-16 04:07:02,236 - INFO -   ↳ new best [composite]=0.117933 (vel_rmse_mean=0.117933, inst=0.873771, epoch 12)
2026-05-16 04:07:02,236 - INFO - [Curriculum] pred_len -> 12; rebuilding dataloaders...
2026-05-16 04:07:02,274 - INFO - Dataset[TRAIN] koopman_train_merged.npz | segments=99 | samples=196713 | pred_len=12 | stride=1
2026-05-16 04:07:02,279 - INFO - Dataset[VAL] koopman_val.npz | segments=3 | samples=35961 | pred_len=12 | stride=1
2026-05-16 04:07:08,018 - INFO - Epoch [013/60] pl=12 LR=2.73e-04 Ltot=0.0027 (vel=0.0022, acc=0.0007, lin=0.8405, stab=0.0000) | val_vel_rmse_mean=0.10456 @K=0.13303 slope=0.526 inst=0.873 spec=0.998 | 5.7s
2026-05-16 04:07:08,027 - INFO -   ↳ new best [composite]=0.104556 (vel_rmse_mean=0.104556, inst=0.873379, epoch 13)
2026-05-16 04:07:14,223 - INFO - Epoch [014/60] pl=12 LR=2.06e-04 Ltot=0.0027 (vel=0.0022, acc=0.0007, lin=0.8382, stab=0.0000) | val_vel_rmse_mean=0.08769 @K=0.11230 slope=0.533 inst=0.880 spec=0.998 | 6.2s
2026-05-16 04:07:14,231 - INFO -   ↳ new best [composite]=0.0876877 (vel_rmse_mean=0.0876877, inst=0.880104, epoch 14)
2026-05-16 04:07:20,236 - INFO - Epoch [015/60] pl=12 LR=1.46e-04 Ltot=0.0026 (vel=0.0022, acc=0.0007, lin=0.8344, stab=0.0000) | val_vel_rmse_mean=0.07306 @K=0.09393 slope=0.538 inst=0.884 spec=0.998 | 6.0s
2026-05-16 04:07:20,243 - INFO -   ↳ new best [composite]=0.0730644 (vel_rmse_mean=0.0730644, inst=0.884342, epoch 15)
2026-05-16 04:07:20,243 - INFO - [Curriculum] pred_len -> 14; rebuilding dataloaders...
2026-05-16 04:07:20,279 - INFO - Dataset[TRAIN] koopman_train_merged.npz | segments=99 | samples=196515 | pred_len=14 | stride=1
2026-05-16 04:07:20,284 - INFO - Dataset[VAL] koopman_val.npz | segments=3 | samples=35955 | pred_len=14 | stride=1
2026-05-16 04:07:26,668 - INFO - Epoch [016/60] pl=14 LR=9.55e-05 Ltot=0.0027 (vel=0.0023, acc=0.0007, lin=0.9363, stab=0.0000) | val_vel_rmse_mean=0.06362 @K=0.08054 slope=0.507 inst=0.883 spec=0.998 | 6.4s
2026-05-16 04:07:26,677 - INFO -   ↳ new best [composite]=0.063623 (vel_rmse_mean=0.063623, inst=0.883181, epoch 16)
2026-05-16 04:07:33,693 - INFO - Epoch [017/60] pl=14 LR=5.45e-05 Ltot=0.0027 (vel=0.0023, acc=0.0007, lin=0.9305, stab=0.0000) | val_vel_rmse_mean=0.05277 @K=0.06679 slope=0.509 inst=0.885 spec=0.998 | 7.0s
2026-05-16 04:07:33,700 - INFO -   ↳ new best [composite]=0.0527716 (vel_rmse_mean=0.0527716, inst=0.885103, epoch 17)
2026-05-16 04:07:40,436 - INFO - Epoch [018/60] pl=14 LR=2.45e-05 Ltot=0.0027 (vel=0.0023, acc=0.0007, lin=0.9267, stab=0.0000) | val_vel_rmse_mean=0.04366 @K=0.05524 slope=0.511 inst=0.886 spec=0.998 | 6.7s
2026-05-16 04:07:40,445 - INFO -   ↳ new best [composite]=0.0436567 (vel_rmse_mean=0.0436567, inst=0.886436, epoch 18)
2026-05-16 04:07:40,445 - INFO - [Curriculum] pred_len -> 16; rebuilding dataloaders...
2026-05-16 04:07:40,481 - INFO - Dataset[TRAIN] koopman_train_merged.npz | segments=99 | samples=196317 | pred_len=16 | stride=1
2026-05-16 04:07:40,485 - INFO - Dataset[VAL] koopman_val.npz | segments=3 | samples=35949 | pred_len=16 | stride=1
2026-05-16 04:07:47,517 - INFO - Epoch [019/60] pl=16 LR=6.16e-06 Ltot=0.0028 (vel=0.0024, acc=0.0007, lin=1.0195, stab=0.0000) | val_vel_rmse_mean=0.03750 @K=0.04711 slope=0.485 inst=0.887 spec=0.999 | 7.0s
2026-05-16 04:07:47,525 - INFO -   ↳ new best [composite]=0.0375039 (vel_rmse_mean=0.0375039, inst=0.886995, epoch 19)
2026-05-16 04:07:54,976 - INFO - Epoch [020/60] pl=16 LR=1.00e-03 Ltot=0.0028 (vel=0.0024, acc=0.0007, lin=1.0183, stab=0.0000) | val_vel_rmse_mean=0.03126 @K=0.03965 slope=0.494 inst=0.896 spec=0.999 | 7.5s
2026-05-16 04:07:54,985 - INFO -   ↳ new best [composite]=0.0312567 (vel_rmse_mean=0.0312567, inst=0.895994, epoch 20)
2026-05-16 04:08:02,180 - INFO - Epoch [021/60] pl=16 LR=9.98e-04 Ltot=0.0039 (vel=0.0030, acc=0.0012, lin=1.0990, stab=0.0000) | val_vel_rmse_mean=0.02715 @K=0.03658 slope=0.530 inst=0.938 spec=0.997 | 7.2s
2026-05-16 04:08:02,189 - INFO -   ↳ new best [composite]=0.0271472 (vel_rmse_mean=0.0271472, inst=0.937973, epoch 21)
2026-05-16 04:08:02,189 - INFO - [Curriculum] pred_len -> 18; rebuilding dataloaders...
2026-05-16 04:08:02,224 - INFO - Dataset[TRAIN] koopman_train_merged.npz | segments=99 | samples=196119 | pred_len=18 | stride=1
2026-05-16 04:08:02,229 - INFO - Dataset[VAL] koopman_val.npz | segments=3 | samples=35943 | pred_len=18 | stride=1
2026-05-16 04:08:10,185 - INFO - Epoch [022/60] pl=18 LR=9.94e-04 Ltot=0.0040 (vel=0.0031, acc=0.0010, lin=1.2221, stab=0.0000) | val_vel_rmse_mean=0.02509 @K=0.03650 slope=0.561 inst=1.010 spec=0.998 | 7.9s
2026-05-16 04:08:10,195 - INFO -   ↳ new best [composite]=0.0253275 (vel_rmse_mean=0.025089, inst=1.00951, epoch 22)
2026-05-16 04:08:18,035 - INFO - Epoch [023/60] pl=18 LR=9.86e-04 Ltot=0.0038 (vel=0.0030, acc=0.0009, lin=1.2322, stab=0.0000) | val_vel_rmse_mean=0.02183 @K=0.03345 slope=0.598 inst=1.061 spec=0.997 | 7.8s
2026-05-16 04:08:18,043 - INFO -   ↳ new best [composite]=0.0231686 (vel_rmse_mean=0.021834, inst=1.06113, epoch 23)
2026-05-16 04:08:26,036 - INFO - Epoch [024/60] pl=18 LR=9.76e-04 Ltot=0.0036 (vel=0.0029, acc=0.0009, lin=1.2493, stab=0.0000) | val_vel_rmse_mean=0.01927 @K=0.03126 slope=0.647 inst=1.134 spec=0.997 | 8.0s
2026-05-16 04:08:26,045 - INFO -   ↳ new best [composite]=0.021858 (vel_rmse_mean=0.0192678, inst=1.13443, epoch 24)
2026-05-16 04:08:26,045 - INFO - [Curriculum] pred_len -> 20; rebuilding dataloaders...
2026-05-16 04:08:26,081 - INFO - Dataset[TRAIN] koopman_train_merged.npz | segments=99 | samples=195921 | pred_len=20 | stride=1
2026-05-16 04:08:26,085 - INFO - Dataset[VAL] koopman_val.npz | segments=3 | samples=35937 | pred_len=20 | stride=1
2026-05-16 04:08:34,266 - INFO - Epoch [025/60] pl=20 LR=9.62e-04 Ltot=0.0039 (vel=0.0031, acc=0.0009, lin=1.2905, stab=0.0000) | val_vel_rmse_mean=0.01860 @K=0.03185 slope=0.702 inst=1.267 spec=0.998 | 8.2s
2026-05-16 04:08:42,733 - INFO - Epoch [026/60] pl=20 LR=9.46e-04 Ltot=0.0038 (vel=0.0031, acc=0.0009, lin=1.2769, stab=0.0000) | val_vel_rmse_mean=0.01688 @K=0.02971 slope=0.750 inst=1.362 spec=0.998 | 8.5s
2026-05-16 04:08:51,157 - INFO - Epoch [027/60] pl=20 LR=9.26e-04 Ltot=0.0037 (vel=0.0030, acc=0.0008, lin=1.2785, stab=0.0000) | val_vel_rmse_mean=0.01585 @K=0.02851 slope=0.803 inst=1.477 spec=0.998 | 8.4s
2026-05-16 04:08:59,697 - INFO - Epoch [028/60] pl=20 LR=9.05e-04 Ltot=0.0037 (vel=0.0030, acc=0.0008, lin=1.2747, stab=0.0000) | val_vel_rmse_mean=0.01519 @K=0.02768 slope=0.851 inst=1.599 spec=0.998 | 8.5s
2026-05-16 04:09:08,019 - INFO - Epoch [029/60] pl=20 LR=8.80e-04 Ltot=0.0036 (vel=0.0029, acc=0.0008, lin=1.2776, stab=0.0000) | val_vel_rmse_mean=0.01506 @K=0.02767 slope=0.897 inst=1.738 spec=0.998 | 8.3s
2026-05-16 04:09:16,651 - INFO - Epoch [030/60] pl=20 LR=8.54e-04 Ltot=0.0036 (vel=0.0030, acc=0.0008, lin=1.2789, stab=0.0000) | val_vel_rmse_mean=0.01487 @K=0.02741 slope=0.932 inst=1.866 spec=0.998 | 8.6s
2026-05-16 04:09:25,145 - INFO - Epoch [031/60] pl=20 LR=8.25e-04 Ltot=0.0036 (vel=0.0029, acc=0.0007, lin=1.2830, stab=0.0000) | val_vel_rmse_mean=0.01482 @K=0.02733 slope=0.953 inst=1.958 spec=0.998 | 8.5s
2026-05-16 04:09:33,316 - INFO - Epoch [032/60] pl=20 LR=7.94e-04 Ltot=0.0035 (vel=0.0029, acc=0.0007, lin=1.2765, stab=0.0000) | val_vel_rmse_mean=0.01508 @K=0.02773 slope=0.964 inst=2.017 spec=0.998 | 8.2s
2026-05-16 04:09:41,869 - INFO - Epoch [033/60] pl=20 LR=7.61e-04 Ltot=0.0035 (vel=0.0029, acc=0.0007, lin=1.2740, stab=0.0000) | val_vel_rmse_mean=0.01541 @K=0.02815 slope=0.961 inst=2.013 spec=0.998 | 8.5s
2026-05-16 04:09:50,458 - INFO - Epoch [034/60] pl=20 LR=7.27e-04 Ltot=0.0035 (vel=0.0029, acc=0.0007, lin=1.2796, stab=0.0000) | val_vel_rmse_mean=0.01574 @K=0.02868 slope=0.969 inst=2.053 spec=0.998 | 8.6s
2026-05-16 04:09:58,903 - INFO - Epoch [035/60] pl=20 LR=6.91e-04 Ltot=0.0035 (vel=0.0029, acc=0.0007, lin=1.2786, stab=0.0000) | val_vel_rmse_mean=0.01587 @K=0.02884 slope=0.970 inst=2.064 spec=0.998 | 8.4s
2026-05-16 04:10:07,280 - INFO - Epoch [036/60] pl=20 LR=6.55e-04 Ltot=0.0035 (vel=0.0029, acc=0.0007, lin=1.2758, stab=0.0000) | val_vel_rmse_mean=0.01626 @K=0.02930 slope=0.960 inst=2.023 spec=0.998 | 8.4s
2026-05-16 04:10:16,110 - INFO - Epoch [037/60] pl=20 LR=6.17e-04 Ltot=0.0034 (vel=0.0028, acc=0.0007, lin=1.2737, stab=0.0000) | val_vel_rmse_mean=0.01667 @K=0.02981 slope=0.948 inst=1.978 spec=0.998 | 8.8s
2026-05-16 04:10:24,634 - INFO - Epoch [038/60] pl=20 LR=5.78e-04 Ltot=0.0034 (vel=0.0028, acc=0.0007, lin=1.2743, stab=0.0000) | val_vel_rmse_mean=0.01708 @K=0.03042 slope=0.944 inst=1.961 spec=0.998 | 8.5s
2026-05-16 04:10:33,139 - INFO - Epoch [039/60] pl=20 LR=5.39e-04 Ltot=0.0033 (vel=0.0028, acc=0.0007, lin=1.2732, stab=0.0000) | val_vel_rmse_mean=0.01735 @K=0.03071 slope=0.935 inst=1.929 spec=0.998 | 8.5s
2026-05-16 04:10:41,782 - INFO - Epoch [040/60] pl=20 LR=5.00e-04 Ltot=0.0034 (vel=0.0028, acc=0.0007, lin=1.2724, stab=0.0000) | val_vel_rmse_mean=0.01744 @K=0.03061 slope=0.925 inst=1.889 spec=0.998 | 8.6s
2026-05-16 04:10:50,451 - INFO - Epoch [041/60] pl=20 LR=4.61e-04 Ltot=0.0033 (vel=0.0028, acc=0.0006, lin=1.2722, stab=0.0000) | val_vel_rmse_mean=0.01777 @K=0.03098 slope=0.914 inst=1.849 spec=0.998 | 8.7s
2026-05-16 04:10:58,740 - INFO - Epoch [042/60] pl=20 LR=4.22e-04 Ltot=0.0032 (vel=0.0027, acc=0.0006, lin=1.2716, stab=0.0000) | val_vel_rmse_mean=0.01819 @K=0.03162 slope=0.911 inst=1.836 spec=0.998 | 8.3s
2026-05-16 04:11:07,342 - INFO - Epoch [043/60] pl=20 LR=3.83e-04 Ltot=0.0032 (vel=0.0027, acc=0.0006, lin=1.2687, stab=0.0000) | val_vel_rmse_mean=0.01837 @K=0.03184 slope=0.909 inst=1.829 spec=0.998 | 8.6s
2026-05-16 04:11:15,944 - INFO - Epoch [044/60] pl=20 LR=3.45e-04 Ltot=0.0031 (vel=0.0027, acc=0.0006, lin=1.2642, stab=0.0000) | val_vel_rmse_mean=0.01859 @K=0.03216 slope=0.908 inst=1.825 spec=0.998 | 8.6s
2026-05-16 04:11:24,479 - INFO - Epoch [045/60] pl=20 LR=3.09e-04 Ltot=0.0031 (vel=0.0027, acc=0.0006, lin=1.2591, stab=0.0000) | val_vel_rmse_mean=0.01881 @K=0.03259 slope=0.911 inst=1.835 spec=0.998 | 8.5s
2026-05-16 04:11:32,773 - INFO - Epoch [046/60] pl=20 LR=2.73e-04 Ltot=0.0031 (vel=0.0027, acc=0.0006, lin=1.2527, stab=0.0000) | val_vel_rmse_mean=0.01900 @K=0.03288 slope=0.911 inst=1.834 spec=0.998 | 8.3s
2026-05-16 04:11:41,301 - INFO - Epoch [047/60] pl=20 LR=2.39e-04 Ltot=0.0031 (vel=0.0027, acc=0.0006, lin=1.2511, stab=0.0000) | val_vel_rmse_mean=0.01927 @K=0.03327 slope=0.908 inst=1.824 spec=0.997 | 8.5s
2026-05-16 04:11:50,084 - INFO - Epoch [048/60] pl=20 LR=2.06e-04 Ltot=0.0031 (vel=0.0026, acc=0.0006, lin=1.2510, stab=0.0000) | val_vel_rmse_mean=0.01961 @K=0.03375 slope=0.904 inst=1.807 spec=0.998 | 8.8s
2026-05-16 04:11:58,425 - INFO - Epoch [049/60] pl=20 LR=1.75e-04 Ltot=0.0030 (vel=0.0026, acc=0.0006, lin=1.2477, stab=0.0000) | val_vel_rmse_mean=0.01994 @K=0.03424 slope=0.901 inst=1.798 spec=0.998 | 8.3s
2026-05-16 04:12:06,961 - INFO - Epoch [050/60] pl=20 LR=1.46e-04 Ltot=0.0030 (vel=0.0026, acc=0.0006, lin=1.2460, stab=0.0000) | val_vel_rmse_mean=0.02019 @K=0.03468 slope=0.902 inst=1.802 spec=0.998 | 8.5s
2026-05-16 04:12:15,548 - INFO - Epoch [051/60] pl=20 LR=1.20e-04 Ltot=0.0030 (vel=0.0026, acc=0.0006, lin=1.2409, stab=0.0000) | val_vel_rmse_mean=0.02043 @K=0.03500 slope=0.899 inst=1.790 spec=0.998 | 8.6s
2026-05-16 04:12:24,157 - INFO - Epoch [052/60] pl=20 LR=9.55e-05 Ltot=0.0030 (vel=0.0026, acc=0.0006, lin=1.2368, stab=0.0000) | val_vel_rmse_mean=0.02059 @K=0.03520 slope=0.897 inst=1.784 spec=0.999 | 8.6s
2026-05-16 04:12:32,833 - INFO - Epoch [053/60] pl=20 LR=7.37e-05 Ltot=0.0030 (vel=0.0026, acc=0.0006, lin=1.2337, stab=0.0000) | val_vel_rmse_mean=0.02072 @K=0.03536 slope=0.895 inst=1.776 spec=0.999 | 8.7s
2026-05-16 04:12:41,654 - INFO - Epoch [054/60] pl=20 LR=5.45e-05 Ltot=0.0030 (vel=0.0026, acc=0.0006, lin=1.2315, stab=0.0000) | val_vel_rmse_mean=0.02076 @K=0.03536 slope=0.893 inst=1.770 spec=0.999 | 8.8s
2026-05-16 04:12:50,192 - INFO - Epoch [055/60] pl=20 LR=3.81e-05 Ltot=0.0030 (vel=0.0026, acc=0.0006, lin=1.2278, stab=0.0000) | val_vel_rmse_mean=0.02081 @K=0.03539 slope=0.892 inst=1.764 spec=0.999 | 8.5s
2026-05-16 04:12:58,463 - INFO - Epoch [056/60] pl=20 LR=2.45e-05 Ltot=0.0029 (vel=0.0026, acc=0.0006, lin=1.2250, stab=0.0000) | val_vel_rmse_mean=0.02089 @K=0.03543 slope=0.889 inst=1.755 spec=0.999 | 8.3s
2026-05-16 04:13:06,979 - INFO - Epoch [057/60] pl=20 LR=1.38e-05 Ltot=0.0029 (vel=0.0026, acc=0.0006, lin=1.2240, stab=0.0000) | val_vel_rmse_mean=0.02099 @K=0.03549 slope=0.884 inst=1.738 spec=0.999 | 8.5s
2026-05-16 04:13:15,399 - INFO - Epoch [058/60] pl=20 LR=6.16e-06 Ltot=0.0029 (vel=0.0026, acc=0.0006, lin=1.2224, stab=0.0000) | val_vel_rmse_mean=0.02105 @K=0.03550 slope=0.882 inst=1.729 spec=0.999 | 8.4s
2026-05-16 04:13:23,661 - INFO - Epoch [059/60] pl=20 LR=1.54e-06 Ltot=0.0029 (vel=0.0026, acc=0.0006, lin=1.2218, stab=0.0000) | val_vel_rmse_mean=0.02108 @K=0.03545 slope=0.878 inst=1.716 spec=0.999 | 8.3s
2026-05-16 04:13:32,160 - INFO - Epoch [060/60] pl=20 LR=1.00e-03 Ltot=0.0029 (vel=0.0026, acc=0.0006, lin=1.2218, stab=0.0000) | val_vel_rmse_mean=0.02109 @K=0.03537 slope=0.875 inst=1.706 spec=0.999 | 8.5s
2026-05-16 04:13:32,197 - INFO - Exported YAML -> checkpoints/koopman_best.yaml
2026-05-16 04:13:37,919 - INFO - 
=== QUANTITATIVE VERDICT (test set) ===
vel_rmse@1=0.00166098  vel_rmse@5=0.00660595  vel_rmse@10=0.0121967  vel_rmse@20=0.026012
divergence: ratio20/1=15.6606  slope_loglog=0.91162  lyapunov_like=0.144797
instability_score=1.83045  monotonic_increasing=True  divergent_sample_pct=98.3269%
bias: u=+0.000780142  v=-0.000243165  r=+6.50799e-05
fit_quality: R^2(u,v,r) = 0.9988 / 1 / 0.9995
========================================

2026-05-16 04:13:38,742 - INFO - 
### §7 12 条阈值逐条判定 (test set, K=20)

| # | 指标 | v3 实测 | 阈值 | 判定 |
|---|---|---|---|---|
| G1 | vel_rmse_step_K | 0.026012 | ≤ 0.01285 | ❌ |
| G2 | u_rmse_step_K | 0.0257788 | ≤ 0.01185 | ❌ |
| G3 | |u_bias_mean| | 0.000780142 | ≤ 0.00153 | ✅ |
| G4 | slope_loglog | 0.91162 | ≤ 0.6695 | ❌ |
| G5 | instability_score | 1.83045 | ≤ 1.2363 | ❌ |
| S1 | per_segment.worst_vel_rmse_K | 0.0316755 | ≤ 0.01569 | ❌ |
| S2 | per_segment.ratio_worst_over_best | 1.60069 | ≤ 2.78 | ✅ |
| S3 | per_segment.high_speed_seg_mean | 0.022995 | ≤ 0.01144 | ❌ |
| S4 | degraded_pct (vs v1) | 70.5828 | ≤ 20 | ❌ |
| N1 | vel_rmse_step_1 | 0.00166098 | ≤ 0.0024 | ✅ |
| N2 | traj_xy_rmse_step_K | 0.0264147 | ≤ 0.02108 | ❌ |
| N3 | spectral_radius (I+A) | 0.996045 | ≤ 1.005 | ✅ |

**FAIL** — §7 v3 验收。

2026-05-16 04:13:38,742 - INFO - v3 auto-PASS = False
2026-05-16 04:13:38,742 - INFO - Per-5-epoch summary:
2026-05-16 04:13:38,742 - INFO - ep | lr | L_total | L_vel | L_acc | L_lin | val_vel_mean | val_vel@K | val_traj_xy@K | slope_ll | inst | spec
2026-05-16 04:13:38,742 - INFO -   001 | 9.94e-04 | 0.0776 | 0.0071 | 0.0306 | 0.1076 | 0.69343 | 1.06350 | 0.2775 | 0.913 | 0.966 | 1.010
2026-05-16 04:13:38,742 - INFO -   005 | 8.54e-04 | 0.0028 | 0.0021 | 0.0011 | 0.2912 | 0.34267 | 0.46698 | 0.2055 | 0.658 | 0.870 | 0.998
2026-05-16 04:13:38,742 - INFO -   010 | 5.00e-04 | 0.0027 | 0.0022 | 0.0008 | 0.6886 | 0.16530 | 0.20888 | 0.1650 | 0.537 | 0.854 | 0.997
2026-05-16 04:13:38,742 - INFO -   015 | 1.46e-04 | 0.0026 | 0.0022 | 0.0007 | 0.8344 | 0.07306 | 0.09393 | 0.0875 | 0.538 | 0.884 | 0.998
2026-05-16 04:13:38,742 - INFO -   020 | 1.00e-03 | 0.0028 | 0.0024 | 0.0007 | 1.0183 | 0.03126 | 0.03965 | 0.0494 | 0.494 | 0.896 | 0.999
2026-05-16 04:13:38,743 - INFO -   025 | 9.62e-04 | 0.0039 | 0.0031 | 0.0009 | 1.2905 | 0.01860 | 0.03185 | 0.0367 | 0.702 | 1.267 | 0.998
2026-05-16 04:13:38,743 - INFO -   030 | 8.54e-04 | 0.0036 | 0.0030 | 0.0008 | 1.2789 | 0.01487 | 0.02741 | 0.0302 | 0.932 | 1.866 | 0.998
2026-05-16 04:13:38,743 - INFO -   035 | 6.91e-04 | 0.0035 | 0.0029 | 0.0007 | 1.2786 | 0.01587 | 0.02884 | 0.0322 | 0.970 | 2.064 | 0.998
2026-05-16 04:13:38,743 - INFO -   040 | 5.00e-04 | 0.0034 | 0.0028 | 0.0007 | 1.2724 | 0.01744 | 0.03061 | 0.0351 | 0.925 | 1.889 | 0.998
2026-05-16 04:13:38,743 - INFO -   045 | 3.09e-04 | 0.0031 | 0.0027 | 0.0006 | 1.2591 | 0.01881 | 0.03259 | 0.0379 | 0.911 | 1.835 | 0.998
2026-05-16 04:13:38,743 - INFO -   050 | 1.46e-04 | 0.0030 | 0.0026 | 0.0006 | 1.2460 | 0.02019 | 0.03468 | 0.0404 | 0.902 | 1.802 | 0.998
2026-05-16 04:13:38,743 - INFO -   055 | 3.81e-05 | 0.0030 | 0.0026 | 0.0006 | 1.2278 | 0.02081 | 0.03539 | 0.0417 | 0.892 | 1.764 | 0.999
2026-05-16 04:13:38,743 - INFO -   060 | 1.00e-03 | 0.0029 | 0.0026 | 0.0006 | 1.2218 | 0.02109 | 0.03537 | 0.0420 | 0.875 | 1.706 | 0.999
