2026-05-16 02:31:02,475 - INFO - Dataset[TRAIN] koopman_train_merged.npz | segments=99 | samples=197505 | pred_len=4 | stride=1
2026-05-16 02:31:02,480 - INFO - Dataset[VAL] koopman_val.npz | segments=3 | samples=35985 | pred_len=4 | stride=1
2026-05-16 02:31:03,055 - INFO - ================================================================================
2026-05-16 02:31:03,055 - INFO - Device: cpu | AMP: False
2026-05-16 02:31:03,055 - INFO - Model: v3 | class=HorizontalKoopmanModelV3 | n_cubic=11 | latent_dim=43 | hidden_dim=24 | clamp_pif=5.0
2026-05-16 02:31:03,055 - INFO - Train data: koopman_train_merged.npz | Val: koopman_val.npz | Test: koopman_test.npz
2026-05-16 02:31:03,055 - INFO - Batch: 1024 | Workers: 4 | Seed: 42
2026-05-16 02:31:03,055 - INFO - Curriculum pred_len: start=4 max=20 grow_every=3 stride=1
2026-05-16 02:31:03,055 - INFO - Loss weights: w_vel=1.0 w_acc=0.5 w_lin=0.0 w_recon=0.0 w_stab=5.0 w_l2=0.0005 w_bias=1.0 (u=80.0, v=30.0, r=30.0) gamma_step=1.2 gamma_bias=1.1 huber_beta=0.1 rho_max=0.999
2026-05-16 02:31:03,055 - INFO - Noise: input_std=0.03 ctrl_std=0.005 | EMA decay=0.999 no_ema=False | best_metric=composite
2026-05-16 02:31:03,055 - INFO - Train samples: 197505 | Val samples: 35985 | Params: 13224
2026-05-16 02:31:03,055 - INFO - Initial spectral radius (I+A): 1.06615
2026-05-16 02:31:03,055 - INFO - ================================================================================
2026-05-16 02:31:07,041 - INFO - Epoch [001/60] pl=4 LR=9.94e-04 Ltot=0.0210 (vel=0.0074, acc=0.0210, lin=0.0467, stab=0.0003) | val_vel_rmse_mean=0.35997 @K=0.56854 slope=0.974 inst=1.006 spec=1.007 | 4.0s
2026-05-16 02:31:07,048 - INFO -   ↳ new best [composite]=0.361996 (vel_rmse_mean=0.35997, inst=1.00563, epoch 1)
2026-05-16 02:31:11,089 - INFO - Epoch [002/60] pl=4 LR=9.76e-04 Ltot=0.0055 (vel=0.0045, acc=0.0016, lin=0.0558, stab=0.0000) | val_vel_rmse_mean=0.28961 @K=0.45394 slope=0.958 inst=0.995 spec=0.999 | 4.0s
2026-05-16 02:31:11,094 - INFO -   ↳ new best [composite]=0.289612 (vel_rmse_mean=0.289612, inst=0.995012, epoch 2)
2026-05-16 02:31:15,156 - INFO - Epoch [003/60] pl=4 LR=9.46e-04 Ltot=0.0054 (vel=0.0044, acc=0.0014, lin=0.0665, stab=0.0000) | val_vel_rmse_mean=0.23506 @K=0.36643 slope=0.947 inst=0.987 spec=0.999 | 4.1s
2026-05-16 02:31:15,160 - INFO -   ↳ new best [composite]=0.235056 (vel_rmse_mean=0.235056, inst=0.98745, epoch 3)
2026-05-16 02:31:15,160 - INFO - [Curriculum] pred_len -> 6; rebuilding dataloaders...
2026-05-16 02:31:15,199 - INFO - Dataset[TRAIN] koopman_train_merged.npz | segments=99 | samples=197307 | pred_len=6 | stride=1
2026-05-16 02:31:15,204 - INFO - Dataset[VAL] koopman_val.npz | segments=3 | samples=35979 | pred_len=6 | stride=1
2026-05-16 02:31:19,545 - INFO - Epoch [004/60] pl=6 LR=9.05e-04 Ltot=0.0053 (vel=0.0044, acc=0.0012, lin=0.1426, stab=0.0000) | val_vel_rmse_mean=0.25909 @K=0.42234 slope=0.920 inst=1.085 spec=0.998 | 4.3s
2026-05-16 02:31:24,535 - INFO - Epoch [005/60] pl=6 LR=8.54e-04 Ltot=0.0051 (vel=0.0044, acc=0.0011, lin=0.1588, stab=0.0000) | val_vel_rmse_mean=0.21285 @K=0.34580 slope=0.914 inst=1.079 spec=0.998 | 5.0s
2026-05-16 02:31:24,540 - INFO -   ↳ new best [composite]=0.229738 (vel_rmse_mean=0.21285, inst=1.07934, epoch 5)
2026-05-16 02:31:29,117 - INFO - Epoch [006/60] pl=6 LR=7.94e-04 Ltot=0.0051 (vel=0.0044, acc=0.0010, lin=0.1773, stab=0.0000) | val_vel_rmse_mean=0.17597 @K=0.28534 slope=0.910 inst=1.076 spec=0.998 | 4.6s
2026-05-16 02:31:29,122 - INFO -   ↳ new best [composite]=0.189303 (vel_rmse_mean=0.175965, inst=1.0758, epoch 6)
2026-05-16 02:31:29,122 - INFO - [Curriculum] pred_len -> 8; rebuilding dataloaders...
2026-05-16 02:31:29,157 - INFO - Dataset[TRAIN] koopman_train_merged.npz | segments=99 | samples=197109 | pred_len=8 | stride=1
2026-05-16 02:31:29,161 - INFO - Dataset[VAL] koopman_val.npz | segments=3 | samples=35973 | pred_len=8 | stride=1
2026-05-16 02:31:34,023 - INFO - Epoch [007/60] pl=8 LR=7.27e-04 Ltot=0.0051 (vel=0.0044, acc=0.0010, lin=0.2593, stab=0.0000) | val_vel_rmse_mean=0.17954 @K=0.29492 slope=0.886 inst=1.155 spec=0.998 | 4.8s
2026-05-16 02:31:39,085 - INFO - Epoch [008/60] pl=8 LR=6.55e-04 Ltot=0.0050 (vel=0.0044, acc=0.0009, lin=0.2667, stab=0.0000) | val_vel_rmse_mean=0.14897 @K=0.24438 slope=0.883 inst=1.151 spec=0.999 | 5.1s
2026-05-16 02:31:39,090 - INFO -   ↳ new best [composite]=0.171543 (vel_rmse_mean=0.148974, inst=1.15149, epoch 8)
2026-05-16 02:31:44,142 - INFO - Epoch [009/60] pl=8 LR=5.78e-04 Ltot=0.0049 (vel=0.0043, acc=0.0009, lin=0.2719, stab=0.0000) | val_vel_rmse_mean=0.12398 @K=0.20328 slope=0.882 inst=1.150 spec=0.998 | 5.1s
2026-05-16 02:31:44,147 - INFO -   ↳ new best [composite]=0.14252 (vel_rmse_mean=0.123978, inst=1.14956, epoch 9)
2026-05-16 02:31:44,147 - INFO - [Curriculum] pred_len -> 10; rebuilding dataloaders...
2026-05-16 02:31:44,183 - INFO - Dataset[TRAIN] koopman_train_merged.npz | segments=99 | samples=196911 | pred_len=10 | stride=1
2026-05-16 02:31:44,188 - INFO - Dataset[VAL] koopman_val.npz | segments=3 | samples=35967 | pred_len=10 | stride=1
2026-05-16 02:31:49,463 - INFO - Epoch [010/60] pl=10 LR=5.00e-04 Ltot=0.0051 (vel=0.0044, acc=0.0009, lin=0.3404, stab=0.0000) | val_vel_rmse_mean=0.12099 @K=0.19900 slope=0.863 inst=1.219 spec=0.999 | 5.3s
2026-05-16 02:31:55,065 - INFO - Epoch [011/60] pl=10 LR=4.22e-04 Ltot=0.0050 (vel=0.0044, acc=0.0009, lin=0.3527, stab=0.0000) | val_vel_rmse_mean=0.10071 @K=0.16534 slope=0.859 inst=1.213 spec=0.999 | 5.6s
2026-05-16 02:31:55,069 - INFO -   ↳ new best [composite]=0.122176 (vel_rmse_mean=0.100713, inst=1.21311, epoch 11)
2026-05-16 02:32:00,776 - INFO - Epoch [012/60] pl=10 LR=3.45e-04 Ltot=0.0049 (vel=0.0044, acc=0.0008, lin=0.3506, stab=0.0000) | val_vel_rmse_mean=0.08384 @K=0.13752 slope=0.856 inst=1.209 spec=0.999 | 5.7s
2026-05-16 02:32:00,781 - INFO -   ↳ new best [composite]=0.1014 (vel_rmse_mean=0.0838436, inst=1.20939, epoch 12)
2026-05-16 02:32:00,781 - INFO - [Curriculum] pred_len -> 12; rebuilding dataloaders...
2026-05-16 02:32:00,822 - INFO - Dataset[TRAIN] koopman_train_merged.npz | segments=99 | samples=196713 | pred_len=12 | stride=1
2026-05-16 02:32:00,827 - INFO - Dataset[VAL] koopman_val.npz | segments=3 | samples=35961 | pred_len=12 | stride=1
2026-05-16 02:32:06,882 - INFO - Epoch [013/60] pl=12 LR=2.73e-04 Ltot=0.0050 (vel=0.0044, acc=0.0008, lin=0.4121, stab=0.0000) | val_vel_rmse_mean=0.07959 @K=0.13027 slope=0.839 inst=1.268 spec=0.999 | 6.0s
2026-05-16 02:32:06,888 - INFO -   ↳ new best [composite]=0.100903 (vel_rmse_mean=0.0795909, inst=1.26777, epoch 13)
2026-05-16 02:32:13,338 - INFO - Epoch [014/60] pl=12 LR=2.06e-04 Ltot=0.0049 (vel=0.0044, acc=0.0008, lin=0.4034, stab=0.0000) | val_vel_rmse_mean=0.06680 @K=0.10935 slope=0.840 inst=1.269 spec=0.999 | 6.4s
2026-05-16 02:32:13,343 - INFO -   ↳ new best [composite]=0.0847486 (vel_rmse_mean=0.0667964, inst=1.26876, epoch 14)
2026-05-16 02:32:19,947 - INFO - Epoch [015/60] pl=12 LR=1.46e-04 Ltot=0.0048 (vel=0.0043, acc=0.0007, lin=0.3915, stab=0.0000) | val_vel_rmse_mean=0.05638 @K=0.09227 slope=0.841 inst=1.271 spec=0.998 | 6.6s
2026-05-16 02:32:19,952 - INFO -   ↳ new best [composite]=0.0716659 (vel_rmse_mean=0.0563807, inst=1.27111, epoch 15)
2026-05-16 02:32:19,952 - INFO - [Curriculum] pred_len -> 14; rebuilding dataloaders...
2026-05-16 02:32:19,990 - INFO - Dataset[TRAIN] koopman_train_merged.npz | segments=99 | samples=196515 | pred_len=14 | stride=1
2026-05-16 02:32:19,994 - INFO - Dataset[VAL] koopman_val.npz | segments=3 | samples=35955 | pred_len=14 | stride=1
2026-05-16 02:32:26,469 - INFO - Epoch [016/60] pl=14 LR=9.55e-05 Ltot=0.0049 (vel=0.0045, acc=0.0007, lin=0.4445, stab=0.0000) | val_vel_rmse_mean=0.05344 @K=0.08685 slope=0.829 inst=1.328 spec=0.998 | 6.5s
2026-05-16 02:32:26,475 - INFO -   ↳ new best [composite]=0.0709823 (vel_rmse_mean=0.0534382, inst=1.32831, epoch 16)
2026-05-16 02:32:33,413 - INFO - Epoch [017/60] pl=14 LR=5.45e-05 Ltot=0.0049 (vel=0.0044, acc=0.0007, lin=0.4362, stab=0.0000) | val_vel_rmse_mean=0.04611 @K=0.07477 slope=0.833 inst=1.334 spec=0.999 | 6.9s
2026-05-16 02:32:33,419 - INFO -   ↳ new best [composite]=0.0615158 (vel_rmse_mean=0.0461055, inst=1.33424, epoch 17)
2026-05-16 02:32:40,324 - INFO - Epoch [018/60] pl=14 LR=2.45e-05 Ltot=0.0048 (vel=0.0044, acc=0.0007, lin=0.4298, stab=0.0000) | val_vel_rmse_mean=0.04036 @K=0.06525 slope=0.837 inst=1.341 spec=0.999 | 6.9s
2026-05-16 02:32:40,329 - INFO -   ↳ new best [composite]=0.0541223 (vel_rmse_mean=0.0403634, inst=1.34088, epoch 18)
2026-05-16 02:32:40,329 - INFO - [Curriculum] pred_len -> 16; rebuilding dataloaders...
2026-05-16 02:32:40,368 - INFO - Dataset[TRAIN] koopman_train_merged.npz | segments=99 | samples=196317 | pred_len=16 | stride=1
2026-05-16 02:32:40,373 - INFO - Dataset[VAL] koopman_val.npz | segments=3 | samples=35949 | pred_len=16 | stride=1
2026-05-16 02:32:47,813 - INFO - Epoch [019/60] pl=16 LR=6.16e-06 Ltot=0.0049 (vel=0.0045, acc=0.0007, lin=0.4865, stab=0.0000) | val_vel_rmse_mean=0.03927 @K=0.06193 slope=0.822 inst=1.381 spec=0.999 | 7.4s
2026-05-16 02:32:55,993 - INFO - Epoch [020/60] pl=16 LR=1.00e-03 Ltot=0.0049 (vel=0.0045, acc=0.0007, lin=0.4847, stab=0.0000) | val_vel_rmse_mean=0.03590 @K=0.05616 slope=0.825 inst=1.384 spec=0.999 | 8.2s
2026-05-16 02:32:55,999 - INFO -   ↳ new best [composite]=0.0496853 (vel_rmse_mean=0.0359019, inst=1.38392, epoch 20)
2026-05-16 02:33:03,973 - INFO - Epoch [021/60] pl=16 LR=9.98e-04 Ltot=0.0066 (vel=0.0054, acc=0.0014, lin=0.5909, stab=0.0000) | val_vel_rmse_mean=0.03321 @K=0.05191 slope=0.834 inst=1.400 spec=0.996 | 8.0s
2026-05-16 02:33:03,979 - INFO -   ↳ new best [composite]=0.046479 (vel_rmse_mean=0.0332098, inst=1.39955, epoch 21)
2026-05-16 02:33:03,979 - INFO - [Curriculum] pred_len -> 18; rebuilding dataloaders...
2026-05-16 02:33:04,020 - INFO - Dataset[TRAIN] koopman_train_merged.npz | segments=99 | samples=196119 | pred_len=18 | stride=1
2026-05-16 02:33:04,025 - INFO - Dataset[VAL] koopman_val.npz | segments=3 | samples=35943 | pred_len=18 | stride=1
2026-05-16 02:33:12,345 - INFO - Epoch [022/60] pl=18 LR=9.94e-04 Ltot=0.0062 (vel=0.0053, acc=0.0010, lin=0.6536, stab=0.0000) | val_vel_rmse_mean=0.03314 @K=0.04981 slope=0.816 inst=1.421 spec=0.997 | 8.3s
2026-05-16 02:33:20,328 - INFO - Epoch [023/60] pl=18 LR=9.86e-04 Ltot=0.0063 (vel=0.0053, acc=0.0010, lin=0.6547, stab=0.0000) | val_vel_rmse_mean=0.03172 @K=0.04814 slope=0.829 inst=1.451 spec=0.997 | 8.0s
2026-05-16 02:33:20,332 - INFO -   ↳ new best [composite]=0.0460322 (vel_rmse_mean=0.0317174, inst=1.45132, epoch 23)
2026-05-16 02:33:28,379 - INFO - Epoch [024/60] pl=18 LR=9.76e-04 Ltot=0.0060 (vel=0.0051, acc=0.0009, lin=0.6485, stab=0.0000) | val_vel_rmse_mean=0.03058 @K=0.04702 slope=0.843 inst=1.488 spec=0.998 | 8.0s
2026-05-16 02:33:28,384 - INFO -   ↳ new best [composite]=0.0454929 (vel_rmse_mean=0.0305784, inst=1.48774, epoch 24)
2026-05-16 02:33:28,384 - INFO - [Curriculum] pred_len -> 20; rebuilding dataloaders...
2026-05-16 02:33:28,422 - INFO - Dataset[TRAIN] koopman_train_merged.npz | segments=99 | samples=195921 | pred_len=20 | stride=1
2026-05-16 02:33:28,427 - INFO - Dataset[VAL] koopman_val.npz | segments=3 | samples=35937 | pred_len=20 | stride=1
2026-05-16 02:33:36,865 - INFO - Epoch [025/60] pl=20 LR=9.62e-04 Ltot=0.0063 (vel=0.0054, acc=0.0009, lin=0.6797, stab=0.0000) | val_vel_rmse_mean=0.03163 @K=0.04736 slope=0.835 inst=1.537 spec=0.997 | 8.4s
2026-05-16 02:33:45,305 - INFO - Epoch [026/60] pl=20 LR=9.46e-04 Ltot=0.0062 (vel=0.0053, acc=0.0009, lin=0.6700, stab=0.0000) | val_vel_rmse_mean=0.03135 @K=0.04793 slope=0.851 inst=1.586 spec=0.998 | 8.4s
2026-05-16 02:33:54,122 - INFO - Epoch [027/60] pl=20 LR=9.26e-04 Ltot=0.0062 (vel=0.0053, acc=0.0009, lin=0.6693, stab=0.0000) | val_vel_rmse_mean=0.03130 @K=0.04854 slope=0.859 inst=1.615 spec=0.998 | 8.8s
2026-05-16 02:34:02,947 - INFO - Epoch [028/60] pl=20 LR=9.05e-04 Ltot=0.0062 (vel=0.0053, acc=0.0009, lin=0.6710, stab=0.0000) | val_vel_rmse_mean=0.03128 @K=0.04909 slope=0.866 inst=1.638 spec=0.998 | 8.8s
2026-05-16 02:34:11,297 - INFO - Epoch [029/60] pl=20 LR=8.80e-04 Ltot=0.0062 (vel=0.0052, acc=0.0008, lin=0.6732, stab=0.0000) | val_vel_rmse_mean=0.03155 @K=0.04998 slope=0.869 inst=1.653 spec=0.997 | 8.3s
2026-05-16 02:34:20,161 - INFO - Epoch [030/60] pl=20 LR=8.54e-04 Ltot=0.0059 (vel=0.0051, acc=0.0008, lin=0.6701, stab=0.0000) | val_vel_rmse_mean=0.03189 @K=0.05087 slope=0.873 inst=1.666 spec=0.997 | 8.9s
2026-05-16 02:34:28,846 - INFO - Epoch [031/60] pl=20 LR=8.25e-04 Ltot=0.0060 (vel=0.0051, acc=0.0008, lin=0.6716, stab=0.0000) | val_vel_rmse_mean=0.03227 @K=0.05176 slope=0.874 inst=1.673 spec=0.998 | 8.7s
2026-05-16 02:34:37,361 - INFO - Epoch [032/60] pl=20 LR=7.94e-04 Ltot=0.0059 (vel=0.0051, acc=0.0008, lin=0.6707, stab=0.0000) | val_vel_rmse_mean=0.03266 @K=0.05253 slope=0.873 inst=1.671 spec=0.997 | 8.5s
2026-05-16 02:34:46,098 - INFO - Epoch [033/60] pl=20 LR=7.61e-04 Ltot=0.0059 (vel=0.0051, acc=0.0008, lin=0.6691, stab=0.0000) | val_vel_rmse_mean=0.03317 @K=0.05353 slope=0.873 inst=1.672 spec=0.998 | 8.7s
2026-05-16 02:34:54,810 - INFO - Epoch [034/60] pl=20 LR=7.27e-04 Ltot=0.0058 (vel=0.0050, acc=0.0008, lin=0.6713, stab=0.0000) | val_vel_rmse_mean=0.03370 @K=0.05446 slope=0.870 inst=1.664 spec=0.998 | 8.7s
2026-05-16 02:35:03,306 - INFO - Epoch [035/60] pl=20 LR=6.91e-04 Ltot=0.0057 (vel=0.0050, acc=0.0008, lin=0.6690, stab=0.0000) | val_vel_rmse_mean=0.03394 @K=0.05492 slope=0.868 inst=1.658 spec=0.997 | 8.5s
2026-05-16 02:35:12,061 - INFO - Epoch [036/60] pl=20 LR=6.55e-04 Ltot=0.0058 (vel=0.0051, acc=0.0008, lin=0.6705, stab=0.0000) | val_vel_rmse_mean=0.03440 @K=0.05566 slope=0.865 inst=1.650 spec=0.998 | 8.8s
2026-05-16 02:35:21,114 - INFO - Epoch [037/60] pl=20 LR=6.17e-04 Ltot=0.0057 (vel=0.0050, acc=0.0007, lin=0.6679, stab=0.0000) | val_vel_rmse_mean=0.03469 @K=0.05613 slope=0.862 inst=1.642 spec=0.998 | 9.0s
2026-05-16 02:35:30,118 - INFO - Epoch [038/60] pl=20 LR=5.78e-04 Ltot=0.0057 (vel=0.0050, acc=0.0007, lin=0.6667, stab=0.0000) | val_vel_rmse_mean=0.03489 @K=0.05647 slope=0.861 inst=1.640 spec=0.997 | 9.0s
2026-05-16 02:35:38,987 - INFO - Epoch [039/60] pl=20 LR=5.39e-04 Ltot=0.0056 (vel=0.0049, acc=0.0007, lin=0.6685, stab=0.0000) | val_vel_rmse_mean=0.03480 @K=0.05630 slope=0.859 inst=1.632 spec=0.998 | 8.9s
2026-05-16 02:35:48,034 - INFO - Epoch [040/60] pl=20 LR=5.00e-04 Ltot=0.0056 (vel=0.0049, acc=0.0007, lin=0.6676, stab=0.0000) | val_vel_rmse_mean=0.03492 @K=0.05647 slope=0.859 inst=1.632 spec=0.998 | 9.0s
2026-05-16 02:35:56,904 - INFO - Epoch [041/60] pl=20 LR=4.61e-04 Ltot=0.0055 (vel=0.0048, acc=0.0007, lin=0.6632, stab=0.0000) | val_vel_rmse_mean=0.03499 @K=0.05653 slope=0.858 inst=1.629 spec=0.997 | 8.9s
2026-05-16 02:36:05,524 - INFO - Epoch [042/60] pl=20 LR=4.22e-04 Ltot=0.0054 (vel=0.0048, acc=0.0007, lin=0.6567, stab=0.0000) | val_vel_rmse_mean=0.03503 @K=0.05653 slope=0.856 inst=1.624 spec=0.997 | 8.6s
2026-05-16 02:36:14,427 - INFO - Epoch [043/60] pl=20 LR=3.83e-04 Ltot=0.0054 (vel=0.0048, acc=0.0007, lin=0.6527, stab=0.0000) | val_vel_rmse_mean=0.03486 @K=0.05623 slope=0.856 inst=1.624 spec=0.998 | 8.9s
2026-05-16 02:36:23,343 - INFO - Epoch [044/60] pl=20 LR=3.45e-04 Ltot=0.0053 (vel=0.0048, acc=0.0006, lin=0.6483, stab=0.0000) | val_vel_rmse_mean=0.03489 @K=0.05624 slope=0.855 inst=1.620 spec=0.998 | 8.9s
2026-05-16 02:36:31,889 - INFO - Epoch [045/60] pl=20 LR=3.09e-04 Ltot=0.0053 (vel=0.0048, acc=0.0006, lin=0.6394, stab=0.0000) | val_vel_rmse_mean=0.03490 @K=0.05621 slope=0.854 inst=1.617 spec=0.999 | 8.5s
2026-05-16 02:36:40,787 - INFO - Epoch [046/60] pl=20 LR=2.73e-04 Ltot=0.0053 (vel=0.0047, acc=0.0006, lin=0.6334, stab=0.0000) | val_vel_rmse_mean=0.03499 @K=0.05633 slope=0.853 inst=1.616 spec=0.999 | 8.9s
2026-05-16 02:36:49,716 - INFO - Epoch [047/60] pl=20 LR=2.39e-04 Ltot=0.0052 (vel=0.0047, acc=0.0006, lin=0.6289, stab=0.0000) | val_vel_rmse_mean=0.03497 @K=0.05629 slope=0.853 inst=1.617 spec=0.999 | 8.9s
2026-05-16 02:36:58,675 - INFO - Epoch [048/60] pl=20 LR=2.06e-04 Ltot=0.0052 (vel=0.0047, acc=0.0006, lin=0.6277, stab=0.0000) | val_vel_rmse_mean=0.03511 @K=0.05649 slope=0.853 inst=1.616 spec=0.998 | 9.0s
2026-05-16 02:37:07,253 - INFO - Epoch [049/60] pl=20 LR=1.75e-04 Ltot=0.0052 (vel=0.0047, acc=0.0006, lin=0.6211, stab=0.0000) | val_vel_rmse_mean=0.03535 @K=0.05679 slope=0.852 inst=1.612 spec=0.998 | 8.6s
2026-05-16 02:37:16,185 - INFO - Epoch [050/60] pl=20 LR=1.46e-04 Ltot=0.0051 (vel=0.0047, acc=0.0006, lin=0.6138, stab=0.0000) | val_vel_rmse_mean=0.03538 @K=0.05673 slope=0.850 inst=1.607 spec=0.998 | 8.9s
2026-05-16 02:37:25,050 - INFO - Epoch [051/60] pl=20 LR=1.20e-04 Ltot=0.0051 (vel=0.0046, acc=0.0006, lin=0.6051, stab=0.0000) | val_vel_rmse_mean=0.03545 @K=0.05672 slope=0.848 inst=1.599 spec=0.999 | 8.9s
2026-05-16 02:37:33,852 - INFO - Epoch [052/60] pl=20 LR=9.55e-05 Ltot=0.0051 (vel=0.0046, acc=0.0006, lin=0.5986, stab=0.0000) | val_vel_rmse_mean=0.03557 @K=0.05681 slope=0.846 inst=1.595 spec=0.999 | 8.8s
2026-05-16 02:37:42,857 - INFO - Epoch [053/60] pl=20 LR=7.37e-05 Ltot=0.0050 (vel=0.0046, acc=0.0006, lin=0.5937, stab=0.0000) | val_vel_rmse_mean=0.03565 @K=0.05685 slope=0.844 inst=1.590 spec=0.999 | 9.0s
2026-05-16 02:37:51,705 - INFO - Epoch [054/60] pl=20 LR=5.45e-05 Ltot=0.0050 (vel=0.0046, acc=0.0006, lin=0.5871, stab=0.0000) | val_vel_rmse_mean=0.03563 @K=0.05668 slope=0.842 inst=1.583 spec=0.999 | 8.8s
2026-05-16 02:38:00,582 - INFO - Epoch [055/60] pl=20 LR=3.81e-05 Ltot=0.0050 (vel=0.0046, acc=0.0006, lin=0.5810, stab=0.0000) | val_vel_rmse_mean=0.03553 @K=0.05638 slope=0.840 inst=1.576 spec=0.999 | 8.9s
2026-05-16 02:38:09,528 - INFO - Epoch [056/60] pl=20 LR=2.45e-05 Ltot=0.0050 (vel=0.0046, acc=0.0006, lin=0.5764, stab=0.0000) | val_vel_rmse_mean=0.03550 @K=0.05616 slope=0.837 inst=1.567 spec=0.999 | 8.9s
2026-05-16 02:38:18,536 - INFO - Epoch [057/60] pl=20 LR=1.38e-05 Ltot=0.0050 (vel=0.0046, acc=0.0005, lin=0.5727, stab=0.0000) | val_vel_rmse_mean=0.03551 @K=0.05599 slope=0.833 inst=1.557 spec=0.999 | 9.0s
2026-05-16 02:38:27,305 - INFO - Epoch [058/60] pl=20 LR=6.16e-06 Ltot=0.0050 (vel=0.0046, acc=0.0005, lin=0.5698, stab=0.0000) | val_vel_rmse_mean=0.03547 @K=0.05576 slope=0.830 inst=1.548 spec=0.999 | 8.8s
2026-05-16 02:38:36,004 - INFO - Epoch [059/60] pl=20 LR=1.54e-06 Ltot=0.0049 (vel=0.0046, acc=0.0005, lin=0.5682, stab=0.0000) | val_vel_rmse_mean=0.03547 @K=0.05560 slope=0.827 inst=1.540 spec=0.999 | 8.7s
2026-05-16 02:38:44,897 - INFO - Epoch [060/60] pl=20 LR=1.00e-03 Ltot=0.0049 (vel=0.0045, acc=0.0005, lin=0.5676, stab=0.0000) | val_vel_rmse_mean=0.03544 @K=0.05540 slope=0.825 inst=1.532 spec=0.999 | 8.9s
2026-05-16 02:38:44,932 - INFO - Exported YAML -> checkpoints/koopman_best.yaml
2026-05-16 02:38:50,479 - INFO - 
=== QUANTITATIVE VERDICT (test set) ===
vel_rmse@1=0.0018632  vel_rmse@5=0.00789264  vel_rmse@10=0.0132069  vel_rmse@20=0.0201984
divergence: ratio20/1=10.8407  slope_loglog=0.774736  lyapunov_like=0.125437
instability_score=1.42664  monotonic_increasing=True  divergent_sample_pct=84.7566%
bias: u=-0.00126111  v=+0.000348219  r=+6.47365e-05
fit_quality: R^2(u,v,r) = 0.999 / 1 / 0.9995
========================================

2026-05-16 02:38:51,318 - INFO - 
### §7 12 条阈值逐条判定 (test set, K=20)

| # | 指标 | v3 实测 | 阈值 | 判定 |
|---|---|---|---|---|
| G1 | vel_rmse_step_K | 0.0201984 | ≤ 0.01285 | ❌ |
| G2 | u_rmse_step_K | 0.0199282 | ≤ 0.01185 | ❌ |
| G3 | |u_bias_mean| | 0.00126111 | ≤ 0.00153 | ✅ |
| G4 | slope_loglog | 0.774736 | ≤ 0.6695 | ❌ |
| G5 | instability_score | 1.42664 | ≤ 1.2363 | ❌ |
| S1 | per_segment.worst_vel_rmse_K | 0.0279281 | ≤ 0.01569 | ❌ |
| S2 | per_segment.ratio_worst_over_best | 3.66887 | ≤ 2.78 | ❌ |
| S3 | per_segment.high_speed_seg_mean | 0.0140459 | ≤ 0.01144 | ❌ |
| S4 | degraded_pct (vs v1) | 46.5639 | ≤ 20 | ❌ |
| N1 | vel_rmse_step_1 | 0.0018632 | ≤ 0.0024 | ✅ |
| N2 | traj_xy_rmse_step_K | 0.0254038 | ≤ 0.02108 | ❌ |
| N3 | spectral_radius (I+A) | 0.99586 | ≤ 1.005 | ✅ |

**FAIL** — §7 v3 验收。

2026-05-16 02:38:51,318 - INFO - v3 auto-PASS = False
2026-05-16 02:38:51,319 - INFO - Per-5-epoch summary:
2026-05-16 02:38:51,319 - INFO - ep | lr | L_total | L_vel | L_acc | L_lin | val_vel_mean | val_vel@K | val_traj_xy@K | slope_ll | inst | spec
2026-05-16 02:38:51,319 - INFO -   001 | 9.94e-04 | 0.0210 | 0.0074 | 0.0210 | 0.0467 | 0.35997 | 0.56854 | 0.1440 | 0.974 | 1.006 | 1.007
2026-05-16 02:38:51,319 - INFO -   005 | 8.54e-04 | 0.0051 | 0.0044 | 0.0011 | 0.1588 | 0.21285 | 0.34580 | 0.1277 | 0.914 | 1.079 | 0.998
2026-05-16 02:38:51,319 - INFO -   010 | 5.00e-04 | 0.0051 | 0.0044 | 0.0009 | 0.3404 | 0.12099 | 0.19900 | 0.1210 | 0.863 | 1.219 | 0.999
2026-05-16 02:38:51,319 - INFO -   015 | 1.46e-04 | 0.0048 | 0.0043 | 0.0007 | 0.3915 | 0.05638 | 0.09227 | 0.0677 | 0.841 | 1.271 | 0.998
2026-05-16 02:38:51,319 - INFO -   020 | 1.00e-03 | 0.0049 | 0.0045 | 0.0007 | 0.4847 | 0.03590 | 0.05616 | 0.0575 | 0.825 | 1.384 | 0.999
2026-05-16 02:38:51,319 - INFO -   025 | 9.62e-04 | 0.0063 | 0.0054 | 0.0009 | 0.6797 | 0.03163 | 0.04736 | 0.0638 | 0.835 | 1.537 | 0.997
2026-05-16 02:38:51,319 - INFO -   030 | 8.54e-04 | 0.0059 | 0.0051 | 0.0008 | 0.6701 | 0.03189 | 0.05087 | 0.0642 | 0.873 | 1.666 | 0.997
2026-05-16 02:38:51,319 - INFO -   035 | 6.91e-04 | 0.0057 | 0.0050 | 0.0008 | 0.6690 | 0.03394 | 0.05492 | 0.0681 | 0.868 | 1.658 | 0.997
2026-05-16 02:38:51,319 - INFO -   040 | 5.00e-04 | 0.0056 | 0.0049 | 0.0007 | 0.6676 | 0.03492 | 0.05647 | 0.0698 | 0.859 | 1.632 | 0.998
2026-05-16 02:38:51,319 - INFO -   045 | 3.09e-04 | 0.0053 | 0.0048 | 0.0006 | 0.6394 | 0.03490 | 0.05621 | 0.0697 | 0.854 | 1.617 | 0.999
2026-05-16 02:38:51,319 - INFO -   050 | 1.46e-04 | 0.0051 | 0.0047 | 0.0006 | 0.6138 | 0.03538 | 0.05673 | 0.0705 | 0.850 | 1.607 | 0.998
2026-05-16 02:38:51,319 - INFO -   055 | 3.81e-05 | 0.0050 | 0.0046 | 0.0006 | 0.5810 | 0.03553 | 0.05638 | 0.0707 | 0.840 | 1.576 | 0.999
2026-05-16 02:38:51,319 - INFO -   060 | 1.00e-03 | 0.0049 | 0.0045 | 0.0005 | 0.5676 | 0.03544 | 0.05540 | 0.0706 | 0.825 | 1.532 | 0.999
