2026-05-16 04:15:48,947 - INFO - Dataset[TRAIN] koopman_train_merged.npz | segments=99 | samples=197505 | pred_len=4 | stride=1
2026-05-16 04:15:48,953 - INFO - Dataset[VAL] koopman_val.npz | segments=3 | samples=35985 | pred_len=4 | stride=1
2026-05-16 04:15:49,537 - INFO - ================================================================================
2026-05-16 04:15:49,537 - INFO - Device: cpu | AMP: False
2026-05-16 04:15:49,537 - INFO - Model: v3 | class=HorizontalKoopmanModelV3 | n_cubic=11 | latent_dim=43 | hidden_dim=24 | clamp_pif=30.0
2026-05-16 04:15:49,537 - INFO - Train data: koopman_train_merged.npz | Val: koopman_val.npz | Test: koopman_test.npz
2026-05-16 04:15:49,537 - INFO - Batch: 1024 | Workers: 4 | Seed: 42
2026-05-16 04:15:49,537 - INFO - Curriculum pred_len: start=4 max=20 grow_every=2 stride=1
2026-05-16 04:15:49,537 - INFO - Loss weights: w_vel=1.0 w_acc=0.6 w_lin=0.0 w_recon=0.0 w_stab=8.0 w_l2=0.0001 w_bias=1.0 (u=100.0, v=40.0, r=40.0) gamma_step=1.1 gamma_bias=1.1 huber_beta=0.1 rho_max=0.998
2026-05-16 04:15:49,537 - INFO - Noise: input_std=0.022 ctrl_std=0.003 | EMA decay=0.999 no_ema=False | best_metric=composite
2026-05-16 04:15:49,537 - INFO - Train samples: 197505 | Val samples: 35985 | Params: 13224
2026-05-16 04:15:49,537 - INFO - Initial spectral radius (I+A): 1.06615
2026-05-16 04:15:49,537 - INFO - ================================================================================
2026-05-16 04:15:53,514 - INFO - Epoch [001/80] pl=4 LR=9.98e-04 Ltot=0.0384 (vel=0.0063, acc=0.0241, lin=0.0994, stab=0.0004) | val_vel_rmse_mean=0.69618 @K=1.07196 slope=0.921 inst=0.971 spec=1.007 | 4.0s
2026-05-16 04:15:53,525 - INFO -   ↳ new best [composite]=0.696177 (vel_rmse_mean=0.696177, inst=0.970992, epoch 1)
2026-05-16 04:15:57,898 - INFO - Epoch [002/80] pl=4 LR=9.94e-04 Ltot=0.0036 (vel=0.0025, acc=0.0016, lin=0.0967, stab=0.0000) | val_vel_rmse_mean=0.54495 @K=0.81282 slope=0.859 inst=0.932 spec=0.997 | 4.4s
2026-05-16 04:15:57,904 - INFO -   ↳ new best [composite]=0.544947 (vel_rmse_mean=0.544947, inst=0.931937, epoch 2)
2026-05-16 04:15:57,904 - INFO - [Curriculum] pred_len -> 6; rebuilding dataloaders...
2026-05-16 04:15:57,943 - INFO - Dataset[TRAIN] koopman_train_merged.npz | segments=99 | samples=197307 | pred_len=6 | stride=1
2026-05-16 04:15:57,948 - INFO - Dataset[VAL] koopman_val.npz | segments=3 | samples=35979 | pred_len=6 | stride=1
2026-05-16 04:16:02,404 - INFO - Epoch [003/80] pl=6 LR=9.86e-04 Ltot=0.0036 (vel=0.0025, acc=0.0014, lin=0.2082, stab=0.0000) | val_vel_rmse_mean=0.54354 @K=0.79281 slope=0.755 inst=0.941 spec=0.997 | 4.4s
2026-05-16 04:16:02,413 - INFO -   ↳ new best [composite]=0.543537 (vel_rmse_mean=0.543537, inst=0.940899, epoch 3)
2026-05-16 04:16:07,502 - INFO - Epoch [004/80] pl=6 LR=9.76e-04 Ltot=0.0034 (vel=0.0025, acc=0.0012, lin=0.2769, stab=0.0000) | val_vel_rmse_mean=0.43477 @K=0.61868 slope=0.719 inst=0.913 spec=0.997 | 5.1s
2026-05-16 04:16:07,509 - INFO -   ↳ new best [composite]=0.434774 (vel_rmse_mean=0.434774, inst=0.913277, epoch 4)
2026-05-16 04:16:07,509 - INFO - [Curriculum] pred_len -> 8; rebuilding dataloaders...
2026-05-16 04:16:07,545 - INFO - Dataset[TRAIN] koopman_train_merged.npz | segments=99 | samples=197109 | pred_len=8 | stride=1
2026-05-16 04:16:07,550 - INFO - Dataset[VAL] koopman_val.npz | segments=3 | samples=35973 | pred_len=8 | stride=1
2026-05-16 04:16:12,968 - INFO - Epoch [005/80] pl=8 LR=9.62e-04 Ltot=0.0035 (vel=0.0026, acc=0.0011, lin=0.4621, stab=0.0000) | val_vel_rmse_mean=0.39968 @K=0.53716 slope=0.634 inst=0.896 spec=0.997 | 5.4s
2026-05-16 04:16:12,978 - INFO -   ↳ new best [composite]=0.399675 (vel_rmse_mean=0.399675, inst=0.896492, epoch 5)
2026-05-16 04:16:18,554 - INFO - Epoch [006/80] pl=8 LR=9.46e-04 Ltot=0.0034 (vel=0.0026, acc=0.0011, lin=0.5651, stab=0.0000) | val_vel_rmse_mean=0.33481 @K=0.45400 slope=0.637 inst=0.899 spec=0.997 | 5.6s
2026-05-16 04:16:18,561 - INFO -   ↳ new best [composite]=0.334814 (vel_rmse_mean=0.334814, inst=0.899172, epoch 6)
2026-05-16 04:16:18,561 - INFO - [Curriculum] pred_len -> 10; rebuilding dataloaders...
2026-05-16 04:16:18,597 - INFO - Dataset[TRAIN] koopman_train_merged.npz | segments=99 | samples=196911 | pred_len=10 | stride=1
2026-05-16 04:16:18,601 - INFO - Dataset[VAL] koopman_val.npz | segments=3 | samples=35967 | pred_len=10 | stride=1
2026-05-16 04:16:24,189 - INFO - Epoch [007/80] pl=10 LR=9.26e-04 Ltot=0.0034 (vel=0.0026, acc=0.0010, lin=0.7650, stab=0.0000) | val_vel_rmse_mean=0.30706 @K=0.40678 slope=0.594 inst=0.902 spec=0.997 | 5.6s
2026-05-16 04:16:24,199 - INFO -   ↳ new best [composite]=0.307064 (vel_rmse_mean=0.307064, inst=0.902359, epoch 7)
2026-05-16 04:16:30,128 - INFO - Epoch [008/80] pl=10 LR=9.05e-04 Ltot=0.0033 (vel=0.0026, acc=0.0009, lin=0.8210, stab=0.0000) | val_vel_rmse_mean=0.26056 @K=0.35095 slope=0.606 inst=0.914 spec=0.997 | 5.9s
2026-05-16 04:16:30,135 - INFO -   ↳ new best [composite]=0.260563 (vel_rmse_mean=0.260563, inst=0.913604, epoch 8)
2026-05-16 04:16:30,135 - INFO - [Curriculum] pred_len -> 12; rebuilding dataloaders...
2026-05-16 04:16:30,170 - INFO - Dataset[TRAIN] koopman_train_merged.npz | segments=99 | samples=196713 | pred_len=12 | stride=1
2026-05-16 04:16:30,175 - INFO - Dataset[VAL] koopman_val.npz | segments=3 | samples=35961 | pred_len=12 | stride=1
2026-05-16 04:16:36,180 - INFO - Epoch [009/80] pl=12 LR=8.80e-04 Ltot=0.0035 (vel=0.0027, acc=0.0009, lin=0.9666, stab=0.0000) | val_vel_rmse_mean=0.23461 @K=0.31227 slope=0.575 inst=0.920 spec=0.997 | 6.0s
2026-05-16 04:16:36,189 - INFO -   ↳ new best [composite]=0.234607 (vel_rmse_mean=0.234607, inst=0.920406, epoch 9)
2026-05-16 04:16:42,314 - INFO - Epoch [010/80] pl=12 LR=8.54e-04 Ltot=0.0034 (vel=0.0027, acc=0.0009, lin=0.9854, stab=0.0000) | val_vel_rmse_mean=0.19658 @K=0.26339 slope=0.579 inst=0.924 spec=0.997 | 6.1s
2026-05-16 04:16:42,323 - INFO -   ↳ new best [composite]=0.196578 (vel_rmse_mean=0.196578, inst=0.924407, epoch 10)
2026-05-16 04:16:42,323 - INFO - [Curriculum] pred_len -> 14; rebuilding dataloaders...
2026-05-16 04:16:42,359 - INFO - Dataset[TRAIN] koopman_train_merged.npz | segments=99 | samples=196515 | pred_len=14 | stride=1
2026-05-16 04:16:42,364 - INFO - Dataset[VAL] koopman_val.npz | segments=3 | samples=35955 | pred_len=14 | stride=1
2026-05-16 04:16:48,716 - INFO - Epoch [011/80] pl=14 LR=8.25e-04 Ltot=0.0036 (vel=0.0029, acc=0.0009, lin=1.0924, stab=0.0000) | val_vel_rmse_mean=0.17283 @K=0.22953 slope=0.549 inst=0.927 spec=0.997 | 6.3s
2026-05-16 04:16:48,724 - INFO -   ↳ new best [composite]=0.172828 (vel_rmse_mean=0.172828, inst=0.927035, epoch 11)
2026-05-16 04:16:55,887 - INFO - Epoch [012/80] pl=14 LR=7.94e-04 Ltot=0.0036 (vel=0.0028, acc=0.0009, lin=1.0903, stab=0.0000) | val_vel_rmse_mean=0.14296 @K=0.18948 slope=0.546 inst=0.923 spec=0.997 | 7.2s
2026-05-16 04:16:55,896 - INFO -   ↳ new best [composite]=0.142962 (vel_rmse_mean=0.142962, inst=0.923226, epoch 12)
2026-05-16 04:16:55,896 - INFO - [Curriculum] pred_len -> 16; rebuilding dataloaders...
2026-05-16 04:16:55,932 - INFO - Dataset[TRAIN] koopman_train_merged.npz | segments=99 | samples=196317 | pred_len=16 | stride=1
2026-05-16 04:16:55,936 - INFO - Dataset[VAL] koopman_val.npz | segments=3 | samples=35949 | pred_len=16 | stride=1
2026-05-16 04:17:03,098 - INFO - Epoch [013/80] pl=16 LR=7.61e-04 Ltot=0.0038 (vel=0.0030, acc=0.0009, lin=1.1744, stab=0.0000) | val_vel_rmse_mean=0.12321 @K=0.16238 slope=0.518 inst=0.923 spec=0.997 | 7.1s
2026-05-16 04:17:03,106 - INFO -   ↳ new best [composite]=0.123209 (vel_rmse_mean=0.123209, inst=0.92259, epoch 13)
2026-05-16 04:17:10,504 - INFO - Epoch [014/80] pl=16 LR=7.27e-04 Ltot=0.0038 (vel=0.0030, acc=0.0009, lin=1.1718, stab=0.0000) | val_vel_rmse_mean=0.10190 @K=0.13413 slope=0.516 inst=0.920 spec=0.996 | 7.4s
2026-05-16 04:17:10,512 - INFO -   ↳ new best [composite]=0.101899 (vel_rmse_mean=0.101899, inst=0.920154, epoch 14)
2026-05-16 04:17:10,512 - INFO - [Curriculum] pred_len -> 18; rebuilding dataloaders...
2026-05-16 04:17:10,548 - INFO - Dataset[TRAIN] koopman_train_merged.npz | segments=99 | samples=196119 | pred_len=18 | stride=1
2026-05-16 04:17:10,552 - INFO - Dataset[VAL] koopman_val.npz | segments=3 | samples=35943 | pred_len=18 | stride=1
2026-05-16 04:17:18,582 - INFO - Epoch [015/80] pl=18 LR=6.91e-04 Ltot=0.0040 (vel=0.0032, acc=0.0009, lin=1.2268, stab=0.0000) | val_vel_rmse_mean=0.08778 @K=0.11611 slope=0.498 inst=0.926 spec=0.997 | 8.0s
2026-05-16 04:17:18,593 - INFO -   ↳ new best [composite]=0.087777 (vel_rmse_mean=0.087777, inst=0.926143, epoch 15)
2026-05-16 04:17:26,495 - INFO - Epoch [016/80] pl=18 LR=6.55e-04 Ltot=0.0039 (vel=0.0032, acc=0.0008, lin=1.2233, stab=0.0000) | val_vel_rmse_mean=0.07278 @K=0.09649 slope=0.498 inst=0.926 spec=0.997 | 7.9s
2026-05-16 04:17:26,503 - INFO -   ↳ new best [composite]=0.0727814 (vel_rmse_mean=0.0727814, inst=0.926131, epoch 16)
2026-05-16 04:17:26,503 - INFO - [Curriculum] pred_len -> 20; rebuilding dataloaders...
2026-05-16 04:17:26,540 - INFO - Dataset[TRAIN] koopman_train_merged.npz | segments=99 | samples=195921 | pred_len=20 | stride=1
2026-05-16 04:17:26,545 - INFO - Dataset[VAL] koopman_val.npz | segments=3 | samples=35937 | pred_len=20 | stride=1
2026-05-16 04:17:35,051 - INFO - Epoch [017/80] pl=20 LR=6.17e-04 Ltot=0.0041 (vel=0.0034, acc=0.0008, lin=1.2688, stab=0.0000) | val_vel_rmse_mean=0.06249 @K=0.08336 slope=0.485 inst=0.934 spec=0.997 | 8.5s
2026-05-16 04:17:35,058 - INFO -   ↳ new best [composite]=0.0624923 (vel_rmse_mean=0.0624923, inst=0.933841, epoch 17)
2026-05-16 04:17:43,693 - INFO - Epoch [018/80] pl=20 LR=5.78e-04 Ltot=0.0041 (vel=0.0033, acc=0.0008, lin=1.2612, stab=0.0000) | val_vel_rmse_mean=0.05172 @K=0.06923 slope=0.486 inst=0.935 spec=0.997 | 8.6s
2026-05-16 04:17:43,703 - INFO -   ↳ new best [composite]=0.051722 (vel_rmse_mean=0.051722, inst=0.934915, epoch 18)
2026-05-16 04:17:52,254 - INFO - Epoch [019/80] pl=20 LR=5.39e-04 Ltot=0.0040 (vel=0.0033, acc=0.0007, lin=1.2567, stab=0.0000) | val_vel_rmse_mean=0.04326 @K=0.05795 slope=0.489 inst=0.938 spec=0.997 | 8.5s
2026-05-16 04:17:52,262 - INFO -   ↳ new best [composite]=0.0432586 (vel_rmse_mean=0.0432586, inst=0.938022, epoch 19)
2026-05-16 04:18:00,856 - INFO - Epoch [020/80] pl=20 LR=5.00e-04 Ltot=0.0040 (vel=0.0033, acc=0.0008, lin=1.2564, stab=0.0000) | val_vel_rmse_mean=0.03642 @K=0.04935 slope=0.498 inst=0.948 spec=0.997 | 8.6s
2026-05-16 04:18:00,865 - INFO -   ↳ new best [composite]=0.036419 (vel_rmse_mean=0.036419, inst=0.948217, epoch 20)
2026-05-16 04:18:09,156 - INFO - Epoch [021/80] pl=20 LR=4.61e-04 Ltot=0.0038 (vel=0.0032, acc=0.0007, lin=1.2568, stab=0.0000) | val_vel_rmse_mean=0.03115 @K=0.04279 slope=0.513 inst=0.966 spec=0.997 | 8.3s
2026-05-16 04:18:09,164 - INFO -   ↳ new best [composite]=0.0311514 (vel_rmse_mean=0.0311514, inst=0.965854, epoch 21)
2026-05-16 04:18:17,861 - INFO - Epoch [022/80] pl=20 LR=4.22e-04 Ltot=0.0038 (vel=0.0032, acc=0.0007, lin=1.2503, stab=0.0000) | val_vel_rmse_mean=0.02702 @K=0.03793 slope=0.535 inst=0.993 spec=0.997 | 8.7s
2026-05-16 04:18:17,869 - INFO -   ↳ new best [composite]=0.0270182 (vel_rmse_mean=0.0270182, inst=0.992691, epoch 22)
2026-05-16 04:18:26,732 - INFO - Epoch [023/80] pl=20 LR=3.83e-04 Ltot=0.0038 (vel=0.0031, acc=0.0007, lin=1.2476, stab=0.0000) | val_vel_rmse_mean=0.02423 @K=0.03529 slope=0.576 inst=1.047 spec=0.997 | 8.9s
2026-05-16 04:18:26,740 - INFO -   ↳ new best [composite]=0.0253772 (vel_rmse_mean=0.0242277, inst=1.04745, epoch 23)
2026-05-16 04:18:35,264 - INFO - Epoch [024/80] pl=20 LR=3.45e-04 Ltot=0.0037 (vel=0.0031, acc=0.0007, lin=1.2450, stab=0.0000) | val_vel_rmse_mean=0.02222 @K=0.03357 slope=0.622 inst=1.115 spec=0.997 | 8.5s
2026-05-16 04:18:35,271 - INFO -   ↳ new best [composite]=0.0247822 (vel_rmse_mean=0.0222211, inst=1.11525, epoch 24)
2026-05-16 04:18:44,090 - INFO - Epoch [025/80] pl=20 LR=3.09e-04 Ltot=0.0036 (vel=0.0031, acc=0.0006, lin=1.2437, stab=0.0000) | val_vel_rmse_mean=0.02083 @K=0.03255 slope=0.668 inst=1.191 spec=0.997 | 8.8s
2026-05-16 04:18:52,886 - INFO - Epoch [026/80] pl=20 LR=2.73e-04 Ltot=0.0037 (vel=0.0031, acc=0.0006, lin=1.2428, stab=0.0000) | val_vel_rmse_mean=0.01978 @K=0.03185 slope=0.713 inst=1.275 spec=0.997 | 8.8s
2026-05-16 04:19:01,396 - INFO - Epoch [027/80] pl=20 LR=2.39e-04 Ltot=0.0036 (vel=0.0031, acc=0.0006, lin=1.2394, stab=0.0000) | val_vel_rmse_mean=0.01924 @K=0.03175 slope=0.756 inst=1.365 spec=0.997 | 8.5s
2026-05-16 04:19:09,846 - INFO - Epoch [028/80] pl=20 LR=2.06e-04 Ltot=0.0036 (vel=0.0030, acc=0.0006, lin=1.2370, stab=0.0000) | val_vel_rmse_mean=0.01924 @K=0.03235 slope=0.796 inst=1.459 spec=0.997 | 8.4s
2026-05-16 04:19:18,365 - INFO - Epoch [029/80] pl=20 LR=1.75e-04 Ltot=0.0035 (vel=0.0030, acc=0.0006, lin=1.2339, stab=0.0000) | val_vel_rmse_mean=0.01961 @K=0.03338 slope=0.827 inst=1.542 spec=0.998 | 8.5s
2026-05-16 04:19:26,862 - INFO - Epoch [030/80] pl=20 LR=1.46e-04 Ltot=0.0035 (vel=0.0030, acc=0.0006, lin=1.2316, stab=0.0000) | val_vel_rmse_mean=0.01986 @K=0.03405 slope=0.849 inst=1.606 spec=0.997 | 8.5s
2026-05-16 04:19:35,336 - INFO - Epoch [031/80] pl=20 LR=1.20e-04 Ltot=0.0035 (vel=0.0030, acc=0.0006, lin=1.2277, stab=0.0000) | val_vel_rmse_mean=0.02028 @K=0.03489 slope=0.863 inst=1.650 spec=0.998 | 8.5s
2026-05-16 04:19:43,983 - INFO - Epoch [032/80] pl=20 LR=9.55e-05 Ltot=0.0035 (vel=0.0030, acc=0.0006, lin=1.2252, stab=0.0000) | val_vel_rmse_mean=0.02078 @K=0.03589 slope=0.874 inst=1.686 spec=0.997 | 8.6s
2026-05-16 04:19:52,849 - INFO - Epoch [033/80] pl=20 LR=7.37e-05 Ltot=0.0034 (vel=0.0030, acc=0.0006, lin=1.2232, stab=0.0000) | val_vel_rmse_mean=0.02114 @K=0.03658 slope=0.881 inst=1.712 spec=0.998 | 8.9s
2026-05-16 04:20:01,302 - INFO - Epoch [034/80] pl=20 LR=5.45e-05 Ltot=0.0034 (vel=0.0030, acc=0.0006, lin=1.2193, stab=0.0000) | val_vel_rmse_mean=0.02150 @K=0.03717 slope=0.886 inst=1.728 spec=0.998 | 8.4s
2026-05-16 04:20:10,042 - INFO - Epoch [035/80] pl=20 LR=3.81e-05 Ltot=0.0034 (vel=0.0030, acc=0.0006, lin=1.2178, stab=0.0000) | val_vel_rmse_mean=0.02192 @K=0.03786 slope=0.887 inst=1.734 spec=0.998 | 8.7s
2026-05-16 04:20:18,954 - INFO - Epoch [036/80] pl=20 LR=2.45e-05 Ltot=0.0034 (vel=0.0030, acc=0.0006, lin=1.2157, stab=0.0000) | val_vel_rmse_mean=0.02222 @K=0.03823 slope=0.886 inst=1.731 spec=0.998 | 8.9s
2026-05-16 04:20:27,345 - INFO - Epoch [037/80] pl=20 LR=1.38e-05 Ltot=0.0034 (vel=0.0030, acc=0.0006, lin=1.2144, stab=0.0000) | val_vel_rmse_mean=0.02246 @K=0.03862 slope=0.887 inst=1.735 spec=0.998 | 8.4s
2026-05-16 04:20:36,658 - INFO - Epoch [038/80] pl=20 LR=6.16e-06 Ltot=0.0034 (vel=0.0029, acc=0.0006, lin=1.2136, stab=0.0000) | val_vel_rmse_mean=0.02271 @K=0.03899 slope=0.887 inst=1.734 spec=0.997 | 9.3s
2026-05-16 04:20:45,625 - INFO - Epoch [039/80] pl=20 LR=1.54e-06 Ltot=0.0034 (vel=0.0029, acc=0.0006, lin=1.2120, stab=0.0000) | val_vel_rmse_mean=0.02289 @K=0.03925 slope=0.886 inst=1.733 spec=0.997 | 9.0s
2026-05-16 04:20:54,479 - INFO - Epoch [040/80] pl=20 LR=1.00e-03 Ltot=0.0033 (vel=0.0029, acc=0.0006, lin=1.2123, stab=0.0000) | val_vel_rmse_mean=0.02308 @K=0.03953 slope=0.886 inst=1.732 spec=0.997 | 8.8s
2026-05-16 04:21:03,270 - INFO - Epoch [041/80] pl=20 LR=1.00e-03 Ltot=0.0049 (vel=0.0038, acc=0.0011, lin=1.2603, stab=0.0000) | val_vel_rmse_mean=0.02318 @K=0.04001 slope=0.885 inst=1.730 spec=0.997 | 8.8s
2026-05-16 04:21:12,295 - INFO - Epoch [042/80] pl=20 LR=9.98e-04 Ltot=0.0046 (vel=0.0036, acc=0.0009, lin=1.2696, stab=0.0000) | val_vel_rmse_mean=0.02297 @K=0.03982 slope=0.888 inst=1.742 spec=0.998 | 9.0s
2026-05-16 04:21:21,414 - INFO - Epoch [043/80] pl=20 LR=9.97e-04 Ltot=0.0044 (vel=0.0035, acc=0.0008, lin=1.2795, stab=0.0000) | val_vel_rmse_mean=0.02289 @K=0.03967 slope=0.893 inst=1.758 spec=0.997 | 9.1s
2026-05-16 04:21:30,270 - INFO - Epoch [044/80] pl=20 LR=9.94e-04 Ltot=0.0042 (vel=0.0033, acc=0.0008, lin=1.2809, stab=0.0000) | val_vel_rmse_mean=0.02260 @K=0.03900 slope=0.891 inst=1.754 spec=0.997 | 8.9s
2026-05-16 04:21:39,439 - INFO - Epoch [045/80] pl=20 LR=9.90e-04 Ltot=0.0043 (vel=0.0034, acc=0.0008, lin=1.2812, stab=0.0000) | val_vel_rmse_mean=0.02247 @K=0.03850 slope=0.884 inst=1.733 spec=0.997 | 9.2s
2026-05-16 04:21:48,517 - INFO - Epoch [046/80] pl=20 LR=9.86e-04 Ltot=0.0043 (vel=0.0034, acc=0.0008, lin=1.2794, stab=0.0000) | val_vel_rmse_mean=0.02238 @K=0.03809 slope=0.877 inst=1.710 spec=0.998 | 9.1s
2026-05-16 04:21:57,517 - INFO - Epoch [047/80] pl=20 LR=9.81e-04 Ltot=0.0042 (vel=0.0033, acc=0.0008, lin=1.2812, stab=0.0000) | val_vel_rmse_mean=0.02252 @K=0.03816 slope=0.873 inst=1.698 spec=0.997 | 9.0s
2026-05-16 04:22:06,599 - INFO - Epoch [048/80] pl=20 LR=9.76e-04 Ltot=0.0043 (vel=0.0034, acc=0.0008, lin=1.2787, stab=0.0000) | val_vel_rmse_mean=0.02239 @K=0.03781 slope=0.877 inst=1.711 spec=0.997 | 9.1s
2026-05-16 04:22:15,622 - INFO - Epoch [049/80] pl=20 LR=9.69e-04 Ltot=0.0043 (vel=0.0033, acc=0.0008, lin=1.2881, stab=0.0000) | val_vel_rmse_mean=0.02191 @K=0.03685 slope=0.874 inst=1.704 spec=0.998 | 9.0s
2026-05-16 04:22:24,775 - INFO - Epoch [050/80] pl=20 LR=9.62e-04 Ltot=0.0042 (vel=0.0033, acc=0.0008, lin=1.2846, stab=0.0000) | val_vel_rmse_mean=0.02156 @K=0.03623 slope=0.877 inst=1.716 spec=0.998 | 9.1s
2026-05-16 04:22:33,611 - INFO - Epoch [051/80] pl=20 LR=9.54e-04 Ltot=0.0042 (vel=0.0034, acc=0.0008, lin=1.2861, stab=0.0000) | val_vel_rmse_mean=0.02152 @K=0.03623 slope=0.885 inst=1.745 spec=0.998 | 8.8s
2026-05-16 04:22:42,825 - INFO - Epoch [052/80] pl=20 LR=9.46e-04 Ltot=0.0042 (vel=0.0033, acc=0.0008, lin=1.2862, stab=0.0000) | val_vel_rmse_mean=0.02134 @K=0.03584 slope=0.883 inst=1.740 spec=0.998 | 9.2s
2026-05-16 04:22:51,664 - INFO - Epoch [053/80] pl=20 LR=9.36e-04 Ltot=0.0041 (vel=0.0033, acc=0.0008, lin=1.2883, stab=0.0000) | val_vel_rmse_mean=0.02119 @K=0.03559 slope=0.888 inst=1.759 spec=0.998 | 8.8s
2026-05-16 04:23:00,251 - INFO - Epoch [054/80] pl=20 LR=9.26e-04 Ltot=0.0043 (vel=0.0033, acc=0.0008, lin=1.2890, stab=0.0000) | val_vel_rmse_mean=0.02110 @K=0.03536 slope=0.893 inst=1.778 spec=0.998 | 8.6s
2026-05-16 04:23:09,117 - INFO - Epoch [055/80] pl=20 LR=9.16e-04 Ltot=0.0042 (vel=0.0033, acc=0.0008, lin=1.2895, stab=0.0000) | val_vel_rmse_mean=0.02115 @K=0.03532 slope=0.889 inst=1.766 spec=0.998 | 8.9s
2026-05-16 04:23:17,805 - INFO - Epoch [056/80] pl=20 LR=9.05e-04 Ltot=0.0041 (vel=0.0032, acc=0.0007, lin=1.2929, stab=0.0000) | val_vel_rmse_mean=0.02132 @K=0.03544 slope=0.885 inst=1.753 spec=0.997 | 8.7s
2026-05-16 04:23:26,765 - INFO - Epoch [057/80] pl=20 LR=8.93e-04 Ltot=0.0040 (vel=0.0032, acc=0.0007, lin=1.2894, stab=0.0000) | val_vel_rmse_mean=0.02118 @K=0.03525 slope=0.888 inst=1.764 spec=0.998 | 9.0s
2026-05-16 04:23:35,781 - INFO - Epoch [058/80] pl=20 LR=8.80e-04 Ltot=0.0040 (vel=0.0032, acc=0.0007, lin=1.2898, stab=0.0000) | val_vel_rmse_mean=0.02133 @K=0.03546 slope=0.888 inst=1.762 spec=0.998 | 9.0s
2026-05-16 04:23:44,792 - INFO - Epoch [059/80] pl=20 LR=8.67e-04 Ltot=0.0040 (vel=0.0032, acc=0.0007, lin=1.2864, stab=0.0000) | val_vel_rmse_mean=0.02148 @K=0.03565 slope=0.884 inst=1.746 spec=0.997 | 9.0s
2026-05-16 04:23:53,853 - INFO - Epoch [060/80] pl=20 LR=8.54e-04 Ltot=0.0039 (vel=0.0032, acc=0.0007, lin=1.2846, stab=0.0000) | val_vel_rmse_mean=0.02136 @K=0.03536 slope=0.879 inst=1.731 spec=0.998 | 9.1s
2026-05-16 04:24:02,843 - INFO - Epoch [061/80] pl=20 LR=8.39e-04 Ltot=0.0040 (vel=0.0032, acc=0.0007, lin=1.2849, stab=0.0000) | val_vel_rmse_mean=0.02146 @K=0.03538 slope=0.873 inst=1.711 spec=0.997 | 9.0s
2026-05-16 04:24:11,847 - INFO - Epoch [062/80] pl=20 LR=8.25e-04 Ltot=0.0040 (vel=0.0032, acc=0.0007, lin=1.2857, stab=0.0000) | val_vel_rmse_mean=0.02140 @K=0.03525 slope=0.871 inst=1.700 spec=0.998 | 9.0s
2026-05-16 04:24:21,022 - INFO - Epoch [063/80] pl=20 LR=8.10e-04 Ltot=0.0040 (vel=0.0032, acc=0.0007, lin=1.2852, stab=0.0000) | val_vel_rmse_mean=0.02114 @K=0.03481 slope=0.872 inst=1.706 spec=0.998 | 9.2s
2026-05-16 04:24:30,252 - INFO - Epoch [064/80] pl=20 LR=7.94e-04 Ltot=0.0040 (vel=0.0032, acc=0.0007, lin=1.2868, stab=0.0000) | val_vel_rmse_mean=0.02110 @K=0.03476 slope=0.872 inst=1.704 spec=0.997 | 9.2s
2026-05-16 04:24:39,591 - INFO - Epoch [065/80] pl=20 LR=7.78e-04 Ltot=0.0039 (vel=0.0032, acc=0.0007, lin=1.2894, stab=0.0000) | val_vel_rmse_mean=0.02092 @K=0.03449 slope=0.874 inst=1.712 spec=0.998 | 9.3s
2026-05-16 04:24:48,433 - INFO - Epoch [066/80] pl=20 LR=7.61e-04 Ltot=0.0038 (vel=0.0031, acc=0.0006, lin=1.2885, stab=0.0000) | val_vel_rmse_mean=0.02076 @K=0.03413 slope=0.872 inst=1.705 spec=0.998 | 8.8s
2026-05-16 04:24:57,579 - INFO - Epoch [067/80] pl=20 LR=7.44e-04 Ltot=0.0038 (vel=0.0031, acc=0.0007, lin=1.2869, stab=0.0000) | val_vel_rmse_mean=0.02070 @K=0.03397 slope=0.869 inst=1.694 spec=0.998 | 9.1s
2026-05-16 04:25:06,628 - INFO - Epoch [068/80] pl=20 LR=7.27e-04 Ltot=0.0038 (vel=0.0031, acc=0.0006, lin=1.2857, stab=0.0000) | val_vel_rmse_mean=0.02069 @K=0.03400 slope=0.868 inst=1.692 spec=0.998 | 9.0s
2026-05-16 04:25:15,868 - INFO - Epoch [069/80] pl=20 LR=7.09e-04 Ltot=0.0038 (vel=0.0031, acc=0.0006, lin=1.2812, stab=0.0000) | val_vel_rmse_mean=0.02088 @K=0.03430 slope=0.865 inst=1.681 spec=0.998 | 9.2s
2026-05-16 04:25:25,147 - INFO - Epoch [070/80] pl=20 LR=6.91e-04 Ltot=0.0038 (vel=0.0031, acc=0.0006, lin=1.2770, stab=0.0000) | val_vel_rmse_mean=0.02084 @K=0.03425 slope=0.865 inst=1.681 spec=0.998 | 9.3s
2026-05-16 04:25:34,172 - INFO - Epoch [071/80] pl=20 LR=6.73e-04 Ltot=0.0038 (vel=0.0031, acc=0.0006, lin=1.2795, stab=0.0000) | val_vel_rmse_mean=0.02102 @K=0.03451 slope=0.859 inst=1.662 spec=0.998 | 9.0s
2026-05-16 04:25:43,294 - INFO - Epoch [072/80] pl=20 LR=6.55e-04 Ltot=0.0037 (vel=0.0031, acc=0.0006, lin=1.2820, stab=0.0000) | val_vel_rmse_mean=0.02117 @K=0.03476 slope=0.858 inst=1.658 spec=0.998 | 9.1s
2026-05-16 04:25:52,588 - INFO - Epoch [073/80] pl=20 LR=6.36e-04 Ltot=0.0037 (vel=0.0030, acc=0.0006, lin=1.2772, stab=0.0000) | val_vel_rmse_mean=0.02130 @K=0.03496 slope=0.859 inst=1.659 spec=0.998 | 9.3s
2026-05-16 04:26:01,967 - INFO - Epoch [074/80] pl=20 LR=6.17e-04 Ltot=0.0037 (vel=0.0030, acc=0.0006, lin=1.2835, stab=0.0000) | val_vel_rmse_mean=0.02139 @K=0.03509 slope=0.858 inst=1.658 spec=0.998 | 9.4s
2026-05-16 04:26:11,598 - INFO - Epoch [075/80] pl=20 LR=5.98e-04 Ltot=0.0036 (vel=0.0030, acc=0.0006, lin=1.2787, stab=0.0000) | val_vel_rmse_mean=0.02144 @K=0.03515 slope=0.858 inst=1.657 spec=0.998 | 9.6s
2026-05-16 04:26:20,784 - INFO - Epoch [076/80] pl=20 LR=5.78e-04 Ltot=0.0037 (vel=0.0030, acc=0.0006, lin=1.2764, stab=0.0000) | val_vel_rmse_mean=0.02143 @K=0.03519 slope=0.861 inst=1.667 spec=0.998 | 9.2s
2026-05-16 04:26:30,105 - INFO - Epoch [077/80] pl=20 LR=5.59e-04 Ltot=0.0036 (vel=0.0030, acc=0.0006, lin=1.2752, stab=0.0000) | val_vel_rmse_mean=0.02141 @K=0.03506 slope=0.856 inst=1.648 spec=0.998 | 9.3s
2026-05-16 04:26:39,228 - INFO - Epoch [078/80] pl=20 LR=5.39e-04 Ltot=0.0036 (vel=0.0030, acc=0.0006, lin=1.2733, stab=0.0000) | val_vel_rmse_mean=0.02159 @K=0.03535 slope=0.853 inst=1.641 spec=0.998 | 9.1s
2026-05-16 04:26:48,494 - INFO - Epoch [079/80] pl=20 LR=5.20e-04 Ltot=0.0036 (vel=0.0030, acc=0.0006, lin=1.2741, stab=0.0000) | val_vel_rmse_mean=0.02186 @K=0.03574 slope=0.847 inst=1.620 spec=0.998 | 9.3s
2026-05-16 04:26:57,840 - INFO - Epoch [080/80] pl=20 LR=5.00e-04 Ltot=0.0035 (vel=0.0030, acc=0.0006, lin=1.2743, stab=0.0000) | val_vel_rmse_mean=0.02200 @K=0.03596 slope=0.848 inst=1.623 spec=0.998 | 9.3s
2026-05-16 04:26:57,877 - INFO - Exported YAML -> checkpoints/koopman_best.yaml
2026-05-16 04:27:03,466 - INFO - 
=== QUANTITATIVE VERDICT (test set) ===
vel_rmse@1=0.00189557  vel_rmse@5=0.00688749  vel_rmse@10=0.0109762  vel_rmse@20=0.0179957
divergence: ratio20/1=9.49355  slope_loglog=0.725644  lyapunov_like=0.118453
instability_score=1.31357  monotonic_increasing=True  divergent_sample_pct=91.4716%
bias: u=+0.000735748  v=-0.000280075  r=+4.90408e-05
fit_quality: R^2(u,v,r) = 0.9993 / 1 / 0.9996
========================================

2026-05-16 04:27:04,286 - INFO - 
### §7 12 条阈值逐条判定 (test set, K=20)

| # | 指标 | v3 实测 | 阈值 | 判定 |
|---|---|---|---|---|
| G1 | vel_rmse_step_K | 0.0179957 | ≤ 0.01285 | ❌ |
| G2 | u_rmse_step_K | 0.0177353 | ≤ 0.01185 | ❌ |
| G3 | |u_bias_mean| | 0.000735748 | ≤ 0.00153 | ✅ |
| G4 | slope_loglog | 0.725644 | ≤ 0.6695 | ❌ |
| G5 | instability_score | 1.31357 | ≤ 1.2363 | ❌ |
| S1 | per_segment.worst_vel_rmse_K | 0.0240453 | ≤ 0.01569 | ❌ |
| S2 | per_segment.ratio_worst_over_best | 2.42945 | ≤ 2.78 | ✅ |
| S3 | per_segment.high_speed_seg_mean | 0.0139459 | ≤ 0.01144 | ❌ |
| S4 | degraded_pct (vs v1) | 40.9999 | ≤ 20 | ❌ |
| N1 | vel_rmse_step_1 | 0.00189557 | ≤ 0.0024 | ✅ |
| N2 | traj_xy_rmse_step_K | 0.0218433 | ≤ 0.02108 | ❌ |
| N3 | spectral_radius (I+A) | 0.99561 | ≤ 1.005 | ✅ |

**FAIL** — §7 v3 验收。

2026-05-16 04:27:04,286 - INFO - v3 auto-PASS = False
2026-05-16 04:27:04,286 - INFO - Per-5-epoch summary:
2026-05-16 04:27:04,286 - INFO - ep | lr | L_total | L_vel | L_acc | L_lin | val_vel_mean | val_vel@K | val_traj_xy@K | slope_ll | inst | spec
2026-05-16 04:27:04,286 - INFO -   001 | 9.98e-04 | 0.0384 | 0.0063 | 0.0241 | 0.0994 | 0.69618 | 1.07196 | 0.2786 | 0.921 | 0.971 | 1.007
2026-05-16 04:27:04,286 - INFO -   005 | 9.62e-04 | 0.0035 | 0.0026 | 0.0011 | 0.4621 | 0.39968 | 0.53716 | 0.3193 | 0.634 | 0.896 | 0.997
2026-05-16 04:27:04,286 - INFO -   010 | 8.54e-04 | 0.0034 | 0.0027 | 0.0009 | 0.9854 | 0.19658 | 0.26339 | 0.2354 | 0.579 | 0.924 | 0.997
2026-05-16 04:27:04,286 - INFO -   015 | 6.91e-04 | 0.0040 | 0.0032 | 0.0009 | 1.2268 | 0.08778 | 0.11611 | 0.1567 | 0.498 | 0.926 | 0.997
2026-05-16 04:27:04,286 - INFO -   020 | 5.00e-04 | 0.0040 | 0.0033 | 0.0008 | 1.2564 | 0.03642 | 0.04935 | 0.0717 | 0.498 | 0.948 | 0.997
2026-05-16 04:27:04,286 - INFO -   025 | 3.09e-04 | 0.0036 | 0.0031 | 0.0006 | 1.2437 | 0.02083 | 0.03255 | 0.0410 | 0.668 | 1.191 | 0.997
2026-05-16 04:27:04,286 - INFO -   030 | 1.46e-04 | 0.0035 | 0.0030 | 0.0006 | 1.2316 | 0.01986 | 0.03405 | 0.0395 | 0.849 | 1.606 | 0.997
2026-05-16 04:27:04,286 - INFO -   035 | 3.81e-05 | 0.0034 | 0.0030 | 0.0006 | 1.2178 | 0.02192 | 0.03786 | 0.0438 | 0.887 | 1.734 | 0.998
2026-05-16 04:27:04,286 - INFO -   040 | 1.00e-03 | 0.0033 | 0.0029 | 0.0006 | 1.2123 | 0.02308 | 0.03953 | 0.0461 | 0.886 | 1.732 | 0.997
2026-05-16 04:27:04,287 - INFO -   045 | 9.90e-04 | 0.0043 | 0.0034 | 0.0008 | 1.2812 | 0.02247 | 0.03850 | 0.0450 | 0.884 | 1.733 | 0.997
2026-05-16 04:27:04,287 - INFO -   050 | 9.62e-04 | 0.0042 | 0.0033 | 0.0008 | 1.2846 | 0.02156 | 0.03623 | 0.0432 | 0.877 | 1.716 | 0.998
2026-05-16 04:27:04,287 - INFO -   055 | 9.16e-04 | 0.0042 | 0.0033 | 0.0008 | 1.2895 | 0.02115 | 0.03532 | 0.0422 | 0.889 | 1.766 | 0.998
2026-05-16 04:27:04,287 - INFO -   060 | 8.54e-04 | 0.0039 | 0.0032 | 0.0007 | 1.2846 | 0.02136 | 0.03536 | 0.0426 | 0.879 | 1.731 | 0.998
2026-05-16 04:27:04,287 - INFO -   065 | 7.78e-04 | 0.0039 | 0.0032 | 0.0007 | 1.2894 | 0.02092 | 0.03449 | 0.0418 | 0.874 | 1.712 | 0.998
2026-05-16 04:27:04,287 - INFO -   070 | 6.91e-04 | 0.0038 | 0.0031 | 0.0006 | 1.2770 | 0.02084 | 0.03425 | 0.0415 | 0.865 | 1.681 | 0.998
2026-05-16 04:27:04,287 - INFO -   075 | 5.98e-04 | 0.0036 | 0.0030 | 0.0006 | 1.2787 | 0.02144 | 0.03515 | 0.0427 | 0.858 | 1.657 | 0.998
2026-05-16 04:27:04,287 - INFO -   080 | 5.00e-04 | 0.0035 | 0.0030 | 0.0006 | 1.2743 | 0.02200 | 0.03596 | 0.0439 | 0.848 | 1.623 | 0.998
