2026-05-11 02:44:23,759 - INFO - 正在计算 8 维特征全局统计量...
2026-05-11 02:44:30,657 - INFO - Dataset [TRAIN] 加载: ../koopman_train.npz | 90段 | 178110样本
2026-05-11 02:44:30,663 - INFO - Dataset [EVAL] 加载: ../koopman_val.npz | 3段 | 35937样本
2026-05-11 02:44:40,476 - INFO - Ep [001/100] LR:0.010000 | Loss:43.4936 (Pr:4.0919, Ac:0.0049, Rc:1.5848, Lr:0.9574, Iner:0.0017) | Val:4.5066 | Pwr: [Pwr: N/A]
2026-05-11 02:44:49,956 - INFO - Ep [002/100] LR:0.010000 | Loss:5.9573 (Pr:0.5601, Ac:0.0027, Rc:0.1744, Lr:0.1565, Iner:0.0024) | Val:2.0670 | Pwr: [Pwr: N/A]
2026-05-11 02:44:57,952 - INFO - Ep [003/100] LR:0.010000 | Loss:3.2483 (Pr:0.3055, Ac:0.0015, Rc:0.0970, Lr:0.0765, Iner:0.0026) | Val:2.4050 | Pwr: [Pwr: N/A]
2026-05-11 02:45:04,532 - INFO - Ep [004/100] LR:0.010000 | Loss:2.5411 (Pr:0.2394, Ac:0.0012, Rc:0.0678, Lr:0.0602, Iner:0.0026) | Val:1.0825 | Pwr: [Pwr: N/A]
2026-05-11 02:45:11,190 - INFO - Ep [005/100] LR:0.010000 | Loss:2.1618 (Pr:0.2031, Ac:0.0012, Rc:0.0568, Lr:0.0548, Iner:0.0026) | Val:1.1726 | Pwr: [Pwr: N/A]
2026-05-11 02:45:18,024 - INFO - Ep [006/100] LR:0.010000 | Loss:2.4030 (Pr:0.2279, Ac:0.0012, Rc:0.0566, Lr:0.0488, Iner:0.0026) | Val:0.8732 | Pwr: [Pwr: N/A]
2026-05-11 02:45:24,716 - INFO - Ep [007/100] LR:0.010000 | Loss:1.8153 (Pr:0.1706, Ac:0.0011, Rc:0.0469, Lr:0.0441, Iner:0.0026) | Val:0.9389 | Pwr: [Pwr: N/A]
2026-05-11 02:45:31,521 - INFO - Ep [008/100] LR:0.010000 | Loss:1.7707 (Pr:0.1666, Ac:0.0011, Rc:0.0450, Lr:0.0421, Iner:0.0024) | Val:0.6912 | Pwr: [Pwr: N/A]
2026-05-11 02:45:38,147 - INFO - Ep [009/100] LR:0.010000 | Loss:1.7270 (Pr:0.1626, Ac:0.0011, Rc:0.0440, Lr:0.0401, Iner:0.0023) | Val:0.7377 | Pwr: [Pwr: N/A]
2026-05-11 02:45:45,154 - INFO - Ep [010/100] LR:0.010000 | Loss:1.7766 (Pr:0.1679, Ac:0.0011, Rc:0.0431, Lr:0.0374, Iner:0.0022) | Val:0.5559 | Pwr: [Pwr: N/A]
2026-05-11 02:45:51,507 - INFO - Ep [011/100] LR:0.010000 | Loss:1.6980 (Pr:0.1604, Ac:0.0011, Rc:0.0419, Lr:0.0363, Iner:0.0021) | Val:0.8628 | Pwr: [Pwr: N/A]
2026-05-11 02:45:58,158 - INFO - Ep [012/100] LR:0.010000 | Loss:1.6436 (Pr:0.1556, Ac:0.0011, Rc:0.0392, Lr:0.0332, Iner:0.0020) | Val:0.7921 | Pwr: [Pwr: N/A]
2026-05-11 02:46:04,629 - INFO - Ep [013/100] LR:0.010000 | Loss:1.5380 (Pr:0.1451, Ac:0.0011, Rc:0.0392, Lr:0.0327, Iner:0.0020) | Val:0.5706 | Pwr: [Pwr: N/A]
2026-05-11 02:46:11,545 - INFO - Ep [014/100] LR:0.010000 | Loss:1.9309 (Pr:0.1831, Ac:0.0012, Rc:0.0442, Lr:0.0385, Iner:0.0023) | Val:0.6034 | Pwr: [Pwr: N/A]
2026-05-11 02:46:18,121 - INFO - Ep [015/100] LR:0.010000 | Loss:1.6054 (Pr:0.1515, Ac:0.0011, Rc:0.0398, Lr:0.0308, Iner:0.0029) | Val:0.4065 | Pwr: [Pwr: N/A]
2026-05-11 02:46:25,004 - INFO - Ep [016/100] LR:0.010000 | Loss:1.6494 (Pr:0.1560, Ac:0.0011, Rc:0.0400, Lr:0.0304, Iner:0.0026) | Val:0.7779 | Pwr: [Pwr: N/A]
2026-05-11 02:46:31,745 - INFO - Ep [017/100] LR:0.010000 | Loss:1.5579 (Pr:0.1472, Ac:0.0011, Rc:0.0387, Lr:0.0297, Iner:0.0023) | Val:0.6557 | Pwr: [Pwr: N/A]
2026-05-11 02:46:38,553 - INFO - Ep [018/100] LR:0.010000 | Loss:1.5547 (Pr:0.1473, Ac:0.0010, Rc:0.0384, Lr:0.0279, Iner:0.0021) | Val:0.5443 | Pwr: [Pwr: N/A]
2026-05-11 02:46:45,094 - INFO - Ep [019/100] LR:0.010000 | Loss:1.5860 (Pr:0.1502, Ac:0.0011, Rc:0.0389, Lr:0.0296, Iner:0.0020) | Val:0.6532 | Pwr: [Pwr: N/A]
2026-05-11 02:46:51,704 - INFO - Ep [020/100] LR:0.010000 | Loss:1.6021 (Pr:0.1521, Ac:0.0011, Rc:0.0386, Lr:0.0268, Iner:0.0020) | Val:0.3423 | Pwr: [Pwr: N/A]
2026-05-11 02:46:58,514 - INFO - Ep [021/100] LR:0.010000 | Loss:1.6319 (Pr:0.1551, Ac:0.0010, Rc:0.0398, Lr:0.0260, Iner:0.0020) | Val:0.6372 | Pwr: [Pwr: N/A]
2026-05-11 02:47:05,308 - INFO - Ep [022/100] LR:0.010000 | Loss:1.6154 (Pr:0.1538, Ac:0.0010, Rc:0.0381, Lr:0.0234, Iner:0.0021) | Val:0.6093 | Pwr: [Pwr: N/A]
2026-05-11 02:47:12,289 - INFO - Ep [023/100] LR:0.010000 | Loss:1.5778 (Pr:0.1501, Ac:0.0010, Rc:0.0383, Lr:0.0232, Iner:0.0021) | Val:0.5616 | Pwr: [Pwr: N/A]
2026-05-11 02:47:18,729 - INFO - Ep [024/100] LR:0.010000 | Loss:1.5076 (Pr:0.1431, Ac:0.0010, Rc:0.0377, Lr:0.0246, Iner:0.0019) | Val:0.6583 | Pwr: [Pwr: N/A]
2026-05-11 02:47:25,341 - INFO - Ep [025/100] LR:0.005000 | Loss:1.6821 (Pr:0.1605, Ac:0.0010, Rc:0.0394, Lr:0.0235, Iner:0.0018) | Val:0.6771 | Pwr: [Pwr: N/A]
2026-05-11 02:47:32,428 - INFO - Ep [026/100] LR:0.005000 | Loss:1.2295 (Pr:0.1157, Ac:0.0009, Rc:0.0341, Lr:0.0213, Iner:0.0025) | Val:0.3977 | Pwr: [Pwr: N/A]
2026-05-11 02:47:39,238 - INFO - Ep [027/100] LR:0.005000 | Loss:1.1706 (Pr:0.1103, Ac:0.0008, Rc:0.0325, Lr:0.0196, Iner:0.0022) | Val:0.3401 | Pwr: [Pwr: N/A]
2026-05-11 02:47:45,848 - INFO - Ep [028/100] LR:0.005000 | Loss:1.1619 (Pr:0.1097, Ac:0.0008, Rc:0.0323, Lr:0.0188, Iner:0.0019) | Val:0.3904 | Pwr: [Pwr: N/A]
2026-05-11 02:47:52,496 - INFO - Ep [029/100] LR:0.005000 | Loss:1.1601 (Pr:0.1097, Ac:0.0008, Rc:0.0321, Lr:0.0188, Iner:0.0016) | Val:0.4945 | Pwr: [Pwr: N/A]
2026-05-11 02:47:59,304 - INFO - Ep [030/100] LR:0.005000 | Loss:1.1856 (Pr:0.1123, Ac:0.0008, Rc:0.0322, Lr:0.0189, Iner:0.0014) | Val:0.3486 | Pwr: [Pwr: N/A]
2026-05-11 02:48:06,004 - INFO - Ep [031/100] LR:0.005000 | Loss:1.1348 (Pr:0.1076, Ac:0.0008, Rc:0.0308, Lr:0.0179, Iner:0.0013) | Val:0.3523 | Pwr: [Pwr: N/A]
2026-05-11 02:48:12,641 - INFO - Ep [032/100] LR:0.005000 | Loss:1.1358 (Pr:0.1078, Ac:0.0008, Rc:0.0307, Lr:0.0175, Iner:0.0011) | Val:0.2599 | Pwr: [Pwr: N/A]
2026-05-11 02:48:19,621 - INFO - Ep [033/100] LR:0.005000 | Loss:1.1148 (Pr:0.1058, Ac:0.0008, Rc:0.0304, Lr:0.0173, Iner:0.0010) | Val:0.4196 | Pwr: [Pwr: N/A]
2026-05-11 02:48:26,343 - INFO - Ep [034/100] LR:0.005000 | Loss:1.1278 (Pr:0.1071, Ac:0.0008, Rc:0.0301, Lr:0.0180, Iner:0.0009) | Val:0.4192 | Pwr: [Pwr: N/A]
2026-05-11 02:48:33,329 - INFO - Ep [035/100] LR:0.005000 | Loss:1.1454 (Pr:0.1088, Ac:0.0008, Rc:0.0302, Lr:0.0181, Iner:0.0010) | Val:0.3669 | Pwr: [Pwr: N/A]
2026-05-11 02:48:39,974 - INFO - Ep [036/100] LR:0.005000 | Loss:1.1277 (Pr:0.1071, Ac:0.0008, Rc:0.0301, Lr:0.0177, Iner:0.0010) | Val:0.3406 | Pwr: [Pwr: N/A]
2026-05-11 02:48:46,438 - INFO - Ep [037/100] LR:0.005000 | Loss:1.1581 (Pr:0.1101, Ac:0.0008, Rc:0.0299, Lr:0.0181, Iner:0.0011) | Val:0.5398 | Pwr: [Pwr: N/A]
2026-05-11 02:48:53,012 - INFO - Ep [038/100] LR:0.005000 | Loss:1.1814 (Pr:0.1124, Ac:0.0008, Rc:0.0304, Lr:0.0176, Iner:0.0010) | Val:0.3756 | Pwr: [Pwr: N/A]
2026-05-11 02:48:59,833 - INFO - Ep [039/100] LR:0.005000 | Loss:1.1221 (Pr:0.1066, Ac:0.0008, Rc:0.0294, Lr:0.0172, Iner:0.0011) | Val:0.2723 | Pwr: [Pwr: N/A]
2026-05-11 02:49:06,534 - INFO - Ep [040/100] LR:0.005000 | Loss:1.1150 (Pr:0.1060, Ac:0.0008, Rc:0.0290, Lr:0.0169, Iner:0.0010) | Val:0.3460 | Pwr: [Pwr: N/A]
2026-05-11 02:49:13,160 - INFO - Ep [041/100] LR:0.005000 | Loss:1.1190 (Pr:0.1065, Ac:0.0008, Rc:0.0288, Lr:0.0170, Iner:0.0009) | Val:0.4498 | Pwr: [Pwr: N/A]
2026-05-11 02:49:19,919 - INFO - Ep [042/100] LR:0.005000 | Loss:1.1152 (Pr:0.1061, Ac:0.0008, Rc:0.0289, Lr:0.0167, Iner:0.0010) | Val:0.2606 | Pwr: [Pwr: N/A]
2026-05-11 02:49:26,449 - INFO - Ep [043/100] LR:0.005000 | Loss:1.1047 (Pr:0.1051, Ac:0.0008, Rc:0.0284, Lr:0.0170, Iner:0.0009) | Val:0.3036 | Pwr: [Pwr: N/A]
2026-05-11 02:49:33,149 - INFO - Ep [044/100] LR:0.005000 | Loss:1.1181 (Pr:0.1064, Ac:0.0008, Rc:0.0287, Lr:0.0172, Iner:0.0009) | Val:0.2995 | Pwr: [Pwr: N/A]
2026-05-11 02:49:39,957 - INFO - Ep [045/100] LR:0.005000 | Loss:1.1184 (Pr:0.1065, Ac:0.0008, Rc:0.0285, Lr:0.0169, Iner:0.0008) | Val:0.2983 | Pwr: [Pwr: N/A]
2026-05-11 02:49:46,719 - INFO - Ep [046/100] LR:0.005000 | Loss:1.3982 (Pr:0.1339, Ac:0.0008, Rc:0.0292, Lr:0.0202, Iner:0.0012) | Val:0.4031 | Pwr: [Pwr: N/A]
2026-05-11 02:49:53,588 - INFO - Ep [047/100] LR:0.005000 | Loss:1.3736 (Pr:0.1279, Ac:0.0008, Rc:0.0317, Lr:0.0211, Iner:0.0074) | Val:0.3445 | Pwr: [Pwr: N/A]
2026-05-11 02:50:00,217 - INFO - Ep [048/100] LR:0.005000 | Loss:1.1475 (Pr:0.1068, Ac:0.0008, Rc:0.0293, Lr:0.0158, Iner:0.0062) | Val:0.4016 | Pwr: [Pwr: N/A]
2026-05-11 02:50:07,141 - INFO - Ep [049/100] LR:0.005000 | Loss:1.1208 (Pr:0.1050, Ac:0.0008, Rc:0.0291, Lr:0.0157, Iner:0.0044) | Val:0.3942 | Pwr: [Pwr: N/A]
2026-05-11 02:50:13,651 - INFO - Ep [050/100] LR:0.002500 | Loss:1.1109 (Pr:0.1047, Ac:0.0008, Rc:0.0284, Lr:0.0156, Iner:0.0032) | Val:0.2903 | Pwr: [Pwr: N/A]
2026-05-11 02:50:20,770 - INFO - Ep [051/100] LR:0.002500 | Loss:1.0167 (Pr:0.0958, Ac:0.0007, Rc:0.0274, Lr:0.0149, Iner:0.0025) | Val:0.2993 | Pwr: [Pwr: N/A]
2026-05-11 02:50:27,437 - INFO - Ep [052/100] LR:0.002500 | Loss:0.9834 (Pr:0.0929, Ac:0.0007, Rc:0.0264, Lr:0.0145, Iner:0.0020) | Val:0.3287 | Pwr: [Pwr: N/A]
2026-05-11 02:50:34,023 - INFO - Ep [053/100] LR:0.002500 | Loss:0.9734 (Pr:0.0922, Ac:0.0007, Rc:0.0259, Lr:0.0141, Iner:0.0016) | Val:0.2821 | Pwr: [Pwr: N/A]
2026-05-11 02:50:40,733 - INFO - Ep [054/100] LR:0.002500 | Loss:0.9703 (Pr:0.0921, Ac:0.0007, Rc:0.0257, Lr:0.0141, Iner:0.0013) | Val:0.2816 | Pwr: [Pwr: N/A]
2026-05-11 02:50:47,630 - INFO - Ep [055/100] LR:0.002500 | Loss:0.9620 (Pr:0.0914, Ac:0.0007, Rc:0.0254, Lr:0.0137, Iner:0.0011) | Val:0.3054 | Pwr: [Pwr: N/A]
2026-05-11 02:50:54,414 - INFO - Ep [056/100] LR:0.002500 | Loss:0.9856 (Pr:0.0938, Ac:0.0007, Rc:0.0256, Lr:0.0137, Iner:0.0009) | Val:0.3315 | Pwr: [Pwr: N/A]
2026-05-11 02:51:00,905 - INFO - Ep [057/100] LR:0.002500 | Loss:0.9500 (Pr:0.0904, Ac:0.0007, Rc:0.0250, Lr:0.0136, Iner:0.0008) | Val:0.2793 | Pwr: [Pwr: N/A]
2026-05-11 02:51:07,339 - INFO - Ep [058/100] LR:0.002500 | Loss:0.9517 (Pr:0.0907, Ac:0.0007, Rc:0.0250, Lr:0.0134, Iner:0.0007) | Val:0.3246 | Pwr: [Pwr: N/A]
2026-05-11 02:51:14,006 - INFO - Ep [059/100] LR:0.002500 | Loss:0.9494 (Pr:0.0905, Ac:0.0007, Rc:0.0249, Lr:0.0135, Iner:0.0006) | Val:0.3497 | Pwr: [Pwr: N/A]
2026-05-11 02:51:20,953 - INFO - Ep [060/100] LR:0.002500 | Loss:0.9405 (Pr:0.0897, Ac:0.0007, Rc:0.0248, Lr:0.0134, Iner:0.0005) | Val:0.2518 | Pwr: [Pwr: N/A]
2026-05-11 02:51:27,404 - INFO - Ep [061/100] LR:0.002500 | Loss:0.9351 (Pr:0.0892, Ac:0.0006, Rc:0.0245, Lr:0.0133, Iner:0.0005) | Val:0.3680 | Pwr: [Pwr: N/A]
2026-05-11 02:51:34,035 - INFO - Ep [062/100] LR:0.002500 | Loss:0.9440 (Pr:0.0901, Ac:0.0006, Rc:0.0245, Lr:0.0136, Iner:0.0004) | Val:0.3277 | Pwr: [Pwr: N/A]
2026-05-11 02:51:40,678 - INFO - Ep [063/100] LR:0.002500 | Loss:0.9476 (Pr:0.0904, Ac:0.0006, Rc:0.0246, Lr:0.0137, Iner:0.0004) | Val:0.3246 | Pwr: [Pwr: N/A]
2026-05-11 02:51:47,551 - INFO - Ep [064/100] LR:0.002500 | Loss:0.9356 (Pr:0.0892, Ac:0.0006, Rc:0.0243, Lr:0.0134, Iner:0.0004) | Val:0.2218 | Pwr: [Pwr: N/A]
2026-05-11 02:51:54,328 - INFO - Ep [065/100] LR:0.002500 | Loss:0.9437 (Pr:0.0901, Ac:0.0006, Rc:0.0243, Lr:0.0135, Iner:0.0004) | Val:0.3335 | Pwr: [Pwr: N/A]
2026-05-11 02:52:01,216 - INFO - Ep [066/100] LR:0.002500 | Loss:0.9449 (Pr:0.0902, Ac:0.0006, Rc:0.0244, Lr:0.0137, Iner:0.0004) | Val:0.2811 | Pwr: [Pwr: N/A]
2026-05-11 02:52:07,741 - INFO - Ep [067/100] LR:0.002500 | Loss:0.9370 (Pr:0.0894, Ac:0.0006, Rc:0.0243, Lr:0.0136, Iner:0.0004) | Val:0.2551 | Pwr: [Pwr: N/A]
2026-05-11 02:52:14,748 - INFO - Ep [068/100] LR:0.002500 | Loss:0.9311 (Pr:0.0888, Ac:0.0006, Rc:0.0240, Lr:0.0136, Iner:0.0004) | Val:0.2953 | Pwr: [Pwr: N/A]
2026-05-11 02:52:21,244 - INFO - Ep [069/100] LR:0.002500 | Loss:0.9429 (Pr:0.0900, Ac:0.0006, Rc:0.0242, Lr:0.0138, Iner:0.0004) | Val:0.3158 | Pwr: [Pwr: N/A]
2026-05-11 02:52:27,971 - INFO - Ep [070/100] LR:0.002500 | Loss:0.9338 (Pr:0.0891, Ac:0.0006, Rc:0.0239, Lr:0.0139, Iner:0.0004) | Val:0.2803 | Pwr: [Pwr: N/A]
2026-05-11 02:52:34,624 - INFO - Ep [071/100] LR:0.002500 | Loss:0.9388 (Pr:0.0895, Ac:0.0006, Rc:0.0242, Lr:0.0139, Iner:0.0004) | Val:0.2589 | Pwr: [Pwr: N/A]
2026-05-11 02:52:41,167 - INFO - Ep [072/100] LR:0.002500 | Loss:0.9313 (Pr:0.0888, Ac:0.0006, Rc:0.0238, Lr:0.0139, Iner:0.0004) | Val:0.2326 | Pwr: [Pwr: N/A]
2026-05-11 02:52:48,134 - INFO - Ep [073/100] LR:0.002500 | Loss:0.9289 (Pr:0.0886, Ac:0.0006, Rc:0.0238, Lr:0.0140, Iner:0.0004) | Val:0.2521 | Pwr: [Pwr: N/A]
2026-05-11 02:52:54,700 - INFO - Ep [074/100] LR:0.002500 | Loss:0.9431 (Pr:0.0899, Ac:0.0006, Rc:0.0239, Lr:0.0143, Iner:0.0005) | Val:0.2489 | Pwr: [Pwr: N/A]
2026-05-11 02:53:01,851 - INFO - Ep [075/100] LR:0.001250 | Loss:0.9270 (Pr:0.0883, Ac:0.0006, Rc:0.0238, Lr:0.0140, Iner:0.0006) | Val:0.3077 | Pwr: [Pwr: N/A]
2026-05-11 02:53:08,319 - INFO - Ep [076/100] LR:0.001250 | Loss:0.8944 (Pr:0.0852, Ac:0.0006, Rc:0.0233, Lr:0.0137, Iner:0.0005) | Val:0.2304 | Pwr: [Pwr: N/A]
2026-05-11 02:53:14,989 - INFO - Ep [077/100] LR:0.001250 | Loss:0.8850 (Pr:0.0844, Ac:0.0006, Rc:0.0229, Lr:0.0134, Iner:0.0004) | Val:0.2362 | Pwr: [Pwr: N/A]
2026-05-11 02:53:21,664 - INFO - Ep [078/100] LR:0.001250 | Loss:0.8830 (Pr:0.0842, Ac:0.0006, Rc:0.0228, Lr:0.0134, Iner:0.0003) | Val:0.2360 | Pwr: [Pwr: N/A]
2026-05-11 02:53:28,283 - INFO - Ep [079/100] LR:0.001250 | Loss:0.8738 (Pr:0.0833, Ac:0.0006, Rc:0.0225, Lr:0.0133, Iner:0.0003) | Val:0.2483 | Pwr: [Pwr: N/A]
2026-05-11 02:53:35,252 - INFO - Ep [080/100] LR:0.001250 | Loss:0.8704 (Pr:0.0830, Ac:0.0006, Rc:0.0224, Lr:0.0134, Iner:0.0003) | Val:0.2633 | Pwr: [Pwr: N/A]
2026-05-11 02:53:42,073 - INFO - Ep [081/100] LR:0.001250 | Loss:0.8693 (Pr:0.0829, Ac:0.0006, Rc:0.0222, Lr:0.0135, Iner:0.0003) | Val:0.2760 | Pwr: [Pwr: N/A]
2026-05-11 02:53:48,680 - INFO - Ep [082/100] LR:0.001250 | Loss:0.8738 (Pr:0.0833, Ac:0.0006, Rc:0.0222, Lr:0.0137, Iner:0.0003) | Val:0.2317 | Pwr: [Pwr: N/A]
2026-05-11 02:53:55,589 - INFO - Ep [083/100] LR:0.001250 | Loss:0.8581 (Pr:0.0817, Ac:0.0006, Rc:0.0220, Lr:0.0138, Iner:0.0003) | Val:0.2830 | Pwr: [Pwr: N/A]
2026-05-11 02:54:02,187 - INFO - Ep [084/100] LR:0.001250 | Loss:0.8519 (Pr:0.0812, Ac:0.0006, Rc:0.0218, Lr:0.0136, Iner:0.0003) | Val:0.2920 | Pwr: [Pwr: N/A]
2026-05-11 02:54:08,698 - INFO - Ep [085/100] LR:0.001250 | Loss:0.8481 (Pr:0.0808, Ac:0.0007, Rc:0.0215, Lr:0.0135, Iner:0.0003) | Val:0.2242 | Pwr: [Pwr: N/A]
2026-05-11 02:54:15,115 - INFO - Ep [086/100] LR:0.001250 | Loss:0.8497 (Pr:0.0810, Ac:0.0007, Rc:0.0215, Lr:0.0136, Iner:0.0003) | Val:0.2275 | Pwr: [Pwr: N/A]
2026-05-11 02:54:21,776 - INFO - Ep [087/100] LR:0.001250 | Loss:0.8423 (Pr:0.0802, Ac:0.0007, Rc:0.0214, Lr:0.0138, Iner:0.0003) | Val:0.2098 | Pwr: [Pwr: N/A]
2026-05-11 02:54:28,824 - INFO - Ep [088/100] LR:0.001250 | Loss:0.8380 (Pr:0.0798, Ac:0.0007, Rc:0.0213, Lr:0.0136, Iner:0.0003) | Val:0.2568 | Pwr: [Pwr: N/A]
2026-05-11 02:54:35,514 - INFO - Ep [089/100] LR:0.001250 | Loss:0.8326 (Pr:0.0793, Ac:0.0007, Rc:0.0210, Lr:0.0135, Iner:0.0003) | Val:0.2344 | Pwr: [Pwr: N/A]
2026-05-11 02:54:41,991 - INFO - Ep [090/100] LR:0.001250 | Loss:0.8299 (Pr:0.0790, Ac:0.0007, Rc:0.0211, Lr:0.0135, Iner:0.0003) | Val:0.2723 | Pwr: [Pwr: N/A]
2026-05-11 02:54:48,834 - INFO - Ep [091/100] LR:0.001250 | Loss:0.8302 (Pr:0.0790, Ac:0.0007, Rc:0.0210, Lr:0.0135, Iner:0.0004) | Val:0.2130 | Pwr: [Pwr: N/A]
2026-05-11 02:54:55,639 - INFO - Ep [092/100] LR:0.001250 | Loss:0.8260 (Pr:0.0787, Ac:0.0007, Rc:0.0210, Lr:0.0132, Iner:0.0003) | Val:0.2365 | Pwr: [Pwr: N/A]
2026-05-11 02:55:02,162 - INFO - Ep [093/100] LR:0.001250 | Loss:0.8247 (Pr:0.0786, Ac:0.0007, Rc:0.0210, Lr:0.0131, Iner:0.0003) | Val:0.3322 | Pwr: [Pwr: N/A]
2026-05-11 02:55:08,515 - INFO - Ep [094/100] LR:0.001250 | Loss:0.8238 (Pr:0.0784, Ac:0.0007, Rc:0.0209, Lr:0.0133, Iner:0.0003) | Val:0.2453 | Pwr: [Pwr: N/A]
2026-05-11 02:55:15,238 - INFO - Ep [095/100] LR:0.001250 | Loss:0.8177 (Pr:0.0778, Ac:0.0007, Rc:0.0208, Lr:0.0132, Iner:0.0004) | Val:0.2570 | Pwr: [Pwr: N/A]
2026-05-11 02:55:22,056 - INFO - Ep [096/100] LR:0.001250 | Loss:0.8182 (Pr:0.0779, Ac:0.0007, Rc:0.0207, Lr:0.0133, Iner:0.0004) | Val:0.2742 | Pwr: [Pwr: N/A]
2026-05-11 02:55:28,767 - INFO - Ep [097/100] LR:0.001250 | Loss:0.8188 (Pr:0.0779, Ac:0.0007, Rc:0.0208, Lr:0.0134, Iner:0.0004) | Val:0.2622 | Pwr: [Pwr: N/A]
2026-05-11 02:55:35,628 - INFO - Ep [098/100] LR:0.001250 | Loss:0.8121 (Pr:0.0772, Ac:0.0007, Rc:0.0208, Lr:0.0135, Iner:0.0004) | Val:0.2127 | Pwr: [Pwr: N/A]
2026-05-11 02:55:42,254 - INFO - Ep [099/100] LR:0.001250 | Loss:0.8091 (Pr:0.0769, Ac:0.0007, Rc:0.0208, Lr:0.0135, Iner:0.0004) | Val:0.2430 | Pwr: [Pwr: N/A]
2026-05-11 02:55:48,852 - INFO - Ep [100/100] LR:0.000625 | Loss:0.8061 (Pr:0.0767, Ac:0.0007, Rc:0.0206, Lr:0.0133, Iner:0.0003) | Val:0.2697 | Pwr: [Pwr: N/A]
2026-05-11 02:55:48,864 - INFO - 
>>> 训练完成！
2026-05-11 02:55:48,884 - INFO - >>> [完美导出] 高维 OSQP 矩阵参数已导出至: ../checkpoints/koopman_deploy_params.yaml
